{"synthetic": false,
 "schemaVersion": "2025-09-10",
 "outputs":
 {"r": "2dcc73d87f9102eb.ir",
  "o":
  ["a5236a02199a6695.olean",
   "b36a5e4ac1752556.olean.server",
   "c8d80fbf0b110f22.olean.private"],
  "i": "b21f9f123b9643d9.ilean",
  "c": "4c2e521a8de41e52.c"},
 "log":
 [{"message":
   ".> LEAN_PATH=C:\\Users\\mmeadow\\Documents\\OpenEvolve\\Frontend\\rese\\lean4\\.lake\\packages\\Cli\\.lake\\build\\lib\\lean;C:\\Users\\mmeadow\\Documents\\OpenEvolve\\Frontend\\rese\\lean4\\.lake\\packages\\batteries\\.lake\\build\\lib\\lean;C:\\Users\\mmeadow\\Documents\\OpenEvolve\\Frontend\\rese\\lean4\\.lake\\packages\\Qq\\.lake\\build\\lib\\lean;C:\\Users\\mmeadow\\Documents\\OpenEvolve\\Frontend\\rese\\lean4\\.lake\\packages\\aesop\\.lake\\build\\lib\\lean;C:\\Users\\mmeadow\\Documents\\OpenEvolve\\Frontend\\rese\\lean4\\.lake\\packages\\proofwidgets\\.lake\\build\\lib\\lean;C:\\Users\\mmeadow\\Documents\\OpenEvolve\\Frontend\\rese\\lean4\\.lake\\packages\\importGraph\\.lake\\build\\lib\\lean;C:\\Users\\mmeadow\\Documents\\OpenEvolve\\Frontend\\rese\\lean4\\.lake\\packages\\LeanSearchClient\\.lake\\build\\lib\\lean;C:\\Users\\mmeadow\\Documents\\OpenEvolve\\Frontend\\rese\\lean4\\.lake\\packages\\plausible\\.lake\\build\\lib\\lean;C:\\Users\\mmeadow\\Documents\\OpenEvolve\\Frontend\\rese\\lean4\\.lake\\packages\\mathlib\\.lake\\build\\lib\\lean;C:\\Users\\mmeadow\\Documents\\OpenEvolve\\Frontend\\rese\\lean4\\.lake\\build\\lib\\lean c:\\Users\\mmeadow\\.elan\\toolchains\\leanprover--lean4---v4.27.0-rc1\\bin\\lean.exe C:\\Users\\mmeadow\\Documents\\OpenEvolve\\Frontend\\rese\\lean4\\.lake\\packages\\mathlib\\Mathlib\\Logic\\Equiv\\Defs.lean -o C:\\Users\\mmeadow\\Documents\\OpenEvolve\\Frontend\\rese\\lean4\\.lake\\packages\\mathlib\\.lake\\build\\lib\\lean\\Mathlib\\Logic\\Equiv\\Defs.olean -i C:\\Users\\mmeadow\\Documents\\OpenEvolve\\Frontend\\rese\\lean4\\.lake\\packages\\mathlib\\.lake\\build\\lib\\lean\\Mathlib\\Logic\\Equiv\\Defs.ilean -c C:\\Users\\mmeadow\\Documents\\OpenEvolve\\Frontend\\rese\\lean4\\.lake\\packages\\mathlib\\.lake\\build\\ir\\Mathlib\\Logic\\Equiv\\Defs.c --setup C:\\Users\\mmeadow\\Documents\\OpenEvolve\\Frontend\\rese\\lean4\\.lake\\packages\\mathlib\\.lake\\build\\ir\\Mathlib\\Logic\\Equiv\\Defs.setup.json --json",
   "level": "trace"}],
 "inputs":
 [["Mathlib.Logic.Equiv.Defs:deps",
   [["deps",
     [["mathlib/Mathlib:extraDep", [["@mathlib:extraDep", "00000000000006bb"]]],
      ["imports",
       [["Mathlib.Data.FunLike.Equiv transitive imports (public)",
         "f4b2ca54b0f50b80"],
        ["Mathlib.Data.FunLike.Equiv:importArts", "b24fa15662b6ef44"],
        ["Mathlib.Data.Quot transitive imports (public)", "dd6c739a7c0e8c12"],
        ["Mathlib.Data.Quot:importArts", "317e463b57a95cd5"],
        ["Mathlib.Data.Subtype transitive imports (public)",
         "1299ee86e8a8e6a5"],
        ["Mathlib.Data.Subtype:importArts", "4180a3fc617aec01"],
        ["Mathlib.Logic.Unique transitive imports (public)",
         "0a69305edabd39b8"],
        ["Mathlib.Logic.Unique:importArts", "b5c491681def9199"],
        ["Mathlib.Tactic.Conv transitive imports (public)", "16e001cb0a9d913c"],
        ["Mathlib.Tactic.Conv:importArts", "824a80d235ef285f"],
        ["Mathlib.Tactic.Simps.Basic transitive imports (public)",
         "b46078054ebc20cc"],
        ["Mathlib.Tactic.Simps.Basic:importArts", "bda3feabbe57bc10"],
        ["Mathlib.Tactic.Substs transitive imports (public)",
         "16e001cb0a9d913c"],
        ["Mathlib.Tactic.Substs:importArts", "b3a9fb2091afcda0"]]]]],
    ["libs",
     [["import dynlibs", "00000000000006bb"],
      ["package external libraries", "00000000000006bb"],
      ["module dynlibs", "00000000000006bb"],
      ["module plugins", "00000000000006bb"]]]]],
  ["Lean 4.27.0, commit 2fcce7258eeb6e324366bc25f9058293b04b7547",
   "6f43b597efea5d4c"],
  ["C:\\Users\\mmeadow\\Documents\\OpenEvolve\\Frontend\\rese\\lean4\\.lake\\packages\\mathlib\\Mathlib\\Logic\\Equiv\\Defs.lean",
   "8f850135258e8815"],
  ["options",
   [["-DmaxSynthPendingDepth=3", "c78e353d34de85d4"],
    ["-Dweak.linter.mathlibStandardSet=true", "8a155799906f2b42"],
    ["-Dweak.linter.checkInitImports=true", "cc899f26dd73bf81"],
    ["-Dweak.linter.style.header=true", "07ce48bb05b917ff"],
    ["-Dweak.linter.pythonStyle=true", "35186b2b2b67e319"],
    ["-Dweak.linter.style.longFile=1500", "d79864b112568ff5"],
    ["-Dpp.unicode.fun=true", "9b94070140457fab"],
    ["-Dweak.linter.allScriptsDocumented=true", "217af3ce76c25a94"],
    ["-DautoImplicit=false", "4a85acb881fd49d0"]]],
  ["Module.leanArgs: #[]", "00000000000006bb"]],
 "depHash": "7aefbe9418276c48"}