{"synthetic": false,
 "schemaVersion": "2025-09-10",
 "outputs":
 {"r": "d5bf5810dc9af971.ir",
  "o":
  ["faf01ded914d579b.olean",
   "b5f107914ead012a.olean.server",
   "09d9c6a677752338.olean.private"],
  "i": "88e8e87b2a442b82.ilean",
  "c": "690995a204f27f73.c"},
 "log":
 [{"message":
   ".> LEAN_PATH=C:\\Users\\mmeadow\\Documents\\OpenEvolve\\Frontend\\rese\\lean4\\.lake\\packages\\Cli\\.lake\\build\\lib\\lean;C:\\Users\\mmeadow\\Documents\\OpenEvolve\\Frontend\\rese\\lean4\\.lake\\packages\\batteries\\.lake\\build\\lib\\lean;C:\\Users\\mmeadow\\Documents\\OpenEvolve\\Frontend\\rese\\lean4\\.lake\\packages\\Qq\\.lake\\build\\lib\\lean;C:\\Users\\mmeadow\\Documents\\OpenEvolve\\Frontend\\rese\\lean4\\.lake\\packages\\aesop\\.lake\\build\\lib\\lean;C:\\Users\\mmeadow\\Documents\\OpenEvolve\\Frontend\\rese\\lean4\\.lake\\packages\\proofwidgets\\.lake\\build\\lib\\lean;C:\\Users\\mmeadow\\Documents\\OpenEvolve\\Frontend\\rese\\lean4\\.lake\\packages\\importGraph\\.lake\\build\\lib\\lean;C:\\Users\\mmeadow\\Documents\\OpenEvolve\\Frontend\\rese\\lean4\\.lake\\packages\\LeanSearchClient\\.lake\\build\\lib\\lean;C:\\Users\\mmeadow\\Documents\\OpenEvolve\\Frontend\\rese\\lean4\\.lake\\packages\\plausible\\.lake\\build\\lib\\lean;C:\\Users\\mmeadow\\Documents\\OpenEvolve\\Frontend\\rese\\lean4\\.lake\\packages\\mathlib\\.lake\\build\\lib\\lean;C:\\Users\\mmeadow\\Documents\\OpenEvolve\\Frontend\\rese\\lean4\\.lake\\build\\lib\\lean c:\\Users\\mmeadow\\.elan\\toolchains\\leanprover--lean4---v4.27.0-rc1\\bin\\lean.exe C:\\Users\\mmeadow\\Documents\\OpenEvolve\\Frontend\\rese\\lean4\\.lake\\packages\\mathlib\\Mathlib\\Topology\\Algebra\\Ring\\Real.lean -o C:\\Users\\mmeadow\\Documents\\OpenEvolve\\Frontend\\rese\\lean4\\.lake\\packages\\mathlib\\.lake\\build\\lib\\lean\\Mathlib\\Topology\\Algebra\\Ring\\Real.olean -i C:\\Users\\mmeadow\\Documents\\OpenEvolve\\Frontend\\rese\\lean4\\.lake\\packages\\mathlib\\.lake\\build\\lib\\lean\\Mathlib\\Topology\\Algebra\\Ring\\Real.ilean -c C:\\Users\\mmeadow\\Documents\\OpenEvolve\\Frontend\\rese\\lean4\\.lake\\packages\\mathlib\\.lake\\build\\ir\\Mathlib\\Topology\\Algebra\\Ring\\Real.c --setup C:\\Users\\mmeadow\\Documents\\OpenEvolve\\Frontend\\rese\\lean4\\.lake\\packages\\mathlib\\.lake\\build\\ir\\Mathlib\\Topology\\Algebra\\Ring\\Real.setup.json --json",
   "level": "trace"}],
 "inputs":
 [["Mathlib.Topology.Algebra.Ring.Real:deps",
   [["deps",
     [["mathlib/Mathlib:extraDep", [["@mathlib:extraDep", "00000000000006bb"]]],
      ["imports",
       [["Mathlib.Data.EReal.Operations transitive imports (public)",
         "4875b59381a9f7dc"],
        ["Mathlib.Data.EReal.Operations:importArts", "ba36aeab119e1f33"],
        ["Mathlib.Topology.Algebra.Order.Field transitive imports (public)",
         "62cecd63294a8e8b"],
        ["Mathlib.Topology.Algebra.Order.Field:importArts", "4f416b47e066ad13"],
        ["Mathlib.Topology.Algebra.IsUniformGroup.Defs transitive imports (public)",
         "5507e8932bcd508c"],
        ["Mathlib.Topology.Algebra.IsUniformGroup.Defs:importArts",
         "0890d7aa01b2a7d2"],
        ["Mathlib.Topology.Bornology.Real transitive imports (public)",
         "d0e0d9da410fc7b2"],
        ["Mathlib.Topology.Bornology.Real:importArts", "abe2d10797561073"],
        ["Mathlib.Topology.Instances.Int transitive imports (public)",
         "935ad39727b6bafc"],
        ["Mathlib.Topology.Instances.Int:importArts", "386ab86ecb1ce960"],
        ["Mathlib.Topology.Order.MonotoneContinuity transitive imports (public)",
         "f8774b3e90d65431"],
        ["Mathlib.Topology.Order.MonotoneContinuity:importArts",
         "a59787cb1bbfa216"],
        ["Mathlib.Topology.Order.Real transitive imports (public)",
         "b5ca5e6d7a85818b"],
        ["Mathlib.Topology.Order.Real:importArts", "b3d7db7b8d366b71"],
        ["Mathlib.Topology.UniformSpace.Real transitive imports (public)",
         "6806a3a43549e0ad"],
        ["Mathlib.Topology.UniformSpace.Real:importArts",
         "111a2466d92f2204"]]]]],
    ["libs",
     [["import dynlibs", "00000000000006bb"],
      ["package external libraries", "00000000000006bb"],
      ["module dynlibs", "00000000000006bb"],
      ["module plugins", "00000000000006bb"]]]]],
  ["Lean 4.27.0, commit 2fcce7258eeb6e324366bc25f9058293b04b7547",
   "6f43b597efea5d4c"],
  ["C:\\Users\\mmeadow\\Documents\\OpenEvolve\\Frontend\\rese\\lean4\\.lake\\packages\\mathlib\\Mathlib\\Topology\\Algebra\\Ring\\Real.lean",
   "740a47a7f1ab479a"],
  ["options",
   [["-DmaxSynthPendingDepth=3", "c78e353d34de85d4"],
    ["-Dweak.linter.mathlibStandardSet=true", "8a155799906f2b42"],
    ["-Dweak.linter.checkInitImports=true", "cc899f26dd73bf81"],
    ["-Dweak.linter.style.header=true", "07ce48bb05b917ff"],
    ["-Dweak.linter.pythonStyle=true", "35186b2b2b67e319"],
    ["-Dweak.linter.style.longFile=1500", "d79864b112568ff5"],
    ["-Dpp.unicode.fun=true", "9b94070140457fab"],
    ["-Dweak.linter.allScriptsDocumented=true", "217af3ce76c25a94"],
    ["-DautoImplicit=false", "4a85acb881fd49d0"]]],
  ["Module.leanArgs: #[]", "00000000000006bb"]],
 "depHash": "e6dc006e19ac9196"}