{"synthetic": false,
 "schemaVersion": "2025-09-10",
 "outputs":
 {"r": "d74c48c4660cec78.ir",
  "o":
  ["e18687885d8c55bc.olean",
   "7ff5fce3de8eaac2.olean.server",
   "a4ef1ccbdecdff59.olean.private"],
  "i": "f7774892c1adcdc9.ilean",
  "c": "3a1106c752e0b2dd.c"},
 "log":
 [{"message":
   ".> LEAN_PATH=C:\\Users\\mmeadow\\Documents\\OpenEvolve\\Frontend\\rese\\lean4\\.lake\\packages\\Cli\\.lake\\build\\lib\\lean;C:\\Users\\mmeadow\\Documents\\OpenEvolve\\Frontend\\rese\\lean4\\.lake\\packages\\batteries\\.lake\\build\\lib\\lean;C:\\Users\\mmeadow\\Documents\\OpenEvolve\\Frontend\\rese\\lean4\\.lake\\packages\\Qq\\.lake\\build\\lib\\lean;C:\\Users\\mmeadow\\Documents\\OpenEvolve\\Frontend\\rese\\lean4\\.lake\\packages\\aesop\\.lake\\build\\lib\\lean;C:\\Users\\mmeadow\\Documents\\OpenEvolve\\Frontend\\rese\\lean4\\.lake\\packages\\proofwidgets\\.lake\\build\\lib\\lean;C:\\Users\\mmeadow\\Documents\\OpenEvolve\\Frontend\\rese\\lean4\\.lake\\packages\\importGraph\\.lake\\build\\lib\\lean;C:\\Users\\mmeadow\\Documents\\OpenEvolve\\Frontend\\rese\\lean4\\.lake\\packages\\LeanSearchClient\\.lake\\build\\lib\\lean;C:\\Users\\mmeadow\\Documents\\OpenEvolve\\Frontend\\rese\\lean4\\.lake\\packages\\plausible\\.lake\\build\\lib\\lean;C:\\Users\\mmeadow\\Documents\\OpenEvolve\\Frontend\\rese\\lean4\\.lake\\packages\\mathlib\\.lake\\build\\lib\\lean;C:\\Users\\mmeadow\\Documents\\OpenEvolve\\Frontend\\rese\\lean4\\.lake\\build\\lib\\lean c:\\Users\\mmeadow\\.elan\\toolchains\\leanprover--lean4---v4.27.0-rc1\\bin\\lean.exe C:\\Users\\mmeadow\\Documents\\OpenEvolve\\Frontend\\rese\\lean4\\.lake\\packages\\mathlib\\Mathlib\\Tactic\\Linarith\\Frontend.lean -o C:\\Users\\mmeadow\\Documents\\OpenEvolve\\Frontend\\rese\\lean4\\.lake\\packages\\mathlib\\.lake\\build\\lib\\lean\\Mathlib\\Tactic\\Linarith\\Frontend.olean -i C:\\Users\\mmeadow\\Documents\\OpenEvolve\\Frontend\\rese\\lean4\\.lake\\packages\\mathlib\\.lake\\build\\lib\\lean\\Mathlib\\Tactic\\Linarith\\Frontend.ilean -c C:\\Users\\mmeadow\\Documents\\OpenEvolve\\Frontend\\rese\\lean4\\.lake\\packages\\mathlib\\.lake\\build\\ir\\Mathlib\\Tactic\\Linarith\\Frontend.c --setup C:\\Users\\mmeadow\\Documents\\OpenEvolve\\Frontend\\rese\\lean4\\.lake\\packages\\mathlib\\.lake\\build\\ir\\Mathlib\\Tactic\\Linarith\\Frontend.setup.json --json",
   "level": "trace"}],
 "inputs":
 [["Mathlib.Tactic.Linarith.Frontend:deps",
   [["deps",
     [["mathlib/Mathlib:extraDep", [["@mathlib:extraDep", "00000000000006bb"]]],
      ["imports",
       [["Mathlib.Control.Basic transitive imports (meta)", "39f5742b147d9034"],
        ["Mathlib.Control.Basic:importArts (meta)", "62821e92fc39f918"],
        ["Mathlib.Tactic.Linarith.Verification transitive imports (meta)",
         "27bf90efad1e3d56"],
        ["Mathlib.Tactic.Linarith.Verification:importArts (meta)",
         "9df2207ab5a137e8"],
        ["Mathlib.Tactic.Linarith.Preprocessing transitive imports (meta)",
         "005419cdb0dfb658"],
        ["Mathlib.Tactic.Linarith.Preprocessing:importArts (meta)",
         "9eb1a71fd85a3b58"],
        ["Mathlib.Tactic.Linarith.Oracle.SimplexAlgorithm transitive imports (meta)",
         "6cb237b1b7a1b1d8"],
        ["Mathlib.Tactic.Linarith.Oracle.SimplexAlgorithm:importArts (meta)",
         "94a76d38e63a27b6"],
        ["Mathlib.Tactic.Ring.Basic transitive imports (meta)",
         "ea7f26f6a1c883be"],
        ["Mathlib.Tactic.Ring.Basic:importArts (meta)", "e8d923be6872a167"],
        ["Mathlib.Util.ElabWithoutMVars transitive imports (meta)",
         "0a767f0afbf09fca"],
        ["Mathlib.Util.ElabWithoutMVars:importArts (meta)",
         "944a44a23e63019a"]]]]],
    ["libs",
     [["import dynlibs", "00000000000006bb"],
      ["package external libraries", "00000000000006bb"],
      ["module dynlibs", "00000000000006bb"],
      ["module plugins", "00000000000006bb"]]]]],
  ["Lean 4.27.0, commit 2fcce7258eeb6e324366bc25f9058293b04b7547",
   "6f43b597efea5d4c"],
  ["C:\\Users\\mmeadow\\Documents\\OpenEvolve\\Frontend\\rese\\lean4\\.lake\\packages\\mathlib\\Mathlib\\Tactic\\Linarith\\Frontend.lean",
   "76d514d16bd62917"],
  ["options",
   [["-DmaxSynthPendingDepth=3", "c78e353d34de85d4"],
    ["-Dweak.linter.mathlibStandardSet=true", "8a155799906f2b42"],
    ["-Dweak.linter.checkInitImports=true", "cc899f26dd73bf81"],
    ["-Dweak.linter.style.header=true", "07ce48bb05b917ff"],
    ["-Dweak.linter.pythonStyle=true", "35186b2b2b67e319"],
    ["-Dweak.linter.style.longFile=1500", "d79864b112568ff5"],
    ["-Dpp.unicode.fun=true", "9b94070140457fab"],
    ["-Dweak.linter.allScriptsDocumented=true", "217af3ce76c25a94"],
    ["-DautoImplicit=false", "4a85acb881fd49d0"]]],
  ["Module.leanArgs: #[]", "00000000000006bb"]],
 "depHash": "efd139311248a057"}