{"synthetic": false,
 "schemaVersion": "2025-09-10",
 "outputs":
 {"r": "07a2e5c228730a12.ir",
  "o":
  ["d6fd2e1d4e580e6b.olean",
   "e4ddb715049ba838.olean.server",
   "99c21e364fc97769.olean.private"],
  "i": "800547a33b3ea251.ilean",
  "c": "6f100811307df8e0.c"},
 "log":
 [{"message":
   ".> LEAN_PATH=C:\\Users\\mmeadow\\Documents\\OpenEvolve\\Frontend\\rese\\lean4\\.lake\\packages\\Cli\\.lake\\build\\lib\\lean;C:\\Users\\mmeadow\\Documents\\OpenEvolve\\Frontend\\rese\\lean4\\.lake\\packages\\batteries\\.lake\\build\\lib\\lean;C:\\Users\\mmeadow\\Documents\\OpenEvolve\\Frontend\\rese\\lean4\\.lake\\packages\\Qq\\.lake\\build\\lib\\lean;C:\\Users\\mmeadow\\Documents\\OpenEvolve\\Frontend\\rese\\lean4\\.lake\\packages\\aesop\\.lake\\build\\lib\\lean;C:\\Users\\mmeadow\\Documents\\OpenEvolve\\Frontend\\rese\\lean4\\.lake\\packages\\proofwidgets\\.lake\\build\\lib\\lean;C:\\Users\\mmeadow\\Documents\\OpenEvolve\\Frontend\\rese\\lean4\\.lake\\packages\\importGraph\\.lake\\build\\lib\\lean;C:\\Users\\mmeadow\\Documents\\OpenEvolve\\Frontend\\rese\\lean4\\.lake\\packages\\LeanSearchClient\\.lake\\build\\lib\\lean;C:\\Users\\mmeadow\\Documents\\OpenEvolve\\Frontend\\rese\\lean4\\.lake\\packages\\plausible\\.lake\\build\\lib\\lean;C:\\Users\\mmeadow\\Documents\\OpenEvolve\\Frontend\\rese\\lean4\\.lake\\packages\\mathlib\\.lake\\build\\lib\\lean;C:\\Users\\mmeadow\\Documents\\OpenEvolve\\Frontend\\rese\\lean4\\.lake\\build\\lib\\lean c:\\Users\\mmeadow\\.elan\\toolchains\\leanprover--lean4---v4.27.0-rc1\\bin\\lean.exe C:\\Users\\mmeadow\\Documents\\OpenEvolve\\Frontend\\rese\\lean4\\.lake\\packages\\mathlib\\Mathlib\\Tactic\\Linarith\\Preprocessing.lean -o C:\\Users\\mmeadow\\Documents\\OpenEvolve\\Frontend\\rese\\lean4\\.lake\\packages\\mathlib\\.lake\\build\\lib\\lean\\Mathlib\\Tactic\\Linarith\\Preprocessing.olean -i C:\\Users\\mmeadow\\Documents\\OpenEvolve\\Frontend\\rese\\lean4\\.lake\\packages\\mathlib\\.lake\\build\\lib\\lean\\Mathlib\\Tactic\\Linarith\\Preprocessing.ilean -c C:\\Users\\mmeadow\\Documents\\OpenEvolve\\Frontend\\rese\\lean4\\.lake\\packages\\mathlib\\.lake\\build\\ir\\Mathlib\\Tactic\\Linarith\\Preprocessing.c --setup C:\\Users\\mmeadow\\Documents\\OpenEvolve\\Frontend\\rese\\lean4\\.lake\\packages\\mathlib\\.lake\\build\\ir\\Mathlib\\Tactic\\Linarith\\Preprocessing.setup.json --json",
   "level": "trace"}],
 "inputs":
 [["Mathlib.Tactic.Linarith.Preprocessing:deps",
   [["deps",
     [["mathlib/Mathlib:extraDep", [["@mathlib:extraDep", "00000000000006bb"]]],
      ["imports",
       [["Mathlib.Control.Basic transitive imports (meta)", "39f5742b147d9034"],
        ["Mathlib.Control.Basic:importArts (meta)", "62821e92fc39f918"],
        ["Mathlib.Lean.Meta.Tactic.Rewrite transitive imports (meta)",
         "0a767f0afbf09fca"],
        ["Mathlib.Lean.Meta.Tactic.Rewrite:importArts (meta)",
         "981e1212d1a3dc4a"],
        ["Mathlib.Tactic.CancelDenoms.Core transitive imports (meta)",
         "c38ea954fe5fa14b"],
        ["Mathlib.Tactic.CancelDenoms.Core:importArts (meta)",
         "e88a91dc75edade2"],
        ["Mathlib.Tactic.Linarith.Datatypes transitive imports (meta)",
         "5f58e29f5b8465f0"],
        ["Mathlib.Tactic.Linarith.Datatypes:importArts (meta)",
         "868be40b1a47b6f6"],
        ["Mathlib.Tactic.Zify transitive imports (meta)", "0cd7c9bf47563b15"],
        ["Mathlib.Tactic.Zify:importArts (meta)", "c1ec2cc999fca5ee"],
        ["Mathlib.Util.AtomM transitive imports (meta)", "8f1aab0ea4681611"],
        ["Mathlib.Util.AtomM:importArts (meta)", "8f3257cfcbb27920"]]]]],
    ["libs",
     [["import dynlibs", "00000000000006bb"],
      ["package external libraries", "00000000000006bb"],
      ["module dynlibs", "00000000000006bb"],
      ["module plugins", "00000000000006bb"]]]]],
  ["Lean 4.27.0, commit 2fcce7258eeb6e324366bc25f9058293b04b7547",
   "6f43b597efea5d4c"],
  ["C:\\Users\\mmeadow\\Documents\\OpenEvolve\\Frontend\\rese\\lean4\\.lake\\packages\\mathlib\\Mathlib\\Tactic\\Linarith\\Preprocessing.lean",
   "6b6a19eae5c0c940"],
  ["options",
   [["-DmaxSynthPendingDepth=3", "c78e353d34de85d4"],
    ["-Dweak.linter.mathlibStandardSet=true", "8a155799906f2b42"],
    ["-Dweak.linter.checkInitImports=true", "cc899f26dd73bf81"],
    ["-Dweak.linter.style.header=true", "07ce48bb05b917ff"],
    ["-Dweak.linter.pythonStyle=true", "35186b2b2b67e319"],
    ["-Dweak.linter.style.longFile=1500", "d79864b112568ff5"],
    ["-Dpp.unicode.fun=true", "9b94070140457fab"],
    ["-Dweak.linter.allScriptsDocumented=true", "217af3ce76c25a94"],
    ["-DautoImplicit=false", "4a85acb881fd49d0"]]],
  ["Module.leanArgs: #[]", "00000000000006bb"]],
 "depHash": "4624058caa1c98c3"}