{"synthetic": false,
 "schemaVersion": "2025-09-10",
 "outputs":
 {"r": "7cae63867f940787.ir",
  "o":
  ["a8b8914ad4f19e1e.olean",
   "65b7e92e087098c2.olean.server",
   "d2165167b1d5a2be.olean.private"],
  "i": "5ce3f84cf254b89d.ilean",
  "c": "c072437f4a050590.c"},
 "log":
 [{"message":
   ".> LEAN_PATH=C:\\Users\\mmeadow\\Documents\\OpenEvolve\\Frontend\\rese\\lean4\\.lake\\packages\\Cli\\.lake\\build\\lib\\lean;C:\\Users\\mmeadow\\Documents\\OpenEvolve\\Frontend\\rese\\lean4\\.lake\\packages\\batteries\\.lake\\build\\lib\\lean;C:\\Users\\mmeadow\\Documents\\OpenEvolve\\Frontend\\rese\\lean4\\.lake\\packages\\Qq\\.lake\\build\\lib\\lean;C:\\Users\\mmeadow\\Documents\\OpenEvolve\\Frontend\\rese\\lean4\\.lake\\packages\\aesop\\.lake\\build\\lib\\lean;C:\\Users\\mmeadow\\Documents\\OpenEvolve\\Frontend\\rese\\lean4\\.lake\\packages\\proofwidgets\\.lake\\build\\lib\\lean;C:\\Users\\mmeadow\\Documents\\OpenEvolve\\Frontend\\rese\\lean4\\.lake\\packages\\importGraph\\.lake\\build\\lib\\lean;C:\\Users\\mmeadow\\Documents\\OpenEvolve\\Frontend\\rese\\lean4\\.lake\\packages\\LeanSearchClient\\.lake\\build\\lib\\lean;C:\\Users\\mmeadow\\Documents\\OpenEvolve\\Frontend\\rese\\lean4\\.lake\\packages\\plausible\\.lake\\build\\lib\\lean;C:\\Users\\mmeadow\\Documents\\OpenEvolve\\Frontend\\rese\\lean4\\.lake\\packages\\mathlib\\.lake\\build\\lib\\lean;C:\\Users\\mmeadow\\Documents\\OpenEvolve\\Frontend\\rese\\lean4\\.lake\\build\\lib\\lean c:\\Users\\mmeadow\\.elan\\toolchains\\leanprover--lean4---v4.27.0-rc1\\bin\\lean.exe C:\\Users\\mmeadow\\Documents\\OpenEvolve\\Frontend\\rese\\lean4\\.lake\\packages\\mathlib\\Mathlib\\Algebra\\Polynomial\\Degree\\Definitions.lean -o C:\\Users\\mmeadow\\Documents\\OpenEvolve\\Frontend\\rese\\lean4\\.lake\\packages\\mathlib\\.lake\\build\\lib\\lean\\Mathlib\\Algebra\\Polynomial\\Degree\\Definitions.olean -i C:\\Users\\mmeadow\\Documents\\OpenEvolve\\Frontend\\rese\\lean4\\.lake\\packages\\mathlib\\.lake\\build\\lib\\lean\\Mathlib\\Algebra\\Polynomial\\Degree\\Definitions.ilean -c C:\\Users\\mmeadow\\Documents\\OpenEvolve\\Frontend\\rese\\lean4\\.lake\\packages\\mathlib\\.lake\\build\\ir\\Mathlib\\Algebra\\Polynomial\\Degree\\Definitions.c --setup C:\\Users\\mmeadow\\Documents\\OpenEvolve\\Frontend\\rese\\lean4\\.lake\\packages\\mathlib\\.lake\\build\\ir\\Mathlib\\Algebra\\Polynomial\\Degree\\Definitions.setup.json --json",
   "level": "trace"}],
 "inputs":
 [["Mathlib.Algebra.Polynomial.Degree.Definitions:deps",
   [["deps",
     [["mathlib/Mathlib:extraDep", [["@mathlib:extraDep", "00000000000006bb"]]],
      ["imports",
       [["Mathlib.Algebra.MonoidAlgebra.Degree transitive imports (public)",
         "5afc8cc2d2278623"],
        ["Mathlib.Algebra.MonoidAlgebra.Degree:importArts", "8013449f899ad88c"],
        ["Mathlib.Algebra.Order.Ring.WithTop transitive imports (public)",
         "aef109eca082433a"],
        ["Mathlib.Algebra.Order.Ring.WithTop:importArts", "314cb56b9548fc27"],
        ["Mathlib.Algebra.Polynomial.Basic transitive imports (public)",
         "496faa99cd19c356"],
        ["Mathlib.Algebra.Polynomial.Basic:importArts", "7255097f3d85875f"],
        ["Mathlib.Data.Nat.Cast.WithTop transitive imports (public)",
         "da64a9f6d38ff0e4"],
        ["Mathlib.Data.Nat.Cast.WithTop:importArts", "3063a0297234f225"],
        ["Mathlib.Data.Nat.SuccPred transitive imports (public)",
         "4dd4fd053ea6a55a"],
        ["Mathlib.Data.Nat.SuccPred:importArts", "ac5924e64f0667dd"],
        ["Mathlib.Order.SuccPred.WithBot transitive imports (public)",
         "fb43a6e5839742c4"],
        ["Mathlib.Order.SuccPred.WithBot:importArts", "244f8ca8ea467fb9"]]]]],
    ["libs",
     [["import dynlibs", "00000000000006bb"],
      ["package external libraries", "00000000000006bb"],
      ["module dynlibs", "00000000000006bb"],
      ["module plugins", "00000000000006bb"]]]]],
  ["Lean 4.27.0, commit 2fcce7258eeb6e324366bc25f9058293b04b7547",
   "6f43b597efea5d4c"],
  ["C:\\Users\\mmeadow\\Documents\\OpenEvolve\\Frontend\\rese\\lean4\\.lake\\packages\\mathlib\\Mathlib\\Algebra\\Polynomial\\Degree\\Definitions.lean",
   "1d1fba1d6601250b"],
  ["options",
   [["-DmaxSynthPendingDepth=3", "c78e353d34de85d4"],
    ["-Dweak.linter.mathlibStandardSet=true", "8a155799906f2b42"],
    ["-Dweak.linter.checkInitImports=true", "cc899f26dd73bf81"],
    ["-Dweak.linter.style.header=true", "07ce48bb05b917ff"],
    ["-Dweak.linter.pythonStyle=true", "35186b2b2b67e319"],
    ["-Dweak.linter.style.longFile=1500", "d79864b112568ff5"],
    ["-Dpp.unicode.fun=true", "9b94070140457fab"],
    ["-Dweak.linter.allScriptsDocumented=true", "217af3ce76c25a94"],
    ["-DautoImplicit=false", "4a85acb881fd49d0"]]],
  ["Module.leanArgs: #[]", "00000000000006bb"]],
 "depHash": "e8c33879f85d204d"}