{"synthetic": false,
 "schemaVersion": "2025-09-10",
 "outputs":
 {"r": "e9064c4215a517b8.ir",
  "o":
  ["80e8076036af7f8d.olean",
   "9c7d4cde7665a10e.olean.server",
   "bef9b67a893ce19a.olean.private"],
  "i": "a2e0df0f55636a2e.ilean",
  "c": "4d4517a6ea4daafc.c"},
 "log":
 [{"message":
   ".> LEAN_PATH=C:\\Users\\mmeadow\\Documents\\OpenEvolve\\Frontend\\rese\\lean4\\.lake\\packages\\Cli\\.lake\\build\\lib\\lean;C:\\Users\\mmeadow\\Documents\\OpenEvolve\\Frontend\\rese\\lean4\\.lake\\packages\\batteries\\.lake\\build\\lib\\lean;C:\\Users\\mmeadow\\Documents\\OpenEvolve\\Frontend\\rese\\lean4\\.lake\\packages\\Qq\\.lake\\build\\lib\\lean;C:\\Users\\mmeadow\\Documents\\OpenEvolve\\Frontend\\rese\\lean4\\.lake\\packages\\aesop\\.lake\\build\\lib\\lean;C:\\Users\\mmeadow\\Documents\\OpenEvolve\\Frontend\\rese\\lean4\\.lake\\packages\\proofwidgets\\.lake\\build\\lib\\lean;C:\\Users\\mmeadow\\Documents\\OpenEvolve\\Frontend\\rese\\lean4\\.lake\\packages\\importGraph\\.lake\\build\\lib\\lean;C:\\Users\\mmeadow\\Documents\\OpenEvolve\\Frontend\\rese\\lean4\\.lake\\packages\\LeanSearchClient\\.lake\\build\\lib\\lean;C:\\Users\\mmeadow\\Documents\\OpenEvolve\\Frontend\\rese\\lean4\\.lake\\packages\\plausible\\.lake\\build\\lib\\lean;C:\\Users\\mmeadow\\Documents\\OpenEvolve\\Frontend\\rese\\lean4\\.lake\\packages\\mathlib\\.lake\\build\\lib\\lean;C:\\Users\\mmeadow\\Documents\\OpenEvolve\\Frontend\\rese\\lean4\\.lake\\build\\lib\\lean c:\\Users\\mmeadow\\.elan\\toolchains\\leanprover--lean4---v4.27.0-rc1\\bin\\lean.exe C:\\Users\\mmeadow\\Documents\\OpenEvolve\\Frontend\\rese\\lean4\\.lake\\packages\\mathlib\\Mathlib\\RingTheory\\DedekindDomain\\Ideal\\Lemmas.lean -o C:\\Users\\mmeadow\\Documents\\OpenEvolve\\Frontend\\rese\\lean4\\.lake\\packages\\mathlib\\.lake\\build\\lib\\lean\\Mathlib\\RingTheory\\DedekindDomain\\Ideal\\Lemmas.olean -i C:\\Users\\mmeadow\\Documents\\OpenEvolve\\Frontend\\rese\\lean4\\.lake\\packages\\mathlib\\.lake\\build\\lib\\lean\\Mathlib\\RingTheory\\DedekindDomain\\Ideal\\Lemmas.ilean -c C:\\Users\\mmeadow\\Documents\\OpenEvolve\\Frontend\\rese\\lean4\\.lake\\packages\\mathlib\\.lake\\build\\ir\\Mathlib\\RingTheory\\DedekindDomain\\Ideal\\Lemmas.c --setup C:\\Users\\mmeadow\\Documents\\OpenEvolve\\Frontend\\rese\\lean4\\.lake\\packages\\mathlib\\.lake\\build\\ir\\Mathlib\\RingTheory\\DedekindDomain\\Ideal\\Lemmas.setup.json --json",
   "level": "trace"}],
 "inputs":
 [["Mathlib.RingTheory.DedekindDomain.Ideal.Lemmas:deps",
   [["deps",
     [["mathlib/Mathlib:extraDep", [["@mathlib:extraDep", "00000000000006bb"]]],
      ["imports",
       [["Mathlib.Algebra.Polynomial.FieldDivision transitive imports (public)",
         "4c63377142a8b9cc"],
        ["Mathlib.Algebra.Polynomial.FieldDivision:importArts",
         "9502d23a91fbc08c"],
        ["Mathlib.Algebra.Squarefree.Basic transitive imports (public)",
         "6badbbcc9cdc8fcd"],
        ["Mathlib.Algebra.Squarefree.Basic:importArts", "d41491e8f5f10adb"],
        ["Mathlib.RingTheory.ChainOfDivisors transitive imports (public)",
         "d53ee98bfa0c3044"],
        ["Mathlib.RingTheory.ChainOfDivisors:importArts", "4811e880c58e8996"],
        ["Mathlib.RingTheory.DedekindDomain.Ideal.Basic transitive imports (public)",
         "0bfed2675aeb8870"],
        ["Mathlib.RingTheory.DedekindDomain.Ideal.Basic:importArts",
         "7e0b6db05a10d0ed"],
        ["Mathlib.RingTheory.Spectrum.Maximal.Localization transitive imports (public)",
         "ba29ca6e3e1d54d2"],
        ["Mathlib.RingTheory.Spectrum.Maximal.Localization:importArts",
         "1f52ec2767623231"],
        ["Mathlib.Algebra.Order.GroupWithZero.Unbundled.OrderIso transitive imports (public)",
         "4043f47c8652e0cd"],
        ["Mathlib.Algebra.Order.GroupWithZero.Unbundled.OrderIso:importArts",
         "c64dc50a4fe96c94"]]]]],
    ["libs",
     [["import dynlibs", "00000000000006bb"],
      ["package external libraries", "00000000000006bb"],
      ["module dynlibs", "00000000000006bb"],
      ["module plugins", "00000000000006bb"]]]]],
  ["Lean 4.27.0, commit 2fcce7258eeb6e324366bc25f9058293b04b7547",
   "6f43b597efea5d4c"],
  ["C:\\Users\\mmeadow\\Documents\\OpenEvolve\\Frontend\\rese\\lean4\\.lake\\packages\\mathlib\\Mathlib\\RingTheory\\DedekindDomain\\Ideal\\Lemmas.lean",
   "5a1bd0b47b27ac68"],
  ["options",
   [["-DmaxSynthPendingDepth=3", "c78e353d34de85d4"],
    ["-Dweak.linter.mathlibStandardSet=true", "8a155799906f2b42"],
    ["-Dweak.linter.checkInitImports=true", "cc899f26dd73bf81"],
    ["-Dweak.linter.style.header=true", "07ce48bb05b917ff"],
    ["-Dweak.linter.pythonStyle=true", "35186b2b2b67e319"],
    ["-Dweak.linter.style.longFile=1500", "d79864b112568ff5"],
    ["-Dpp.unicode.fun=true", "9b94070140457fab"],
    ["-Dweak.linter.allScriptsDocumented=true", "217af3ce76c25a94"],
    ["-DautoImplicit=false", "4a85acb881fd49d0"]]],
  ["Module.leanArgs: #[]", "00000000000006bb"]],
 "depHash": "d051d50076ea309a"}