{"synthetic": false,
 "schemaVersion": "2025-09-10",
 "outputs":
 {"r": "aa012af122699f70.ir",
  "o":
  ["12c47fb116d886ba.olean",
   "4e17d0bd9ffc13c3.olean.server",
   "217488292bd0ccbc.olean.private"],
  "i": "32ceb77d58326552.ilean",
  "c": "a8c89a33b8ed2e6a.c"},
 "log":
 [{"message":
   ".> LEAN_PATH=C:\\Users\\mmeadow\\Documents\\OpenEvolve\\Frontend\\rese\\lean4\\.lake\\packages\\Cli\\.lake\\build\\lib\\lean;C:\\Users\\mmeadow\\Documents\\OpenEvolve\\Frontend\\rese\\lean4\\.lake\\packages\\batteries\\.lake\\build\\lib\\lean;C:\\Users\\mmeadow\\Documents\\OpenEvolve\\Frontend\\rese\\lean4\\.lake\\packages\\Qq\\.lake\\build\\lib\\lean;C:\\Users\\mmeadow\\Documents\\OpenEvolve\\Frontend\\rese\\lean4\\.lake\\packages\\aesop\\.lake\\build\\lib\\lean;C:\\Users\\mmeadow\\Documents\\OpenEvolve\\Frontend\\rese\\lean4\\.lake\\packages\\proofwidgets\\.lake\\build\\lib\\lean;C:\\Users\\mmeadow\\Documents\\OpenEvolve\\Frontend\\rese\\lean4\\.lake\\packages\\importGraph\\.lake\\build\\lib\\lean;C:\\Users\\mmeadow\\Documents\\OpenEvolve\\Frontend\\rese\\lean4\\.lake\\packages\\LeanSearchClient\\.lake\\build\\lib\\lean;C:\\Users\\mmeadow\\Documents\\OpenEvolve\\Frontend\\rese\\lean4\\.lake\\packages\\plausible\\.lake\\build\\lib\\lean;C:\\Users\\mmeadow\\Documents\\OpenEvolve\\Frontend\\rese\\lean4\\.lake\\packages\\mathlib\\.lake\\build\\lib\\lean;C:\\Users\\mmeadow\\Documents\\OpenEvolve\\Frontend\\rese\\lean4\\.lake\\build\\lib\\lean c:\\Users\\mmeadow\\.elan\\toolchains\\leanprover--lean4---v4.27.0-rc1\\bin\\lean.exe C:\\Users\\mmeadow\\Documents\\OpenEvolve\\Frontend\\rese\\lean4\\.lake\\packages\\mathlib\\Mathlib\\GroupTheory\\Divisible.lean -o C:\\Users\\mmeadow\\Documents\\OpenEvolve\\Frontend\\rese\\lean4\\.lake\\packages\\mathlib\\.lake\\build\\lib\\lean\\Mathlib\\GroupTheory\\Divisible.olean -i C:\\Users\\mmeadow\\Documents\\OpenEvolve\\Frontend\\rese\\lean4\\.lake\\packages\\mathlib\\.lake\\build\\lib\\lean\\Mathlib\\GroupTheory\\Divisible.ilean -c C:\\Users\\mmeadow\\Documents\\OpenEvolve\\Frontend\\rese\\lean4\\.lake\\packages\\mathlib\\.lake\\build\\ir\\Mathlib\\GroupTheory\\Divisible.c --setup C:\\Users\\mmeadow\\Documents\\OpenEvolve\\Frontend\\rese\\lean4\\.lake\\packages\\mathlib\\.lake\\build\\ir\\Mathlib\\GroupTheory\\Divisible.setup.json --json",
   "level": "trace"}],
 "inputs":
 [["Mathlib.GroupTheory.Divisible:deps",
   [["deps",
     [["mathlib/Mathlib:extraDep", [["@mathlib:extraDep", "00000000000006bb"]]],
      ["imports",
       [["Mathlib.Algebra.Group.ULift transitive imports (public)",
         "886264e4050b39cb"],
        ["Mathlib.Algebra.Group.ULift:importArts", "cf143bc85c303af0"],
        ["Mathlib.Algebra.GroupWithZero.Subgroup transitive imports (public)",
         "4597e767de4a2118"],
        ["Mathlib.Algebra.GroupWithZero.Subgroup:importArts",
         "4e517917e1ae0e0a"],
        ["Mathlib.Algebra.Module.NatInt transitive imports (public)",
         "690958671c5d0b2f"],
        ["Mathlib.Algebra.Module.NatInt:importArts", "ef35e8bc4a34b997"],
        ["Mathlib.GroupTheory.QuotientGroup.Defs transitive imports (public)",
         "8608a62da8628f70"],
        ["Mathlib.GroupTheory.QuotientGroup.Defs:importArts",
         "a77681b63e45efa5"],
        ["Mathlib.Tactic.NormNum.Eq transitive imports (public)",
         "eaf86a428d755b32"],
        ["Mathlib.Tactic.NormNum.Eq:importArts", "996aeb3410023a5d"],
        ["Mathlib.Algebra.Field.Defs transitive imports (public)",
         "04c8780b07a10d6c"],
        ["Mathlib.Algebra.Field.Defs:importArts", "4ac946f586911caf"]]]]],
    ["libs",
     [["import dynlibs", "00000000000006bb"],
      ["package external libraries", "00000000000006bb"],
      ["module dynlibs", "00000000000006bb"],
      ["module plugins", "00000000000006bb"]]]]],
  ["Lean 4.27.0, commit 2fcce7258eeb6e324366bc25f9058293b04b7547",
   "6f43b597efea5d4c"],
  ["C:\\Users\\mmeadow\\Documents\\OpenEvolve\\Frontend\\rese\\lean4\\.lake\\packages\\mathlib\\Mathlib\\GroupTheory\\Divisible.lean",
   "1c1fbcb1a4807fca"],
  ["options",
   [["-DmaxSynthPendingDepth=3", "c78e353d34de85d4"],
    ["-Dweak.linter.mathlibStandardSet=true", "8a155799906f2b42"],
    ["-Dweak.linter.checkInitImports=true", "cc899f26dd73bf81"],
    ["-Dweak.linter.style.header=true", "07ce48bb05b917ff"],
    ["-Dweak.linter.pythonStyle=true", "35186b2b2b67e319"],
    ["-Dweak.linter.style.longFile=1500", "d79864b112568ff5"],
    ["-Dpp.unicode.fun=true", "9b94070140457fab"],
    ["-Dweak.linter.allScriptsDocumented=true", "217af3ce76c25a94"],
    ["-DautoImplicit=false", "4a85acb881fd49d0"]]],
  ["Module.leanArgs: #[]", "00000000000006bb"]],
 "depHash": "e736e39563d0e6d3"}