{"synthetic": false,
 "schemaVersion": "2025-09-10",
 "outputs":
 {"r": "0a6fbfd466ff104a.ir",
  "o":
  ["3cc0142f76066b5f.olean",
   "9c29b449ffb1a12f.olean.server",
   "89bd5a525787a51f.olean.private"],
  "i": "efd962f6059074ed.ilean",
  "c": "cb44ea03447057f3.c"},
 "log":
 [{"message":
   ".> LEAN_PATH=C:\\Users\\mmeadow\\Documents\\OpenEvolve\\Frontend\\rese\\lean4\\.lake\\packages\\Cli\\.lake\\build\\lib\\lean;C:\\Users\\mmeadow\\Documents\\OpenEvolve\\Frontend\\rese\\lean4\\.lake\\packages\\batteries\\.lake\\build\\lib\\lean;C:\\Users\\mmeadow\\Documents\\OpenEvolve\\Frontend\\rese\\lean4\\.lake\\packages\\Qq\\.lake\\build\\lib\\lean;C:\\Users\\mmeadow\\Documents\\OpenEvolve\\Frontend\\rese\\lean4\\.lake\\packages\\aesop\\.lake\\build\\lib\\lean;C:\\Users\\mmeadow\\Documents\\OpenEvolve\\Frontend\\rese\\lean4\\.lake\\packages\\proofwidgets\\.lake\\build\\lib\\lean;C:\\Users\\mmeadow\\Documents\\OpenEvolve\\Frontend\\rese\\lean4\\.lake\\packages\\importGraph\\.lake\\build\\lib\\lean;C:\\Users\\mmeadow\\Documents\\OpenEvolve\\Frontend\\rese\\lean4\\.lake\\packages\\LeanSearchClient\\.lake\\build\\lib\\lean;C:\\Users\\mmeadow\\Documents\\OpenEvolve\\Frontend\\rese\\lean4\\.lake\\packages\\plausible\\.lake\\build\\lib\\lean;C:\\Users\\mmeadow\\Documents\\OpenEvolve\\Frontend\\rese\\lean4\\.lake\\packages\\mathlib\\.lake\\build\\lib\\lean;C:\\Users\\mmeadow\\Documents\\OpenEvolve\\Frontend\\rese\\lean4\\.lake\\build\\lib\\lean c:\\Users\\mmeadow\\.elan\\toolchains\\leanprover--lean4---v4.27.0-rc1\\bin\\lean.exe C:\\Users\\mmeadow\\Documents\\OpenEvolve\\Frontend\\rese\\lean4\\.lake\\packages\\mathlib\\Mathlib\\GroupTheory\\Index.lean -o C:\\Users\\mmeadow\\Documents\\OpenEvolve\\Frontend\\rese\\lean4\\.lake\\packages\\mathlib\\.lake\\build\\lib\\lean\\Mathlib\\GroupTheory\\Index.olean -i C:\\Users\\mmeadow\\Documents\\OpenEvolve\\Frontend\\rese\\lean4\\.lake\\packages\\mathlib\\.lake\\build\\lib\\lean\\Mathlib\\GroupTheory\\Index.ilean -c C:\\Users\\mmeadow\\Documents\\OpenEvolve\\Frontend\\rese\\lean4\\.lake\\packages\\mathlib\\.lake\\build\\ir\\Mathlib\\GroupTheory\\Index.c --setup C:\\Users\\mmeadow\\Documents\\OpenEvolve\\Frontend\\rese\\lean4\\.lake\\packages\\mathlib\\.lake\\build\\ir\\Mathlib\\GroupTheory\\Index.setup.json --json",
   "level": "trace"}],
 "inputs":
 [["Mathlib.GroupTheory.Index:deps",
   [["deps",
     [["mathlib/Mathlib:extraDep", [["@mathlib:extraDep", "00000000000006bb"]]],
      ["imports",
       [["Mathlib.Algebra.BigOperators.GroupWithZero.Finset transitive imports (public)",
         "175079150a6b364c"],
        ["Mathlib.Algebra.BigOperators.GroupWithZero.Finset:importArts",
         "255be98242232aa8"],
        ["Mathlib.Algebra.Group.Subgroup.ZPowers.Basic transitive imports (public)",
         "eacde3e9fb525824"],
        ["Mathlib.Algebra.Group.Subgroup.ZPowers.Basic:importArts",
         "e2c89c070c5e08e0"],
        ["Mathlib.Algebra.GroupWithZero.Subgroup transitive imports (public)",
         "4597e767de4a2118"],
        ["Mathlib.Algebra.GroupWithZero.Subgroup:importArts",
         "4e517917e1ae0e0a"],
        ["Mathlib.Data.Finite.Card transitive imports (public)",
         "58bce901f6971f58"],
        ["Mathlib.Data.Finite.Card:importArts", "42823a236eefd1d5"],
        ["Mathlib.Data.Finite.Prod transitive imports (public)",
         "9177ba04345625ec"],
        ["Mathlib.Data.Finite.Prod:importArts", "ff68145de2bd4891"],
        ["Mathlib.Data.Set.Card transitive imports (public)",
         "13c307194d3277ec"],
        ["Mathlib.Data.Set.Card:importArts", "2008fae0b41fdd38"],
        ["Mathlib.GroupTheory.Coset.Card transitive imports (public)",
         "d591c918b807cded"],
        ["Mathlib.GroupTheory.Coset.Card:importArts", "12d9a3464bfb8632"],
        ["Mathlib.GroupTheory.GroupAction.Quotient transitive imports (public)",
         "9d492891ae96f6e1"],
        ["Mathlib.GroupTheory.GroupAction.Quotient:importArts",
         "e7038e0c5b1b8301"],
        ["Mathlib.GroupTheory.QuotientGroup.Basic transitive imports (public)",
         "36223eefd341f3ba"],
        ["Mathlib.GroupTheory.QuotientGroup.Basic:importArts",
         "d1f3e29cd87a4b02"]]]]],
    ["libs",
     [["import dynlibs", "00000000000006bb"],
      ["package external libraries", "00000000000006bb"],
      ["module dynlibs", "00000000000006bb"],
      ["module plugins", "00000000000006bb"]]]]],
  ["Lean 4.27.0, commit 2fcce7258eeb6e324366bc25f9058293b04b7547",
   "6f43b597efea5d4c"],
  ["C:\\Users\\mmeadow\\Documents\\OpenEvolve\\Frontend\\rese\\lean4\\.lake\\packages\\mathlib\\Mathlib\\GroupTheory\\Index.lean",
   "2fa4d051cbbf0c66"],
  ["options",
   [["-DmaxSynthPendingDepth=3", "c78e353d34de85d4"],
    ["-Dweak.linter.mathlibStandardSet=true", "8a155799906f2b42"],
    ["-Dweak.linter.checkInitImports=true", "cc899f26dd73bf81"],
    ["-Dweak.linter.style.header=true", "07ce48bb05b917ff"],
    ["-Dweak.linter.pythonStyle=true", "35186b2b2b67e319"],
    ["-Dweak.linter.style.longFile=1500", "d79864b112568ff5"],
    ["-Dpp.unicode.fun=true", "9b94070140457fab"],
    ["-Dweak.linter.allScriptsDocumented=true", "217af3ce76c25a94"],
    ["-DautoImplicit=false", "4a85acb881fd49d0"]]],
  ["Module.leanArgs: #[]", "00000000000006bb"]],
 "depHash": "fe7748854ea62439"}