{"synthetic": false,
 "schemaVersion": "2025-09-10",
 "outputs":
 {"r": "29ba68ece4580f65.ir",
  "o":
  ["a8941be868d1ee98.olean",
   "9952b0af325f8e36.olean.server",
   "af0b54b0413e9871.olean.private"],
  "i": "d7fe5b6033d2ab82.ilean",
  "c": "c08cb2e9ae380dbc.c"},
 "log":
 [{"message":
   ".> LEAN_PATH=C:\\Users\\mmeadow\\Documents\\OpenEvolve\\Frontend\\rese\\lean4\\.lake\\packages\\Cli\\.lake\\build\\lib\\lean;C:\\Users\\mmeadow\\Documents\\OpenEvolve\\Frontend\\rese\\lean4\\.lake\\packages\\batteries\\.lake\\build\\lib\\lean;C:\\Users\\mmeadow\\Documents\\OpenEvolve\\Frontend\\rese\\lean4\\.lake\\packages\\Qq\\.lake\\build\\lib\\lean;C:\\Users\\mmeadow\\Documents\\OpenEvolve\\Frontend\\rese\\lean4\\.lake\\packages\\aesop\\.lake\\build\\lib\\lean;C:\\Users\\mmeadow\\Documents\\OpenEvolve\\Frontend\\rese\\lean4\\.lake\\packages\\proofwidgets\\.lake\\build\\lib\\lean;C:\\Users\\mmeadow\\Documents\\OpenEvolve\\Frontend\\rese\\lean4\\.lake\\packages\\importGraph\\.lake\\build\\lib\\lean;C:\\Users\\mmeadow\\Documents\\OpenEvolve\\Frontend\\rese\\lean4\\.lake\\packages\\LeanSearchClient\\.lake\\build\\lib\\lean;C:\\Users\\mmeadow\\Documents\\OpenEvolve\\Frontend\\rese\\lean4\\.lake\\packages\\plausible\\.lake\\build\\lib\\lean;C:\\Users\\mmeadow\\Documents\\OpenEvolve\\Frontend\\rese\\lean4\\.lake\\packages\\mathlib\\.lake\\build\\lib\\lean;C:\\Users\\mmeadow\\Documents\\OpenEvolve\\Frontend\\rese\\lean4\\.lake\\build\\lib\\lean c:\\Users\\mmeadow\\.elan\\toolchains\\leanprover--lean4---v4.27.0-rc1\\bin\\lean.exe C:\\Users\\mmeadow\\Documents\\OpenEvolve\\Frontend\\rese\\lean4\\.lake\\packages\\mathlib\\Mathlib\\MeasureTheory\\Constructions\\BorelSpace\\Metrizable.lean -o C:\\Users\\mmeadow\\Documents\\OpenEvolve\\Frontend\\rese\\lean4\\.lake\\packages\\mathlib\\.lake\\build\\lib\\lean\\Mathlib\\MeasureTheory\\Constructions\\BorelSpace\\Metrizable.olean -i C:\\Users\\mmeadow\\Documents\\OpenEvolve\\Frontend\\rese\\lean4\\.lake\\packages\\mathlib\\.lake\\build\\lib\\lean\\Mathlib\\MeasureTheory\\Constructions\\BorelSpace\\Metrizable.ilean -c C:\\Users\\mmeadow\\Documents\\OpenEvolve\\Frontend\\rese\\lean4\\.lake\\packages\\mathlib\\.lake\\build\\ir\\Mathlib\\MeasureTheory\\Constructions\\BorelSpace\\Metrizable.c --setup C:\\Users\\mmeadow\\Documents\\OpenEvolve\\Frontend\\rese\\lean4\\.lake\\packages\\mathlib\\.lake\\build\\ir\\Mathlib\\MeasureTheory\\Constructions\\BorelSpace\\Metrizable.setup.json --json",
   "level": "trace"}],
 "inputs":
 [["Mathlib.MeasureTheory.Constructions.BorelSpace.Metrizable:deps",
   [["deps",
     [["mathlib/Mathlib:extraDep", [["@mathlib:extraDep", "00000000000006bb"]]],
      ["imports",
       [["Mathlib.MeasureTheory.Constructions.BorelSpace.Metric transitive imports (public)",
         "1562b18536ebb655"],
        ["Mathlib.MeasureTheory.Constructions.BorelSpace.Metric:importArts",
         "6ecaa0f7f874a3c4"],
        ["Mathlib.MeasureTheory.Constructions.BorelSpace.Real transitive imports (public)",
         "a8db55696f3b3fbf"],
        ["Mathlib.MeasureTheory.Constructions.BorelSpace.Real:importArts",
         "17a7b6f8356328d5"],
        ["Mathlib.Topology.Metrizable.Real transitive imports (public)",
         "0269b237266e0b38"],
        ["Mathlib.Topology.Metrizable.Real:importArts", "d4af1845c774a46c"],
        ["Mathlib.Topology.IndicatorConstPointwise transitive imports (public)",
         "1b0810c52c41425f"],
        ["Mathlib.Topology.IndicatorConstPointwise:importArts",
         "e14705d24ffa5ba7"]]]]],
    ["libs",
     [["import dynlibs", "00000000000006bb"],
      ["package external libraries", "00000000000006bb"],
      ["module dynlibs", "00000000000006bb"],
      ["module plugins", "00000000000006bb"]]]]],
  ["Lean 4.27.0, commit 2fcce7258eeb6e324366bc25f9058293b04b7547",
   "6f43b597efea5d4c"],
  ["C:\\Users\\mmeadow\\Documents\\OpenEvolve\\Frontend\\rese\\lean4\\.lake\\packages\\mathlib\\Mathlib\\MeasureTheory\\Constructions\\BorelSpace\\Metrizable.lean",
   "d938e5cceb575da3"],
  ["options",
   [["-DmaxSynthPendingDepth=3", "c78e353d34de85d4"],
    ["-Dweak.linter.mathlibStandardSet=true", "8a155799906f2b42"],
    ["-Dweak.linter.checkInitImports=true", "cc899f26dd73bf81"],
    ["-Dweak.linter.style.header=true", "07ce48bb05b917ff"],
    ["-Dweak.linter.pythonStyle=true", "35186b2b2b67e319"],
    ["-Dweak.linter.style.longFile=1500", "d79864b112568ff5"],
    ["-Dpp.unicode.fun=true", "9b94070140457fab"],
    ["-Dweak.linter.allScriptsDocumented=true", "217af3ce76c25a94"],
    ["-DautoImplicit=false", "4a85acb881fd49d0"]]],
  ["Module.leanArgs: #[]", "00000000000006bb"]],
 "depHash": "f7be0c6cf4aecfdc"}