{"synthetic": false,
 "schemaVersion": "2025-09-10",
 "outputs":
 {"r": "ea0110219c6120f1.ir",
  "o":
  ["86a40c8c351bbdec.olean",
   "ac2d9c05efcf17fa.olean.server",
   "c4377c840140c273.olean.private"],
  "i": "a4eb3543d1af55f6.ilean",
  "c": "5189a9399a740f0c.c"},
 "log":
 [{"message":
   ".> LEAN_PATH=C:\\Users\\mmeadow\\Documents\\OpenEvolve\\Frontend\\rese\\lean4\\.lake\\packages\\Cli\\.lake\\build\\lib\\lean;C:\\Users\\mmeadow\\Documents\\OpenEvolve\\Frontend\\rese\\lean4\\.lake\\packages\\batteries\\.lake\\build\\lib\\lean;C:\\Users\\mmeadow\\Documents\\OpenEvolve\\Frontend\\rese\\lean4\\.lake\\packages\\Qq\\.lake\\build\\lib\\lean;C:\\Users\\mmeadow\\Documents\\OpenEvolve\\Frontend\\rese\\lean4\\.lake\\packages\\aesop\\.lake\\build\\lib\\lean;C:\\Users\\mmeadow\\Documents\\OpenEvolve\\Frontend\\rese\\lean4\\.lake\\packages\\proofwidgets\\.lake\\build\\lib\\lean;C:\\Users\\mmeadow\\Documents\\OpenEvolve\\Frontend\\rese\\lean4\\.lake\\packages\\importGraph\\.lake\\build\\lib\\lean;C:\\Users\\mmeadow\\Documents\\OpenEvolve\\Frontend\\rese\\lean4\\.lake\\packages\\LeanSearchClient\\.lake\\build\\lib\\lean;C:\\Users\\mmeadow\\Documents\\OpenEvolve\\Frontend\\rese\\lean4\\.lake\\packages\\plausible\\.lake\\build\\lib\\lean;C:\\Users\\mmeadow\\Documents\\OpenEvolve\\Frontend\\rese\\lean4\\.lake\\packages\\mathlib\\.lake\\build\\lib\\lean;C:\\Users\\mmeadow\\Documents\\OpenEvolve\\Frontend\\rese\\lean4\\.lake\\build\\lib\\lean c:\\Users\\mmeadow\\.elan\\toolchains\\leanprover--lean4---v4.27.0-rc1\\bin\\lean.exe C:\\Users\\mmeadow\\Documents\\OpenEvolve\\Frontend\\rese\\lean4\\.lake\\packages\\aesop\\Aesop\\RuleTac.lean -o C:\\Users\\mmeadow\\Documents\\OpenEvolve\\Frontend\\rese\\lean4\\.lake\\packages\\aesop\\.lake\\build\\lib\\lean\\Aesop\\RuleTac.olean -i C:\\Users\\mmeadow\\Documents\\OpenEvolve\\Frontend\\rese\\lean4\\.lake\\packages\\aesop\\.lake\\build\\lib\\lean\\Aesop\\RuleTac.ilean -c C:\\Users\\mmeadow\\Documents\\OpenEvolve\\Frontend\\rese\\lean4\\.lake\\packages\\aesop\\.lake\\build\\ir\\Aesop\\RuleTac.c --setup C:\\Users\\mmeadow\\Documents\\OpenEvolve\\Frontend\\rese\\lean4\\.lake\\packages\\aesop\\.lake\\build\\ir\\Aesop\\RuleTac.setup.json --json",
   "level": "trace"}],
 "inputs":
 [["Aesop.RuleTac:deps",
   [["deps",
     [["aesop/Aesop:extraDep", [["@aesop:extraDep", "00000000000006bb"]]],
      ["imports",
       [["Aesop.RuleTac.Apply transitive imports (public)", "1870cb87810b6287"],
        ["Aesop.RuleTac.Apply:importArts", "e6bb36fd5c6a96e5"],
        ["Aesop.RuleTac.Basic transitive imports (public)", "84a9b4217ef0876b"],
        ["Aesop.RuleTac.Basic:importArts", "520bc1b9ec825cfc"],
        ["Aesop.RuleTac.Cases transitive imports (public)", "a7a039b5c606c0c5"],
        ["Aesop.RuleTac.Cases:importArts", "9c52a8eee6314fea"],
        ["Aesop.RuleTac.Forward transitive imports (public)",
         "cd80d136b3f043e1"],
        ["Aesop.RuleTac.Forward:importArts", "1aaa945c9f88a9d4"],
        ["Aesop.RuleTac.Preprocess transitive imports (public)",
         "a7a039b5c606c0c5"],
        ["Aesop.RuleTac.Preprocess:importArts", "301e2c655b1fde35"],
        ["Aesop.RuleTac.Tactic transitive imports (public)",
         "3b8d1930bec99f2d"],
        ["Aesop.RuleTac.Tactic:importArts", "0bcaa937a1c7298f"]]]]]]],
  ["Lean 4.27.0, commit 2fcce7258eeb6e324366bc25f9058293b04b7547",
   "6f43b597efea5d4c"],
  ["C:\\Users\\mmeadow\\Documents\\OpenEvolve\\Frontend\\rese\\lean4\\.lake\\packages\\aesop\\Aesop\\RuleTac.lean",
   "5297af6cb82596b1"],
  ["options", "00000000000006bb"],
  ["Module.leanArgs: #[]", "00000000000006bb"]],
 "depHash": "7c58099b1ae60a13"}