{"synthetic": false,
 "schemaVersion": "2025-09-10",
 "outputs":
 {"r": "78e3f054a39f3c1b.ir",
  "o":
  ["cbbca499a0c32332.olean",
   "2930f2aad040a1c9.olean.server",
   "738314dcbe4ea7bc.olean.private"],
  "i": "9f4cb3a454bcb7b8.ilean",
  "c": "934bac63a2cacbf2.c"},
 "log":
 [{"message":
   ".> LEAN_PATH=C:\\Users\\mmeadow\\Documents\\OpenEvolve\\Frontend\\rese\\lean4\\.lake\\packages\\Cli\\.lake\\build\\lib\\lean;C:\\Users\\mmeadow\\Documents\\OpenEvolve\\Frontend\\rese\\lean4\\.lake\\packages\\batteries\\.lake\\build\\lib\\lean;C:\\Users\\mmeadow\\Documents\\OpenEvolve\\Frontend\\rese\\lean4\\.lake\\packages\\Qq\\.lake\\build\\lib\\lean;C:\\Users\\mmeadow\\Documents\\OpenEvolve\\Frontend\\rese\\lean4\\.lake\\packages\\aesop\\.lake\\build\\lib\\lean;C:\\Users\\mmeadow\\Documents\\OpenEvolve\\Frontend\\rese\\lean4\\.lake\\packages\\proofwidgets\\.lake\\build\\lib\\lean;C:\\Users\\mmeadow\\Documents\\OpenEvolve\\Frontend\\rese\\lean4\\.lake\\packages\\importGraph\\.lake\\build\\lib\\lean;C:\\Users\\mmeadow\\Documents\\OpenEvolve\\Frontend\\rese\\lean4\\.lake\\packages\\LeanSearchClient\\.lake\\build\\lib\\lean;C:\\Users\\mmeadow\\Documents\\OpenEvolve\\Frontend\\rese\\lean4\\.lake\\packages\\plausible\\.lake\\build\\lib\\lean;C:\\Users\\mmeadow\\Documents\\OpenEvolve\\Frontend\\rese\\lean4\\.lake\\packages\\mathlib\\.lake\\build\\lib\\lean;C:\\Users\\mmeadow\\Documents\\OpenEvolve\\Frontend\\rese\\lean4\\.lake\\build\\lib\\lean c:\\Users\\mmeadow\\.elan\\toolchains\\leanprover--lean4---v4.27.0-rc1\\bin\\lean.exe C:\\Users\\mmeadow\\Documents\\OpenEvolve\\Frontend\\rese\\lean4\\.lake\\packages\\aesop\\Aesop\\Saturate.lean -o C:\\Users\\mmeadow\\Documents\\OpenEvolve\\Frontend\\rese\\lean4\\.lake\\packages\\aesop\\.lake\\build\\lib\\lean\\Aesop\\Saturate.olean -i C:\\Users\\mmeadow\\Documents\\OpenEvolve\\Frontend\\rese\\lean4\\.lake\\packages\\aesop\\.lake\\build\\lib\\lean\\Aesop\\Saturate.ilean -c C:\\Users\\mmeadow\\Documents\\OpenEvolve\\Frontend\\rese\\lean4\\.lake\\packages\\aesop\\.lake\\build\\ir\\Aesop\\Saturate.c --setup C:\\Users\\mmeadow\\Documents\\OpenEvolve\\Frontend\\rese\\lean4\\.lake\\packages\\aesop\\.lake\\build\\ir\\Aesop\\Saturate.setup.json --json",
   "level": "trace"}],
 "inputs":
 [["Aesop.Saturate:deps",
   [["deps",
     [["aesop/Aesop:extraDep", [["@aesop:extraDep", "00000000000006bb"]]],
      ["imports",
       [["Aesop.Forward.State.ApplyGoalDiff transitive imports (public)",
         "fc6c0f727d04e39d"],
        ["Aesop.Forward.State.ApplyGoalDiff:importArts", "fa0943362470e89a"],
        ["Aesop.Forward.State.Initial transitive imports (public)",
         "fc6c0f727d04e39d"],
        ["Aesop.Forward.State.Initial:importArts", "44bb0ee35bcbd1f1"],
        ["Aesop.RuleSet transitive imports (public)", "94ee2c2337bc2598"],
        ["Aesop.RuleSet:importArts", "7f5b600c41dd85e6"],
        ["Aesop.RuleTac transitive imports (public)", "ae76c32627171bfb"],
        ["Aesop.RuleTac:importArts", "8d3e186fc631542e"],
        ["Aesop.Search.Expansion.Basic transitive imports (public)",
         "368d46bf820d8ef2"],
        ["Aesop.Search.Expansion.Basic:importArts", "a28cb2d05be60b23"],
        ["Aesop.Script.Check transitive imports (public)", "11aa687e81247464"],
        ["Aesop.Script.Check:importArts", "2c8cf33d48890df5"],
        ["Batteries.Data.BinomialHeap.Basic transitive imports (public)",
         "f83918826a0325ea"],
        ["Batteries.Data.BinomialHeap.Basic:importArts",
         "95e132fd4289d13a"]]]]]]],
  ["Lean 4.27.0, commit 2fcce7258eeb6e324366bc25f9058293b04b7547",
   "6f43b597efea5d4c"],
  ["C:\\Users\\mmeadow\\Documents\\OpenEvolve\\Frontend\\rese\\lean4\\.lake\\packages\\aesop\\Aesop\\Saturate.lean",
   "df6988b63da3e843"],
  ["options", "00000000000006bb"],
  ["Module.leanArgs: #[]", "00000000000006bb"]],
 "depHash": "62f7581ac1dca002"}