{"synthetic": false,
 "schemaVersion": "2025-09-10",
 "outputs":
 {"r": "055f88dc9975e28e.ir",
  "o":
  ["1d8a9696d4037590.olean",
   "8d1b8a65899085d9.olean.server",
   "46501753647f0bef.olean.private"],
  "i": "c3d5f0a33cec3606.ilean",
  "c": "c7572ce40c53f31d.c"},
 "log":
 [{"message":
   ".> LEAN_PATH=C:\\Users\\mmeadow\\Documents\\OpenEvolve\\Frontend\\rese\\lean4\\.lake\\packages\\Cli\\.lake\\build\\lib\\lean;C:\\Users\\mmeadow\\Documents\\OpenEvolve\\Frontend\\rese\\lean4\\.lake\\packages\\batteries\\.lake\\build\\lib\\lean;C:\\Users\\mmeadow\\Documents\\OpenEvolve\\Frontend\\rese\\lean4\\.lake\\packages\\Qq\\.lake\\build\\lib\\lean;C:\\Users\\mmeadow\\Documents\\OpenEvolve\\Frontend\\rese\\lean4\\.lake\\packages\\aesop\\.lake\\build\\lib\\lean;C:\\Users\\mmeadow\\Documents\\OpenEvolve\\Frontend\\rese\\lean4\\.lake\\packages\\proofwidgets\\.lake\\build\\lib\\lean;C:\\Users\\mmeadow\\Documents\\OpenEvolve\\Frontend\\rese\\lean4\\.lake\\packages\\importGraph\\.lake\\build\\lib\\lean;C:\\Users\\mmeadow\\Documents\\OpenEvolve\\Frontend\\rese\\lean4\\.lake\\packages\\LeanSearchClient\\.lake\\build\\lib\\lean;C:\\Users\\mmeadow\\Documents\\OpenEvolve\\Frontend\\rese\\lean4\\.lake\\packages\\plausible\\.lake\\build\\lib\\lean;C:\\Users\\mmeadow\\Documents\\OpenEvolve\\Frontend\\rese\\lean4\\.lake\\packages\\mathlib\\.lake\\build\\lib\\lean;C:\\Users\\mmeadow\\Documents\\OpenEvolve\\Frontend\\rese\\lean4\\.lake\\build\\lib\\lean c:\\Users\\mmeadow\\.elan\\toolchains\\leanprover--lean4---v4.27.0-rc1\\bin\\lean.exe C:\\Users\\mmeadow\\Documents\\OpenEvolve\\Frontend\\rese\\lean4\\.lake\\packages\\aesop\\Aesop\\Tree.lean -o C:\\Users\\mmeadow\\Documents\\OpenEvolve\\Frontend\\rese\\lean4\\.lake\\packages\\aesop\\.lake\\build\\lib\\lean\\Aesop\\Tree.olean -i C:\\Users\\mmeadow\\Documents\\OpenEvolve\\Frontend\\rese\\lean4\\.lake\\packages\\aesop\\.lake\\build\\lib\\lean\\Aesop\\Tree.ilean -c C:\\Users\\mmeadow\\Documents\\OpenEvolve\\Frontend\\rese\\lean4\\.lake\\packages\\aesop\\.lake\\build\\ir\\Aesop\\Tree.c --setup C:\\Users\\mmeadow\\Documents\\OpenEvolve\\Frontend\\rese\\lean4\\.lake\\packages\\aesop\\.lake\\build\\ir\\Aesop\\Tree.setup.json --json",
   "level": "trace"}],
 "inputs":
 [["Aesop.Tree:deps",
   [["deps",
     [["aesop/Aesop:extraDep", [["@aesop:extraDep", "00000000000006bb"]]],
      ["imports",
       [["Aesop.Tree.AddRapp transitive imports (public)", "4b12b9c672e8dd01"],
        ["Aesop.Tree.AddRapp:importArts", "4bb6981291bcb668"],
        ["Aesop.Tree.Check transitive imports (public)", "cbdc5cc753f88aa0"],
        ["Aesop.Tree.Check:importArts", "7eb34654351f9bb6"],
        ["Aesop.Tree.Data transitive imports (public)", "baa493e4dd38fab2"],
        ["Aesop.Tree.Data:importArts", "c69a547c6d9b14ff"],
        ["Aesop.Tree.ExtractProof transitive imports (public)",
         "66c2f1b84aae6048"],
        ["Aesop.Tree.ExtractProof:importArts", "e3fd1d960fe360f6"],
        ["Aesop.Tree.ExtractScript transitive imports (public)",
         "207ac8955c6573fe"],
        ["Aesop.Tree.ExtractScript:importArts", "cdd131fe36ba7d10"],
        ["Aesop.Tree.Free transitive imports (public)", "75bb5ebfb5671334"],
        ["Aesop.Tree.Free:importArts", "b425a36758808f76"],
        ["Aesop.Tree.RunMetaM transitive imports (public)", "c0a83d17691ed092"],
        ["Aesop.Tree.RunMetaM:importArts", "10b59697898f3b24"],
        ["Aesop.Tree.State transitive imports (public)", "7ddf956a4fdfaa8f"],
        ["Aesop.Tree.State:importArts", "5a84dc0e44726315"],
        ["Aesop.Tree.Tracing transitive imports (public)", "edc84f33d277616e"],
        ["Aesop.Tree.Tracing:importArts", "e0f3023eb2b74aec"],
        ["Aesop.Tree.Traversal transitive imports (public)",
         "c0a83d17691ed092"],
        ["Aesop.Tree.Traversal:importArts", "12ce96a4e874f3d6"],
        ["Aesop.Tree.TreeM transitive imports (public)", "5e6aae0dc4a36013"],
        ["Aesop.Tree.TreeM:importArts", "4d7bebf28ab8d072"],
        ["Aesop.Tree.UnsafeQueue transitive imports (public)",
         "7492f5c6387a0a3d"],
        ["Aesop.Tree.UnsafeQueue:importArts", "58484fd916e713c9"]]]]]]],
  ["Lean 4.27.0, commit 2fcce7258eeb6e324366bc25f9058293b04b7547",
   "6f43b597efea5d4c"],
  ["C:\\Users\\mmeadow\\Documents\\OpenEvolve\\Frontend\\rese\\lean4\\.lake\\packages\\aesop\\Aesop\\Tree.lean",
   "12334ff5589e25e2"],
  ["options", "00000000000006bb"],
  ["Module.leanArgs: #[]", "00000000000006bb"]],
 "depHash": "34d755418081eca1"}