{"synthetic": false,
 "schemaVersion": "2025-09-10",
 "outputs":
 {"r": "be1964a80b313a5f.ir",
  "o":
  ["93bc9598e74cb816.olean",
   "baca4d35efbf30a4.olean.server",
   "854540b779c5b035.olean.private"],
  "i": "cce19524978b2b98.ilean",
  "c": "037fd58b8cc8ac5a.c"},
 "log":
 [{"message":
   ".> LEAN_PATH=C:\\Users\\mmeadow\\Documents\\OpenEvolve\\Frontend\\rese\\lean4\\.lake\\packages\\Cli\\.lake\\build\\lib\\lean;C:\\Users\\mmeadow\\Documents\\OpenEvolve\\Frontend\\rese\\lean4\\.lake\\packages\\batteries\\.lake\\build\\lib\\lean;C:\\Users\\mmeadow\\Documents\\OpenEvolve\\Frontend\\rese\\lean4\\.lake\\packages\\Qq\\.lake\\build\\lib\\lean;C:\\Users\\mmeadow\\Documents\\OpenEvolve\\Frontend\\rese\\lean4\\.lake\\packages\\aesop\\.lake\\build\\lib\\lean;C:\\Users\\mmeadow\\Documents\\OpenEvolve\\Frontend\\rese\\lean4\\.lake\\packages\\proofwidgets\\.lake\\build\\lib\\lean;C:\\Users\\mmeadow\\Documents\\OpenEvolve\\Frontend\\rese\\lean4\\.lake\\packages\\importGraph\\.lake\\build\\lib\\lean;C:\\Users\\mmeadow\\Documents\\OpenEvolve\\Frontend\\rese\\lean4\\.lake\\packages\\LeanSearchClient\\.lake\\build\\lib\\lean;C:\\Users\\mmeadow\\Documents\\OpenEvolve\\Frontend\\rese\\lean4\\.lake\\packages\\plausible\\.lake\\build\\lib\\lean;C:\\Users\\mmeadow\\Documents\\OpenEvolve\\Frontend\\rese\\lean4\\.lake\\packages\\mathlib\\.lake\\build\\lib\\lean;C:\\Users\\mmeadow\\Documents\\OpenEvolve\\Frontend\\rese\\lean4\\.lake\\build\\lib\\lean c:\\Users\\mmeadow\\.elan\\toolchains\\leanprover--lean4---v4.27.0-rc1\\bin\\lean.exe C:\\Users\\mmeadow\\Documents\\OpenEvolve\\Frontend\\rese\\lean4\\.lake\\packages\\mathlib\\Mathlib\\SetTheory\\Cardinal\\Basic.lean -o C:\\Users\\mmeadow\\Documents\\OpenEvolve\\Frontend\\rese\\lean4\\.lake\\packages\\mathlib\\.lake\\build\\lib\\lean\\Mathlib\\SetTheory\\Cardinal\\Basic.olean -i C:\\Users\\mmeadow\\Documents\\OpenEvolve\\Frontend\\rese\\lean4\\.lake\\packages\\mathlib\\.lake\\build\\lib\\lean\\Mathlib\\SetTheory\\Cardinal\\Basic.ilean -c C:\\Users\\mmeadow\\Documents\\OpenEvolve\\Frontend\\rese\\lean4\\.lake\\packages\\mathlib\\.lake\\build\\ir\\Mathlib\\SetTheory\\Cardinal\\Basic.c --setup C:\\Users\\mmeadow\\Documents\\OpenEvolve\\Frontend\\rese\\lean4\\.lake\\packages\\mathlib\\.lake\\build\\ir\\Mathlib\\SetTheory\\Cardinal\\Basic.setup.json --json",
   "level": "trace"}],
 "inputs":
 [["Mathlib.SetTheory.Cardinal.Basic:deps",
   [["deps",
     [["mathlib/Mathlib:extraDep", [["@mathlib:extraDep", "00000000000006bb"]]],
      ["imports",
       [["Mathlib.Data.Countable.Small transitive imports (public)",
         "8a71e4531b0eb45c"],
        ["Mathlib.Data.Countable.Small:importArts", "2f235af99383c4d7"],
        ["Mathlib.Data.Fintype.BigOperators transitive imports (public)",
         "ba5a082e332671fd"],
        ["Mathlib.Data.Fintype.BigOperators:importArts", "0a92121d6056e553"],
        ["Mathlib.Data.Fintype.Powerset transitive imports (public)",
         "b3fb9859c96de4ee"],
        ["Mathlib.Data.Fintype.Powerset:importArts", "ba5d8e2ea75ac3bb"],
        ["Mathlib.Data.Nat.Cast.Order.Basic transitive imports (public)",
         "a2a57010f2acf0c2"],
        ["Mathlib.Data.Nat.Cast.Order.Basic:importArts", "49c01b6e76af87d7"],
        ["Mathlib.Data.Set.Countable transitive imports (public)",
         "a04580bed2ddd33b"],
        ["Mathlib.Data.Set.Countable:importArts", "47a8bbfc8eca48cf"],
        ["Mathlib.Logic.Small.Set transitive imports (public)",
         "1bb6286edd576790"],
        ["Mathlib.Logic.Small.Set:importArts", "fe3b0cf6100455d4"],
        ["Mathlib.Logic.UnivLE transitive imports (public)",
         "771c232ded9eaaf1"],
        ["Mathlib.Logic.UnivLE:importArts", "043a6bf5c51bfa14"],
        ["Mathlib.SetTheory.Cardinal.Order transitive imports (public)",
         "846cb678c2c06700"],
        ["Mathlib.SetTheory.Cardinal.Order:importArts", "4664a8df80874f75"]]]]],
    ["libs",
     [["import dynlibs", "00000000000006bb"],
      ["package external libraries", "00000000000006bb"],
      ["module dynlibs", "00000000000006bb"],
      ["module plugins", "00000000000006bb"]]]]],
  ["Lean 4.27.0, commit 2fcce7258eeb6e324366bc25f9058293b04b7547",
   "6f43b597efea5d4c"],
  ["C:\\Users\\mmeadow\\Documents\\OpenEvolve\\Frontend\\rese\\lean4\\.lake\\packages\\mathlib\\Mathlib\\SetTheory\\Cardinal\\Basic.lean",
   "f996ff05b9bda0ec"],
  ["options",
   [["-DmaxSynthPendingDepth=3", "c78e353d34de85d4"],
    ["-Dweak.linter.mathlibStandardSet=true", "8a155799906f2b42"],
    ["-Dweak.linter.checkInitImports=true", "cc899f26dd73bf81"],
    ["-Dweak.linter.style.header=true", "07ce48bb05b917ff"],
    ["-Dweak.linter.pythonStyle=true", "35186b2b2b67e319"],
    ["-Dweak.linter.style.longFile=1500", "d79864b112568ff5"],
    ["-Dpp.unicode.fun=true", "9b94070140457fab"],
    ["-Dweak.linter.allScriptsDocumented=true", "217af3ce76c25a94"],
    ["-DautoImplicit=false", "4a85acb881fd49d0"]]],
  ["Module.leanArgs: #[]", "00000000000006bb"]],
 "depHash": "1352b88e2109d710"}