{"synthetic": false,
 "schemaVersion": "2025-09-10",
 "outputs":
 {"r": "a57bb83a27317f41.ir",
  "o":
  ["6156cb4565e7ba8a.olean",
   "11eb8e05dc5c806c.olean.server",
   "768b2d3a3147d594.olean.private"],
  "i": "6b69908fdd10eee3.ilean",
  "c": "2f6d87acbdbc9230.c"},
 "log":
 [{"message":
   ".> LEAN_PATH=C:\\Users\\mmeadow\\Documents\\OpenEvolve\\Frontend\\rese\\lean4\\.lake\\packages\\Cli\\.lake\\build\\lib\\lean;C:\\Users\\mmeadow\\Documents\\OpenEvolve\\Frontend\\rese\\lean4\\.lake\\packages\\batteries\\.lake\\build\\lib\\lean;C:\\Users\\mmeadow\\Documents\\OpenEvolve\\Frontend\\rese\\lean4\\.lake\\packages\\Qq\\.lake\\build\\lib\\lean;C:\\Users\\mmeadow\\Documents\\OpenEvolve\\Frontend\\rese\\lean4\\.lake\\packages\\aesop\\.lake\\build\\lib\\lean;C:\\Users\\mmeadow\\Documents\\OpenEvolve\\Frontend\\rese\\lean4\\.lake\\packages\\proofwidgets\\.lake\\build\\lib\\lean;C:\\Users\\mmeadow\\Documents\\OpenEvolve\\Frontend\\rese\\lean4\\.lake\\packages\\importGraph\\.lake\\build\\lib\\lean;C:\\Users\\mmeadow\\Documents\\OpenEvolve\\Frontend\\rese\\lean4\\.lake\\packages\\LeanSearchClient\\.lake\\build\\lib\\lean;C:\\Users\\mmeadow\\Documents\\OpenEvolve\\Frontend\\rese\\lean4\\.lake\\packages\\plausible\\.lake\\build\\lib\\lean;C:\\Users\\mmeadow\\Documents\\OpenEvolve\\Frontend\\rese\\lean4\\.lake\\packages\\mathlib\\.lake\\build\\lib\\lean;C:\\Users\\mmeadow\\Documents\\OpenEvolve\\Frontend\\rese\\lean4\\.lake\\build\\lib\\lean c:\\Users\\mmeadow\\.elan\\toolchains\\leanprover--lean4---v4.27.0-rc1\\bin\\lean.exe C:\\Users\\mmeadow\\Documents\\OpenEvolve\\Frontend\\rese\\lean4\\.lake\\packages\\mathlib\\Mathlib\\SetTheory\\Cardinal\\Defs.lean -o C:\\Users\\mmeadow\\Documents\\OpenEvolve\\Frontend\\rese\\lean4\\.lake\\packages\\mathlib\\.lake\\build\\lib\\lean\\Mathlib\\SetTheory\\Cardinal\\Defs.olean -i C:\\Users\\mmeadow\\Documents\\OpenEvolve\\Frontend\\rese\\lean4\\.lake\\packages\\mathlib\\.lake\\build\\lib\\lean\\Mathlib\\SetTheory\\Cardinal\\Defs.ilean -c C:\\Users\\mmeadow\\Documents\\OpenEvolve\\Frontend\\rese\\lean4\\.lake\\packages\\mathlib\\.lake\\build\\ir\\Mathlib\\SetTheory\\Cardinal\\Defs.c --setup C:\\Users\\mmeadow\\Documents\\OpenEvolve\\Frontend\\rese\\lean4\\.lake\\packages\\mathlib\\.lake\\build\\ir\\Mathlib\\SetTheory\\Cardinal\\Defs.setup.json --json",
   "level": "trace"}],
 "inputs":
 [["Mathlib.SetTheory.Cardinal.Defs:deps",
   [["deps",
     [["mathlib/Mathlib:extraDep", [["@mathlib:extraDep", "00000000000006bb"]]],
      ["imports",
       [["Mathlib.Data.ULift transitive imports (public)", "c686c120cb7c4e63"],
        ["Mathlib.Data.ULift:importArts", "68b203f7a64944af"],
        ["Mathlib.Util.Delaborators transitive imports (public)",
         "c2f3ff7b2480f2e0"],
        ["Mathlib.Util.Delaborators:importArts", "5fea2b7bd7b022cf"],
        ["Mathlib.Util.AssertExists transitive imports (public)",
         "1d55f4b188c149ce"],
        ["Mathlib.Util.AssertExists:importArts", "81f0c333689bd90f"]]]]],
    ["libs",
     [["import dynlibs", "00000000000006bb"],
      ["package external libraries", "00000000000006bb"],
      ["module dynlibs", "00000000000006bb"],
      ["module plugins", "00000000000006bb"]]]]],
  ["Lean 4.27.0, commit 2fcce7258eeb6e324366bc25f9058293b04b7547",
   "6f43b597efea5d4c"],
  ["C:\\Users\\mmeadow\\Documents\\OpenEvolve\\Frontend\\rese\\lean4\\.lake\\packages\\mathlib\\Mathlib\\SetTheory\\Cardinal\\Defs.lean",
   "c6f6a0779ffe727d"],
  ["options",
   [["-DmaxSynthPendingDepth=3", "c78e353d34de85d4"],
    ["-Dweak.linter.mathlibStandardSet=true", "8a155799906f2b42"],
    ["-Dweak.linter.checkInitImports=true", "cc899f26dd73bf81"],
    ["-Dweak.linter.style.header=true", "07ce48bb05b917ff"],
    ["-Dweak.linter.pythonStyle=true", "35186b2b2b67e319"],
    ["-Dweak.linter.style.longFile=1500", "d79864b112568ff5"],
    ["-Dpp.unicode.fun=true", "9b94070140457fab"],
    ["-Dweak.linter.allScriptsDocumented=true", "217af3ce76c25a94"],
    ["-DautoImplicit=false", "4a85acb881fd49d0"]]],
  ["Module.leanArgs: #[]", "00000000000006bb"]],
 "depHash": "88e647203b425bcb"}