{"synthetic": false,
 "schemaVersion": "2025-09-10",
 "outputs":
 {"r": "dc44a79e793a4c8b.ir",
  "o":
  ["b166d4740e7e3ce5.olean",
   "7edf9a04cfc9c273.olean.server",
   "2c02a68728f0e8cf.olean.private"],
  "i": "dfa0e9f4bf19f77c.ilean",
  "c": "c4c70821b9cb9b80.c"},
 "log":
 [{"message":
   ".> LEAN_PATH=C:\\Users\\mmeadow\\Documents\\OpenEvolve\\Frontend\\rese\\lean4\\.lake\\packages\\Cli\\.lake\\build\\lib\\lean;C:\\Users\\mmeadow\\Documents\\OpenEvolve\\Frontend\\rese\\lean4\\.lake\\packages\\batteries\\.lake\\build\\lib\\lean;C:\\Users\\mmeadow\\Documents\\OpenEvolve\\Frontend\\rese\\lean4\\.lake\\packages\\Qq\\.lake\\build\\lib\\lean;C:\\Users\\mmeadow\\Documents\\OpenEvolve\\Frontend\\rese\\lean4\\.lake\\packages\\aesop\\.lake\\build\\lib\\lean;C:\\Users\\mmeadow\\Documents\\OpenEvolve\\Frontend\\rese\\lean4\\.lake\\packages\\proofwidgets\\.lake\\build\\lib\\lean;C:\\Users\\mmeadow\\Documents\\OpenEvolve\\Frontend\\rese\\lean4\\.lake\\packages\\importGraph\\.lake\\build\\lib\\lean;C:\\Users\\mmeadow\\Documents\\OpenEvolve\\Frontend\\rese\\lean4\\.lake\\packages\\LeanSearchClient\\.lake\\build\\lib\\lean;C:\\Users\\mmeadow\\Documents\\OpenEvolve\\Frontend\\rese\\lean4\\.lake\\packages\\plausible\\.lake\\build\\lib\\lean;C:\\Users\\mmeadow\\Documents\\OpenEvolve\\Frontend\\rese\\lean4\\.lake\\packages\\mathlib\\.lake\\build\\lib\\lean;C:\\Users\\mmeadow\\Documents\\OpenEvolve\\Frontend\\rese\\lean4\\.lake\\build\\lib\\lean c:\\Users\\mmeadow\\.elan\\toolchains\\leanprover--lean4---v4.27.0-rc1\\bin\\lean.exe C:\\Users\\mmeadow\\Documents\\OpenEvolve\\Frontend\\rese\\lean4\\.lake\\packages\\mathlib\\Mathlib\\SetTheory\\Cardinal\\Free.lean -o C:\\Users\\mmeadow\\Documents\\OpenEvolve\\Frontend\\rese\\lean4\\.lake\\packages\\mathlib\\.lake\\build\\lib\\lean\\Mathlib\\SetTheory\\Cardinal\\Free.olean -i C:\\Users\\mmeadow\\Documents\\OpenEvolve\\Frontend\\rese\\lean4\\.lake\\packages\\mathlib\\.lake\\build\\lib\\lean\\Mathlib\\SetTheory\\Cardinal\\Free.ilean -c C:\\Users\\mmeadow\\Documents\\OpenEvolve\\Frontend\\rese\\lean4\\.lake\\packages\\mathlib\\.lake\\build\\ir\\Mathlib\\SetTheory\\Cardinal\\Free.c --setup C:\\Users\\mmeadow\\Documents\\OpenEvolve\\Frontend\\rese\\lean4\\.lake\\packages\\mathlib\\.lake\\build\\ir\\Mathlib\\SetTheory\\Cardinal\\Free.setup.json --json",
   "level": "trace"}],
 "inputs":
 [["Mathlib.SetTheory.Cardinal.Free:deps",
   [["deps",
     [["mathlib/Mathlib:extraDep", [["@mathlib:extraDep", "00000000000006bb"]]],
      ["imports",
       [["Mathlib.Algebra.FreeAbelianGroup.Finsupp transitive imports (public)",
         "ea01fdb35f50b836"],
        ["Mathlib.Algebra.FreeAbelianGroup.Finsupp:importArts",
         "adf68abbffb5133e"],
        ["Mathlib.Algebra.Ring.TransferInstance transitive imports (public)",
         "6e9e56767921bda6"],
        ["Mathlib.Algebra.Ring.TransferInstance:importArts",
         "c15291f369e57529"],
        ["Mathlib.Data.Finsupp.Fintype transitive imports (public)",
         "0c9090e5e4136eb9"],
        ["Mathlib.Data.Finsupp.Fintype:importArts", "f3a5da2c40e51e3d"],
        ["Mathlib.Data.ZMod.Defs transitive imports (public)",
         "64f657862ec70f07"],
        ["Mathlib.Data.ZMod.Defs:importArts", "1dc3c06099959ff6"],
        ["Mathlib.GroupTheory.FreeGroup.Reduce transitive imports (public)",
         "33c5d866edef6b94"],
        ["Mathlib.GroupTheory.FreeGroup.Reduce:importArts", "3eb52b51737fdb4e"],
        ["Mathlib.RingTheory.FreeCommRing transitive imports (public)",
         "f6241c56443401d4"],
        ["Mathlib.RingTheory.FreeCommRing:importArts", "58e8f6d0c500ed72"],
        ["Mathlib.SetTheory.Cardinal.Arithmetic transitive imports (public)",
         "4feb27ad47375c63"],
        ["Mathlib.SetTheory.Cardinal.Arithmetic:importArts",
         "a845d23cf8ff37f3"],
        ["Mathlib.SetTheory.Cardinal.Finsupp transitive imports (public)",
         "b517e35cc4b8abf8"],
        ["Mathlib.SetTheory.Cardinal.Finsupp:importArts",
         "13a983670ee23ec6"]]]]],
    ["libs",
     [["import dynlibs", "00000000000006bb"],
      ["package external libraries", "00000000000006bb"],
      ["module dynlibs", "00000000000006bb"],
      ["module plugins", "00000000000006bb"]]]]],
  ["Lean 4.27.0, commit 2fcce7258eeb6e324366bc25f9058293b04b7547",
   "6f43b597efea5d4c"],
  ["C:\\Users\\mmeadow\\Documents\\OpenEvolve\\Frontend\\rese\\lean4\\.lake\\packages\\mathlib\\Mathlib\\SetTheory\\Cardinal\\Free.lean",
   "202d9536f3f5d06b"],
  ["options",
   [["-DmaxSynthPendingDepth=3", "c78e353d34de85d4"],
    ["-Dweak.linter.mathlibStandardSet=true", "8a155799906f2b42"],
    ["-Dweak.linter.checkInitImports=true", "cc899f26dd73bf81"],
    ["-Dweak.linter.style.header=true", "07ce48bb05b917ff"],
    ["-Dweak.linter.pythonStyle=true", "35186b2b2b67e319"],
    ["-Dweak.linter.style.longFile=1500", "d79864b112568ff5"],
    ["-Dpp.unicode.fun=true", "9b94070140457fab"],
    ["-Dweak.linter.allScriptsDocumented=true", "217af3ce76c25a94"],
    ["-DautoImplicit=false", "4a85acb881fd49d0"]]],
  ["Module.leanArgs: #[]", "00000000000006bb"]],
 "depHash": "f515c162d382fbe2"}