{"synthetic": false,
 "schemaVersion": "2025-09-10",
 "outputs":
 {"r": "71426643e560a989.ir",
  "o":
  ["3c863fa22dc2bfe1.olean",
   "e3ced9d4f0cf5bf8.olean.server",
   "6a338d8f0024e096.olean.private"],
  "i": "358cd90ccb547b32.ilean",
  "c": "cf28b28c78fe4f3f.c"},
 "log":
 [{"message":
   ".> LEAN_PATH=C:\\Users\\mmeadow\\Documents\\OpenEvolve\\Frontend\\rese\\lean4\\.lake\\packages\\Cli\\.lake\\build\\lib\\lean;C:\\Users\\mmeadow\\Documents\\OpenEvolve\\Frontend\\rese\\lean4\\.lake\\packages\\batteries\\.lake\\build\\lib\\lean;C:\\Users\\mmeadow\\Documents\\OpenEvolve\\Frontend\\rese\\lean4\\.lake\\packages\\Qq\\.lake\\build\\lib\\lean;C:\\Users\\mmeadow\\Documents\\OpenEvolve\\Frontend\\rese\\lean4\\.lake\\packages\\aesop\\.lake\\build\\lib\\lean;C:\\Users\\mmeadow\\Documents\\OpenEvolve\\Frontend\\rese\\lean4\\.lake\\packages\\proofwidgets\\.lake\\build\\lib\\lean;C:\\Users\\mmeadow\\Documents\\OpenEvolve\\Frontend\\rese\\lean4\\.lake\\packages\\importGraph\\.lake\\build\\lib\\lean;C:\\Users\\mmeadow\\Documents\\OpenEvolve\\Frontend\\rese\\lean4\\.lake\\packages\\LeanSearchClient\\.lake\\build\\lib\\lean;C:\\Users\\mmeadow\\Documents\\OpenEvolve\\Frontend\\rese\\lean4\\.lake\\packages\\plausible\\.lake\\build\\lib\\lean;C:\\Users\\mmeadow\\Documents\\OpenEvolve\\Frontend\\rese\\lean4\\.lake\\packages\\mathlib\\.lake\\build\\lib\\lean;C:\\Users\\mmeadow\\Documents\\OpenEvolve\\Frontend\\rese\\lean4\\.lake\\build\\lib\\lean c:\\Users\\mmeadow\\.elan\\toolchains\\leanprover--lean4---v4.27.0-rc1\\bin\\lean.exe C:\\Users\\mmeadow\\Documents\\OpenEvolve\\Frontend\\rese\\lean4\\.lake\\packages\\mathlib\\Mathlib\\SetTheory\\Cardinal\\Order.lean -o C:\\Users\\mmeadow\\Documents\\OpenEvolve\\Frontend\\rese\\lean4\\.lake\\packages\\mathlib\\.lake\\build\\lib\\lean\\Mathlib\\SetTheory\\Cardinal\\Order.olean -i C:\\Users\\mmeadow\\Documents\\OpenEvolve\\Frontend\\rese\\lean4\\.lake\\packages\\mathlib\\.lake\\build\\lib\\lean\\Mathlib\\SetTheory\\Cardinal\\Order.ilean -c C:\\Users\\mmeadow\\Documents\\OpenEvolve\\Frontend\\rese\\lean4\\.lake\\packages\\mathlib\\.lake\\build\\ir\\Mathlib\\SetTheory\\Cardinal\\Order.c --setup C:\\Users\\mmeadow\\Documents\\OpenEvolve\\Frontend\\rese\\lean4\\.lake\\packages\\mathlib\\.lake\\build\\ir\\Mathlib\\SetTheory\\Cardinal\\Order.setup.json --json",
   "level": "trace"}],
 "inputs":
 [["Mathlib.SetTheory.Cardinal.Order:deps",
   [["deps",
     [["mathlib/Mathlib:extraDep", [["@mathlib:extraDep", "00000000000006bb"]]],
      ["imports",
       [["Mathlib.Algebra.Order.GroupWithZero.Canonical transitive imports (public)",
         "aa6e20b70074604f"],
        ["Mathlib.Algebra.Order.GroupWithZero.Canonical:importArts",
         "3569b23e97346ba7"],
        ["Mathlib.Algebra.Order.Ring.Canonical transitive imports (public)",
         "ceaee9277e190ff1"],
        ["Mathlib.Algebra.Order.Ring.Canonical:importArts", "bde6226a37658488"],
        ["Mathlib.Data.Fintype.Option transitive imports (public)",
         "f8cd4541afd8334f"],
        ["Mathlib.Data.Fintype.Option:importArts", "173de80291a6cbbc"],
        ["Mathlib.Order.InitialSeg transitive imports (public)",
         "4562389845816dd9"],
        ["Mathlib.Order.InitialSeg:importArts", "504bea6e3aed308f"],
        ["Mathlib.Order.Nat transitive imports (public)", "c56a45681bb2b01c"],
        ["Mathlib.Order.Nat:importArts", "f1c72f0fbf1deec9"],
        ["Mathlib.Order.SuccPred.CompleteLinearOrder transitive imports (public)",
         "c6578bc1083d8f81"],
        ["Mathlib.Order.SuccPred.CompleteLinearOrder:importArts",
         "18414d6ff9be8e09"],
        ["Mathlib.SetTheory.Cardinal.Defs transitive imports (public)",
         "f048394c5e8837ff"],
        ["Mathlib.SetTheory.Cardinal.Defs:importArts", "acd3444331c03b8c"],
        ["Mathlib.SetTheory.Cardinal.SchroederBernstein transitive imports (public)",
         "bb015c2dae94a37e"],
        ["Mathlib.SetTheory.Cardinal.SchroederBernstein:importArts",
         "e62559b8ba6b4210"]]]]],
    ["libs",
     [["import dynlibs", "00000000000006bb"],
      ["package external libraries", "00000000000006bb"],
      ["module dynlibs", "00000000000006bb"],
      ["module plugins", "00000000000006bb"]]]]],
  ["Lean 4.27.0, commit 2fcce7258eeb6e324366bc25f9058293b04b7547",
   "6f43b597efea5d4c"],
  ["C:\\Users\\mmeadow\\Documents\\OpenEvolve\\Frontend\\rese\\lean4\\.lake\\packages\\mathlib\\Mathlib\\SetTheory\\Cardinal\\Order.lean",
   "a31d931bfe673edc"],
  ["options",
   [["-DmaxSynthPendingDepth=3", "c78e353d34de85d4"],
    ["-Dweak.linter.mathlibStandardSet=true", "8a155799906f2b42"],
    ["-Dweak.linter.checkInitImports=true", "cc899f26dd73bf81"],
    ["-Dweak.linter.style.header=true", "07ce48bb05b917ff"],
    ["-Dweak.linter.pythonStyle=true", "35186b2b2b67e319"],
    ["-Dweak.linter.style.longFile=1500", "d79864b112568ff5"],
    ["-Dpp.unicode.fun=true", "9b94070140457fab"],
    ["-Dweak.linter.allScriptsDocumented=true", "217af3ce76c25a94"],
    ["-DautoImplicit=false", "4a85acb881fd49d0"]]],
  ["Module.leanArgs: #[]", "00000000000006bb"]],
 "depHash": "d21fd1ae26d3eea7"}