{"synthetic": false,
 "schemaVersion": "2025-09-10",
 "outputs":
 {"r": "4152145edf3e656b.ir",
  "o":
  ["ef3421b616d55028.olean",
   "606c7abf033abab4.olean.server",
   "f454f11beae27747.olean.private"],
  "i": "df7d575eb735830e.ilean",
  "c": "de8e14ff04eef825.c"},
 "log":
 [{"message":
   ".> LEAN_PATH=C:\\Users\\mmeadow\\Documents\\OpenEvolve\\Frontend\\rese\\lean4\\.lake\\packages\\Cli\\.lake\\build\\lib\\lean;C:\\Users\\mmeadow\\Documents\\OpenEvolve\\Frontend\\rese\\lean4\\.lake\\packages\\batteries\\.lake\\build\\lib\\lean;C:\\Users\\mmeadow\\Documents\\OpenEvolve\\Frontend\\rese\\lean4\\.lake\\packages\\Qq\\.lake\\build\\lib\\lean;C:\\Users\\mmeadow\\Documents\\OpenEvolve\\Frontend\\rese\\lean4\\.lake\\packages\\aesop\\.lake\\build\\lib\\lean;C:\\Users\\mmeadow\\Documents\\OpenEvolve\\Frontend\\rese\\lean4\\.lake\\packages\\proofwidgets\\.lake\\build\\lib\\lean;C:\\Users\\mmeadow\\Documents\\OpenEvolve\\Frontend\\rese\\lean4\\.lake\\packages\\importGraph\\.lake\\build\\lib\\lean;C:\\Users\\mmeadow\\Documents\\OpenEvolve\\Frontend\\rese\\lean4\\.lake\\packages\\LeanSearchClient\\.lake\\build\\lib\\lean;C:\\Users\\mmeadow\\Documents\\OpenEvolve\\Frontend\\rese\\lean4\\.lake\\packages\\plausible\\.lake\\build\\lib\\lean;C:\\Users\\mmeadow\\Documents\\OpenEvolve\\Frontend\\rese\\lean4\\.lake\\packages\\mathlib\\.lake\\build\\lib\\lean;C:\\Users\\mmeadow\\Documents\\OpenEvolve\\Frontend\\rese\\lean4\\.lake\\build\\lib\\lean c:\\Users\\mmeadow\\.elan\\toolchains\\leanprover--lean4---v4.27.0-rc1\\bin\\lean.exe C:\\Users\\mmeadow\\Documents\\OpenEvolve\\Frontend\\rese\\lean4\\.lake\\packages\\mathlib\\Mathlib\\RingTheory\\Finiteness\\Small.lean -o C:\\Users\\mmeadow\\Documents\\OpenEvolve\\Frontend\\rese\\lean4\\.lake\\packages\\mathlib\\.lake\\build\\lib\\lean\\Mathlib\\RingTheory\\Finiteness\\Small.olean -i C:\\Users\\mmeadow\\Documents\\OpenEvolve\\Frontend\\rese\\lean4\\.lake\\packages\\mathlib\\.lake\\build\\lib\\lean\\Mathlib\\RingTheory\\Finiteness\\Small.ilean -c C:\\Users\\mmeadow\\Documents\\OpenEvolve\\Frontend\\rese\\lean4\\.lake\\packages\\mathlib\\.lake\\build\\ir\\Mathlib\\RingTheory\\Finiteness\\Small.c --setup C:\\Users\\mmeadow\\Documents\\OpenEvolve\\Frontend\\rese\\lean4\\.lake\\packages\\mathlib\\.lake\\build\\ir\\Mathlib\\RingTheory\\Finiteness\\Small.setup.json --json",
   "level": "trace"}],
 "inputs":
 [["Mathlib.RingTheory.Finiteness.Small:deps",
   [["deps",
     [["mathlib/Mathlib:extraDep", [["@mathlib:extraDep", "00000000000006bb"]]],
      ["imports",
       [["Mathlib.LinearAlgebra.Finsupp.LinearCombination transitive imports (public)",
         "4c223569369da78c"],
        ["Mathlib.LinearAlgebra.Finsupp.LinearCombination:importArts",
         "daa2d68f508ddc08"],
        ["Mathlib.RingTheory.FiniteType transitive imports (public)",
         "8ee3ae78598cf694"],
        ["Mathlib.RingTheory.FiniteType:importArts", "63928f605dd914f6"],
        ["Mathlib.LinearAlgebra.DFinsupp transitive imports (public)",
         "c5ce0d960b66ae8d"],
        ["Mathlib.LinearAlgebra.DFinsupp:importArts", "7953f6ff32789fed"],
        ["Mathlib.Algebra.Algebra.Subalgebra.Basic transitive imports (public)",
         "86910071bfdb1680"],
        ["Mathlib.Algebra.Algebra.Subalgebra.Basic:importArts",
         "cedf1baa6a6899c6"],
        ["Mathlib.LinearAlgebra.Basis.Cardinality transitive imports (public)",
         "fd1fd44a60865144"],
        ["Mathlib.LinearAlgebra.Basis.Cardinality:importArts",
         "3b7b1a0963fd451b"],
        ["Mathlib.LinearAlgebra.StdBasis transitive imports (public)",
         "3ff8a952401d67ca"],
        ["Mathlib.LinearAlgebra.StdBasis:importArts", "29e91ae7be229767"],
        ["Mathlib.RingTheory.Finiteness.Basic transitive imports (public)",
         "348b0d0c768dee91"],
        ["Mathlib.RingTheory.Finiteness.Basic:importArts", "f3b45c5c69f54236"],
        ["Mathlib.RingTheory.MvPolynomial.Basic transitive imports (public)",
         "716a8ee827820e12"],
        ["Mathlib.RingTheory.MvPolynomial.Basic:importArts",
         "b35e03452ebbcc55"],
        ["Mathlib.Data.DFinsupp.Small transitive imports (public)",
         "99e9ac3f702f2e36"],
        ["Mathlib.Data.DFinsupp.Small:importArts", "58534ebd7f80ecd9"]]]]],
    ["libs",
     [["import dynlibs", "00000000000006bb"],
      ["package external libraries", "00000000000006bb"],
      ["module dynlibs", "00000000000006bb"],
      ["module plugins", "00000000000006bb"]]]]],
  ["Lean 4.27.0, commit 2fcce7258eeb6e324366bc25f9058293b04b7547",
   "6f43b597efea5d4c"],
  ["C:\\Users\\mmeadow\\Documents\\OpenEvolve\\Frontend\\rese\\lean4\\.lake\\packages\\mathlib\\Mathlib\\RingTheory\\Finiteness\\Small.lean",
   "2bed4b8f6fe0d6ed"],
  ["options",
   [["-DmaxSynthPendingDepth=3", "c78e353d34de85d4"],
    ["-Dweak.linter.mathlibStandardSet=true", "8a155799906f2b42"],
    ["-Dweak.linter.checkInitImports=true", "cc899f26dd73bf81"],
    ["-Dweak.linter.style.header=true", "07ce48bb05b917ff"],
    ["-Dweak.linter.pythonStyle=true", "35186b2b2b67e319"],
    ["-Dweak.linter.style.longFile=1500", "d79864b112568ff5"],
    ["-Dpp.unicode.fun=true", "9b94070140457fab"],
    ["-Dweak.linter.allScriptsDocumented=true", "217af3ce76c25a94"],
    ["-DautoImplicit=false", "4a85acb881fd49d0"]]],
  ["Module.leanArgs: #[]", "00000000000006bb"]],
 "depHash": "0ad94c9d7af0b86b"}