{"synthetic": false,
 "schemaVersion": "2025-09-10",
 "outputs":
 {"r": "9f991ffd316f7b05.ir",
  "o":
  ["4a5b9bfdcd813d94.olean",
   "89a81e97e8670334.olean.server",
   "6757bff2306f2c49.olean.private"],
  "i": "2960aa78322e3f21.ilean",
  "c": "2a16389d075ef46d.c"},
 "log":
 [{"message":
   ".> LEAN_PATH=C:\\Users\\mmeadow\\Documents\\OpenEvolve\\Frontend\\rese\\lean4\\.lake\\packages\\Cli\\.lake\\build\\lib\\lean;C:\\Users\\mmeadow\\Documents\\OpenEvolve\\Frontend\\rese\\lean4\\.lake\\packages\\batteries\\.lake\\build\\lib\\lean;C:\\Users\\mmeadow\\Documents\\OpenEvolve\\Frontend\\rese\\lean4\\.lake\\packages\\Qq\\.lake\\build\\lib\\lean;C:\\Users\\mmeadow\\Documents\\OpenEvolve\\Frontend\\rese\\lean4\\.lake\\packages\\aesop\\.lake\\build\\lib\\lean;C:\\Users\\mmeadow\\Documents\\OpenEvolve\\Frontend\\rese\\lean4\\.lake\\packages\\proofwidgets\\.lake\\build\\lib\\lean;C:\\Users\\mmeadow\\Documents\\OpenEvolve\\Frontend\\rese\\lean4\\.lake\\packages\\importGraph\\.lake\\build\\lib\\lean;C:\\Users\\mmeadow\\Documents\\OpenEvolve\\Frontend\\rese\\lean4\\.lake\\packages\\LeanSearchClient\\.lake\\build\\lib\\lean;C:\\Users\\mmeadow\\Documents\\OpenEvolve\\Frontend\\rese\\lean4\\.lake\\packages\\plausible\\.lake\\build\\lib\\lean;C:\\Users\\mmeadow\\Documents\\OpenEvolve\\Frontend\\rese\\lean4\\.lake\\packages\\mathlib\\.lake\\build\\lib\\lean;C:\\Users\\mmeadow\\Documents\\OpenEvolve\\Frontend\\rese\\lean4\\.lake\\build\\lib\\lean c:\\Users\\mmeadow\\.elan\\toolchains\\leanprover--lean4---v4.27.0-rc1\\bin\\lean.exe C:\\Users\\mmeadow\\Documents\\OpenEvolve\\Frontend\\rese\\lean4\\.lake\\packages\\mathlib\\Mathlib\\RingTheory\\Flat\\Basic.lean -o C:\\Users\\mmeadow\\Documents\\OpenEvolve\\Frontend\\rese\\lean4\\.lake\\packages\\mathlib\\.lake\\build\\lib\\lean\\Mathlib\\RingTheory\\Flat\\Basic.olean -i C:\\Users\\mmeadow\\Documents\\OpenEvolve\\Frontend\\rese\\lean4\\.lake\\packages\\mathlib\\.lake\\build\\lib\\lean\\Mathlib\\RingTheory\\Flat\\Basic.ilean -c C:\\Users\\mmeadow\\Documents\\OpenEvolve\\Frontend\\rese\\lean4\\.lake\\packages\\mathlib\\.lake\\build\\ir\\Mathlib\\RingTheory\\Flat\\Basic.c --setup C:\\Users\\mmeadow\\Documents\\OpenEvolve\\Frontend\\rese\\lean4\\.lake\\packages\\mathlib\\.lake\\build\\ir\\Mathlib\\RingTheory\\Flat\\Basic.setup.json --json",
   "level": "trace"}],
 "inputs":
 [["Mathlib.RingTheory.Flat.Basic:deps",
   [["deps",
     [["mathlib/Mathlib:extraDep", [["@mathlib:extraDep", "00000000000006bb"]]],
      ["imports",
       [["Mathlib.Algebra.Colimit.TensorProduct transitive imports (public)",
         "ce77fcd422e3eb8f"],
        ["Mathlib.Algebra.Colimit.TensorProduct:importArts",
         "fee2f448c17cd8a4"],
        ["Mathlib.Algebra.Module.Projective transitive imports (public)",
         "b280486f9658b51a"],
        ["Mathlib.Algebra.Module.Projective:importArts", "d503e3c6a1d7aa49"],
        ["Mathlib.LinearAlgebra.TensorProduct.RightExactness transitive imports (public)",
         "fa915227a277a02a"],
        ["Mathlib.LinearAlgebra.TensorProduct.RightExactness:importArts",
         "1b4019b5d2ae9647"],
        ["Mathlib.RingTheory.Finiteness.Small transitive imports (public)",
         "3362a79a7c6bf3b1"],
        ["Mathlib.RingTheory.Finiteness.Small:importArts", "1b10d7d146776395"],
        ["Mathlib.RingTheory.IsTensorProduct transitive imports (public)",
         "bdddb4674a16bf89"],
        ["Mathlib.RingTheory.IsTensorProduct:importArts", "9409bfe9a8c22b26"],
        ["Mathlib.RingTheory.TensorProduct.Finite transitive imports (public)",
         "800575f23e51f4a6"],
        ["Mathlib.RingTheory.TensorProduct.Finite:importArts",
         "fa811e718e5e86f1"],
        ["Mathlib.RingTheory.Adjoin.FGBaseChange transitive imports (public)",
         "61af245513e44de3"],
        ["Mathlib.RingTheory.Adjoin.FGBaseChange:importArts",
         "5a9a187e9d1f5c75"]]]]],
    ["libs",
     [["import dynlibs", "00000000000006bb"],
      ["package external libraries", "00000000000006bb"],
      ["module dynlibs", "00000000000006bb"],
      ["module plugins", "00000000000006bb"]]]]],
  ["Lean 4.27.0, commit 2fcce7258eeb6e324366bc25f9058293b04b7547",
   "6f43b597efea5d4c"],
  ["C:\\Users\\mmeadow\\Documents\\OpenEvolve\\Frontend\\rese\\lean4\\.lake\\packages\\mathlib\\Mathlib\\RingTheory\\Flat\\Basic.lean",
   "8eaee9ac238b1f0c"],
  ["options",
   [["-DmaxSynthPendingDepth=3", "c78e353d34de85d4"],
    ["-Dweak.linter.mathlibStandardSet=true", "8a155799906f2b42"],
    ["-Dweak.linter.checkInitImports=true", "cc899f26dd73bf81"],
    ["-Dweak.linter.style.header=true", "07ce48bb05b917ff"],
    ["-Dweak.linter.pythonStyle=true", "35186b2b2b67e319"],
    ["-Dweak.linter.style.longFile=1500", "d79864b112568ff5"],
    ["-Dpp.unicode.fun=true", "9b94070140457fab"],
    ["-Dweak.linter.allScriptsDocumented=true", "217af3ce76c25a94"],
    ["-DautoImplicit=false", "4a85acb881fd49d0"]]],
  ["Module.leanArgs: #[]", "00000000000006bb"]],
 "depHash": "07d01cc4cc60e5d4"}