{"synthetic": false,
 "schemaVersion": "2025-09-10",
 "outputs":
 {"r": "dd319c4d440ca6b2.ir",
  "o":
  ["6db802992e0f18e3.olean",
   "5b89353a894c1654.olean.server",
   "54ce52b58b798f3f.olean.private"],
  "i": "604d26b71ee26ffa.ilean",
  "c": "51697ab5a4695909.c"},
 "log":
 [{"message":
   ".> LEAN_PATH=C:\\Users\\mmeadow\\Documents\\OpenEvolve\\Frontend\\rese\\lean4\\.lake\\packages\\Cli\\.lake\\build\\lib\\lean;C:\\Users\\mmeadow\\Documents\\OpenEvolve\\Frontend\\rese\\lean4\\.lake\\packages\\batteries\\.lake\\build\\lib\\lean;C:\\Users\\mmeadow\\Documents\\OpenEvolve\\Frontend\\rese\\lean4\\.lake\\packages\\Qq\\.lake\\build\\lib\\lean;C:\\Users\\mmeadow\\Documents\\OpenEvolve\\Frontend\\rese\\lean4\\.lake\\packages\\aesop\\.lake\\build\\lib\\lean;C:\\Users\\mmeadow\\Documents\\OpenEvolve\\Frontend\\rese\\lean4\\.lake\\packages\\proofwidgets\\.lake\\build\\lib\\lean;C:\\Users\\mmeadow\\Documents\\OpenEvolve\\Frontend\\rese\\lean4\\.lake\\packages\\importGraph\\.lake\\build\\lib\\lean;C:\\Users\\mmeadow\\Documents\\OpenEvolve\\Frontend\\rese\\lean4\\.lake\\packages\\LeanSearchClient\\.lake\\build\\lib\\lean;C:\\Users\\mmeadow\\Documents\\OpenEvolve\\Frontend\\rese\\lean4\\.lake\\packages\\plausible\\.lake\\build\\lib\\lean;C:\\Users\\mmeadow\\Documents\\OpenEvolve\\Frontend\\rese\\lean4\\.lake\\packages\\mathlib\\.lake\\build\\lib\\lean;C:\\Users\\mmeadow\\Documents\\OpenEvolve\\Frontend\\rese\\lean4\\.lake\\build\\lib\\lean c:\\Users\\mmeadow\\.elan\\toolchains\\leanprover--lean4---v4.27.0-rc1\\bin\\lean.exe C:\\Users\\mmeadow\\Documents\\OpenEvolve\\Frontend\\rese\\lean4\\.lake\\packages\\mathlib\\Mathlib\\RingTheory\\LocalProperties\\Basic.lean -o C:\\Users\\mmeadow\\Documents\\OpenEvolve\\Frontend\\rese\\lean4\\.lake\\packages\\mathlib\\.lake\\build\\lib\\lean\\Mathlib\\RingTheory\\LocalProperties\\Basic.olean -i C:\\Users\\mmeadow\\Documents\\OpenEvolve\\Frontend\\rese\\lean4\\.lake\\packages\\mathlib\\.lake\\build\\lib\\lean\\Mathlib\\RingTheory\\LocalProperties\\Basic.ilean -c C:\\Users\\mmeadow\\Documents\\OpenEvolve\\Frontend\\rese\\lean4\\.lake\\packages\\mathlib\\.lake\\build\\ir\\Mathlib\\RingTheory\\LocalProperties\\Basic.c --setup C:\\Users\\mmeadow\\Documents\\OpenEvolve\\Frontend\\rese\\lean4\\.lake\\packages\\mathlib\\.lake\\build\\ir\\Mathlib\\RingTheory\\LocalProperties\\Basic.setup.json --json",
   "level": "trace"}],
 "inputs":
 [["Mathlib.RingTheory.LocalProperties.Basic:deps",
   [["deps",
     [["mathlib/Mathlib:extraDep", [["@mathlib:extraDep", "00000000000006bb"]]],
      ["imports",
       [["Mathlib.RingTheory.Localization.AtPrime.Basic transitive imports (public)",
         "e47eb920b19d1cca"],
        ["Mathlib.RingTheory.Localization.AtPrime.Basic:importArts",
         "2d0bd4b197f52903"],
        ["Mathlib.RingTheory.Localization.BaseChange transitive imports (public)",
         "51d69e84675dea92"],
        ["Mathlib.RingTheory.Localization.BaseChange:importArts",
         "0ffe262b5a15965d"],
        ["Mathlib.RingTheory.Localization.Submodule transitive imports (public)",
         "e832e53a01d940d7"],
        ["Mathlib.RingTheory.Localization.Submodule:importArts",
         "ef6f758a9df4392a"],
        ["Mathlib.RingTheory.LocalProperties.Submodule transitive imports (public)",
         "4a6594ce6121a31f"],
        ["Mathlib.RingTheory.LocalProperties.Submodule:importArts",
         "2c93ac5e6a2dafcf"],
        ["Mathlib.RingTheory.RingHomProperties transitive imports (public)",
         "5ba1328a6e070c08"],
        ["Mathlib.RingTheory.RingHomProperties:importArts",
         "a87fdebd191f5ff0"]]]]],
    ["libs",
     [["import dynlibs", "00000000000006bb"],
      ["package external libraries", "00000000000006bb"],
      ["module dynlibs", "00000000000006bb"],
      ["module plugins", "00000000000006bb"]]]]],
  ["Lean 4.27.0, commit 2fcce7258eeb6e324366bc25f9058293b04b7547",
   "6f43b597efea5d4c"],
  ["C:\\Users\\mmeadow\\Documents\\OpenEvolve\\Frontend\\rese\\lean4\\.lake\\packages\\mathlib\\Mathlib\\RingTheory\\LocalProperties\\Basic.lean",
   "f410be39bda861ee"],
  ["options",
   [["-DmaxSynthPendingDepth=3", "c78e353d34de85d4"],
    ["-Dweak.linter.mathlibStandardSet=true", "8a155799906f2b42"],
    ["-Dweak.linter.checkInitImports=true", "cc899f26dd73bf81"],
    ["-Dweak.linter.style.header=true", "07ce48bb05b917ff"],
    ["-Dweak.linter.pythonStyle=true", "35186b2b2b67e319"],
    ["-Dweak.linter.style.longFile=1500", "d79864b112568ff5"],
    ["-Dpp.unicode.fun=true", "9b94070140457fab"],
    ["-Dweak.linter.allScriptsDocumented=true", "217af3ce76c25a94"],
    ["-DautoImplicit=false", "4a85acb881fd49d0"]]],
  ["Module.leanArgs: #[]", "00000000000006bb"]],
 "depHash": "347a9fecd726dd81"}