{"synthetic": false,
 "schemaVersion": "2025-09-10",
 "outputs":
 {"r": "2b686a8fdbfea24c.ir",
  "o":
  ["6907dd087b0ed6f9.olean",
   "493f2e5e4c3d1762.olean.server",
   "adaff75a4bffa7eb.olean.private"],
  "i": "fd918fdd1fae9a2f.ilean",
  "c": "95c7c6b470d75a3e.c"},
 "log":
 [{"message":
   ".> LEAN_PATH=C:\\Users\\mmeadow\\Documents\\OpenEvolve\\Frontend\\rese\\lean4\\.lake\\packages\\Cli\\.lake\\build\\lib\\lean;C:\\Users\\mmeadow\\Documents\\OpenEvolve\\Frontend\\rese\\lean4\\.lake\\packages\\batteries\\.lake\\build\\lib\\lean;C:\\Users\\mmeadow\\Documents\\OpenEvolve\\Frontend\\rese\\lean4\\.lake\\packages\\Qq\\.lake\\build\\lib\\lean;C:\\Users\\mmeadow\\Documents\\OpenEvolve\\Frontend\\rese\\lean4\\.lake\\packages\\aesop\\.lake\\build\\lib\\lean;C:\\Users\\mmeadow\\Documents\\OpenEvolve\\Frontend\\rese\\lean4\\.lake\\packages\\proofwidgets\\.lake\\build\\lib\\lean;C:\\Users\\mmeadow\\Documents\\OpenEvolve\\Frontend\\rese\\lean4\\.lake\\packages\\importGraph\\.lake\\build\\lib\\lean;C:\\Users\\mmeadow\\Documents\\OpenEvolve\\Frontend\\rese\\lean4\\.lake\\packages\\LeanSearchClient\\.lake\\build\\lib\\lean;C:\\Users\\mmeadow\\Documents\\OpenEvolve\\Frontend\\rese\\lean4\\.lake\\packages\\plausible\\.lake\\build\\lib\\lean;C:\\Users\\mmeadow\\Documents\\OpenEvolve\\Frontend\\rese\\lean4\\.lake\\packages\\mathlib\\.lake\\build\\lib\\lean;C:\\Users\\mmeadow\\Documents\\OpenEvolve\\Frontend\\rese\\lean4\\.lake\\build\\lib\\lean c:\\Users\\mmeadow\\.elan\\toolchains\\leanprover--lean4---v4.27.0-rc1\\bin\\lean.exe C:\\Users\\mmeadow\\Documents\\OpenEvolve\\Frontend\\rese\\lean4\\.lake\\packages\\mathlib\\Mathlib\\RingTheory\\LocalProperties\\Exactness.lean -o C:\\Users\\mmeadow\\Documents\\OpenEvolve\\Frontend\\rese\\lean4\\.lake\\packages\\mathlib\\.lake\\build\\lib\\lean\\Mathlib\\RingTheory\\LocalProperties\\Exactness.olean -i C:\\Users\\mmeadow\\Documents\\OpenEvolve\\Frontend\\rese\\lean4\\.lake\\packages\\mathlib\\.lake\\build\\lib\\lean\\Mathlib\\RingTheory\\LocalProperties\\Exactness.ilean -c C:\\Users\\mmeadow\\Documents\\OpenEvolve\\Frontend\\rese\\lean4\\.lake\\packages\\mathlib\\.lake\\build\\ir\\Mathlib\\RingTheory\\LocalProperties\\Exactness.c --setup C:\\Users\\mmeadow\\Documents\\OpenEvolve\\Frontend\\rese\\lean4\\.lake\\packages\\mathlib\\.lake\\build\\ir\\Mathlib\\RingTheory\\LocalProperties\\Exactness.setup.json --json",
   "level": "trace"}],
 "inputs":
 [["Mathlib.RingTheory.LocalProperties.Exactness:deps",
   [["deps",
     [["mathlib/Mathlib:extraDep", [["@mathlib:extraDep", "00000000000006bb"]]],
      ["imports",
       [["Mathlib.Algebra.Exact transitive imports (public)",
         "5af1912da8c9905e"],
        ["Mathlib.Algebra.Exact:importArts", "f4eede16627a0d73"],
        ["Mathlib.RingTheory.LocalProperties.Submodule transitive imports (public)",
         "4a6594ce6121a31f"],
        ["Mathlib.RingTheory.LocalProperties.Submodule:importArts",
         "2c93ac5e6a2dafcf"],
        ["Mathlib.RingTheory.Localization.Algebra transitive imports (public)",
         "6c70be1202c0220a"],
        ["Mathlib.RingTheory.Localization.Algebra:importArts",
         "a14d385c0b640223"],
        ["Mathlib.RingTheory.Localization.Away.Basic transitive imports (public)",
         "6a45947bec4a982e"],
        ["Mathlib.RingTheory.Localization.Away.Basic:importArts",
         "1879ccd83bcb3045"],
        ["Mathlib.Algebra.Module.LocalizedModule.AtPrime transitive imports (public)",
         "5793b6c3a050cda1"],
        ["Mathlib.Algebra.Module.LocalizedModule.AtPrime:importArts",
         "60d7b4ced2569b97"],
        ["Mathlib.Algebra.Module.LocalizedModule.Away transitive imports (public)",
         "8818b353cc97ad87"],
        ["Mathlib.Algebra.Module.LocalizedModule.Away:importArts",
         "9f72ad5ab5cbe819"]]]]],
    ["libs",
     [["import dynlibs", "00000000000006bb"],
      ["package external libraries", "00000000000006bb"],
      ["module dynlibs", "00000000000006bb"],
      ["module plugins", "00000000000006bb"]]]]],
  ["Lean 4.27.0, commit 2fcce7258eeb6e324366bc25f9058293b04b7547",
   "6f43b597efea5d4c"],
  ["C:\\Users\\mmeadow\\Documents\\OpenEvolve\\Frontend\\rese\\lean4\\.lake\\packages\\mathlib\\Mathlib\\RingTheory\\LocalProperties\\Exactness.lean",
   "ea7af93225481899"],
  ["options",
   [["-DmaxSynthPendingDepth=3", "c78e353d34de85d4"],
    ["-Dweak.linter.mathlibStandardSet=true", "8a155799906f2b42"],
    ["-Dweak.linter.checkInitImports=true", "cc899f26dd73bf81"],
    ["-Dweak.linter.style.header=true", "07ce48bb05b917ff"],
    ["-Dweak.linter.pythonStyle=true", "35186b2b2b67e319"],
    ["-Dweak.linter.style.longFile=1500", "d79864b112568ff5"],
    ["-Dpp.unicode.fun=true", "9b94070140457fab"],
    ["-Dweak.linter.allScriptsDocumented=true", "217af3ce76c25a94"],
    ["-DautoImplicit=false", "4a85acb881fd49d0"]]],
  ["Module.leanArgs: #[]", "00000000000006bb"]],
 "depHash": "02a5fd0e7e590fcf"}