{"synthetic": false,
 "schemaVersion": "2025-09-10",
 "outputs":
 {"r": "2447fb3ae535640d.ir",
  "o":
  ["8336e611a06f7133.olean",
   "c3df90e756f80374.olean.server",
   "08e2a72468076156.olean.private"],
  "i": "534611bbcf2494c7.ilean",
  "c": "9f53fe4c4402d93c.c"},
 "log":
 [{"message":
   ".> LEAN_PATH=C:\\Users\\mmeadow\\Documents\\OpenEvolve\\Frontend\\rese\\lean4\\.lake\\packages\\Cli\\.lake\\build\\lib\\lean;C:\\Users\\mmeadow\\Documents\\OpenEvolve\\Frontend\\rese\\lean4\\.lake\\packages\\batteries\\.lake\\build\\lib\\lean;C:\\Users\\mmeadow\\Documents\\OpenEvolve\\Frontend\\rese\\lean4\\.lake\\packages\\Qq\\.lake\\build\\lib\\lean;C:\\Users\\mmeadow\\Documents\\OpenEvolve\\Frontend\\rese\\lean4\\.lake\\packages\\aesop\\.lake\\build\\lib\\lean;C:\\Users\\mmeadow\\Documents\\OpenEvolve\\Frontend\\rese\\lean4\\.lake\\packages\\proofwidgets\\.lake\\build\\lib\\lean;C:\\Users\\mmeadow\\Documents\\OpenEvolve\\Frontend\\rese\\lean4\\.lake\\packages\\importGraph\\.lake\\build\\lib\\lean;C:\\Users\\mmeadow\\Documents\\OpenEvolve\\Frontend\\rese\\lean4\\.lake\\packages\\LeanSearchClient\\.lake\\build\\lib\\lean;C:\\Users\\mmeadow\\Documents\\OpenEvolve\\Frontend\\rese\\lean4\\.lake\\packages\\plausible\\.lake\\build\\lib\\lean;C:\\Users\\mmeadow\\Documents\\OpenEvolve\\Frontend\\rese\\lean4\\.lake\\packages\\mathlib\\.lake\\build\\lib\\lean;C:\\Users\\mmeadow\\Documents\\OpenEvolve\\Frontend\\rese\\lean4\\.lake\\build\\lib\\lean c:\\Users\\mmeadow\\.elan\\toolchains\\leanprover--lean4---v4.27.0-rc1\\bin\\lean.exe C:\\Users\\mmeadow\\Documents\\OpenEvolve\\Frontend\\rese\\lean4\\.lake\\packages\\mathlib\\Mathlib\\Data\\ENat\\Basic.lean -o C:\\Users\\mmeadow\\Documents\\OpenEvolve\\Frontend\\rese\\lean4\\.lake\\packages\\mathlib\\.lake\\build\\lib\\lean\\Mathlib\\Data\\ENat\\Basic.olean -i C:\\Users\\mmeadow\\Documents\\OpenEvolve\\Frontend\\rese\\lean4\\.lake\\packages\\mathlib\\.lake\\build\\lib\\lean\\Mathlib\\Data\\ENat\\Basic.ilean -c C:\\Users\\mmeadow\\Documents\\OpenEvolve\\Frontend\\rese\\lean4\\.lake\\packages\\mathlib\\.lake\\build\\ir\\Mathlib\\Data\\ENat\\Basic.c --setup C:\\Users\\mmeadow\\Documents\\OpenEvolve\\Frontend\\rese\\lean4\\.lake\\packages\\mathlib\\.lake\\build\\ir\\Mathlib\\Data\\ENat\\Basic.setup.json --json",
   "level": "trace"}],
 "inputs":
 [["Mathlib.Data.ENat.Basic:deps",
   [["deps",
     [["mathlib/Mathlib:extraDep", [["@mathlib:extraDep", "00000000000006bb"]]],
      ["imports",
       [["Mathlib.Algebra.Group.Nat.Units transitive imports (public)",
         "1189c457d155c97c"],
        ["Mathlib.Algebra.Group.Nat.Units:importArts", "991deb1823554153"],
        ["Mathlib.Algebra.Order.AddGroupWithTop transitive imports (public)",
         "097b27a8b74a3335"],
        ["Mathlib.Algebra.Order.AddGroupWithTop:importArts",
         "a8405700e42b30df"],
        ["Mathlib.Algebra.Order.Ring.Nat transitive imports (public)",
         "b3702bbdb985811b"],
        ["Mathlib.Algebra.Order.Ring.Nat:importArts", "db92f12197d4bb74"],
        ["Mathlib.Algebra.Order.Ring.WithTop transitive imports (public)",
         "aef109eca082433a"],
        ["Mathlib.Algebra.Order.Ring.WithTop:importArts", "314cb56b9548fc27"],
        ["Mathlib.Algebra.Order.Sub.WithTop transitive imports (public)",
         "99387eb943fefa63"],
        ["Mathlib.Algebra.Order.Sub.WithTop:importArts", "93d670daa0d642f6"],
        ["Mathlib.Data.ENat.Defs transitive imports (public)",
         "e90120ad386b4254"],
        ["Mathlib.Data.ENat.Defs:importArts", "36ae2fe34a3a6adc"],
        ["Mathlib.Data.Nat.Cast.Order.Basic transitive imports (public)",
         "a2a57010f2acf0c2"],
        ["Mathlib.Data.Nat.Cast.Order.Basic:importArts", "49c01b6e76af87d7"],
        ["Mathlib.Data.Nat.SuccPred transitive imports (public)",
         "4dd4fd053ea6a55a"],
        ["Mathlib.Data.Nat.SuccPred:importArts", "ac5924e64f0667dd"]]]]],
    ["libs",
     [["import dynlibs", "00000000000006bb"],
      ["package external libraries", "00000000000006bb"],
      ["module dynlibs", "00000000000006bb"],
      ["module plugins", "00000000000006bb"]]]]],
  ["Lean 4.27.0, commit 2fcce7258eeb6e324366bc25f9058293b04b7547",
   "6f43b597efea5d4c"],
  ["C:\\Users\\mmeadow\\Documents\\OpenEvolve\\Frontend\\rese\\lean4\\.lake\\packages\\mathlib\\Mathlib\\Data\\ENat\\Basic.lean",
   "d89954fbdd3d8829"],
  ["options",
   [["-DmaxSynthPendingDepth=3", "c78e353d34de85d4"],
    ["-Dweak.linter.mathlibStandardSet=true", "8a155799906f2b42"],
    ["-Dweak.linter.checkInitImports=true", "cc899f26dd73bf81"],
    ["-Dweak.linter.style.header=true", "07ce48bb05b917ff"],
    ["-Dweak.linter.pythonStyle=true", "35186b2b2b67e319"],
    ["-Dweak.linter.style.longFile=1500", "d79864b112568ff5"],
    ["-Dpp.unicode.fun=true", "9b94070140457fab"],
    ["-Dweak.linter.allScriptsDocumented=true", "217af3ce76c25a94"],
    ["-DautoImplicit=false", "4a85acb881fd49d0"]]],
  ["Module.leanArgs: #[]", "00000000000006bb"]],
 "depHash": "9e5a71b8a61ccf60"}