Import FAILED: Mock object has no attribute '__mro__'
Traceback (most recent call last):
  File "c:\Users\mmeadow\Documents\OpenEvolve\Frontend\tests\test_import.py", line 22, in <module>
    import openevolve_workflow_manager_integrated
  File "c:\Users\mmeadow\Documents\OpenEvolve\Frontend\openevolve_workflow_manager_integrated.py", line 26, in <module>
    from workflow_engine import (
  File "c:\Users\mmeadow\Documents\OpenEvolve\Frontend\workflow_engine.py", line 47, in <module>
    from maker_workflow_integration import (
  File "c:\Users\mmeadow\Documents\OpenEvolve\Frontend\maker_workflow_integration.py", line 30, in <module>
    from openevolve_maker_integration import (
  File "c:\Users\mmeadow\Documents\OpenEvolve\Frontend\openevolve_maker_integration.py", line 80, in <module>
    from roma_mdap_maker_engine import ROMAMDAPMakerEngine, ROMAMDAPMakerConfig
  File "c:\Users\mmeadow\Documents\OpenEvolve\Frontend\roma_mdap_maker_engine.py", line 126, in <module>
    @dataclass
     ^^^^^^^^^
  File "C:\Users\mmeadow\AppData\Local\Programs\Python\Python311\Lib\dataclasses.py", line 1221, in dataclass
    return wrap(cls)
           ^^^^^^^^^
  File "C:\Users\mmeadow\AppData\Local\Programs\Python\Python311\Lib\dataclasses.py", line 1211, in wrap
    return _process_class(cls, init, repr, eq, order, unsafe_hash,
           ^^^^^^^^^^^^^^^^^^^^^^^^^^^^^^^^^^^^^^^^^^^^^^^^^^^^^^^
  File "C:\Users\mmeadow\AppData\Local\Programs\Python\Python311\Lib\dataclasses.py", line 912, in _process_class
    for b in cls.__mro__[-1:0:-1]:
             ^^^^^^^^^^^
  File "C:\Users\mmeadow\AppData\Local\Programs\Python\Python311\Lib\unittest\mock.py", line 638, in __getattr__
    raise AttributeError("Mock object has no attribute %r" % name)
AttributeError: Mock object has no attribute '__mro__'
