{"synthetic": false,
 "schemaVersion": "2025-09-10",
 "outputs":
 {"r": "b018f4fd6aa9ed32.ir",
  "o":
  ["427e365f70433868.olean",
   "e2556eaf8ff2c673.olean.server",
   "2c4277e73ccd91a2.olean.private"],
  "i": "0fdf8406ba3e11d3.ilean",
  "c": "aedeebf52c17f181.c"},
 "log":
 [{"message":
   ".> LEAN_PATH=C:\\Users\\mmeadow\\Documents\\OpenEvolve\\Frontend\\rese\\lean4\\.lake\\packages\\Cli\\.lake\\build\\lib\\lean;C:\\Users\\mmeadow\\Documents\\OpenEvolve\\Frontend\\rese\\lean4\\.lake\\packages\\batteries\\.lake\\build\\lib\\lean;C:\\Users\\mmeadow\\Documents\\OpenEvolve\\Frontend\\rese\\lean4\\.lake\\packages\\Qq\\.lake\\build\\lib\\lean;C:\\Users\\mmeadow\\Documents\\OpenEvolve\\Frontend\\rese\\lean4\\.lake\\packages\\aesop\\.lake\\build\\lib\\lean;C:\\Users\\mmeadow\\Documents\\OpenEvolve\\Frontend\\rese\\lean4\\.lake\\packages\\proofwidgets\\.lake\\build\\lib\\lean;C:\\Users\\mmeadow\\Documents\\OpenEvolve\\Frontend\\rese\\lean4\\.lake\\packages\\importGraph\\.lake\\build\\lib\\lean;C:\\Users\\mmeadow\\Documents\\OpenEvolve\\Frontend\\rese\\lean4\\.lake\\packages\\LeanSearchClient\\.lake\\build\\lib\\lean;C:\\Users\\mmeadow\\Documents\\OpenEvolve\\Frontend\\rese\\lean4\\.lake\\packages\\plausible\\.lake\\build\\lib\\lean;C:\\Users\\mmeadow\\Documents\\OpenEvolve\\Frontend\\rese\\lean4\\.lake\\packages\\mathlib\\.lake\\build\\lib\\lean;C:\\Users\\mmeadow\\Documents\\OpenEvolve\\Frontend\\rese\\lean4\\.lake\\build\\lib\\lean c:\\Users\\mmeadow\\.elan\\toolchains\\leanprover--lean4---v4.27.0-rc1\\bin\\lean.exe C:\\Users\\mmeadow\\Documents\\OpenEvolve\\Frontend\\rese\\lean4\\.lake\\packages\\mathlib\\Mathlib\\Algebra\\Module\\Submodule\\Lattice.lean -o C:\\Users\\mmeadow\\Documents\\OpenEvolve\\Frontend\\rese\\lean4\\.lake\\packages\\mathlib\\.lake\\build\\lib\\lean\\Mathlib\\Algebra\\Module\\Submodule\\Lattice.olean -i C:\\Users\\mmeadow\\Documents\\OpenEvolve\\Frontend\\rese\\lean4\\.lake\\packages\\mathlib\\.lake\\build\\lib\\lean\\Mathlib\\Algebra\\Module\\Submodule\\Lattice.ilean -c C:\\Users\\mmeadow\\Documents\\OpenEvolve\\Frontend\\rese\\lean4\\.lake\\packages\\mathlib\\.lake\\build\\ir\\Mathlib\\Algebra\\Module\\Submodule\\Lattice.c --setup C:\\Users\\mmeadow\\Documents\\OpenEvolve\\Frontend\\rese\\lean4\\.lake\\packages\\mathlib\\.lake\\build\\ir\\Mathlib\\Algebra\\Module\\Submodule\\Lattice.setup.json --json",
   "level": "trace"}],
 "inputs":
 [["Mathlib.Algebra.Module.Submodule.Lattice:deps",
   [["deps",
     [["mathlib/Mathlib:extraDep", [["@mathlib:extraDep", "00000000000006bb"]]],
      ["imports",
       [["Mathlib.Algebra.Group.Subgroup.Lattice transitive imports (public)",
         "0fc44cd209fe7083"],
        ["Mathlib.Algebra.Group.Subgroup.Lattice:importArts",
         "3a191a01e96a9702"],
        ["Mathlib.Algebra.Group.Submonoid.Membership transitive imports (public)",
         "cc1a3e19e37b0d6d"],
        ["Mathlib.Algebra.Group.Submonoid.Membership:importArts",
         "b840db2fd09f2676"],
        ["Mathlib.Algebra.Group.Submonoid.BigOperators transitive imports (public)",
         "10c8d3dc29faeb35"],
        ["Mathlib.Algebra.Group.Submonoid.BigOperators:importArts",
         "a160ebc0919745af"],
        ["Mathlib.Algebra.Module.Submodule.Defs transitive imports (public)",
         "13dd3afec673cc3a"],
        ["Mathlib.Algebra.Module.Submodule.Defs:importArts",
         "023cbf490979f98e"],
        ["Mathlib.Algebra.Module.Equiv.Defs transitive imports (public)",
         "5fc3fac1d91e3cd9"],
        ["Mathlib.Algebra.Module.Equiv.Defs:importArts", "0d61db9b85f41fde"],
        ["Mathlib.Algebra.Module.PUnit transitive imports (public)",
         "4656d01b1b20d757"],
        ["Mathlib.Algebra.Module.PUnit:importArts", "3eaafb523d321af8"],
        ["Mathlib.Data.Set.Subsingleton transitive imports (public)",
         "6a9908cfaa69e873"],
        ["Mathlib.Data.Set.Subsingleton:importArts", "387a1695c58ceebc"],
        ["Mathlib.Data.Finset.Lattice.Fold transitive imports (public)",
         "e2e3f74e55f609b8"],
        ["Mathlib.Data.Finset.Lattice.Fold:importArts", "dc09a2723669abe0"],
        ["Mathlib.Order.ConditionallyCompleteLattice.Basic transitive imports (public)",
         "bef04f68490db81c"],
        ["Mathlib.Order.ConditionallyCompleteLattice.Basic:importArts",
         "1a61eeb673d10461"]]]]],
    ["libs",
     [["import dynlibs", "00000000000006bb"],
      ["package external libraries", "00000000000006bb"],
      ["module dynlibs", "00000000000006bb"],
      ["module plugins", "00000000000006bb"]]]]],
  ["Lean 4.27.0, commit 2fcce7258eeb6e324366bc25f9058293b04b7547",
   "6f43b597efea5d4c"],
  ["C:\\Users\\mmeadow\\Documents\\OpenEvolve\\Frontend\\rese\\lean4\\.lake\\packages\\mathlib\\Mathlib\\Algebra\\Module\\Submodule\\Lattice.lean",
   "a2071f2f8cc97e1a"],
  ["options",
   [["-DmaxSynthPendingDepth=3", "c78e353d34de85d4"],
    ["-Dweak.linter.mathlibStandardSet=true", "8a155799906f2b42"],
    ["-Dweak.linter.checkInitImports=true", "cc899f26dd73bf81"],
    ["-Dweak.linter.style.header=true", "07ce48bb05b917ff"],
    ["-Dweak.linter.pythonStyle=true", "35186b2b2b67e319"],
    ["-Dweak.linter.style.longFile=1500", "d79864b112568ff5"],
    ["-Dpp.unicode.fun=true", "9b94070140457fab"],
    ["-Dweak.linter.allScriptsDocumented=true", "217af3ce76c25a94"],
    ["-DautoImplicit=false", "4a85acb881fd49d0"]]],
  ["Module.leanArgs: #[]", "00000000000006bb"]],
 "depHash": "f424893ef2e41eb6"}