{"synthetic": false,
 "schemaVersion": "2025-09-10",
 "outputs":
 {"r": "809f97296ae74af9.ir",
  "o":
  ["6378b81339cbf72d.olean",
   "2ea3cae5b1e3f4a0.olean.server",
   "704b4dfb6164fc00.olean.private"],
  "i": "c888d1ab4a6486e2.ilean",
  "c": "5b24930eed02b9cb.c"},
 "log":
 [{"message":
   ".> LEAN_PATH=C:\\Users\\mmeadow\\Documents\\OpenEvolve\\Frontend\\rese\\lean4\\.lake\\packages\\Cli\\.lake\\build\\lib\\lean;C:\\Users\\mmeadow\\Documents\\OpenEvolve\\Frontend\\rese\\lean4\\.lake\\packages\\batteries\\.lake\\build\\lib\\lean;C:\\Users\\mmeadow\\Documents\\OpenEvolve\\Frontend\\rese\\lean4\\.lake\\packages\\Qq\\.lake\\build\\lib\\lean;C:\\Users\\mmeadow\\Documents\\OpenEvolve\\Frontend\\rese\\lean4\\.lake\\packages\\aesop\\.lake\\build\\lib\\lean;C:\\Users\\mmeadow\\Documents\\OpenEvolve\\Frontend\\rese\\lean4\\.lake\\packages\\proofwidgets\\.lake\\build\\lib\\lean;C:\\Users\\mmeadow\\Documents\\OpenEvolve\\Frontend\\rese\\lean4\\.lake\\packages\\importGraph\\.lake\\build\\lib\\lean;C:\\Users\\mmeadow\\Documents\\OpenEvolve\\Frontend\\rese\\lean4\\.lake\\packages\\LeanSearchClient\\.lake\\build\\lib\\lean;C:\\Users\\mmeadow\\Documents\\OpenEvolve\\Frontend\\rese\\lean4\\.lake\\packages\\plausible\\.lake\\build\\lib\\lean;C:\\Users\\mmeadow\\Documents\\OpenEvolve\\Frontend\\rese\\lean4\\.lake\\packages\\mathlib\\.lake\\build\\lib\\lean;C:\\Users\\mmeadow\\Documents\\OpenEvolve\\Frontend\\rese\\lean4\\.lake\\build\\lib\\lean c:\\Users\\mmeadow\\.elan\\toolchains\\leanprover--lean4---v4.27.0-rc1\\bin\\lean.exe C:\\Users\\mmeadow\\Documents\\OpenEvolve\\Frontend\\rese\\lean4\\.lake\\packages\\mathlib\\Mathlib\\MeasureTheory\\Measure\\Lebesgue\\Basic.lean -o C:\\Users\\mmeadow\\Documents\\OpenEvolve\\Frontend\\rese\\lean4\\.lake\\packages\\mathlib\\.lake\\build\\lib\\lean\\Mathlib\\MeasureTheory\\Measure\\Lebesgue\\Basic.olean -i C:\\Users\\mmeadow\\Documents\\OpenEvolve\\Frontend\\rese\\lean4\\.lake\\packages\\mathlib\\.lake\\build\\lib\\lean\\Mathlib\\MeasureTheory\\Measure\\Lebesgue\\Basic.ilean -c C:\\Users\\mmeadow\\Documents\\OpenEvolve\\Frontend\\rese\\lean4\\.lake\\packages\\mathlib\\.lake\\build\\ir\\Mathlib\\MeasureTheory\\Measure\\Lebesgue\\Basic.c --setup C:\\Users\\mmeadow\\Documents\\OpenEvolve\\Frontend\\rese\\lean4\\.lake\\packages\\mathlib\\.lake\\build\\ir\\Mathlib\\MeasureTheory\\Measure\\Lebesgue\\Basic.setup.json --json",
   "level": "trace"}],
 "inputs":
 [["Mathlib.MeasureTheory.Measure.Lebesgue.Basic:deps",
   [["deps",
     [["mathlib/Mathlib:extraDep", [["@mathlib:extraDep", "00000000000006bb"]]],
      ["imports",
       [["Mathlib.Dynamics.Ergodic.MeasurePreserving transitive imports (public)",
         "8847f44458039500"],
        ["Mathlib.Dynamics.Ergodic.MeasurePreserving:importArts",
         "dee7c864b46ea175"],
        ["Mathlib.LinearAlgebra.Determinant transitive imports (public)",
         "adf2ccdca02dd7b5"],
        ["Mathlib.LinearAlgebra.Determinant:importArts", "3a63569e5e73ec5b"],
        ["Mathlib.LinearAlgebra.Matrix.Diagonal transitive imports (public)",
         "f9145840e565c032"],
        ["Mathlib.LinearAlgebra.Matrix.Diagonal:importArts",
         "0111c5202c09b089"],
        ["Mathlib.LinearAlgebra.Matrix.Transvection transitive imports (public)",
         "182a7f70b0519fc8"],
        ["Mathlib.LinearAlgebra.Matrix.Transvection:importArts",
         "f1fa1dddc4068b87"],
        ["Mathlib.MeasureTheory.Group.LIntegral transitive imports (public)",
         "81ee6fa0faac984a"],
        ["Mathlib.MeasureTheory.Group.LIntegral:importArts",
         "f91145604e6111a8"],
        ["Mathlib.MeasureTheory.Integral.Marginal transitive imports (public)",
         "72736d2ed9079e44"],
        ["Mathlib.MeasureTheory.Integral.Marginal:importArts",
         "772bc30139df5696"],
        ["Mathlib.MeasureTheory.Measure.Stieltjes transitive imports (public)",
         "931fc9b01ee0806d"],
        ["Mathlib.MeasureTheory.Measure.Stieltjes:importArts",
         "79216dd829d0ba2f"],
        ["Mathlib.MeasureTheory.Measure.Haar.OfBasis transitive imports (public)",
         "10c20611c730aca8"],
        ["Mathlib.MeasureTheory.Measure.Haar.OfBasis:importArts",
         "22352b8a421c0d3e"]]]]],
    ["libs",
     [["import dynlibs", "00000000000006bb"],
      ["package external libraries", "00000000000006bb"],
      ["module dynlibs", "00000000000006bb"],
      ["module plugins", "00000000000006bb"]]]]],
  ["Lean 4.27.0, commit 2fcce7258eeb6e324366bc25f9058293b04b7547",
   "6f43b597efea5d4c"],
  ["C:\\Users\\mmeadow\\Documents\\OpenEvolve\\Frontend\\rese\\lean4\\.lake\\packages\\mathlib\\Mathlib\\MeasureTheory\\Measure\\Lebesgue\\Basic.lean",
   "78038570082e7493"],
  ["options",
   [["-DmaxSynthPendingDepth=3", "c78e353d34de85d4"],
    ["-Dweak.linter.mathlibStandardSet=true", "8a155799906f2b42"],
    ["-Dweak.linter.checkInitImports=true", "cc899f26dd73bf81"],
    ["-Dweak.linter.style.header=true", "07ce48bb05b917ff"],
    ["-Dweak.linter.pythonStyle=true", "35186b2b2b67e319"],
    ["-Dweak.linter.style.longFile=1500", "d79864b112568ff5"],
    ["-Dpp.unicode.fun=true", "9b94070140457fab"],
    ["-Dweak.linter.allScriptsDocumented=true", "217af3ce76c25a94"],
    ["-DautoImplicit=false", "4a85acb881fd49d0"]]],
  ["Module.leanArgs: #[]", "00000000000006bb"]],
 "depHash": "385c800e5c5a1f3c"}