{"synthetic": false,
 "schemaVersion": "2025-09-10",
 "outputs":
 {"o": ["24a51d47ef7330bb.olean"],
  "i": "83b380378ff2d343.ilean",
  "c": "4eeb6f38c1b78305.c"},
 "log":
 [{"message":
   ".> LEAN_PATH=/home/runner/work/ProofWidgets4/ProofWidgets4/.lake/build/lib/lean /home/runner/.elan/toolchains/leanprover--lean4---v4.27.0-rc1/bin/lean /home/runner/work/ProofWidgets4/ProofWidgets4/ProofWidgets.lean -o /home/runner/work/ProofWidgets4/ProofWidgets4/.lake/build/lib/lean/ProofWidgets.olean -i /home/runner/work/ProofWidgets4/ProofWidgets4/.lake/build/lib/lean/ProofWidgets.ilean -c /home/runner/work/ProofWidgets4/ProofWidgets4/.lake/build/ir/ProofWidgets.c --setup /home/runner/work/ProofWidgets4/ProofWidgets4/.lake/build/ir/ProofWidgets.setup.json --json",
   "level": "trace"}],
 "inputs":
 [["ProofWidgets:deps",
   [["deps",
     [["proofwidgets/ProofWidgets:extraDep",
       [["@proofwidgets:extraDep", "00000000000006bb"],
        ["<nil>", "637b525281701395"]]],
      ["imports",
       [["ProofWidgets.Compat transitive imports (legacy)", "00000000000006bb"],
        ["ProofWidgets.Compat:importAllArts", "4ce1f01cd78f0bf2"],
        ["ProofWidgets.Component.Basic transitive imports (legacy)",
         "66731b19f6ced08a"],
        ["ProofWidgets.Component.Basic:importAllArts", "00197978a29b89a7"],
        ["ProofWidgets.Component.FilterDetails transitive imports (legacy)",
         "69be44f0cb62b0c0"],
        ["ProofWidgets.Component.FilterDetails:importAllArts",
         "af2d9e3330050240"],
        ["ProofWidgets.Component.GraphDisplay transitive imports (legacy)",
         "a34d5d8f6e9a7a9a"],
        ["ProofWidgets.Component.GraphDisplay:importAllArts",
         "7677ea74c80195ca"],
        ["ProofWidgets.Component.HtmlDisplay transitive imports (legacy)",
         "69be44f0cb62b0c0"],
        ["ProofWidgets.Component.HtmlDisplay:importAllArts",
         "c7f9ee7a8f341a21"],
        ["ProofWidgets.Component.InteractiveSvg transitive imports (legacy)",
         "1724b5b86f0c2b1c"],
        ["ProofWidgets.Component.InteractiveSvg:importAllArts",
         "15621c18df2ef30a"],
        ["ProofWidgets.Component.MakeEditLink transitive imports (legacy)",
         "5e8feb43eb006ce1"],
        ["ProofWidgets.Component.MakeEditLink:importAllArts",
         "8baaf46eedd0bd9c"],
        ["ProofWidgets.Component.OfRpcMethod transitive imports (legacy)",
         "7e3c9d512723eaa4"],
        ["ProofWidgets.Component.OfRpcMethod:importAllArts",
         "c2ae2b60569677f6"],
        ["ProofWidgets.Component.Panel.Basic transitive imports (legacy)",
         "f798af8957dfd838"],
        ["ProofWidgets.Component.Panel.Basic:importAllArts",
         "c0f477e5aa4730f3"],
        ["ProofWidgets.Component.Panel.GoalTypePanel transitive imports (legacy)",
         "0a5f7f2c1260acdb"],
        ["ProofWidgets.Component.Panel.GoalTypePanel:importAllArts",
         "4b50dc9623976a4e"],
        ["ProofWidgets.Component.Panel.SelectionPanel transitive imports (legacy)",
         "4c00b63cf5f3b0f6"],
        ["ProofWidgets.Component.Panel.SelectionPanel:importAllArts",
         "e5d7267ad0cf425d"],
        ["ProofWidgets.Component.PenroseDiagram transitive imports (legacy)",
         "a34d5d8f6e9a7a9a"],
        ["ProofWidgets.Component.PenroseDiagram:importAllArts",
         "28be3e286ab4ff0f"],
        ["ProofWidgets.Component.Recharts transitive imports (legacy)",
         "5e8feb43eb006ce1"],
        ["ProofWidgets.Component.Recharts:importAllArts", "798d0987eaf6c410"],
        ["ProofWidgets.Data.Html transitive imports (legacy)",
         "39d9e866e027e227"],
        ["ProofWidgets.Data.Html:importAllArts", "612762ace9a8ae0b"],
        ["ProofWidgets.Data.Svg transitive imports (legacy)",
         "69be44f0cb62b0c0"],
        ["ProofWidgets.Data.Svg:importAllArts", "7827947807f18508"],
        ["ProofWidgets.Presentation.Expr transitive imports (legacy)",
         "69be44f0cb62b0c0"],
        ["ProofWidgets.Presentation.Expr:importAllArts", "f5222d374337b8fb"],
        ["ProofWidgets.Extra.CheckHighlight transitive imports (legacy)",
         "d357f6b08d7dbfc2"],
        ["ProofWidgets.Extra.CheckHighlight:importAllArts",
         "c7a73b7168b6dc60"]]]]],
    ["libs",
     [["import dynlibs", "00000000000006bb"],
      ["package external libraries", "00000000000006bb"],
      ["module dynlibs", "00000000000006bb"],
      ["module plugins", "00000000000006bb"]]]]],
  ["Lean 4.27.0, commit 2fcce7258eeb6e324366bc25f9058293b04b7547",
   "6f43b597efea5d4c"],
  ["/home/runner/work/ProofWidgets4/ProofWidgets4/ProofWidgets.lean",
   "cbeb2311481c3db5"],
  ["options", [["-Dexperimental.module=true", "a66e91e2aeb378d2"]]],
  ["Module.leanArgs: #[]", "00000000000006bb"]],
 "depHash": "ddb163a1d4d748ec"}