{"synthetic": false,
 "schemaVersion": "2025-09-10",
 "outputs":
 {"r": "5bafa9f9e92c373e.ir",
  "o":
  ["4cc8dcbf41acdee9.olean",
   "45d440289e4c97a2.olean.server",
   "6e876f36f6c1fc43.olean.private"],
  "i": "9377c6e448b1b42d.ilean",
  "c": "cd785b61a08ac872.c"},
 "log":
 [{"message":
   ".> LEAN_PATH=C:\\Users\\mmeadow\\Documents\\OpenEvolve\\Frontend\\rese\\lean4\\.lake\\packages\\Cli\\.lake\\build\\lib\\lean;C:\\Users\\mmeadow\\Documents\\OpenEvolve\\Frontend\\rese\\lean4\\.lake\\packages\\batteries\\.lake\\build\\lib\\lean;C:\\Users\\mmeadow\\Documents\\OpenEvolve\\Frontend\\rese\\lean4\\.lake\\packages\\Qq\\.lake\\build\\lib\\lean;C:\\Users\\mmeadow\\Documents\\OpenEvolve\\Frontend\\rese\\lean4\\.lake\\packages\\aesop\\.lake\\build\\lib\\lean;C:\\Users\\mmeadow\\Documents\\OpenEvolve\\Frontend\\rese\\lean4\\.lake\\packages\\proofwidgets\\.lake\\build\\lib\\lean;C:\\Users\\mmeadow\\Documents\\OpenEvolve\\Frontend\\rese\\lean4\\.lake\\packages\\importGraph\\.lake\\build\\lib\\lean;C:\\Users\\mmeadow\\Documents\\OpenEvolve\\Frontend\\rese\\lean4\\.lake\\packages\\LeanSearchClient\\.lake\\build\\lib\\lean;C:\\Users\\mmeadow\\Documents\\OpenEvolve\\Frontend\\rese\\lean4\\.lake\\packages\\plausible\\.lake\\build\\lib\\lean;C:\\Users\\mmeadow\\Documents\\OpenEvolve\\Frontend\\rese\\lean4\\.lake\\packages\\mathlib\\.lake\\build\\lib\\lean;C:\\Users\\mmeadow\\Documents\\OpenEvolve\\Frontend\\rese\\lean4\\.lake\\build\\lib\\lean c:\\Users\\mmeadow\\.elan\\toolchains\\leanprover--lean4---v4.27.0-rc1\\bin\\lean.exe C:\\Users\\mmeadow\\Documents\\OpenEvolve\\Frontend\\rese\\lean4\\.lake\\packages\\mathlib\\Mathlib\\Algebra\\Order\\Archimedean\\Class.lean -o C:\\Users\\mmeadow\\Documents\\OpenEvolve\\Frontend\\rese\\lean4\\.lake\\packages\\mathlib\\.lake\\build\\lib\\lean\\Mathlib\\Algebra\\Order\\Archimedean\\Class.olean -i C:\\Users\\mmeadow\\Documents\\OpenEvolve\\Frontend\\rese\\lean4\\.lake\\packages\\mathlib\\.lake\\build\\lib\\lean\\Mathlib\\Algebra\\Order\\Archimedean\\Class.ilean -c C:\\Users\\mmeadow\\Documents\\OpenEvolve\\Frontend\\rese\\lean4\\.lake\\packages\\mathlib\\.lake\\build\\ir\\Mathlib\\Algebra\\Order\\Archimedean\\Class.c --setup C:\\Users\\mmeadow\\Documents\\OpenEvolve\\Frontend\\rese\\lean4\\.lake\\packages\\mathlib\\.lake\\build\\ir\\Mathlib\\Algebra\\Order\\Archimedean\\Class.setup.json --json",
   "level": "trace"}],
 "inputs":
 [["Mathlib.Algebra.Order.Archimedean.Class:deps",
   [["deps",
     [["mathlib/Mathlib:extraDep", [["@mathlib:extraDep", "00000000000006bb"]]],
      ["imports",
       [["Mathlib.Algebra.BigOperators.Group.Finset.Basic transitive imports (public)",
         "24b7b65d30e8026d"],
        ["Mathlib.Algebra.BigOperators.Group.Finset.Basic:importArts",
         "cc853d75ee0541bc"],
        ["Mathlib.Algebra.Group.Subgroup.Lattice transitive imports (public)",
         "0fc44cd209fe7083"],
        ["Mathlib.Algebra.Group.Subgroup.Lattice:importArts",
         "3a191a01e96a9702"],
        ["Mathlib.Algebra.Order.Archimedean.Basic transitive imports (public)",
         "761e397cb2f1b085"],
        ["Mathlib.Algebra.Order.Archimedean.Basic:importArts",
         "3fdd2b13eccbf538"],
        ["Mathlib.Algebra.Order.Hom.Monoid transitive imports (public)",
         "38a4b99ba4d8531f"],
        ["Mathlib.Algebra.Order.Hom.Monoid:importArts", "1797bb6ce3ca75e4"],
        ["Mathlib.Data.Finset.Max transitive imports (public)",
         "8e5063c00e24f928"],
        ["Mathlib.Data.Finset.Max:importArts", "044dd113b400ee89"],
        ["Mathlib.Order.Antisymmetrization transitive imports (public)",
         "95383d44b761e3ae"],
        ["Mathlib.Order.Antisymmetrization:importArts", "8e99685e8207f76a"],
        ["Mathlib.Order.Hom.WithTopBot transitive imports (public)",
         "bb00d3bb9ef1e8b6"],
        ["Mathlib.Order.Hom.WithTopBot:importArts", "4770dc1434ad9450"],
        ["Mathlib.Order.UpperLower.CompleteLattice transitive imports (public)",
         "249cf8204796142d"],
        ["Mathlib.Order.UpperLower.CompleteLattice:importArts",
         "d99f4a2676047d74"],
        ["Mathlib.Order.UpperLower.Principal transitive imports (public)",
         "547aaae7dbae1ba2"],
        ["Mathlib.Order.UpperLower.Principal:importArts",
         "48027cf49452a025"]]]]],
    ["libs",
     [["import dynlibs", "00000000000006bb"],
      ["package external libraries", "00000000000006bb"],
      ["module dynlibs", "00000000000006bb"],
      ["module plugins", "00000000000006bb"]]]]],
  ["Lean 4.27.0, commit 2fcce7258eeb6e324366bc25f9058293b04b7547",
   "6f43b597efea5d4c"],
  ["C:\\Users\\mmeadow\\Documents\\OpenEvolve\\Frontend\\rese\\lean4\\.lake\\packages\\mathlib\\Mathlib\\Algebra\\Order\\Archimedean\\Class.lean",
   "08e310fd70085af4"],
  ["options",
   [["-DmaxSynthPendingDepth=3", "c78e353d34de85d4"],
    ["-Dweak.linter.mathlibStandardSet=true", "8a155799906f2b42"],
    ["-Dweak.linter.checkInitImports=true", "cc899f26dd73bf81"],
    ["-Dweak.linter.style.header=true", "07ce48bb05b917ff"],
    ["-Dweak.linter.pythonStyle=true", "35186b2b2b67e319"],
    ["-Dweak.linter.style.longFile=1500", "d79864b112568ff5"],
    ["-Dpp.unicode.fun=true", "9b94070140457fab"],
    ["-Dweak.linter.allScriptsDocumented=true", "217af3ce76c25a94"],
    ["-DautoImplicit=false", "4a85acb881fd49d0"]]],
  ["Module.leanArgs: #[]", "00000000000006bb"]],
 "depHash": "9e9d9602db5ed180"}