{"synthetic": false,
 "schemaVersion": "2025-09-10",
 "outputs":
 {"r": "0e6333faf8c75ffb.ir",
  "o":
  ["054fc6bb97dbdf18.olean",
   "4ecaafeed45e5d44.olean.server",
   "88e536918d622e4b.olean.private"],
  "i": "4eb272f7afea31be.ilean",
  "c": "24ab7268e665b8c5.c"},
 "log":
 [{"message":
   ".> LEAN_PATH=C:\\Users\\mmeadow\\Documents\\OpenEvolve\\Frontend\\rese\\lean4\\.lake\\packages\\Cli\\.lake\\build\\lib\\lean;C:\\Users\\mmeadow\\Documents\\OpenEvolve\\Frontend\\rese\\lean4\\.lake\\packages\\batteries\\.lake\\build\\lib\\lean;C:\\Users\\mmeadow\\Documents\\OpenEvolve\\Frontend\\rese\\lean4\\.lake\\packages\\Qq\\.lake\\build\\lib\\lean;C:\\Users\\mmeadow\\Documents\\OpenEvolve\\Frontend\\rese\\lean4\\.lake\\packages\\aesop\\.lake\\build\\lib\\lean;C:\\Users\\mmeadow\\Documents\\OpenEvolve\\Frontend\\rese\\lean4\\.lake\\packages\\proofwidgets\\.lake\\build\\lib\\lean;C:\\Users\\mmeadow\\Documents\\OpenEvolve\\Frontend\\rese\\lean4\\.lake\\packages\\importGraph\\.lake\\build\\lib\\lean;C:\\Users\\mmeadow\\Documents\\OpenEvolve\\Frontend\\rese\\lean4\\.lake\\packages\\LeanSearchClient\\.lake\\build\\lib\\lean;C:\\Users\\mmeadow\\Documents\\OpenEvolve\\Frontend\\rese\\lean4\\.lake\\packages\\plausible\\.lake\\build\\lib\\lean;C:\\Users\\mmeadow\\Documents\\OpenEvolve\\Frontend\\rese\\lean4\\.lake\\packages\\mathlib\\.lake\\build\\lib\\lean;C:\\Users\\mmeadow\\Documents\\OpenEvolve\\Frontend\\rese\\lean4\\.lake\\build\\lib\\lean c:\\Users\\mmeadow\\.elan\\toolchains\\leanprover--lean4---v4.27.0-rc1\\bin\\lean.exe C:\\Users\\mmeadow\\Documents\\OpenEvolve\\Frontend\\rese\\lean4\\.lake\\packages\\mathlib\\Mathlib\\Algebra\\GroupWithZero\\Action\\Pointwise\\Set.lean -o C:\\Users\\mmeadow\\Documents\\OpenEvolve\\Frontend\\rese\\lean4\\.lake\\packages\\mathlib\\.lake\\build\\lib\\lean\\Mathlib\\Algebra\\GroupWithZero\\Action\\Pointwise\\Set.olean -i C:\\Users\\mmeadow\\Documents\\OpenEvolve\\Frontend\\rese\\lean4\\.lake\\packages\\mathlib\\.lake\\build\\lib\\lean\\Mathlib\\Algebra\\GroupWithZero\\Action\\Pointwise\\Set.ilean -c C:\\Users\\mmeadow\\Documents\\OpenEvolve\\Frontend\\rese\\lean4\\.lake\\packages\\mathlib\\.lake\\build\\ir\\Mathlib\\Algebra\\GroupWithZero\\Action\\Pointwise\\Set.c --setup C:\\Users\\mmeadow\\Documents\\OpenEvolve\\Frontend\\rese\\lean4\\.lake\\packages\\mathlib\\.lake\\build\\ir\\Mathlib\\Algebra\\GroupWithZero\\Action\\Pointwise\\Set.setup.json --json",
   "level": "trace"}],
 "inputs":
 [["Mathlib.Algebra.GroupWithZero.Action.Pointwise.Set:deps",
   [["deps",
     [["mathlib/Mathlib:extraDep", [["@mathlib:extraDep", "00000000000006bb"]]],
      ["imports",
       [["Mathlib.Algebra.Group.Action.Pointwise.Set.Basic transitive imports (public)",
         "ba318d24d94c6e5a"],
        ["Mathlib.Algebra.Group.Action.Pointwise.Set.Basic:importArts",
         "28b7e61b4b3ee65c"],
        ["Mathlib.Algebra.GroupWithZero.Action.Basic transitive imports (public)",
         "3db43cccf64f6d9b"],
        ["Mathlib.Algebra.GroupWithZero.Action.Basic:importArts",
         "1c024ab398c8d135"],
        ["Mathlib.Algebra.GroupWithZero.Action.Units transitive imports (public)",
         "f6f6c81ab7e89bd8"],
        ["Mathlib.Algebra.GroupWithZero.Action.Units:importArts",
         "7072470fbe4471b1"],
        ["Mathlib.Algebra.GroupWithZero.Pointwise.Set.Basic transitive imports (public)",
         "195bc8d856208ad7"],
        ["Mathlib.Algebra.GroupWithZero.Pointwise.Set.Basic:importArts",
         "699d4d979647c831"],
        ["Mathlib.Algebra.NoZeroSMulDivisors.Defs transitive imports (public)",
         "38f639cba5af6dcf"],
        ["Mathlib.Algebra.NoZeroSMulDivisors.Defs:importArts",
         "9bb342f86db3f136"]]]]],
    ["libs",
     [["import dynlibs", "00000000000006bb"],
      ["package external libraries", "00000000000006bb"],
      ["module dynlibs", "00000000000006bb"],
      ["module plugins", "00000000000006bb"]]]]],
  ["Lean 4.27.0, commit 2fcce7258eeb6e324366bc25f9058293b04b7547",
   "6f43b597efea5d4c"],
  ["C:\\Users\\mmeadow\\Documents\\OpenEvolve\\Frontend\\rese\\lean4\\.lake\\packages\\mathlib\\Mathlib\\Algebra\\GroupWithZero\\Action\\Pointwise\\Set.lean",
   "b7a2fe04bbe37770"],
  ["options",
   [["-DmaxSynthPendingDepth=3", "c78e353d34de85d4"],
    ["-Dweak.linter.mathlibStandardSet=true", "8a155799906f2b42"],
    ["-Dweak.linter.checkInitImports=true", "cc899f26dd73bf81"],
    ["-Dweak.linter.style.header=true", "07ce48bb05b917ff"],
    ["-Dweak.linter.pythonStyle=true", "35186b2b2b67e319"],
    ["-Dweak.linter.style.longFile=1500", "d79864b112568ff5"],
    ["-Dpp.unicode.fun=true", "9b94070140457fab"],
    ["-Dweak.linter.allScriptsDocumented=true", "217af3ce76c25a94"],
    ["-DautoImplicit=false", "4a85acb881fd49d0"]]],
  ["Module.leanArgs: #[]", "00000000000006bb"]],
 "depHash": "dd7d400307757cb9"}