{"synthetic": false,
 "schemaVersion": "2025-09-10",
 "outputs":
 {"r": "354cdb028964e3eb.ir",
  "o":
  ["c91f8e94ae14e0e2.olean",
   "4d9f9f3adbdfba9f.olean.server",
   "c9ce6ecb42544276.olean.private"],
  "i": "5bb3d050ff93f43f.ilean",
  "c": "262ec06aba6c2ea4.c"},
 "log":
 [{"message":
   ".> LEAN_PATH=/home/runner/work/ProofWidgets4/ProofWidgets4/.lake/build/lib/lean /home/runner/.elan/toolchains/leanprover--lean4---v4.27.0-rc1/bin/lean /home/runner/work/ProofWidgets4/ProofWidgets4/ProofWidgets/Demos/Graph/Basic.lean -o /home/runner/work/ProofWidgets4/ProofWidgets4/.lake/build/lib/lean/ProofWidgets/Demos/Graph/Basic.olean -i /home/runner/work/ProofWidgets4/ProofWidgets4/.lake/build/lib/lean/ProofWidgets/Demos/Graph/Basic.ilean -c /home/runner/work/ProofWidgets4/ProofWidgets4/.lake/build/ir/ProofWidgets/Demos/Graph/Basic.c --setup /home/runner/work/ProofWidgets4/ProofWidgets4/.lake/build/ir/ProofWidgets/Demos/Graph/Basic.setup.json --json",
   "level": "trace"}],
 "inputs":
 [["ProofWidgets.Demos.Graph.Basic:deps",
   [["deps",
     [["proofwidgets/ProofWidgets.Demos:extraDep",
       [["@proofwidgets:extraDep", "00000000000006bb"],
        ["<nil>", "637b525281701395"]]],
      ["imports",
       [["ProofWidgets.Component.GraphDisplay transitive imports (meta)",
         "0f76371fcd27d7a2"],
        ["ProofWidgets.Component.GraphDisplay:importArts (meta)",
         "c5a9648922b7654f"],
        ["ProofWidgets.Component.HtmlDisplay transitive imports (meta)",
         "f32b065154d67cf1"],
        ["ProofWidgets.Component.HtmlDisplay:importArts (meta)",
         "af5b9d7d6baf25d8"]]]]],
    ["libs",
     [["import dynlibs", "00000000000006bb"],
      ["package external libraries", "00000000000006bb"],
      ["module dynlibs", "00000000000006bb"],
      ["module plugins", "00000000000006bb"]]]]],
  ["Lean 4.27.0, commit 2fcce7258eeb6e324366bc25f9058293b04b7547",
   "6f43b597efea5d4c"],
  ["/home/runner/work/ProofWidgets4/ProofWidgets4/ProofWidgets/Demos/Graph/Basic.lean",
   "7dba4c764f7f40c2"],
  ["options", [["-Dexperimental.module=true", "a66e91e2aeb378d2"]]],
  ["Module.leanArgs: #[]", "00000000000006bb"]],
 "depHash": "3961b59e3b0b942e"}