{"synthetic": false,
 "schemaVersion": "2025-09-10",
 "outputs":
 {"r": "e773cc7fbe988f4e.ir",
  "o":
  ["06e009a92d0ff871.olean",
   "be68347988f14e18.olean.server",
   "a8695ab349cffedf.olean.private"],
  "i": "b3d25be646c382c1.ilean",
  "c": "3ebf44dea23837fd.c"},
 "log":
 [{"message":
   ".> LEAN_PATH=C:\\Users\\mmeadow\\Documents\\OpenEvolve\\Frontend\\rese\\lean4\\.lake\\packages\\Cli\\.lake\\build\\lib\\lean;C:\\Users\\mmeadow\\Documents\\OpenEvolve\\Frontend\\rese\\lean4\\.lake\\packages\\batteries\\.lake\\build\\lib\\lean;C:\\Users\\mmeadow\\Documents\\OpenEvolve\\Frontend\\rese\\lean4\\.lake\\packages\\Qq\\.lake\\build\\lib\\lean;C:\\Users\\mmeadow\\Documents\\OpenEvolve\\Frontend\\rese\\lean4\\.lake\\packages\\aesop\\.lake\\build\\lib\\lean;C:\\Users\\mmeadow\\Documents\\OpenEvolve\\Frontend\\rese\\lean4\\.lake\\packages\\proofwidgets\\.lake\\build\\lib\\lean;C:\\Users\\mmeadow\\Documents\\OpenEvolve\\Frontend\\rese\\lean4\\.lake\\packages\\importGraph\\.lake\\build\\lib\\lean;C:\\Users\\mmeadow\\Documents\\OpenEvolve\\Frontend\\rese\\lean4\\.lake\\packages\\LeanSearchClient\\.lake\\build\\lib\\lean;C:\\Users\\mmeadow\\Documents\\OpenEvolve\\Frontend\\rese\\lean4\\.lake\\packages\\plausible\\.lake\\build\\lib\\lean;C:\\Users\\mmeadow\\Documents\\OpenEvolve\\Frontend\\rese\\lean4\\.lake\\packages\\mathlib\\.lake\\build\\lib\\lean;C:\\Users\\mmeadow\\Documents\\OpenEvolve\\Frontend\\rese\\lean4\\.lake\\build\\lib\\lean c:\\Users\\mmeadow\\.elan\\toolchains\\leanprover--lean4---v4.27.0-rc1\\bin\\lean.exe C:\\Users\\mmeadow\\Documents\\OpenEvolve\\Frontend\\rese\\lean4\\.lake\\packages\\mathlib\\Mathlib\\Tactic\\Positivity\\Basic.lean -o C:\\Users\\mmeadow\\Documents\\OpenEvolve\\Frontend\\rese\\lean4\\.lake\\packages\\mathlib\\.lake\\build\\lib\\lean\\Mathlib\\Tactic\\Positivity\\Basic.olean -i C:\\Users\\mmeadow\\Documents\\OpenEvolve\\Frontend\\rese\\lean4\\.lake\\packages\\mathlib\\.lake\\build\\lib\\lean\\Mathlib\\Tactic\\Positivity\\Basic.ilean -c C:\\Users\\mmeadow\\Documents\\OpenEvolve\\Frontend\\rese\\lean4\\.lake\\packages\\mathlib\\.lake\\build\\ir\\Mathlib\\Tactic\\Positivity\\Basic.c --setup C:\\Users\\mmeadow\\Documents\\OpenEvolve\\Frontend\\rese\\lean4\\.lake\\packages\\mathlib\\.lake\\build\\ir\\Mathlib\\Tactic\\Positivity\\Basic.setup.json --json",
   "level": "trace"}],
 "inputs":
 [["Mathlib.Tactic.Positivity.Basic:deps",
   [["deps",
     [["mathlib/Mathlib:extraDep", [["@mathlib:extraDep", "00000000000006bb"]]],
      ["imports",
       [["Mathlib.Algebra.Order.Group.PosPart transitive imports (meta)",
         "2e6a413117ad7f85"],
        ["Mathlib.Algebra.Order.Group.PosPart:importArts (meta)",
         "0e49d048596e74d1"],
        ["Mathlib.Algebra.Order.Ring.Basic transitive imports (meta)",
         "202fb58d519a4851"],
        ["Mathlib.Algebra.Order.Ring.Basic:importArts (meta)",
         "7233b013656ab680"],
        ["Mathlib.Algebra.Order.Hom.Basic transitive imports (meta)",
         "dd6ca2c302bc06cf"],
        ["Mathlib.Algebra.Order.Hom.Basic:importArts (meta)",
         "0cc082a82c8e76ad"],
        ["Mathlib.Data.Int.CharZero transitive imports (meta)",
         "d6321bb53daff9d2"],
        ["Mathlib.Data.Int.CharZero:importArts (meta)", "63139e601672946f"],
        ["Mathlib.Data.Nat.Factorial.Basic transitive imports (meta)",
         "2237d5eed0dda78c"],
        ["Mathlib.Data.Nat.Factorial.Basic:importArts (meta)",
         "0436ec5d2d778b25"],
        ["Mathlib.Data.NNRat.Defs transitive imports (meta)",
         "684ba5435cc6d3cb"],
        ["Mathlib.Data.NNRat.Defs:importArts (meta)", "7c2b3a1f373a28a5"],
        ["Mathlib.Data.PNat.Defs transitive imports (meta)",
         "4a792d0bb85bd4a1"],
        ["Mathlib.Data.PNat.Defs:importArts (meta)", "b19a2182dc4c840a"],
        ["Mathlib.Tactic.Positivity.Core transitive imports (meta)",
         "babecca101e8be45"],
        ["Mathlib.Tactic.Positivity.Core:importArts (meta)",
         "42bcadfc3122d954"],
        ["Qq transitive imports (meta)", "ef780dc2ac3405c0"],
        ["Qq:importArts (meta)", "6600c3516d62d0c6"]]]]],
    ["libs",
     [["import dynlibs", "00000000000006bb"],
      ["package external libraries", "00000000000006bb"],
      ["module dynlibs", "00000000000006bb"],
      ["module plugins", "00000000000006bb"]]]]],
  ["Lean 4.27.0, commit 2fcce7258eeb6e324366bc25f9058293b04b7547",
   "6f43b597efea5d4c"],
  ["C:\\Users\\mmeadow\\Documents\\OpenEvolve\\Frontend\\rese\\lean4\\.lake\\packages\\mathlib\\Mathlib\\Tactic\\Positivity\\Basic.lean",
   "01409c6f45dc54e2"],
  ["options",
   [["-DmaxSynthPendingDepth=3", "c78e353d34de85d4"],
    ["-Dweak.linter.mathlibStandardSet=true", "8a155799906f2b42"],
    ["-Dweak.linter.checkInitImports=true", "cc899f26dd73bf81"],
    ["-Dweak.linter.style.header=true", "07ce48bb05b917ff"],
    ["-Dweak.linter.pythonStyle=true", "35186b2b2b67e319"],
    ["-Dweak.linter.style.longFile=1500", "d79864b112568ff5"],
    ["-Dpp.unicode.fun=true", "9b94070140457fab"],
    ["-Dweak.linter.allScriptsDocumented=true", "217af3ce76c25a94"],
    ["-DautoImplicit=false", "4a85acb881fd49d0"]]],
  ["Module.leanArgs: #[]", "00000000000006bb"]],
 "depHash": "56e6039345efa4bc"}