{"synthetic": false,
 "schemaVersion": "2025-09-10",
 "outputs":
 {"r": "bc176e5f1a4aeb68.ir",
  "o":
  ["332fb422465bd271.olean",
   "d530b5d051a4817b.olean.server",
   "1bb7bbc0d7a7d61c.olean.private"],
  "i": "b4505fca2ab71717.ilean",
  "c": "6fe25280dd861f31.c"},
 "log":
 [{"message":
   ".> LEAN_PATH=C:\\Users\\mmeadow\\Documents\\OpenEvolve\\Frontend\\rese\\lean4\\.lake\\packages\\Cli\\.lake\\build\\lib\\lean;C:\\Users\\mmeadow\\Documents\\OpenEvolve\\Frontend\\rese\\lean4\\.lake\\packages\\batteries\\.lake\\build\\lib\\lean;C:\\Users\\mmeadow\\Documents\\OpenEvolve\\Frontend\\rese\\lean4\\.lake\\packages\\Qq\\.lake\\build\\lib\\lean;C:\\Users\\mmeadow\\Documents\\OpenEvolve\\Frontend\\rese\\lean4\\.lake\\packages\\aesop\\.lake\\build\\lib\\lean;C:\\Users\\mmeadow\\Documents\\OpenEvolve\\Frontend\\rese\\lean4\\.lake\\packages\\proofwidgets\\.lake\\build\\lib\\lean;C:\\Users\\mmeadow\\Documents\\OpenEvolve\\Frontend\\rese\\lean4\\.lake\\packages\\importGraph\\.lake\\build\\lib\\lean;C:\\Users\\mmeadow\\Documents\\OpenEvolve\\Frontend\\rese\\lean4\\.lake\\packages\\LeanSearchClient\\.lake\\build\\lib\\lean;C:\\Users\\mmeadow\\Documents\\OpenEvolve\\Frontend\\rese\\lean4\\.lake\\packages\\plausible\\.lake\\build\\lib\\lean;C:\\Users\\mmeadow\\Documents\\OpenEvolve\\Frontend\\rese\\lean4\\.lake\\packages\\mathlib\\.lake\\build\\lib\\lean;C:\\Users\\mmeadow\\Documents\\OpenEvolve\\Frontend\\rese\\lean4\\.lake\\build\\lib\\lean c:\\Users\\mmeadow\\.elan\\toolchains\\leanprover--lean4---v4.27.0-rc1\\bin\\lean.exe C:\\Users\\mmeadow\\Documents\\OpenEvolve\\Frontend\\rese\\lean4\\.lake\\packages\\mathlib\\Mathlib\\Topology\\Constructions.lean -o C:\\Users\\mmeadow\\Documents\\OpenEvolve\\Frontend\\rese\\lean4\\.lake\\packages\\mathlib\\.lake\\build\\lib\\lean\\Mathlib\\Topology\\Constructions.olean -i C:\\Users\\mmeadow\\Documents\\OpenEvolve\\Frontend\\rese\\lean4\\.lake\\packages\\mathlib\\.lake\\build\\lib\\lean\\Mathlib\\Topology\\Constructions.ilean -c C:\\Users\\mmeadow\\Documents\\OpenEvolve\\Frontend\\rese\\lean4\\.lake\\packages\\mathlib\\.lake\\build\\ir\\Mathlib\\Topology\\Constructions.c --setup C:\\Users\\mmeadow\\Documents\\OpenEvolve\\Frontend\\rese\\lean4\\.lake\\packages\\mathlib\\.lake\\build\\ir\\Mathlib\\Topology\\Constructions.setup.json --json",
   "level": "trace"}],
 "inputs":
 [["Mathlib.Topology.Constructions:deps",
   [["deps",
     [["mathlib/Mathlib:extraDep", [["@mathlib:extraDep", "00000000000006bb"]]],
      ["imports",
       [["Mathlib.Algebra.Group.TypeTags.Basic transitive imports (public)",
         "30f1b9ffc5466482"],
        ["Mathlib.Algebra.Group.TypeTags.Basic:importArts", "b479398b25542608"],
        ["Mathlib.Data.Fin.VecNotation transitive imports (public)",
         "19111699890a43c2"],
        ["Mathlib.Data.Fin.VecNotation:importArts", "69f5038211203174"],
        ["Mathlib.Data.Finset.Piecewise transitive imports (public)",
         "7b64bf20fff21a56"],
        ["Mathlib.Data.Finset.Piecewise:importArts", "a7d56f9a9afd6486"],
        ["Mathlib.Data.SetLike.Basic transitive imports (public)",
         "90b9cfd88c072fc9"],
        ["Mathlib.Data.SetLike.Basic:importArts", "d697b4294bd43bac"],
        ["Mathlib.Order.Filter.Cofinite transitive imports (public)",
         "f9b7777bb38cb982"],
        ["Mathlib.Order.Filter.Cofinite:importArts", "a5b3fb9e4dd90cd9"],
        ["Mathlib.Order.Filter.Curry transitive imports (public)",
         "ec207423649ff882"],
        ["Mathlib.Order.Filter.Curry:importArts", "0578cd2fdbb46741"],
        ["Mathlib.Topology.Constructions.SumProd transitive imports (public)",
         "168976a4ac23ef3b"],
        ["Mathlib.Topology.Constructions.SumProd:importArts",
         "10ad29ed02107d08"],
        ["Mathlib.Topology.NhdsSet transitive imports (public)",
         "a81513a4c0fe4f18"],
        ["Mathlib.Topology.NhdsSet:importArts", "d6b268859e9998f2"]]]]],
    ["libs",
     [["import dynlibs", "00000000000006bb"],
      ["package external libraries", "00000000000006bb"],
      ["module dynlibs", "00000000000006bb"],
      ["module plugins", "00000000000006bb"]]]]],
  ["Lean 4.27.0, commit 2fcce7258eeb6e324366bc25f9058293b04b7547",
   "6f43b597efea5d4c"],
  ["C:\\Users\\mmeadow\\Documents\\OpenEvolve\\Frontend\\rese\\lean4\\.lake\\packages\\mathlib\\Mathlib\\Topology\\Constructions.lean",
   "25bb03fe4ab58e81"],
  ["options",
   [["-DmaxSynthPendingDepth=3", "c78e353d34de85d4"],
    ["-Dweak.linter.mathlibStandardSet=true", "8a155799906f2b42"],
    ["-Dweak.linter.checkInitImports=true", "cc899f26dd73bf81"],
    ["-Dweak.linter.style.header=true", "07ce48bb05b917ff"],
    ["-Dweak.linter.pythonStyle=true", "35186b2b2b67e319"],
    ["-Dweak.linter.style.longFile=1500", "d79864b112568ff5"],
    ["-Dpp.unicode.fun=true", "9b94070140457fab"],
    ["-Dweak.linter.allScriptsDocumented=true", "217af3ce76c25a94"],
    ["-DautoImplicit=false", "4a85acb881fd49d0"]]],
  ["Module.leanArgs: #[]", "00000000000006bb"]],
 "depHash": "d696e8c30f8e184d"}