{"synthetic": false,
 "schemaVersion": "2025-09-10",
 "outputs":
 {"r": "5285fa4063b8d65e.ir",
  "o":
  ["2fd75725aaf10538.olean",
   "b3d23f82b4ce9e5b.olean.server",
   "e6f7bd51df4733f5.olean.private"],
  "i": "6c05dc02b287a220.ilean",
  "c": "d190998426b31668.c"},
 "log":
 [{"message":
   ".> LEAN_PATH=C:\\Users\\mmeadow\\Documents\\OpenEvolve\\Frontend\\rese\\lean4\\.lake\\packages\\Cli\\.lake\\build\\lib\\lean;C:\\Users\\mmeadow\\Documents\\OpenEvolve\\Frontend\\rese\\lean4\\.lake\\packages\\batteries\\.lake\\build\\lib\\lean;C:\\Users\\mmeadow\\Documents\\OpenEvolve\\Frontend\\rese\\lean4\\.lake\\packages\\Qq\\.lake\\build\\lib\\lean;C:\\Users\\mmeadow\\Documents\\OpenEvolve\\Frontend\\rese\\lean4\\.lake\\packages\\aesop\\.lake\\build\\lib\\lean;C:\\Users\\mmeadow\\Documents\\OpenEvolve\\Frontend\\rese\\lean4\\.lake\\packages\\proofwidgets\\.lake\\build\\lib\\lean;C:\\Users\\mmeadow\\Documents\\OpenEvolve\\Frontend\\rese\\lean4\\.lake\\packages\\importGraph\\.lake\\build\\lib\\lean;C:\\Users\\mmeadow\\Documents\\OpenEvolve\\Frontend\\rese\\lean4\\.lake\\packages\\LeanSearchClient\\.lake\\build\\lib\\lean;C:\\Users\\mmeadow\\Documents\\OpenEvolve\\Frontend\\rese\\lean4\\.lake\\packages\\plausible\\.lake\\build\\lib\\lean;C:\\Users\\mmeadow\\Documents\\OpenEvolve\\Frontend\\rese\\lean4\\.lake\\packages\\mathlib\\.lake\\build\\lib\\lean;C:\\Users\\mmeadow\\Documents\\OpenEvolve\\Frontend\\rese\\lean4\\.lake\\build\\lib\\lean c:\\Users\\mmeadow\\.elan\\toolchains\\leanprover--lean4---v4.27.0-rc1\\bin\\lean.exe C:\\Users\\mmeadow\\Documents\\OpenEvolve\\Frontend\\rese\\lean4\\.lake\\packages\\mathlib\\Mathlib\\Topology\\Irreducible.lean -o C:\\Users\\mmeadow\\Documents\\OpenEvolve\\Frontend\\rese\\lean4\\.lake\\packages\\mathlib\\.lake\\build\\lib\\lean\\Mathlib\\Topology\\Irreducible.olean -i C:\\Users\\mmeadow\\Documents\\OpenEvolve\\Frontend\\rese\\lean4\\.lake\\packages\\mathlib\\.lake\\build\\lib\\lean\\Mathlib\\Topology\\Irreducible.ilean -c C:\\Users\\mmeadow\\Documents\\OpenEvolve\\Frontend\\rese\\lean4\\.lake\\packages\\mathlib\\.lake\\build\\ir\\Mathlib\\Topology\\Irreducible.c --setup C:\\Users\\mmeadow\\Documents\\OpenEvolve\\Frontend\\rese\\lean4\\.lake\\packages\\mathlib\\.lake\\build\\ir\\Mathlib\\Topology\\Irreducible.setup.json --json",
   "level": "trace"}],
 "inputs":
 [["Mathlib.Topology.Irreducible:deps",
   [["deps",
     [["mathlib/Mathlib:extraDep", [["@mathlib:extraDep", "00000000000006bb"]]],
      ["imports",
       [["Mathlib.Order.Minimal transitive imports (public)",
         "04316177435eddaa"],
        ["Mathlib.Order.Minimal:importArts", "38acd3e447ecb18d"],
        ["Mathlib.Order.Zorn transitive imports (public)", "ffa6be90821fa08c"],
        ["Mathlib.Order.Zorn:importArts", "4f1287f9d0d0aea3"],
        ["Mathlib.Topology.ContinuousOn transitive imports (public)",
         "45d66fdaa58d0380"],
        ["Mathlib.Topology.ContinuousOn:importArts", "a363cfbde6648e28"],
        ["Mathlib.Tactic.StacksAttribute transitive imports (public)",
         "16e001cb0a9d913c"],
        ["Mathlib.Tactic.StacksAttribute:importArts", "8094297795a00e0b"]]]]],
    ["libs",
     [["import dynlibs", "00000000000006bb"],
      ["package external libraries", "00000000000006bb"],
      ["module dynlibs", "00000000000006bb"],
      ["module plugins", "00000000000006bb"]]]]],
  ["Lean 4.27.0, commit 2fcce7258eeb6e324366bc25f9058293b04b7547",
   "6f43b597efea5d4c"],
  ["C:\\Users\\mmeadow\\Documents\\OpenEvolve\\Frontend\\rese\\lean4\\.lake\\packages\\mathlib\\Mathlib\\Topology\\Irreducible.lean",
   "6dfd894aa15c5e9f"],
  ["options",
   [["-DmaxSynthPendingDepth=3", "c78e353d34de85d4"],
    ["-Dweak.linter.mathlibStandardSet=true", "8a155799906f2b42"],
    ["-Dweak.linter.checkInitImports=true", "cc899f26dd73bf81"],
    ["-Dweak.linter.style.header=true", "07ce48bb05b917ff"],
    ["-Dweak.linter.pythonStyle=true", "35186b2b2b67e319"],
    ["-Dweak.linter.style.longFile=1500", "d79864b112568ff5"],
    ["-Dpp.unicode.fun=true", "9b94070140457fab"],
    ["-Dweak.linter.allScriptsDocumented=true", "217af3ce76c25a94"],
    ["-DautoImplicit=false", "4a85acb881fd49d0"]]],
  ["Module.leanArgs: #[]", "00000000000006bb"]],
 "depHash": "c804164bdb104a31"}