{"synthetic": false,
 "schemaVersion": "2025-09-10",
 "outputs":
 {"r": "04543bbea6578f22.ir",
  "o":
  ["b364327b0d64b4a9.olean",
   "a0a849b7e7e6234e.olean.server",
   "914c148460b5b164.olean.private"],
  "i": "05c88f1757e14900.ilean",
  "c": "0573971708fb0e0f.c"},
 "log":
 [{"message":
   ".> LEAN_PATH=C:\\Users\\mmeadow\\Documents\\OpenEvolve\\Frontend\\rese\\lean4\\.lake\\packages\\Cli\\.lake\\build\\lib\\lean;C:\\Users\\mmeadow\\Documents\\OpenEvolve\\Frontend\\rese\\lean4\\.lake\\packages\\batteries\\.lake\\build\\lib\\lean;C:\\Users\\mmeadow\\Documents\\OpenEvolve\\Frontend\\rese\\lean4\\.lake\\packages\\Qq\\.lake\\build\\lib\\lean;C:\\Users\\mmeadow\\Documents\\OpenEvolve\\Frontend\\rese\\lean4\\.lake\\packages\\aesop\\.lake\\build\\lib\\lean;C:\\Users\\mmeadow\\Documents\\OpenEvolve\\Frontend\\rese\\lean4\\.lake\\packages\\proofwidgets\\.lake\\build\\lib\\lean;C:\\Users\\mmeadow\\Documents\\OpenEvolve\\Frontend\\rese\\lean4\\.lake\\packages\\importGraph\\.lake\\build\\lib\\lean;C:\\Users\\mmeadow\\Documents\\OpenEvolve\\Frontend\\rese\\lean4\\.lake\\packages\\LeanSearchClient\\.lake\\build\\lib\\lean;C:\\Users\\mmeadow\\Documents\\OpenEvolve\\Frontend\\rese\\lean4\\.lake\\packages\\plausible\\.lake\\build\\lib\\lean;C:\\Users\\mmeadow\\Documents\\OpenEvolve\\Frontend\\rese\\lean4\\.lake\\packages\\mathlib\\.lake\\build\\lib\\lean;C:\\Users\\mmeadow\\Documents\\OpenEvolve\\Frontend\\rese\\lean4\\.lake\\build\\lib\\lean c:\\Users\\mmeadow\\.elan\\toolchains\\leanprover--lean4---v4.27.0-rc1\\bin\\lean.exe C:\\Users\\mmeadow\\Documents\\OpenEvolve\\Frontend\\rese\\lean4\\.lake\\packages\\aesop\\Aesop\\Search\\Main.lean -o C:\\Users\\mmeadow\\Documents\\OpenEvolve\\Frontend\\rese\\lean4\\.lake\\packages\\aesop\\.lake\\build\\lib\\lean\\Aesop\\Search\\Main.olean -i C:\\Users\\mmeadow\\Documents\\OpenEvolve\\Frontend\\rese\\lean4\\.lake\\packages\\aesop\\.lake\\build\\lib\\lean\\Aesop\\Search\\Main.ilean -c C:\\Users\\mmeadow\\Documents\\OpenEvolve\\Frontend\\rese\\lean4\\.lake\\packages\\aesop\\.lake\\build\\ir\\Aesop\\Search\\Main.c --setup C:\\Users\\mmeadow\\Documents\\OpenEvolve\\Frontend\\rese\\lean4\\.lake\\packages\\aesop\\.lake\\build\\ir\\Aesop\\Search\\Main.setup.json --json",
   "level": "trace"}],
 "inputs":
 [["Aesop.Search.Main:deps",
   [["deps",
     [["aesop/Aesop:extraDep", [["@aesop:extraDep", "00000000000006bb"]]],
      ["imports",
       [["Aesop.Check transitive imports (public)", "00000000000006bb"],
        ["Aesop.Check:importArts", "4c9a04e725f470f8"],
        ["Aesop.Options transitive imports (public)", "94d86cef5681d53d"],
        ["Aesop.Options:importArts", "37c35360b0499752"],
        ["Aesop.RuleSet transitive imports (public)", "94ee2c2337bc2598"],
        ["Aesop.RuleSet:importArts", "7f5b600c41dd85e6"],
        ["Aesop.Script.Check transitive imports (public)", "11aa687e81247464"],
        ["Aesop.Script.Check:importArts", "2c8cf33d48890df5"],
        ["Aesop.Script.Main transitive imports (public)", "3916aaec7af6b4e3"],
        ["Aesop.Script.Main:importArts", "80bbb93a09cb6186"],
        ["Aesop.Search.Expansion transitive imports (public)",
         "092ac63618cd0eef"],
        ["Aesop.Search.Expansion:importArts", "95aac75b48d37962"],
        ["Aesop.Search.ExpandSafePrefix transitive imports (public)",
         "54917aa49a01fcac"],
        ["Aesop.Search.ExpandSafePrefix:importArts", "c1ebdc24faabdec6"],
        ["Aesop.Search.Queue transitive imports (public)", "bd16e2272e305bb6"],
        ["Aesop.Search.Queue:importArts", "57449c1969838f4c"],
        ["Aesop.Tree transitive imports (public)", "89e3aa20e2eb0f9b"],
        ["Aesop.Tree:importArts", "35634619b0ebac2f"],
        ["Aesop.Tree.Stats transitive imports (public)", "e08d0ec83c1255b8"],
        ["Aesop.Tree.Stats:importArts", "b1246ac9d44142fa"],
        ["Aesop.Frontend.Extension transitive imports (public)",
         "54d5177848a811ce"],
        ["Aesop.Frontend.Extension:importArts", "a6df8bd68f1a3731"]]]]]]],
  ["Lean 4.27.0, commit 2fcce7258eeb6e324366bc25f9058293b04b7547",
   "6f43b597efea5d4c"],
  ["C:\\Users\\mmeadow\\Documents\\OpenEvolve\\Frontend\\rese\\lean4\\.lake\\packages\\aesop\\Aesop\\Search\\Main.lean",
   "5bcb1778824313ee"],
  ["options", "00000000000006bb"],
  ["Module.leanArgs: #[]", "00000000000006bb"]],
 "depHash": "90652c0b2b2abaa6"}