{"synthetic": false,
 "schemaVersion": "2025-09-10",
 "outputs":
 {"r": "054803c15cd4b390.ir",
  "o":
  ["d31f57abb5f4302c.olean",
   "9787967b38ac6e31.olean.server",
   "04358c3388a57a9a.olean.private"],
  "i": "434c4fbff1fb45b1.ilean",
  "c": "268833bdd7017fbe.c"},
 "log":
 [{"message":
   ".> LEAN_PATH=C:\\Users\\mmeadow\\Documents\\OpenEvolve\\Frontend\\rese\\lean4\\.lake\\packages\\Cli\\.lake\\build\\lib\\lean;C:\\Users\\mmeadow\\Documents\\OpenEvolve\\Frontend\\rese\\lean4\\.lake\\packages\\batteries\\.lake\\build\\lib\\lean;C:\\Users\\mmeadow\\Documents\\OpenEvolve\\Frontend\\rese\\lean4\\.lake\\packages\\Qq\\.lake\\build\\lib\\lean;C:\\Users\\mmeadow\\Documents\\OpenEvolve\\Frontend\\rese\\lean4\\.lake\\packages\\aesop\\.lake\\build\\lib\\lean;C:\\Users\\mmeadow\\Documents\\OpenEvolve\\Frontend\\rese\\lean4\\.lake\\packages\\proofwidgets\\.lake\\build\\lib\\lean;C:\\Users\\mmeadow\\Documents\\OpenEvolve\\Frontend\\rese\\lean4\\.lake\\packages\\importGraph\\.lake\\build\\lib\\lean;C:\\Users\\mmeadow\\Documents\\OpenEvolve\\Frontend\\rese\\lean4\\.lake\\packages\\LeanSearchClient\\.lake\\build\\lib\\lean;C:\\Users\\mmeadow\\Documents\\OpenEvolve\\Frontend\\rese\\lean4\\.lake\\packages\\plausible\\.lake\\build\\lib\\lean;C:\\Users\\mmeadow\\Documents\\OpenEvolve\\Frontend\\rese\\lean4\\.lake\\packages\\mathlib\\.lake\\build\\lib\\lean;C:\\Users\\mmeadow\\Documents\\OpenEvolve\\Frontend\\rese\\lean4\\.lake\\build\\lib\\lean c:\\Users\\mmeadow\\.elan\\toolchains\\leanprover--lean4---v4.27.0-rc1\\bin\\lean.exe C:\\Users\\mmeadow\\Documents\\OpenEvolve\\Frontend\\rese\\lean4\\.lake\\packages\\mathlib\\Mathlib\\Algebra\\Polynomial\\AlgebraMap.lean -o C:\\Users\\mmeadow\\Documents\\OpenEvolve\\Frontend\\rese\\lean4\\.lake\\packages\\mathlib\\.lake\\build\\lib\\lean\\Mathlib\\Algebra\\Polynomial\\AlgebraMap.olean -i C:\\Users\\mmeadow\\Documents\\OpenEvolve\\Frontend\\rese\\lean4\\.lake\\packages\\mathlib\\.lake\\build\\lib\\lean\\Mathlib\\Algebra\\Polynomial\\AlgebraMap.ilean -c C:\\Users\\mmeadow\\Documents\\OpenEvolve\\Frontend\\rese\\lean4\\.lake\\packages\\mathlib\\.lake\\build\\ir\\Mathlib\\Algebra\\Polynomial\\AlgebraMap.c --setup C:\\Users\\mmeadow\\Documents\\OpenEvolve\\Frontend\\rese\\lean4\\.lake\\packages\\mathlib\\.lake\\build\\ir\\Mathlib\\Algebra\\Polynomial\\AlgebraMap.setup.json --json",
   "level": "trace"}],
 "inputs":
 [["Mathlib.Algebra.Polynomial.AlgebraMap:deps",
   [["deps",
     [["mathlib/Mathlib:extraDep", [["@mathlib:extraDep", "00000000000006bb"]]],
      ["imports",
       [["Mathlib.Algebra.Algebra.Pi transitive imports (public)",
         "ecb884e6cc2c125d"],
        ["Mathlib.Algebra.Algebra.Pi:importArts", "a116687d5a8aaaa9"],
        ["Mathlib.Algebra.Algebra.Prod transitive imports (public)",
         "c812d00709613607"],
        ["Mathlib.Algebra.Algebra.Prod:importArts", "ae6407aa9c5bc8a7"],
        ["Mathlib.Algebra.Algebra.Subalgebra.Lattice transitive imports (public)",
         "fdfcc8acb17dcef8"],
        ["Mathlib.Algebra.Algebra.Subalgebra.Lattice:importArts",
         "0e6dba3bf0eefb36"],
        ["Mathlib.Algebra.Algebra.Tower transitive imports (public)",
         "252f71debdd8bfd8"],
        ["Mathlib.Algebra.Algebra.Tower:importArts", "a98feb26b35d8018"],
        ["Mathlib.Algebra.MonoidAlgebra.Basic transitive imports (public)",
         "8c6fdf303b0c9033"],
        ["Mathlib.Algebra.MonoidAlgebra.Basic:importArts", "b75f16d240de66ef"],
        ["Mathlib.Algebra.Polynomial.Eval.Algebra transitive imports (public)",
         "3a350331d6ed39b6"],
        ["Mathlib.Algebra.Polynomial.Eval.Algebra:importArts",
         "7d43de566153a681"],
        ["Mathlib.Algebra.Polynomial.Eval.Degree transitive imports (public)",
         "c57b0d093ea524a8"],
        ["Mathlib.Algebra.Polynomial.Eval.Degree:importArts",
         "7c9082d11201565a"],
        ["Mathlib.Algebra.Polynomial.Monomial transitive imports (public)",
         "5cf8db4113d2891f"],
        ["Mathlib.Algebra.Polynomial.Monomial:importArts",
         "e61ceb65840902ae"]]]]],
    ["libs",
     [["import dynlibs", "00000000000006bb"],
      ["package external libraries", "00000000000006bb"],
      ["module dynlibs", "00000000000006bb"],
      ["module plugins", "00000000000006bb"]]]]],
  ["Lean 4.27.0, commit 2fcce7258eeb6e324366bc25f9058293b04b7547",
   "6f43b597efea5d4c"],
  ["C:\\Users\\mmeadow\\Documents\\OpenEvolve\\Frontend\\rese\\lean4\\.lake\\packages\\mathlib\\Mathlib\\Algebra\\Polynomial\\AlgebraMap.lean",
   "9c1fa87bdf2f92b9"],
  ["options",
   [["-DmaxSynthPendingDepth=3", "c78e353d34de85d4"],
    ["-Dweak.linter.mathlibStandardSet=true", "8a155799906f2b42"],
    ["-Dweak.linter.checkInitImports=true", "cc899f26dd73bf81"],
    ["-Dweak.linter.style.header=true", "07ce48bb05b917ff"],
    ["-Dweak.linter.pythonStyle=true", "35186b2b2b67e319"],
    ["-Dweak.linter.style.longFile=1500", "d79864b112568ff5"],
    ["-Dpp.unicode.fun=true", "9b94070140457fab"],
    ["-Dweak.linter.allScriptsDocumented=true", "217af3ce76c25a94"],
    ["-DautoImplicit=false", "4a85acb881fd49d0"]]],
  ["Module.leanArgs: #[]", "00000000000006bb"]],
 "depHash": "a09b3570ad2f3fb6"}