{"synthetic": false,
 "schemaVersion": "2025-09-10",
 "outputs":
 {"r": "80f4f4f477b79843.ir",
  "o":
  ["dc44ddf05dd561a8.olean",
   "42b3db3a3a0f7824.olean.server",
   "6ee6a73691597539.olean.private"],
  "i": "95f16168df6ad9f8.ilean",
  "c": "b95678e36db97a69.c"},
 "log":
 [{"message":
   ".> LEAN_PATH=C:\\Users\\mmeadow\\Documents\\OpenEvolve\\Frontend\\rese\\lean4\\.lake\\packages\\Cli\\.lake\\build\\lib\\lean;C:\\Users\\mmeadow\\Documents\\OpenEvolve\\Frontend\\rese\\lean4\\.lake\\packages\\batteries\\.lake\\build\\lib\\lean;C:\\Users\\mmeadow\\Documents\\OpenEvolve\\Frontend\\rese\\lean4\\.lake\\packages\\Qq\\.lake\\build\\lib\\lean;C:\\Users\\mmeadow\\Documents\\OpenEvolve\\Frontend\\rese\\lean4\\.lake\\packages\\aesop\\.lake\\build\\lib\\lean;C:\\Users\\mmeadow\\Documents\\OpenEvolve\\Frontend\\rese\\lean4\\.lake\\packages\\proofwidgets\\.lake\\build\\lib\\lean;C:\\Users\\mmeadow\\Documents\\OpenEvolve\\Frontend\\rese\\lean4\\.lake\\packages\\importGraph\\.lake\\build\\lib\\lean;C:\\Users\\mmeadow\\Documents\\OpenEvolve\\Frontend\\rese\\lean4\\.lake\\packages\\LeanSearchClient\\.lake\\build\\lib\\lean;C:\\Users\\mmeadow\\Documents\\OpenEvolve\\Frontend\\rese\\lean4\\.lake\\packages\\plausible\\.lake\\build\\lib\\lean;C:\\Users\\mmeadow\\Documents\\OpenEvolve\\Frontend\\rese\\lean4\\.lake\\packages\\mathlib\\.lake\\build\\lib\\lean;C:\\Users\\mmeadow\\Documents\\OpenEvolve\\Frontend\\rese\\lean4\\.lake\\build\\lib\\lean c:\\Users\\mmeadow\\.elan\\toolchains\\leanprover--lean4---v4.27.0-rc1\\bin\\lean.exe C:\\Users\\mmeadow\\Documents\\OpenEvolve\\Frontend\\rese\\lean4\\.lake\\packages\\mathlib\\Mathlib\\MeasureTheory\\Group\\Action.lean -o C:\\Users\\mmeadow\\Documents\\OpenEvolve\\Frontend\\rese\\lean4\\.lake\\packages\\mathlib\\.lake\\build\\lib\\lean\\Mathlib\\MeasureTheory\\Group\\Action.olean -i C:\\Users\\mmeadow\\Documents\\OpenEvolve\\Frontend\\rese\\lean4\\.lake\\packages\\mathlib\\.lake\\build\\lib\\lean\\Mathlib\\MeasureTheory\\Group\\Action.ilean -c C:\\Users\\mmeadow\\Documents\\OpenEvolve\\Frontend\\rese\\lean4\\.lake\\packages\\mathlib\\.lake\\build\\ir\\Mathlib\\MeasureTheory\\Group\\Action.c --setup C:\\Users\\mmeadow\\Documents\\OpenEvolve\\Frontend\\rese\\lean4\\.lake\\packages\\mathlib\\.lake\\build\\ir\\Mathlib\\MeasureTheory\\Group\\Action.setup.json --json",
   "level": "trace"}],
 "inputs":
 [["Mathlib.MeasureTheory.Group.Action:deps",
   [["deps",
     [["mathlib/Mathlib:extraDep", [["@mathlib:extraDep", "00000000000006bb"]]],
      ["imports",
       [["Mathlib.Dynamics.Ergodic.MeasurePreserving transitive imports (public)",
         "8847f44458039500"],
        ["Mathlib.Dynamics.Ergodic.MeasurePreserving:importArts",
         "dee7c864b46ea175"],
        ["Mathlib.Dynamics.Minimal transitive imports (public)",
         "799fd93967c5d6e1"],
        ["Mathlib.Dynamics.Minimal:importArts", "0d33e7e41a58e003"],
        ["Mathlib.GroupTheory.GroupAction.Hom transitive imports (public)",
         "e7a2343792667069"],
        ["Mathlib.GroupTheory.GroupAction.Hom:importArts", "11e3ccdc7c135cfb"],
        ["Mathlib.MeasureTheory.Group.MeasurableEquiv transitive imports (public)",
         "3e5535835a3cd7a2"],
        ["Mathlib.MeasureTheory.Group.MeasurableEquiv:importArts",
         "f4f656883b0de5d0"],
        ["Mathlib.MeasureTheory.Measure.Regular transitive imports (public)",
         "fd3d354e2b5d5a56"],
        ["Mathlib.MeasureTheory.Measure.Regular:importArts",
         "02d665cb2d5112c4"],
        ["Mathlib.MeasureTheory.Group.Defs transitive imports (public)",
         "608b2ef4a5086a3c"],
        ["Mathlib.MeasureTheory.Group.Defs:importArts", "e2b2705ba72047ee"],
        ["Mathlib.Order.Filter.EventuallyConst transitive imports (public)",
         "c60ac843088a6396"],
        ["Mathlib.Order.Filter.EventuallyConst:importArts",
         "d209571da4453549"]]]]],
    ["libs",
     [["import dynlibs", "00000000000006bb"],
      ["package external libraries", "00000000000006bb"],
      ["module dynlibs", "00000000000006bb"],
      ["module plugins", "00000000000006bb"]]]]],
  ["Lean 4.27.0, commit 2fcce7258eeb6e324366bc25f9058293b04b7547",
   "6f43b597efea5d4c"],
  ["C:\\Users\\mmeadow\\Documents\\OpenEvolve\\Frontend\\rese\\lean4\\.lake\\packages\\mathlib\\Mathlib\\MeasureTheory\\Group\\Action.lean",
   "2848736658305bda"],
  ["options",
   [["-DmaxSynthPendingDepth=3", "c78e353d34de85d4"],
    ["-Dweak.linter.mathlibStandardSet=true", "8a155799906f2b42"],
    ["-Dweak.linter.checkInitImports=true", "cc899f26dd73bf81"],
    ["-Dweak.linter.style.header=true", "07ce48bb05b917ff"],
    ["-Dweak.linter.pythonStyle=true", "35186b2b2b67e319"],
    ["-Dweak.linter.style.longFile=1500", "d79864b112568ff5"],
    ["-Dpp.unicode.fun=true", "9b94070140457fab"],
    ["-Dweak.linter.allScriptsDocumented=true", "217af3ce76c25a94"],
    ["-DautoImplicit=false", "4a85acb881fd49d0"]]],
  ["Module.leanArgs: #[]", "00000000000006bb"]],
 "depHash": "63e3776208bca847"}