{"synthetic": false,
 "schemaVersion": "2025-09-10",
 "outputs":
 {"r": "9028340db59e06b0.ir",
  "o":
  ["66dad95e323c055a.olean",
   "61752046fdb3b57f.olean.server",
   "ee3351a476b4aa17.olean.private"],
  "i": "e26ed859c453b0d8.ilean",
  "c": "20a04e81cc24ea41.c"},
 "log":
 [{"message":
   ".> LEAN_PATH=/home/runner/work/reservoir/reservoir/testbed/repo/.lake/build/lib/lean /home/runner/.elan/toolchains/leanprover--lean4---v4.27.0-rc1/bin/lean /home/runner/work/reservoir/reservoir/testbed/repo/Plausible/DeriveArbitrary.lean -o /home/runner/work/reservoir/reservoir/testbed/repo/.lake/build/lib/lean/Plausible/DeriveArbitrary.olean -i /home/runner/work/reservoir/reservoir/testbed/repo/.lake/build/lib/lean/Plausible/DeriveArbitrary.ilean -c /home/runner/work/reservoir/reservoir/testbed/repo/.lake/build/ir/Plausible/DeriveArbitrary.c --setup /home/runner/work/reservoir/reservoir/testbed/repo/.lake/build/ir/Plausible/DeriveArbitrary.setup.json --json",
   "level": "trace"}],
 "inputs":
 [["Plausible.DeriveArbitrary:deps",
   [["deps",
     [["plausible/Plausible:extraDep",
       [["@plausible:extraDep", "00000000000006bb"]]],
      ["imports",
       [["Plausible.Arbitrary transitive imports (public)", "5350dd0441376408"],
        ["Plausible.Arbitrary:importArts", "25f97317b9022b6e"],
        ["Plausible.ArbitraryFueled transitive imports (public)",
         "6a1ca4b82b819b1d"],
        ["Plausible.ArbitraryFueled:importArts", "89fde13e646e6c7b"]]]]],
    ["libs",
     [["import dynlibs", "00000000000006bb"],
      ["package external libraries", "00000000000006bb"],
      ["module dynlibs", "00000000000006bb"],
      ["module plugins", "00000000000006bb"]]]]],
  ["Lean 4.27.0, commit 2fcce7258eeb6e324366bc25f9058293b04b7547",
   "6f43b597efea5d4c"],
  ["/home/runner/work/reservoir/reservoir/testbed/repo/Plausible/DeriveArbitrary.lean",
   "3341b5240fcbe547"],
  ["options", "00000000000006bb"],
  ["Module.leanArgs: #[]", "00000000000006bb"]],
 "depHash": "5625fb6d4e12ee07"}