{"synthetic": false,
 "schemaVersion": "2025-09-10",
 "outputs":
 {"r": "203f3b391db43c33.ir",
  "o":
  ["c93cd7dc2489c5e2.olean",
   "e8020627caa01656.olean.server",
   "c3ef16398c8404bd.olean.private"],
  "i": "5181791e6240e63f.ilean",
  "c": "92d37e8a09801292.c"},
 "log":
 [{"message":
   ".> LEAN_PATH=/home/runner/work/reservoir/reservoir/testbed/repo/.lake/build/lib/lean /home/runner/.elan/toolchains/leanprover--lean4---v4.27.0-rc1/bin/lean /home/runner/work/reservoir/reservoir/testbed/repo/Plausible/Sampleable.lean -o /home/runner/work/reservoir/reservoir/testbed/repo/.lake/build/lib/lean/Plausible/Sampleable.olean -i /home/runner/work/reservoir/reservoir/testbed/repo/.lake/build/lib/lean/Plausible/Sampleable.ilean -c /home/runner/work/reservoir/reservoir/testbed/repo/.lake/build/ir/Plausible/Sampleable.c --setup /home/runner/work/reservoir/reservoir/testbed/repo/.lake/build/ir/Plausible/Sampleable.setup.json --json",
   "level": "trace"}],
 "inputs":
 [["Plausible.Sampleable:deps",
   [["deps",
     [["plausible/Plausible:extraDep",
       [["@plausible:extraDep", "00000000000006bb"]]],
      ["imports",
       [["Plausible.Gen transitive imports (meta)", "2923242c09724cdd"],
        ["Plausible.Gen:importArts (meta)", "f3b2fba23eabcdcc"],
        ["Plausible.Arbitrary transitive imports (meta)", "5350dd0441376408"],
        ["Plausible.Arbitrary:importArts (meta)", "b3d892ed13718473"]]]]],
    ["libs",
     [["import dynlibs", "00000000000006bb"],
      ["package external libraries", "00000000000006bb"],
      ["module dynlibs", "00000000000006bb"],
      ["module plugins", "00000000000006bb"]]]]],
  ["Lean 4.27.0, commit 2fcce7258eeb6e324366bc25f9058293b04b7547",
   "6f43b597efea5d4c"],
  ["/home/runner/work/reservoir/reservoir/testbed/repo/Plausible/Sampleable.lean",
   "48871862af6b7f77"],
  ["options", "00000000000006bb"],
  ["Module.leanArgs: #[]", "00000000000006bb"]],
 "depHash": "906cbde60641824e"}