{"synthetic": false,
 "schemaVersion": "2025-09-10",
 "outputs":
 {"r": "4de14cb433a4f46f.ir",
  "o":
  ["ef02f3f2e593984e.olean",
   "793d2c8c80e68f98.olean.server",
   "9386f231e47c909d.olean.private"],
  "i": "1a9c62ed89c7ac5c.ilean",
  "c": "b3fe27c2197e89ae.c"},
 "log":
 [{"message":
   ".> LEAN_PATH=C:\\Users\\mmeadow\\Documents\\OpenEvolve\\Frontend\\rese\\lean4\\.lake\\packages\\Cli\\.lake\\build\\lib\\lean;C:\\Users\\mmeadow\\Documents\\OpenEvolve\\Frontend\\rese\\lean4\\.lake\\packages\\batteries\\.lake\\build\\lib\\lean;C:\\Users\\mmeadow\\Documents\\OpenEvolve\\Frontend\\rese\\lean4\\.lake\\packages\\Qq\\.lake\\build\\lib\\lean;C:\\Users\\mmeadow\\Documents\\OpenEvolve\\Frontend\\rese\\lean4\\.lake\\packages\\aesop\\.lake\\build\\lib\\lean;C:\\Users\\mmeadow\\Documents\\OpenEvolve\\Frontend\\rese\\lean4\\.lake\\packages\\proofwidgets\\.lake\\build\\lib\\lean;C:\\Users\\mmeadow\\Documents\\OpenEvolve\\Frontend\\rese\\lean4\\.lake\\packages\\importGraph\\.lake\\build\\lib\\lean;C:\\Users\\mmeadow\\Documents\\OpenEvolve\\Frontend\\rese\\lean4\\.lake\\packages\\LeanSearchClient\\.lake\\build\\lib\\lean;C:\\Users\\mmeadow\\Documents\\OpenEvolve\\Frontend\\rese\\lean4\\.lake\\packages\\plausible\\.lake\\build\\lib\\lean;C:\\Users\\mmeadow\\Documents\\OpenEvolve\\Frontend\\rese\\lean4\\.lake\\packages\\mathlib\\.lake\\build\\lib\\lean;C:\\Users\\mmeadow\\Documents\\OpenEvolve\\Frontend\\rese\\lean4\\.lake\\build\\lib\\lean c:\\Users\\mmeadow\\.elan\\toolchains\\leanprover--lean4---v4.27.0-rc1\\bin\\lean.exe C:\\Users\\mmeadow\\Documents\\OpenEvolve\\Frontend\\rese\\lean4\\.lake\\packages\\mathlib\\Mathlib\\Algebra\\Module\\FinitePresentation.lean -o C:\\Users\\mmeadow\\Documents\\OpenEvolve\\Frontend\\rese\\lean4\\.lake\\packages\\mathlib\\.lake\\build\\lib\\lean\\Mathlib\\Algebra\\Module\\FinitePresentation.olean -i C:\\Users\\mmeadow\\Documents\\OpenEvolve\\Frontend\\rese\\lean4\\.lake\\packages\\mathlib\\.lake\\build\\lib\\lean\\Mathlib\\Algebra\\Module\\FinitePresentation.ilean -c C:\\Users\\mmeadow\\Documents\\OpenEvolve\\Frontend\\rese\\lean4\\.lake\\packages\\mathlib\\.lake\\build\\ir\\Mathlib\\Algebra\\Module\\FinitePresentation.c --setup C:\\Users\\mmeadow\\Documents\\OpenEvolve\\Frontend\\rese\\lean4\\.lake\\packages\\mathlib\\.lake\\build\\ir\\Mathlib\\Algebra\\Module\\FinitePresentation.setup.json --json",
   "level": "trace"}],
 "inputs":
 [["Mathlib.Algebra.Module.FinitePresentation:deps",
   [["deps",
     [["mathlib/Mathlib:extraDep", [["@mathlib:extraDep", "00000000000006bb"]]],
      ["imports",
       [["Mathlib.LinearAlgebra.FreeModule.Finite.Basic transitive imports (public)",
         "5202ae1d0100b060"],
        ["Mathlib.LinearAlgebra.FreeModule.Finite.Basic:importArts",
         "e8c7d60e04914251"],
        ["Mathlib.LinearAlgebra.Isomorphisms transitive imports (public)",
         "136f5555252925fd"],
        ["Mathlib.LinearAlgebra.Isomorphisms:importArts", "34a9c23a89d9a7f6"],
        ["Mathlib.LinearAlgebra.TensorProduct.RightExactness transitive imports (public)",
         "fa915227a277a02a"],
        ["Mathlib.LinearAlgebra.TensorProduct.RightExactness:importArts",
         "1b4019b5d2ae9647"],
        ["Mathlib.RingTheory.Finiteness.Projective transitive imports (public)",
         "903841b02df8f331"],
        ["Mathlib.RingTheory.Finiteness.Projective:importArts",
         "630f15f5810564ac"],
        ["Mathlib.RingTheory.Localization.BaseChange transitive imports (public)",
         "51d69e84675dea92"],
        ["Mathlib.RingTheory.Localization.BaseChange:importArts",
         "0ffe262b5a15965d"],
        ["Mathlib.RingTheory.Noetherian.Basic transitive imports (public)",
         "a47082b2359e5ad7"],
        ["Mathlib.RingTheory.Noetherian.Basic:importArts", "25bc3b2b16215aca"],
        ["Mathlib.RingTheory.TensorProduct.Finite transitive imports (public)",
         "800575f23e51f4a6"],
        ["Mathlib.RingTheory.TensorProduct.Finite:importArts",
         "fa811e718e5e86f1"]]]]],
    ["libs",
     [["import dynlibs", "00000000000006bb"],
      ["package external libraries", "00000000000006bb"],
      ["module dynlibs", "00000000000006bb"],
      ["module plugins", "00000000000006bb"]]]]],
  ["Lean 4.27.0, commit 2fcce7258eeb6e324366bc25f9058293b04b7547",
   "6f43b597efea5d4c"],
  ["C:\\Users\\mmeadow\\Documents\\OpenEvolve\\Frontend\\rese\\lean4\\.lake\\packages\\mathlib\\Mathlib\\Algebra\\Module\\FinitePresentation.lean",
   "a23544461bf24325"],
  ["options",
   [["-DmaxSynthPendingDepth=3", "c78e353d34de85d4"],
    ["-Dweak.linter.mathlibStandardSet=true", "8a155799906f2b42"],
    ["-Dweak.linter.checkInitImports=true", "cc899f26dd73bf81"],
    ["-Dweak.linter.style.header=true", "07ce48bb05b917ff"],
    ["-Dweak.linter.pythonStyle=true", "35186b2b2b67e319"],
    ["-Dweak.linter.style.longFile=1500", "d79864b112568ff5"],
    ["-Dpp.unicode.fun=true", "9b94070140457fab"],
    ["-Dweak.linter.allScriptsDocumented=true", "217af3ce76c25a94"],
    ["-DautoImplicit=false", "4a85acb881fd49d0"]]],
  ["Module.leanArgs: #[]", "00000000000006bb"]],
 "depHash": "2b4fc1d30574551d"}