{"synthetic": false,
 "schemaVersion": "2025-09-10",
 "outputs":
 {"r": "9a56daf9c6339ddb.ir",
  "o":
  ["00ef9c3a6eacd9e0.olean",
   "97e41f62d8018a4a.olean.server",
   "aefb182937967355.olean.private"],
  "i": "1858531b06004cbd.ilean",
  "c": "33705c92d4712479.c"},
 "log":
 [{"message":
   ".> LEAN_PATH=C:\\Users\\mmeadow\\Documents\\OpenEvolve\\Frontend\\rese\\lean4\\.lake\\packages\\Cli\\.lake\\build\\lib\\lean;C:\\Users\\mmeadow\\Documents\\OpenEvolve\\Frontend\\rese\\lean4\\.lake\\packages\\batteries\\.lake\\build\\lib\\lean;C:\\Users\\mmeadow\\Documents\\OpenEvolve\\Frontend\\rese\\lean4\\.lake\\packages\\Qq\\.lake\\build\\lib\\lean;C:\\Users\\mmeadow\\Documents\\OpenEvolve\\Frontend\\rese\\lean4\\.lake\\packages\\aesop\\.lake\\build\\lib\\lean;C:\\Users\\mmeadow\\Documents\\OpenEvolve\\Frontend\\rese\\lean4\\.lake\\packages\\proofwidgets\\.lake\\build\\lib\\lean;C:\\Users\\mmeadow\\Documents\\OpenEvolve\\Frontend\\rese\\lean4\\.lake\\packages\\importGraph\\.lake\\build\\lib\\lean;C:\\Users\\mmeadow\\Documents\\OpenEvolve\\Frontend\\rese\\lean4\\.lake\\packages\\LeanSearchClient\\.lake\\build\\lib\\lean;C:\\Users\\mmeadow\\Documents\\OpenEvolve\\Frontend\\rese\\lean4\\.lake\\packages\\plausible\\.lake\\build\\lib\\lean;C:\\Users\\mmeadow\\Documents\\OpenEvolve\\Frontend\\rese\\lean4\\.lake\\packages\\mathlib\\.lake\\build\\lib\\lean;C:\\Users\\mmeadow\\Documents\\OpenEvolve\\Frontend\\rese\\lean4\\.lake\\build\\lib\\lean c:\\Users\\mmeadow\\.elan\\toolchains\\leanprover--lean4---v4.27.0-rc1\\bin\\lean.exe C:\\Users\\mmeadow\\Documents\\OpenEvolve\\Frontend\\rese\\lean4\\.lake\\packages\\mathlib\\Mathlib\\LinearAlgebra\\RootSystem\\Finite\\Lemmas.lean -o C:\\Users\\mmeadow\\Documents\\OpenEvolve\\Frontend\\rese\\lean4\\.lake\\packages\\mathlib\\.lake\\build\\lib\\lean\\Mathlib\\LinearAlgebra\\RootSystem\\Finite\\Lemmas.olean -i C:\\Users\\mmeadow\\Documents\\OpenEvolve\\Frontend\\rese\\lean4\\.lake\\packages\\mathlib\\.lake\\build\\lib\\lean\\Mathlib\\LinearAlgebra\\RootSystem\\Finite\\Lemmas.ilean -c C:\\Users\\mmeadow\\Documents\\OpenEvolve\\Frontend\\rese\\lean4\\.lake\\packages\\mathlib\\.lake\\build\\ir\\Mathlib\\LinearAlgebra\\RootSystem\\Finite\\Lemmas.c --setup C:\\Users\\mmeadow\\Documents\\OpenEvolve\\Frontend\\rese\\lean4\\.lake\\packages\\mathlib\\.lake\\build\\ir\\Mathlib\\LinearAlgebra\\RootSystem\\Finite\\Lemmas.setup.json --json",
   "level": "trace"}],
 "inputs":
 [["Mathlib.LinearAlgebra.RootSystem.Finite.Lemmas:deps",
   [["deps",
     [["mathlib/Mathlib:extraDep", [["@mathlib:extraDep", "00000000000006bb"]]],
      ["imports",
       [["Mathlib.LinearAlgebra.RootSystem.Finite.CanonicalBilinear transitive imports (public)",
         "2f59297a30dcfe92"],
        ["Mathlib.LinearAlgebra.RootSystem.Finite.CanonicalBilinear:importArts",
         "47be1809cc9469d2"],
        ["Mathlib.LinearAlgebra.RootSystem.Reduced transitive imports (public)",
         "f2a00adde101a57f"],
        ["Mathlib.LinearAlgebra.RootSystem.Reduced:importArts",
         "91aabc54ae42db76"],
        ["Mathlib.LinearAlgebra.RootSystem.Irreducible transitive imports (public)",
         "ef0eed6651ed9805"],
        ["Mathlib.LinearAlgebra.RootSystem.Irreducible:importArts",
         "aa2a0ccf143f5905"],
        ["Mathlib.Algebra.Ring.Torsion transitive imports (public)",
         "ff271b4329406742"],
        ["Mathlib.Algebra.Ring.Torsion:importArts", "fe50eabec55ddfee"]]]]],
    ["libs",
     [["import dynlibs", "00000000000006bb"],
      ["package external libraries", "00000000000006bb"],
      ["module dynlibs", "00000000000006bb"],
      ["module plugins", "00000000000006bb"]]]]],
  ["Lean 4.27.0, commit 2fcce7258eeb6e324366bc25f9058293b04b7547",
   "6f43b597efea5d4c"],
  ["C:\\Users\\mmeadow\\Documents\\OpenEvolve\\Frontend\\rese\\lean4\\.lake\\packages\\mathlib\\Mathlib\\LinearAlgebra\\RootSystem\\Finite\\Lemmas.lean",
   "87accbdc12adedfd"],
  ["options",
   [["-DmaxSynthPendingDepth=3", "c78e353d34de85d4"],
    ["-Dweak.linter.mathlibStandardSet=true", "8a155799906f2b42"],
    ["-Dweak.linter.checkInitImports=true", "cc899f26dd73bf81"],
    ["-Dweak.linter.style.header=true", "07ce48bb05b917ff"],
    ["-Dweak.linter.pythonStyle=true", "35186b2b2b67e319"],
    ["-Dweak.linter.style.longFile=1500", "d79864b112568ff5"],
    ["-Dpp.unicode.fun=true", "9b94070140457fab"],
    ["-Dweak.linter.allScriptsDocumented=true", "217af3ce76c25a94"],
    ["-DautoImplicit=false", "4a85acb881fd49d0"]]],
  ["Module.leanArgs: #[]", "00000000000006bb"]],
 "depHash": "2b8407effed26229"}