{"synthetic": false,
 "schemaVersion": "2025-09-10",
 "outputs":
 {"r": "d9b273b9aea10bde.ir",
  "o":
  ["8cbbbedc257566e2.olean",
   "30a2a36906d8be46.olean.server",
   "740a9ec150a275c2.olean.private"],
  "i": "0294f49f19f19b5b.ilean",
  "c": "bad971b5ac332945.c"},
 "log":
 [{"message":
   ".> LEAN_PATH=C:\\Users\\mmeadow\\Documents\\OpenEvolve\\Frontend\\rese\\lean4\\.lake\\packages\\Cli\\.lake\\build\\lib\\lean;C:\\Users\\mmeadow\\Documents\\OpenEvolve\\Frontend\\rese\\lean4\\.lake\\packages\\batteries\\.lake\\build\\lib\\lean;C:\\Users\\mmeadow\\Documents\\OpenEvolve\\Frontend\\rese\\lean4\\.lake\\packages\\Qq\\.lake\\build\\lib\\lean;C:\\Users\\mmeadow\\Documents\\OpenEvolve\\Frontend\\rese\\lean4\\.lake\\packages\\aesop\\.lake\\build\\lib\\lean;C:\\Users\\mmeadow\\Documents\\OpenEvolve\\Frontend\\rese\\lean4\\.lake\\packages\\proofwidgets\\.lake\\build\\lib\\lean;C:\\Users\\mmeadow\\Documents\\OpenEvolve\\Frontend\\rese\\lean4\\.lake\\packages\\importGraph\\.lake\\build\\lib\\lean;C:\\Users\\mmeadow\\Documents\\OpenEvolve\\Frontend\\rese\\lean4\\.lake\\packages\\LeanSearchClient\\.lake\\build\\lib\\lean;C:\\Users\\mmeadow\\Documents\\OpenEvolve\\Frontend\\rese\\lean4\\.lake\\packages\\plausible\\.lake\\build\\lib\\lean;C:\\Users\\mmeadow\\Documents\\OpenEvolve\\Frontend\\rese\\lean4\\.lake\\packages\\mathlib\\.lake\\build\\lib\\lean;C:\\Users\\mmeadow\\Documents\\OpenEvolve\\Frontend\\rese\\lean4\\.lake\\build\\lib\\lean c:\\Users\\mmeadow\\.elan\\toolchains\\leanprover--lean4---v4.27.0-rc1\\bin\\lean.exe C:\\Users\\mmeadow\\Documents\\OpenEvolve\\Frontend\\rese\\lean4\\.lake\\packages\\mathlib\\Mathlib\\LinearAlgebra\\RootSystem\\Finite\\Nondegenerate.lean -o C:\\Users\\mmeadow\\Documents\\OpenEvolve\\Frontend\\rese\\lean4\\.lake\\packages\\mathlib\\.lake\\build\\lib\\lean\\Mathlib\\LinearAlgebra\\RootSystem\\Finite\\Nondegenerate.olean -i C:\\Users\\mmeadow\\Documents\\OpenEvolve\\Frontend\\rese\\lean4\\.lake\\packages\\mathlib\\.lake\\build\\lib\\lean\\Mathlib\\LinearAlgebra\\RootSystem\\Finite\\Nondegenerate.ilean -c C:\\Users\\mmeadow\\Documents\\OpenEvolve\\Frontend\\rese\\lean4\\.lake\\packages\\mathlib\\.lake\\build\\ir\\Mathlib\\LinearAlgebra\\RootSystem\\Finite\\Nondegenerate.c --setup C:\\Users\\mmeadow\\Documents\\OpenEvolve\\Frontend\\rese\\lean4\\.lake\\packages\\mathlib\\.lake\\build\\ir\\Mathlib\\LinearAlgebra\\RootSystem\\Finite\\Nondegenerate.setup.json --json",
   "level": "trace"}],
 "inputs":
 [["Mathlib.LinearAlgebra.RootSystem.Finite.Nondegenerate:deps",
   [["deps",
     [["mathlib/Mathlib:extraDep", [["@mathlib:extraDep", "00000000000006bb"]]],
      ["imports",
       [["Mathlib.LinearAlgebra.BilinearForm.Basic transitive imports (public)",
         "98e150ebb74154dd"],
        ["Mathlib.LinearAlgebra.BilinearForm.Basic:importArts",
         "b3135083372dc580"],
        ["Mathlib.LinearAlgebra.BilinearForm.Orthogonal transitive imports (public)",
         "fd422eae8b77982a"],
        ["Mathlib.LinearAlgebra.BilinearForm.Orthogonal:importArts",
         "20bc62ac3c475f7c"],
        ["Mathlib.LinearAlgebra.Dimension.Localization transitive imports (public)",
         "b74e360e24147b6e"],
        ["Mathlib.LinearAlgebra.Dimension.Localization:importArts",
         "abe9a4230d548f1d"],
        ["Mathlib.LinearAlgebra.QuadraticForm.Basic transitive imports (public)",
         "772d99c0fff9dc1a"],
        ["Mathlib.LinearAlgebra.QuadraticForm.Basic:importArts",
         "481395f536339381"],
        ["Mathlib.LinearAlgebra.RootSystem.BaseChange transitive imports (public)",
         "1635c3504b0b646f"],
        ["Mathlib.LinearAlgebra.RootSystem.BaseChange:importArts",
         "ce9334b79c2bbe7e"],
        ["Mathlib.LinearAlgebra.RootSystem.Finite.CanonicalBilinear transitive imports (public)",
         "2f59297a30dcfe92"],
        ["Mathlib.LinearAlgebra.RootSystem.Finite.CanonicalBilinear:importArts",
         "47be1809cc9469d2"]]]]],
    ["libs",
     [["import dynlibs", "00000000000006bb"],
      ["package external libraries", "00000000000006bb"],
      ["module dynlibs", "00000000000006bb"],
      ["module plugins", "00000000000006bb"]]]]],
  ["Lean 4.27.0, commit 2fcce7258eeb6e324366bc25f9058293b04b7547",
   "6f43b597efea5d4c"],
  ["C:\\Users\\mmeadow\\Documents\\OpenEvolve\\Frontend\\rese\\lean4\\.lake\\packages\\mathlib\\Mathlib\\LinearAlgebra\\RootSystem\\Finite\\Nondegenerate.lean",
   "6529ec5568e988fe"],
  ["options",
   [["-DmaxSynthPendingDepth=3", "c78e353d34de85d4"],
    ["-Dweak.linter.mathlibStandardSet=true", "8a155799906f2b42"],
    ["-Dweak.linter.checkInitImports=true", "cc899f26dd73bf81"],
    ["-Dweak.linter.style.header=true", "07ce48bb05b917ff"],
    ["-Dweak.linter.pythonStyle=true", "35186b2b2b67e319"],
    ["-Dweak.linter.style.longFile=1500", "d79864b112568ff5"],
    ["-Dpp.unicode.fun=true", "9b94070140457fab"],
    ["-Dweak.linter.allScriptsDocumented=true", "217af3ce76c25a94"],
    ["-DautoImplicit=false", "4a85acb881fd49d0"]]],
  ["Module.leanArgs: #[]", "00000000000006bb"]],
 "depHash": "dea7698b186bd5b4"}