{"synthetic": false,
 "schemaVersion": "2025-09-10",
 "outputs":
 {"r": "77248bb2338b72ae.ir",
  "o":
  ["23b1fd048ebbb15d.olean",
   "a3e843f7fa8a61b5.olean.server",
   "1991ff193b26e365.olean.private"],
  "i": "69becc37818ffbbc.ilean",
  "c": "2b7829bdb07acb5d.c"},
 "log":
 [{"message":
   ".> LEAN_PATH=C:\\Users\\mmeadow\\Documents\\OpenEvolve\\Frontend\\rese\\lean4\\.lake\\packages\\Cli\\.lake\\build\\lib\\lean;C:\\Users\\mmeadow\\Documents\\OpenEvolve\\Frontend\\rese\\lean4\\.lake\\packages\\batteries\\.lake\\build\\lib\\lean;C:\\Users\\mmeadow\\Documents\\OpenEvolve\\Frontend\\rese\\lean4\\.lake\\packages\\Qq\\.lake\\build\\lib\\lean;C:\\Users\\mmeadow\\Documents\\OpenEvolve\\Frontend\\rese\\lean4\\.lake\\packages\\aesop\\.lake\\build\\lib\\lean;C:\\Users\\mmeadow\\Documents\\OpenEvolve\\Frontend\\rese\\lean4\\.lake\\packages\\proofwidgets\\.lake\\build\\lib\\lean;C:\\Users\\mmeadow\\Documents\\OpenEvolve\\Frontend\\rese\\lean4\\.lake\\packages\\importGraph\\.lake\\build\\lib\\lean;C:\\Users\\mmeadow\\Documents\\OpenEvolve\\Frontend\\rese\\lean4\\.lake\\packages\\LeanSearchClient\\.lake\\build\\lib\\lean;C:\\Users\\mmeadow\\Documents\\OpenEvolve\\Frontend\\rese\\lean4\\.lake\\packages\\plausible\\.lake\\build\\lib\\lean;C:\\Users\\mmeadow\\Documents\\OpenEvolve\\Frontend\\rese\\lean4\\.lake\\packages\\mathlib\\.lake\\build\\lib\\lean;C:\\Users\\mmeadow\\Documents\\OpenEvolve\\Frontend\\rese\\lean4\\.lake\\build\\lib\\lean c:\\Users\\mmeadow\\.elan\\toolchains\\leanprover--lean4---v4.27.0-rc1\\bin\\lean.exe C:\\Users\\mmeadow\\Documents\\OpenEvolve\\Frontend\\rese\\lean4\\.lake\\packages\\mathlib\\Mathlib\\Order\\Category\\NonemptyFinLinOrd.lean -o C:\\Users\\mmeadow\\Documents\\OpenEvolve\\Frontend\\rese\\lean4\\.lake\\packages\\mathlib\\.lake\\build\\lib\\lean\\Mathlib\\Order\\Category\\NonemptyFinLinOrd.olean -i C:\\Users\\mmeadow\\Documents\\OpenEvolve\\Frontend\\rese\\lean4\\.lake\\packages\\mathlib\\.lake\\build\\lib\\lean\\Mathlib\\Order\\Category\\NonemptyFinLinOrd.ilean -c C:\\Users\\mmeadow\\Documents\\OpenEvolve\\Frontend\\rese\\lean4\\.lake\\packages\\mathlib\\.lake\\build\\ir\\Mathlib\\Order\\Category\\NonemptyFinLinOrd.c --setup C:\\Users\\mmeadow\\Documents\\OpenEvolve\\Frontend\\rese\\lean4\\.lake\\packages\\mathlib\\.lake\\build\\ir\\Mathlib\\Order\\Category\\NonemptyFinLinOrd.setup.json --json",
   "level": "trace"}],
 "inputs":
 [["Mathlib.Order.Category.NonemptyFinLinOrd:deps",
   [["deps",
     [["mathlib/Mathlib:extraDep", [["@mathlib:extraDep", "00000000000006bb"]]],
      ["imports",
       [["Mathlib.CategoryTheory.ConcreteCategory.EpiMono transitive imports (public)",
         "d67433dfab5f9bb8"],
        ["Mathlib.CategoryTheory.ConcreteCategory.EpiMono:importArts",
         "d34dcc6ac4a3dd02"],
        ["Mathlib.CategoryTheory.Limits.Shapes.Images transitive imports (public)",
         "dee5fe169302f86f"],
        ["Mathlib.CategoryTheory.Limits.Shapes.Images:importArts",
         "fd4aa94067444dc1"],
        ["Mathlib.CategoryTheory.Limits.Shapes.RegularMono transitive imports (public)",
         "436bf1e2b94278ce"],
        ["Mathlib.CategoryTheory.Limits.Shapes.RegularMono:importArts",
         "3fbb199efeead24c"],
        ["Mathlib.Data.Fintype.Order transitive imports (public)",
         "bcef730564882ad4"],
        ["Mathlib.Data.Fintype.Order:importArts", "b1a3d2030812f0b2"],
        ["Mathlib.Data.Set.Subsingleton transitive imports (public)",
         "6a9908cfaa69e873"],
        ["Mathlib.Data.Set.Subsingleton:importArts", "387a1695c58ceebc"],
        ["Mathlib.Order.Category.FinPartOrd transitive imports (public)",
         "9c52855e8dd1c118"],
        ["Mathlib.Order.Category.FinPartOrd:importArts", "348477aacce986d4"],
        ["Mathlib.Order.Category.LinOrd transitive imports (public)",
         "cb5ae0cd0cef2f8b"],
        ["Mathlib.Order.Category.LinOrd:importArts", "dd8b5dd1397dadb6"]]]]],
    ["libs",
     [["import dynlibs", "00000000000006bb"],
      ["package external libraries", "00000000000006bb"],
      ["module dynlibs", "00000000000006bb"],
      ["module plugins", "00000000000006bb"]]]]],
  ["Lean 4.27.0, commit 2fcce7258eeb6e324366bc25f9058293b04b7547",
   "6f43b597efea5d4c"],
  ["C:\\Users\\mmeadow\\Documents\\OpenEvolve\\Frontend\\rese\\lean4\\.lake\\packages\\mathlib\\Mathlib\\Order\\Category\\NonemptyFinLinOrd.lean",
   "c3ac6cdbd6a241b0"],
  ["options",
   [["-DmaxSynthPendingDepth=3", "c78e353d34de85d4"],
    ["-Dweak.linter.mathlibStandardSet=true", "8a155799906f2b42"],
    ["-Dweak.linter.checkInitImports=true", "cc899f26dd73bf81"],
    ["-Dweak.linter.style.header=true", "07ce48bb05b917ff"],
    ["-Dweak.linter.pythonStyle=true", "35186b2b2b67e319"],
    ["-Dweak.linter.style.longFile=1500", "d79864b112568ff5"],
    ["-Dpp.unicode.fun=true", "9b94070140457fab"],
    ["-Dweak.linter.allScriptsDocumented=true", "217af3ce76c25a94"],
    ["-DautoImplicit=false", "4a85acb881fd49d0"]]],
  ["Module.leanArgs: #[]", "00000000000006bb"]],
 "depHash": "47c678e8df74764c"}