{"synthetic": false,
 "schemaVersion": "2025-09-10",
 "outputs":
 {"r": "eef9d8b028fb63f9.ir",
  "o":
  ["c49cd1e7f1579b3f.olean",
   "cd3f15d686926f81.olean.server",
   "e74cdfcb3917f9da.olean.private"],
  "i": "40e61278fcab0686.ilean",
  "c": "4492a19fa8176ccd.c"},
 "log":
 [{"message":
   ".> LEAN_PATH=C:\\Users\\mmeadow\\Documents\\OpenEvolve\\Frontend\\rese\\lean4\\.lake\\packages\\Cli\\.lake\\build\\lib\\lean;C:\\Users\\mmeadow\\Documents\\OpenEvolve\\Frontend\\rese\\lean4\\.lake\\packages\\batteries\\.lake\\build\\lib\\lean;C:\\Users\\mmeadow\\Documents\\OpenEvolve\\Frontend\\rese\\lean4\\.lake\\packages\\Qq\\.lake\\build\\lib\\lean;C:\\Users\\mmeadow\\Documents\\OpenEvolve\\Frontend\\rese\\lean4\\.lake\\packages\\aesop\\.lake\\build\\lib\\lean;C:\\Users\\mmeadow\\Documents\\OpenEvolve\\Frontend\\rese\\lean4\\.lake\\packages\\proofwidgets\\.lake\\build\\lib\\lean;C:\\Users\\mmeadow\\Documents\\OpenEvolve\\Frontend\\rese\\lean4\\.lake\\packages\\importGraph\\.lake\\build\\lib\\lean;C:\\Users\\mmeadow\\Documents\\OpenEvolve\\Frontend\\rese\\lean4\\.lake\\packages\\LeanSearchClient\\.lake\\build\\lib\\lean;C:\\Users\\mmeadow\\Documents\\OpenEvolve\\Frontend\\rese\\lean4\\.lake\\packages\\plausible\\.lake\\build\\lib\\lean;C:\\Users\\mmeadow\\Documents\\OpenEvolve\\Frontend\\rese\\lean4\\.lake\\packages\\mathlib\\.lake\\build\\lib\\lean;C:\\Users\\mmeadow\\Documents\\OpenEvolve\\Frontend\\rese\\lean4\\.lake\\build\\lib\\lean c:\\Users\\mmeadow\\.elan\\toolchains\\leanprover--lean4---v4.27.0-rc1\\bin\\lean.exe C:\\Users\\mmeadow\\Documents\\OpenEvolve\\Frontend\\rese\\lean4\\.lake\\packages\\mathlib\\Mathlib\\LinearAlgebra\\Reflection.lean -o C:\\Users\\mmeadow\\Documents\\OpenEvolve\\Frontend\\rese\\lean4\\.lake\\packages\\mathlib\\.lake\\build\\lib\\lean\\Mathlib\\LinearAlgebra\\Reflection.olean -i C:\\Users\\mmeadow\\Documents\\OpenEvolve\\Frontend\\rese\\lean4\\.lake\\packages\\mathlib\\.lake\\build\\lib\\lean\\Mathlib\\LinearAlgebra\\Reflection.ilean -c C:\\Users\\mmeadow\\Documents\\OpenEvolve\\Frontend\\rese\\lean4\\.lake\\packages\\mathlib\\.lake\\build\\ir\\Mathlib\\LinearAlgebra\\Reflection.c --setup C:\\Users\\mmeadow\\Documents\\OpenEvolve\\Frontend\\rese\\lean4\\.lake\\packages\\mathlib\\.lake\\build\\ir\\Mathlib\\LinearAlgebra\\Reflection.setup.json --json",
   "level": "trace"}],
 "inputs":
 [["Mathlib.LinearAlgebra.Reflection:deps",
   [["deps",
     [["mathlib/Mathlib:extraDep", [["@mathlib:extraDep", "00000000000006bb"]]],
      ["imports",
       [["Mathlib.Algebra.EuclideanDomain.Basic transitive imports (public)",
         "a36fce8b082326bd"],
        ["Mathlib.Algebra.EuclideanDomain.Basic:importArts",
         "ef82fb892c7df862"],
        ["Mathlib.Algebra.EuclideanDomain.Int transitive imports (public)",
         "1654f6a4b3bba0e5"],
        ["Mathlib.Algebra.EuclideanDomain.Int:importArts", "6278f28cf8d3b5e0"],
        ["Mathlib.Algebra.Module.LinearMap.Basic transitive imports (public)",
         "81833ae45c8e63bc"],
        ["Mathlib.Algebra.Module.LinearMap.Basic:importArts",
         "7951dfe9453deff4"],
        ["Mathlib.Algebra.Module.Submodule.Invariant transitive imports (public)",
         "606aca33c13f1d4a"],
        ["Mathlib.Algebra.Module.Submodule.Invariant:importArts",
         "e70fa4bdc6d4271f"],
        ["Mathlib.Algebra.Module.Torsion.Basic transitive imports (public)",
         "7d7d2263a7ebb9f2"],
        ["Mathlib.Algebra.Module.Torsion.Basic:importArts", "d3e40c124726ef7b"],
        ["Mathlib.GroupTheory.OrderOfElement transitive imports (public)",
         "726c3404ed03a843"],
        ["Mathlib.GroupTheory.OrderOfElement:importArts", "55191f0fef6dc904"],
        ["Mathlib.LinearAlgebra.Dual.Defs transitive imports (public)",
         "8cb9b4d309b5eee7"],
        ["Mathlib.LinearAlgebra.Dual.Defs:importArts", "75dd401ca2fc7d3a"],
        ["Mathlib.LinearAlgebra.FiniteSpan transitive imports (public)",
         "21e18cbf34e03e9f"],
        ["Mathlib.LinearAlgebra.FiniteSpan:importArts", "bbe8c6a64bd49d6a"],
        ["Mathlib.RingTheory.Polynomial.Chebyshev transitive imports (public)",
         "9c125377581829e7"],
        ["Mathlib.RingTheory.Polynomial.Chebyshev:importArts",
         "1db1b76b9abb9f06"]]]]],
    ["libs",
     [["import dynlibs", "00000000000006bb"],
      ["package external libraries", "00000000000006bb"],
      ["module dynlibs", "00000000000006bb"],
      ["module plugins", "00000000000006bb"]]]]],
  ["Lean 4.27.0, commit 2fcce7258eeb6e324366bc25f9058293b04b7547",
   "6f43b597efea5d4c"],
  ["C:\\Users\\mmeadow\\Documents\\OpenEvolve\\Frontend\\rese\\lean4\\.lake\\packages\\mathlib\\Mathlib\\LinearAlgebra\\Reflection.lean",
   "fb39d9366168c444"],
  ["options",
   [["-DmaxSynthPendingDepth=3", "c78e353d34de85d4"],
    ["-Dweak.linter.mathlibStandardSet=true", "8a155799906f2b42"],
    ["-Dweak.linter.checkInitImports=true", "cc899f26dd73bf81"],
    ["-Dweak.linter.style.header=true", "07ce48bb05b917ff"],
    ["-Dweak.linter.pythonStyle=true", "35186b2b2b67e319"],
    ["-Dweak.linter.style.longFile=1500", "d79864b112568ff5"],
    ["-Dpp.unicode.fun=true", "9b94070140457fab"],
    ["-Dweak.linter.allScriptsDocumented=true", "217af3ce76c25a94"],
    ["-DautoImplicit=false", "4a85acb881fd49d0"]]],
  ["Module.leanArgs: #[]", "00000000000006bb"]],
 "depHash": "ae0fa11fa0547f62"}