{"synthetic": false,
 "schemaVersion": "2025-09-10",
 "outputs":
 {"r": "eadc5e27685483d6.ir",
  "o":
  ["b8588adaf6cdf163.olean",
   "46873ed11fe1519f.olean.server",
   "9409a1a37adb5416.olean.private"],
  "i": "cfbbae1d662fecb8.ilean",
  "c": "442fe752195c3296.c"},
 "log":
 [{"message":
   ".> LEAN_PATH=C:\\Users\\mmeadow\\Documents\\OpenEvolve\\Frontend\\rese\\lean4\\.lake\\packages\\Cli\\.lake\\build\\lib\\lean;C:\\Users\\mmeadow\\Documents\\OpenEvolve\\Frontend\\rese\\lean4\\.lake\\packages\\batteries\\.lake\\build\\lib\\lean;C:\\Users\\mmeadow\\Documents\\OpenEvolve\\Frontend\\rese\\lean4\\.lake\\packages\\Qq\\.lake\\build\\lib\\lean;C:\\Users\\mmeadow\\Documents\\OpenEvolve\\Frontend\\rese\\lean4\\.lake\\packages\\aesop\\.lake\\build\\lib\\lean;C:\\Users\\mmeadow\\Documents\\OpenEvolve\\Frontend\\rese\\lean4\\.lake\\packages\\proofwidgets\\.lake\\build\\lib\\lean;C:\\Users\\mmeadow\\Documents\\OpenEvolve\\Frontend\\rese\\lean4\\.lake\\packages\\importGraph\\.lake\\build\\lib\\lean;C:\\Users\\mmeadow\\Documents\\OpenEvolve\\Frontend\\rese\\lean4\\.lake\\packages\\LeanSearchClient\\.lake\\build\\lib\\lean;C:\\Users\\mmeadow\\Documents\\OpenEvolve\\Frontend\\rese\\lean4\\.lake\\packages\\plausible\\.lake\\build\\lib\\lean;C:\\Users\\mmeadow\\Documents\\OpenEvolve\\Frontend\\rese\\lean4\\.lake\\packages\\mathlib\\.lake\\build\\lib\\lean;C:\\Users\\mmeadow\\Documents\\OpenEvolve\\Frontend\\rese\\lean4\\.lake\\build\\lib\\lean c:\\Users\\mmeadow\\.elan\\toolchains\\leanprover--lean4---v4.27.0-rc1\\bin\\lean.exe C:\\Users\\mmeadow\\Documents\\OpenEvolve\\Frontend\\rese\\lean4\\.lake\\packages\\aesop\\Aesop\\Search\\Expansion\\Norm.lean -o C:\\Users\\mmeadow\\Documents\\OpenEvolve\\Frontend\\rese\\lean4\\.lake\\packages\\aesop\\.lake\\build\\lib\\lean\\Aesop\\Search\\Expansion\\Norm.olean -i C:\\Users\\mmeadow\\Documents\\OpenEvolve\\Frontend\\rese\\lean4\\.lake\\packages\\aesop\\.lake\\build\\lib\\lean\\Aesop\\Search\\Expansion\\Norm.ilean -c C:\\Users\\mmeadow\\Documents\\OpenEvolve\\Frontend\\rese\\lean4\\.lake\\packages\\aesop\\.lake\\build\\ir\\Aesop\\Search\\Expansion\\Norm.c --setup C:\\Users\\mmeadow\\Documents\\OpenEvolve\\Frontend\\rese\\lean4\\.lake\\packages\\aesop\\.lake\\build\\ir\\Aesop\\Search\\Expansion\\Norm.setup.json --json",
   "level": "trace"}],
 "inputs":
 [["Aesop.Search.Expansion.Norm:deps",
   [["deps",
     [["aesop/Aesop:extraDep", [["@aesop:extraDep", "00000000000006bb"]]],
      ["imports",
       [["Aesop.Forward.State.ApplyGoalDiff transitive imports (public)",
         "fc6c0f727d04e39d"],
        ["Aesop.Forward.State.ApplyGoalDiff:importArts", "fa0943362470e89a"],
        ["Aesop.RuleTac transitive imports (public)", "ae76c32627171bfb"],
        ["Aesop.RuleTac:importArts", "8d3e186fc631542e"],
        ["Aesop.RuleTac.ElabRuleTerm transitive imports (public)",
         "823001b4200ce28f"],
        ["Aesop.RuleTac.ElabRuleTerm:importArts", "b9397f7c3feb6f25"],
        ["Aesop.Script.SpecificTactics transitive imports (public)",
         "4682b6695e5dd072"],
        ["Aesop.Script.SpecificTactics:importArts", "acf8e4c2f1025e15"],
        ["Aesop.Search.Expansion.Basic transitive imports (public)",
         "368d46bf820d8ef2"],
        ["Aesop.Search.Expansion.Basic:importArts", "a28cb2d05be60b23"],
        ["Aesop.Search.Expansion.Simp transitive imports (public)",
         "00000000000006bb"],
        ["Aesop.Search.Expansion.Simp:importArts", "c568fc8c8a7d0e2b"],
        ["Aesop.Search.RuleSelection transitive imports (public)",
         "5cbaf55e59cbdc3e"],
        ["Aesop.Search.RuleSelection:importArts", "85a9ece675634ae9"],
        ["Aesop.Search.SearchM transitive imports (public)",
         "e0468528a49e9f14"],
        ["Aesop.Search.SearchM:importArts", "a717ff87dbaba522"],
        ["Aesop.Tree.State transitive imports (public)", "7ddf956a4fdfaa8f"],
        ["Aesop.Tree.State:importArts", "5a84dc0e44726315"],
        ["Batteries.Lean.HashSet transitive imports (public)",
         "00000000000006bb"],
        ["Batteries.Lean.HashSet:importArts", "32c6a239de4bc869"]]]]]]],
  ["Lean 4.27.0, commit 2fcce7258eeb6e324366bc25f9058293b04b7547",
   "6f43b597efea5d4c"],
  ["C:\\Users\\mmeadow\\Documents\\OpenEvolve\\Frontend\\rese\\lean4\\.lake\\packages\\aesop\\Aesop\\Search\\Expansion\\Norm.lean",
   "d2e1e55d94cc88e7"],
  ["options", "00000000000006bb"],
  ["Module.leanArgs: #[]", "00000000000006bb"]],
 "depHash": "e7b7ea6d12e257fd"}