{"synthetic": false,
 "schemaVersion": "2025-09-10",
 "outputs":
 {"r": "040f4cd4ec9c11d8.ir",
  "o":
  ["28d16de469b9aa7a.olean",
   "a60e9bedd9834533.olean.server",
   "45bee81c66c0c5f3.olean.private"],
  "i": "adf712f0d5af55bb.ilean",
  "c": "90d957f0fe86f85d.c"},
 "log":
 [{"message":
   ".> LEAN_PATH=C:\\Users\\mmeadow\\Documents\\OpenEvolve\\Frontend\\rese\\lean4\\.lake\\packages\\Cli\\.lake\\build\\lib\\lean;C:\\Users\\mmeadow\\Documents\\OpenEvolve\\Frontend\\rese\\lean4\\.lake\\packages\\batteries\\.lake\\build\\lib\\lean;C:\\Users\\mmeadow\\Documents\\OpenEvolve\\Frontend\\rese\\lean4\\.lake\\packages\\Qq\\.lake\\build\\lib\\lean;C:\\Users\\mmeadow\\Documents\\OpenEvolve\\Frontend\\rese\\lean4\\.lake\\packages\\aesop\\.lake\\build\\lib\\lean;C:\\Users\\mmeadow\\Documents\\OpenEvolve\\Frontend\\rese\\lean4\\.lake\\packages\\proofwidgets\\.lake\\build\\lib\\lean;C:\\Users\\mmeadow\\Documents\\OpenEvolve\\Frontend\\rese\\lean4\\.lake\\packages\\importGraph\\.lake\\build\\lib\\lean;C:\\Users\\mmeadow\\Documents\\OpenEvolve\\Frontend\\rese\\lean4\\.lake\\packages\\LeanSearchClient\\.lake\\build\\lib\\lean;C:\\Users\\mmeadow\\Documents\\OpenEvolve\\Frontend\\rese\\lean4\\.lake\\packages\\plausible\\.lake\\build\\lib\\lean;C:\\Users\\mmeadow\\Documents\\OpenEvolve\\Frontend\\rese\\lean4\\.lake\\packages\\mathlib\\.lake\\build\\lib\\lean;C:\\Users\\mmeadow\\Documents\\OpenEvolve\\Frontend\\rese\\lean4\\.lake\\build\\lib\\lean c:\\Users\\mmeadow\\.elan\\toolchains\\leanprover--lean4---v4.27.0-rc1\\bin\\lean.exe C:\\Users\\mmeadow\\Documents\\OpenEvolve\\Frontend\\rese\\lean4\\.lake\\packages\\mathlib\\Mathlib\\Data\\Nat\\Digits\\Lemmas.lean -o C:\\Users\\mmeadow\\Documents\\OpenEvolve\\Frontend\\rese\\lean4\\.lake\\packages\\mathlib\\.lake\\build\\lib\\lean\\Mathlib\\Data\\Nat\\Digits\\Lemmas.olean -i C:\\Users\\mmeadow\\Documents\\OpenEvolve\\Frontend\\rese\\lean4\\.lake\\packages\\mathlib\\.lake\\build\\lib\\lean\\Mathlib\\Data\\Nat\\Digits\\Lemmas.ilean -c C:\\Users\\mmeadow\\Documents\\OpenEvolve\\Frontend\\rese\\lean4\\.lake\\packages\\mathlib\\.lake\\build\\ir\\Mathlib\\Data\\Nat\\Digits\\Lemmas.c --setup C:\\Users\\mmeadow\\Documents\\OpenEvolve\\Frontend\\rese\\lean4\\.lake\\packages\\mathlib\\.lake\\build\\ir\\Mathlib\\Data\\Nat\\Digits\\Lemmas.setup.json --json",
   "level": "trace"}],
 "inputs":
 [["Mathlib.Data.Nat.Digits.Lemmas:deps",
   [["deps",
     [["mathlib/Mathlib:extraDep", [["@mathlib:extraDep", "00000000000006bb"]]],
      ["imports",
       [["Mathlib.Algebra.BigOperators.Intervals transitive imports (public)",
         "55331c51a696d69b"],
        ["Mathlib.Algebra.BigOperators.Intervals:importArts",
         "2b722f508701af47"],
        ["Mathlib.Algebra.BigOperators.Ring.List transitive imports (public)",
         "7e56af0408383356"],
        ["Mathlib.Algebra.BigOperators.Ring.List:importArts",
         "ccc54d3f12084b72"],
        ["Mathlib.Data.Int.ModEq transitive imports (public)",
         "1c6b1a7156db5da7"],
        ["Mathlib.Data.Int.ModEq:importArts", "55aaec6abc5f0e81"],
        ["Mathlib.Data.Nat.Bits transitive imports (public)",
         "0849419df327c77b"],
        ["Mathlib.Data.Nat.Bits:importArts", "02fc68f0c92f5c12"],
        ["Mathlib.Data.Nat.Log transitive imports (public)",
         "edbe08d487b35270"],
        ["Mathlib.Data.Nat.Log:importArts", "aab10afb0db24b9d"],
        ["Mathlib.Tactic.IntervalCases transitive imports (public)",
         "a39c8ddc94cb3a7f"],
        ["Mathlib.Tactic.IntervalCases:importArts", "adc03c84515fbf45"],
        ["Mathlib.Data.Nat.Digits.Defs transitive imports (public)",
         "741e63a6c48b2d0b"],
        ["Mathlib.Data.Nat.Digits.Defs:importArts", "0783a3eda067aa69"]]]]],
    ["libs",
     [["import dynlibs", "00000000000006bb"],
      ["package external libraries", "00000000000006bb"],
      ["module dynlibs", "00000000000006bb"],
      ["module plugins", "00000000000006bb"]]]]],
  ["Lean 4.27.0, commit 2fcce7258eeb6e324366bc25f9058293b04b7547",
   "6f43b597efea5d4c"],
  ["C:\\Users\\mmeadow\\Documents\\OpenEvolve\\Frontend\\rese\\lean4\\.lake\\packages\\mathlib\\Mathlib\\Data\\Nat\\Digits\\Lemmas.lean",
   "388daa5c743f55e6"],
  ["options",
   [["-DmaxSynthPendingDepth=3", "c78e353d34de85d4"],
    ["-Dweak.linter.mathlibStandardSet=true", "8a155799906f2b42"],
    ["-Dweak.linter.checkInitImports=true", "cc899f26dd73bf81"],
    ["-Dweak.linter.style.header=true", "07ce48bb05b917ff"],
    ["-Dweak.linter.pythonStyle=true", "35186b2b2b67e319"],
    ["-Dweak.linter.style.longFile=1500", "d79864b112568ff5"],
    ["-Dpp.unicode.fun=true", "9b94070140457fab"],
    ["-Dweak.linter.allScriptsDocumented=true", "217af3ce76c25a94"],
    ["-DautoImplicit=false", "4a85acb881fd49d0"]]],
  ["Module.leanArgs: #[]", "00000000000006bb"]],
 "depHash": "0c0ee4acaad20b8d"}