{"synthetic": false,
 "schemaVersion": "2025-09-10",
 "outputs":
 {"r": "88ffa1daf75a5b30.ir",
  "o":
  ["23cf42594b3730d9.olean",
   "25082dbdbf5daae3.olean.server",
   "577999a29f1d31be.olean.private"],
  "i": "8271df591b852fb6.ilean",
  "c": "6ccbfedc022ed505.c"},
 "log":
 [{"message":
   ".> LEAN_PATH=C:\\Users\\mmeadow\\Documents\\OpenEvolve\\Frontend\\rese\\lean4\\.lake\\packages\\Cli\\.lake\\build\\lib\\lean;C:\\Users\\mmeadow\\Documents\\OpenEvolve\\Frontend\\rese\\lean4\\.lake\\packages\\batteries\\.lake\\build\\lib\\lean;C:\\Users\\mmeadow\\Documents\\OpenEvolve\\Frontend\\rese\\lean4\\.lake\\packages\\Qq\\.lake\\build\\lib\\lean;C:\\Users\\mmeadow\\Documents\\OpenEvolve\\Frontend\\rese\\lean4\\.lake\\packages\\aesop\\.lake\\build\\lib\\lean;C:\\Users\\mmeadow\\Documents\\OpenEvolve\\Frontend\\rese\\lean4\\.lake\\packages\\proofwidgets\\.lake\\build\\lib\\lean;C:\\Users\\mmeadow\\Documents\\OpenEvolve\\Frontend\\rese\\lean4\\.lake\\packages\\importGraph\\.lake\\build\\lib\\lean;C:\\Users\\mmeadow\\Documents\\OpenEvolve\\Frontend\\rese\\lean4\\.lake\\packages\\LeanSearchClient\\.lake\\build\\lib\\lean;C:\\Users\\mmeadow\\Documents\\OpenEvolve\\Frontend\\rese\\lean4\\.lake\\packages\\plausible\\.lake\\build\\lib\\lean;C:\\Users\\mmeadow\\Documents\\OpenEvolve\\Frontend\\rese\\lean4\\.lake\\packages\\mathlib\\.lake\\build\\lib\\lean;C:\\Users\\mmeadow\\Documents\\OpenEvolve\\Frontend\\rese\\lean4\\.lake\\build\\lib\\lean c:\\Users\\mmeadow\\.elan\\toolchains\\leanprover--lean4---v4.27.0-rc1\\bin\\lean.exe C:\\Users\\mmeadow\\Documents\\OpenEvolve\\Frontend\\rese\\lean4\\.lake\\packages\\mathlib\\Mathlib\\Order\\CompactlyGenerated\\Basic.lean -o C:\\Users\\mmeadow\\Documents\\OpenEvolve\\Frontend\\rese\\lean4\\.lake\\packages\\mathlib\\.lake\\build\\lib\\lean\\Mathlib\\Order\\CompactlyGenerated\\Basic.olean -i C:\\Users\\mmeadow\\Documents\\OpenEvolve\\Frontend\\rese\\lean4\\.lake\\packages\\mathlib\\.lake\\build\\lib\\lean\\Mathlib\\Order\\CompactlyGenerated\\Basic.ilean -c C:\\Users\\mmeadow\\Documents\\OpenEvolve\\Frontend\\rese\\lean4\\.lake\\packages\\mathlib\\.lake\\build\\ir\\Mathlib\\Order\\CompactlyGenerated\\Basic.c --setup C:\\Users\\mmeadow\\Documents\\OpenEvolve\\Frontend\\rese\\lean4\\.lake\\packages\\mathlib\\.lake\\build\\ir\\Mathlib\\Order\\CompactlyGenerated\\Basic.setup.json --json",
   "level": "trace"}],
 "inputs":
 [["Mathlib.Order.CompactlyGenerated.Basic:deps",
   [["deps",
     [["mathlib/Mathlib:extraDep", [["@mathlib:extraDep", "00000000000006bb"]]],
      ["imports",
       [["Mathlib.Order.Atoms transitive imports (public)", "0316e647eadab006"],
        ["Mathlib.Order.Atoms:importArts", "413efc6afe1700d0"],
        ["Mathlib.Order.OrderIsoNat transitive imports (public)",
         "525395cf9ff70fe8"],
        ["Mathlib.Order.OrderIsoNat:importArts", "049ecac88886411f"],
        ["Mathlib.Order.RelIso.Set transitive imports (public)",
         "faad136729fbb7c4"],
        ["Mathlib.Order.RelIso.Set:importArts", "68c40113dad875f1"],
        ["Mathlib.Order.SupClosed transitive imports (public)",
         "221e95474e3d8988"],
        ["Mathlib.Order.SupClosed:importArts", "565c694536f7ba5e"],
        ["Mathlib.Order.SupIndep transitive imports (public)",
         "c7b15b8128d95deb"],
        ["Mathlib.Order.SupIndep:importArts", "b534ea311123e2d6"],
        ["Mathlib.Order.Zorn transitive imports (public)", "ffa6be90821fa08c"],
        ["Mathlib.Order.Zorn:importArts", "4f1287f9d0d0aea3"],
        ["Mathlib.Data.Finset.Order transitive imports (public)",
         "67f7e655dd22889d"],
        ["Mathlib.Data.Finset.Order:importArts", "30972998fc29f4b3"],
        ["Mathlib.Order.Interval.Set.OrderIso transitive imports (public)",
         "f4aee0ebadac307d"],
        ["Mathlib.Order.Interval.Set.OrderIso:importArts", "8ef018b86f8252be"],
        ["Mathlib.Data.Finite.Set transitive imports (public)",
         "187e58230b7d5429"],
        ["Mathlib.Data.Finite.Set:importArts", "55d15bf557085bde"],
        ["Mathlib.Tactic.TFAE transitive imports (public)", "d678ae43f6b75dde"],
        ["Mathlib.Tactic.TFAE:importArts", "34f84d0be3fc71a5"]]]]],
    ["libs",
     [["import dynlibs", "00000000000006bb"],
      ["package external libraries", "00000000000006bb"],
      ["module dynlibs", "00000000000006bb"],
      ["module plugins", "00000000000006bb"]]]]],
  ["Lean 4.27.0, commit 2fcce7258eeb6e324366bc25f9058293b04b7547",
   "6f43b597efea5d4c"],
  ["C:\\Users\\mmeadow\\Documents\\OpenEvolve\\Frontend\\rese\\lean4\\.lake\\packages\\mathlib\\Mathlib\\Order\\CompactlyGenerated\\Basic.lean",
   "f13fc3a7daa7594a"],
  ["options",
   [["-DmaxSynthPendingDepth=3", "c78e353d34de85d4"],
    ["-Dweak.linter.mathlibStandardSet=true", "8a155799906f2b42"],
    ["-Dweak.linter.checkInitImports=true", "cc899f26dd73bf81"],
    ["-Dweak.linter.style.header=true", "07ce48bb05b917ff"],
    ["-Dweak.linter.pythonStyle=true", "35186b2b2b67e319"],
    ["-Dweak.linter.style.longFile=1500", "d79864b112568ff5"],
    ["-Dpp.unicode.fun=true", "9b94070140457fab"],
    ["-Dweak.linter.allScriptsDocumented=true", "217af3ce76c25a94"],
    ["-DautoImplicit=false", "4a85acb881fd49d0"]]],
  ["Module.leanArgs: #[]", "00000000000006bb"]],
 "depHash": "120ab21b7c065d89"}