{"synthetic": false,
 "schemaVersion": "2025-09-10",
 "outputs":
 {"r": "e61195036bd6c87d.ir",
  "o":
  ["4e8af885e921701a.olean",
   "13fe6c92b31cb8f8.olean.server",
   "4033c25e78debeda.olean.private"],
  "i": "f61d0b0ef9131b0c.ilean",
  "c": "6926931da70a47a8.c"},
 "log":
 [{"message":
   ".> LEAN_PATH=C:\\Users\\mmeadow\\Documents\\OpenEvolve\\Frontend\\rese\\lean4\\.lake\\packages\\Cli\\.lake\\build\\lib\\lean;C:\\Users\\mmeadow\\Documents\\OpenEvolve\\Frontend\\rese\\lean4\\.lake\\packages\\batteries\\.lake\\build\\lib\\lean;C:\\Users\\mmeadow\\Documents\\OpenEvolve\\Frontend\\rese\\lean4\\.lake\\packages\\Qq\\.lake\\build\\lib\\lean;C:\\Users\\mmeadow\\Documents\\OpenEvolve\\Frontend\\rese\\lean4\\.lake\\packages\\aesop\\.lake\\build\\lib\\lean;C:\\Users\\mmeadow\\Documents\\OpenEvolve\\Frontend\\rese\\lean4\\.lake\\packages\\proofwidgets\\.lake\\build\\lib\\lean;C:\\Users\\mmeadow\\Documents\\OpenEvolve\\Frontend\\rese\\lean4\\.lake\\packages\\importGraph\\.lake\\build\\lib\\lean;C:\\Users\\mmeadow\\Documents\\OpenEvolve\\Frontend\\rese\\lean4\\.lake\\packages\\LeanSearchClient\\.lake\\build\\lib\\lean;C:\\Users\\mmeadow\\Documents\\OpenEvolve\\Frontend\\rese\\lean4\\.lake\\packages\\plausible\\.lake\\build\\lib\\lean;C:\\Users\\mmeadow\\Documents\\OpenEvolve\\Frontend\\rese\\lean4\\.lake\\packages\\mathlib\\.lake\\build\\lib\\lean;C:\\Users\\mmeadow\\Documents\\OpenEvolve\\Frontend\\rese\\lean4\\.lake\\build\\lib\\lean c:\\Users\\mmeadow\\.elan\\toolchains\\leanprover--lean4---v4.27.0-rc1\\bin\\lean.exe C:\\Users\\mmeadow\\Documents\\OpenEvolve\\Frontend\\rese\\lean4\\.lake\\packages\\mathlib\\Mathlib\\Algebra\\Algebra\\Basic.lean -o C:\\Users\\mmeadow\\Documents\\OpenEvolve\\Frontend\\rese\\lean4\\.lake\\packages\\mathlib\\.lake\\build\\lib\\lean\\Mathlib\\Algebra\\Algebra\\Basic.olean -i C:\\Users\\mmeadow\\Documents\\OpenEvolve\\Frontend\\rese\\lean4\\.lake\\packages\\mathlib\\.lake\\build\\lib\\lean\\Mathlib\\Algebra\\Algebra\\Basic.ilean -c C:\\Users\\mmeadow\\Documents\\OpenEvolve\\Frontend\\rese\\lean4\\.lake\\packages\\mathlib\\.lake\\build\\ir\\Mathlib\\Algebra\\Algebra\\Basic.c --setup C:\\Users\\mmeadow\\Documents\\OpenEvolve\\Frontend\\rese\\lean4\\.lake\\packages\\mathlib\\.lake\\build\\ir\\Mathlib\\Algebra\\Algebra\\Basic.setup.json --json",
   "level": "trace"}],
 "inputs":
 [["Mathlib.Algebra.Algebra.Basic:deps",
   [["deps",
     [["mathlib/Mathlib:extraDep", [["@mathlib:extraDep", "00000000000006bb"]]],
      ["imports",
       [["Mathlib.Algebra.Algebra.Defs transitive imports (public)",
         "5fc3fac1d91e3cd9"],
        ["Mathlib.Algebra.Algebra.Defs:importArts", "dd2238b73753aad2"],
        ["Mathlib.Algebra.Module.Equiv.Basic transitive imports (public)",
         "cae6fabd7a524bd0"],
        ["Mathlib.Algebra.Module.Equiv.Basic:importArts", "df48004956ace4dc"],
        ["Mathlib.Algebra.Module.Submodule.Ker transitive imports (public)",
         "d91c1b2b08a560ed"],
        ["Mathlib.Algebra.Module.Submodule.Ker:importArts", "f6dd5ede1d5d4450"],
        ["Mathlib.Algebra.Module.Submodule.RestrictScalars transitive imports (public)",
         "60893be36c0434c8"],
        ["Mathlib.Algebra.Module.Submodule.RestrictScalars:importArts",
         "f17de4386ad8fff1"],
        ["Mathlib.Algebra.Module.ULift transitive imports (public)",
         "a4cd766f088e41f1"],
        ["Mathlib.Algebra.Module.ULift:importArts", "5a5d4267b3a6f867"],
        ["Mathlib.Algebra.Ring.CharZero transitive imports (public)",
         "2340d748d2ead3d3"],
        ["Mathlib.Algebra.Ring.CharZero:importArts", "7e664f4017282da8"],
        ["Mathlib.Algebra.Ring.Subring.Basic transitive imports (public)",
         "7b9cf7366c6d881a"],
        ["Mathlib.Algebra.Ring.Subring.Basic:importArts", "270937c8e3563708"],
        ["Mathlib.Data.Nat.Cast.Order.Basic transitive imports (public)",
         "a2a57010f2acf0c2"],
        ["Mathlib.Data.Nat.Cast.Order.Basic:importArts", "49c01b6e76af87d7"],
        ["Mathlib.Data.Int.CharZero transitive imports (public)",
         "1f5d3dcc3eb49c98"],
        ["Mathlib.Data.Int.CharZero:importArts", "dd1f6bb1ecb5c676"]]]]],
    ["libs",
     [["import dynlibs", "00000000000006bb"],
      ["package external libraries", "00000000000006bb"],
      ["module dynlibs", "00000000000006bb"],
      ["module plugins", "00000000000006bb"]]]]],
  ["Lean 4.27.0, commit 2fcce7258eeb6e324366bc25f9058293b04b7547",
   "6f43b597efea5d4c"],
  ["C:\\Users\\mmeadow\\Documents\\OpenEvolve\\Frontend\\rese\\lean4\\.lake\\packages\\mathlib\\Mathlib\\Algebra\\Algebra\\Basic.lean",
   "3c1f876e3b4da530"],
  ["options",
   [["-DmaxSynthPendingDepth=3", "c78e353d34de85d4"],
    ["-Dweak.linter.mathlibStandardSet=true", "8a155799906f2b42"],
    ["-Dweak.linter.checkInitImports=true", "cc899f26dd73bf81"],
    ["-Dweak.linter.style.header=true", "07ce48bb05b917ff"],
    ["-Dweak.linter.pythonStyle=true", "35186b2b2b67e319"],
    ["-Dweak.linter.style.longFile=1500", "d79864b112568ff5"],
    ["-Dpp.unicode.fun=true", "9b94070140457fab"],
    ["-Dweak.linter.allScriptsDocumented=true", "217af3ce76c25a94"],
    ["-DautoImplicit=false", "4a85acb881fd49d0"]]],
  ["Module.leanArgs: #[]", "00000000000006bb"]],
 "depHash": "a26ce5d710189fc8"}