{"synthetic": false,
 "schemaVersion": "2025-09-10",
 "outputs":
 {"r": "95ca7a53a77f4009.ir",
  "o":
  ["8ef7ae7f7ab67055.olean",
   "b15000fa582aab9e.olean.server",
   "ad127179e610134a.olean.private"],
  "i": "4165a99fcefd1897.ilean",
  "c": "828923be942beb2f.c"},
 "log":
 [{"message":
   ".> LEAN_PATH=C:\\Users\\mmeadow\\Documents\\OpenEvolve\\Frontend\\rese\\lean4\\.lake\\packages\\Cli\\.lake\\build\\lib\\lean;C:\\Users\\mmeadow\\Documents\\OpenEvolve\\Frontend\\rese\\lean4\\.lake\\packages\\batteries\\.lake\\build\\lib\\lean;C:\\Users\\mmeadow\\Documents\\OpenEvolve\\Frontend\\rese\\lean4\\.lake\\packages\\Qq\\.lake\\build\\lib\\lean;C:\\Users\\mmeadow\\Documents\\OpenEvolve\\Frontend\\rese\\lean4\\.lake\\packages\\aesop\\.lake\\build\\lib\\lean;C:\\Users\\mmeadow\\Documents\\OpenEvolve\\Frontend\\rese\\lean4\\.lake\\packages\\proofwidgets\\.lake\\build\\lib\\lean;C:\\Users\\mmeadow\\Documents\\OpenEvolve\\Frontend\\rese\\lean4\\.lake\\packages\\importGraph\\.lake\\build\\lib\\lean;C:\\Users\\mmeadow\\Documents\\OpenEvolve\\Frontend\\rese\\lean4\\.lake\\packages\\LeanSearchClient\\.lake\\build\\lib\\lean;C:\\Users\\mmeadow\\Documents\\OpenEvolve\\Frontend\\rese\\lean4\\.lake\\packages\\plausible\\.lake\\build\\lib\\lean;C:\\Users\\mmeadow\\Documents\\OpenEvolve\\Frontend\\rese\\lean4\\.lake\\packages\\mathlib\\.lake\\build\\lib\\lean;C:\\Users\\mmeadow\\Documents\\OpenEvolve\\Frontend\\rese\\lean4\\.lake\\build\\lib\\lean c:\\Users\\mmeadow\\.elan\\toolchains\\leanprover--lean4---v4.27.0-rc1\\bin\\lean.exe C:\\Users\\mmeadow\\Documents\\OpenEvolve\\Frontend\\rese\\lean4\\.lake\\packages\\mathlib\\Mathlib\\CategoryTheory\\Monoidal\\Subcategory.lean -o C:\\Users\\mmeadow\\Documents\\OpenEvolve\\Frontend\\rese\\lean4\\.lake\\packages\\mathlib\\.lake\\build\\lib\\lean\\Mathlib\\CategoryTheory\\Monoidal\\Subcategory.olean -i C:\\Users\\mmeadow\\Documents\\OpenEvolve\\Frontend\\rese\\lean4\\.lake\\packages\\mathlib\\.lake\\build\\lib\\lean\\Mathlib\\CategoryTheory\\Monoidal\\Subcategory.ilean -c C:\\Users\\mmeadow\\Documents\\OpenEvolve\\Frontend\\rese\\lean4\\.lake\\packages\\mathlib\\.lake\\build\\ir\\Mathlib\\CategoryTheory\\Monoidal\\Subcategory.c --setup C:\\Users\\mmeadow\\Documents\\OpenEvolve\\Frontend\\rese\\lean4\\.lake\\packages\\mathlib\\.lake\\build\\ir\\Mathlib\\CategoryTheory\\Monoidal\\Subcategory.setup.json --json",
   "level": "trace"}],
 "inputs":
 [["Mathlib.CategoryTheory.Monoidal.Subcategory:deps",
   [["deps",
     [["mathlib/Mathlib:extraDep", [["@mathlib:extraDep", "00000000000006bb"]]],
      ["imports",
       [["Mathlib.CategoryTheory.Monoidal.Braided.Basic transitive imports (public)",
         "be0ff1ca9b767b50"],
        ["Mathlib.CategoryTheory.Monoidal.Braided.Basic:importArts",
         "0c4c660a2c23aae5"],
        ["Mathlib.CategoryTheory.Monoidal.Linear transitive imports (public)",
         "58574f837bca81f0"],
        ["Mathlib.CategoryTheory.Monoidal.Linear:importArts",
         "d2b3744b3b550481"],
        ["Mathlib.CategoryTheory.Monoidal.Transport transitive imports (public)",
         "2e42f3bff23d28e4"],
        ["Mathlib.CategoryTheory.Monoidal.Transport:importArts",
         "0ec0ec2e7bb0005d"],
        ["Mathlib.CategoryTheory.Preadditive.AdditiveFunctor transitive imports (public)",
         "de35c4ca1cc63627"],
        ["Mathlib.CategoryTheory.Preadditive.AdditiveFunctor:importArts",
         "17a2bfb1f1248285"],
        ["Mathlib.CategoryTheory.Linear.LinearFunctor transitive imports (public)",
         "df6b658e5ae33312"],
        ["Mathlib.CategoryTheory.Linear.LinearFunctor:importArts",
         "5197b7cf58ce5005"],
        ["Mathlib.CategoryTheory.Monoidal.Closed.Basic transitive imports (public)",
         "a1c2c78b24e64c56"],
        ["Mathlib.CategoryTheory.Monoidal.Closed.Basic:importArts",
         "97552691e48cd0be"]]]]],
    ["libs",
     [["import dynlibs", "00000000000006bb"],
      ["package external libraries", "00000000000006bb"],
      ["module dynlibs", "00000000000006bb"],
      ["module plugins", "00000000000006bb"]]]]],
  ["Lean 4.27.0, commit 2fcce7258eeb6e324366bc25f9058293b04b7547",
   "6f43b597efea5d4c"],
  ["C:\\Users\\mmeadow\\Documents\\OpenEvolve\\Frontend\\rese\\lean4\\.lake\\packages\\mathlib\\Mathlib\\CategoryTheory\\Monoidal\\Subcategory.lean",
   "1331d4bbfc33ec2d"],
  ["options",
   [["-DmaxSynthPendingDepth=3", "c78e353d34de85d4"],
    ["-Dweak.linter.mathlibStandardSet=true", "8a155799906f2b42"],
    ["-Dweak.linter.checkInitImports=true", "cc899f26dd73bf81"],
    ["-Dweak.linter.style.header=true", "07ce48bb05b917ff"],
    ["-Dweak.linter.pythonStyle=true", "35186b2b2b67e319"],
    ["-Dweak.linter.style.longFile=1500", "d79864b112568ff5"],
    ["-Dpp.unicode.fun=true", "9b94070140457fab"],
    ["-Dweak.linter.allScriptsDocumented=true", "217af3ce76c25a94"],
    ["-DautoImplicit=false", "4a85acb881fd49d0"]]],
  ["Module.leanArgs: #[]", "00000000000006bb"]],
 "depHash": "32c7f1dc07912ab8"}