{"synthetic": false,
 "schemaVersion": "2025-09-10",
 "outputs":
 {"r": "abefc2028dc9a314.ir",
  "o":
  ["0e2c03d17f25aca1.olean",
   "65404b1158e1fad6.olean.server",
   "6912de2d4ebfed26.olean.private"],
  "i": "47a0db65a5e0dc04.ilean",
  "c": "cff5ce433dba53ad.c"},
 "log":
 [{"message":
   ".> LEAN_PATH=C:\\Users\\mmeadow\\Documents\\OpenEvolve\\Frontend\\rese\\lean4\\.lake\\packages\\Cli\\.lake\\build\\lib\\lean;C:\\Users\\mmeadow\\Documents\\OpenEvolve\\Frontend\\rese\\lean4\\.lake\\packages\\batteries\\.lake\\build\\lib\\lean;C:\\Users\\mmeadow\\Documents\\OpenEvolve\\Frontend\\rese\\lean4\\.lake\\packages\\Qq\\.lake\\build\\lib\\lean;C:\\Users\\mmeadow\\Documents\\OpenEvolve\\Frontend\\rese\\lean4\\.lake\\packages\\aesop\\.lake\\build\\lib\\lean;C:\\Users\\mmeadow\\Documents\\OpenEvolve\\Frontend\\rese\\lean4\\.lake\\packages\\proofwidgets\\.lake\\build\\lib\\lean;C:\\Users\\mmeadow\\Documents\\OpenEvolve\\Frontend\\rese\\lean4\\.lake\\packages\\importGraph\\.lake\\build\\lib\\lean;C:\\Users\\mmeadow\\Documents\\OpenEvolve\\Frontend\\rese\\lean4\\.lake\\packages\\LeanSearchClient\\.lake\\build\\lib\\lean;C:\\Users\\mmeadow\\Documents\\OpenEvolve\\Frontend\\rese\\lean4\\.lake\\packages\\plausible\\.lake\\build\\lib\\lean;C:\\Users\\mmeadow\\Documents\\OpenEvolve\\Frontend\\rese\\lean4\\.lake\\packages\\mathlib\\.lake\\build\\lib\\lean;C:\\Users\\mmeadow\\Documents\\OpenEvolve\\Frontend\\rese\\lean4\\.lake\\build\\lib\\lean c:\\Users\\mmeadow\\.elan\\toolchains\\leanprover--lean4---v4.27.0-rc1\\bin\\lean.exe C:\\Users\\mmeadow\\Documents\\OpenEvolve\\Frontend\\rese\\lean4\\.lake\\packages\\mathlib\\Mathlib\\Topology\\Algebra\\InfiniteSum\\Real.lean -o C:\\Users\\mmeadow\\Documents\\OpenEvolve\\Frontend\\rese\\lean4\\.lake\\packages\\mathlib\\.lake\\build\\lib\\lean\\Mathlib\\Topology\\Algebra\\InfiniteSum\\Real.olean -i C:\\Users\\mmeadow\\Documents\\OpenEvolve\\Frontend\\rese\\lean4\\.lake\\packages\\mathlib\\.lake\\build\\lib\\lean\\Mathlib\\Topology\\Algebra\\InfiniteSum\\Real.ilean -c C:\\Users\\mmeadow\\Documents\\OpenEvolve\\Frontend\\rese\\lean4\\.lake\\packages\\mathlib\\.lake\\build\\ir\\Mathlib\\Topology\\Algebra\\InfiniteSum\\Real.c --setup C:\\Users\\mmeadow\\Documents\\OpenEvolve\\Frontend\\rese\\lean4\\.lake\\packages\\mathlib\\.lake\\build\\ir\\Mathlib\\Topology\\Algebra\\InfiniteSum\\Real.setup.json --json",
   "level": "trace"}],
 "inputs":
 [["Mathlib.Topology.Algebra.InfiniteSum.Real:deps",
   [["deps",
     [["mathlib/Mathlib:extraDep", [["@mathlib:extraDep", "00000000000006bb"]]],
      ["imports",
       [["Mathlib.Algebra.BigOperators.Intervals transitive imports (public)",
         "55331c51a696d69b"],
        ["Mathlib.Algebra.BigOperators.Intervals:importArts",
         "2b722f508701af47"],
        ["Mathlib.Topology.Algebra.InfiniteSum.Order transitive imports (public)",
         "4b3aeefbf7f41474"],
        ["Mathlib.Topology.Algebra.InfiniteSum.Order:importArts",
         "b96497e448ea6870"],
        ["Mathlib.Topology.Instances.ENNReal.Lemmas transitive imports (public)",
         "c69c34f569602861"],
        ["Mathlib.Topology.Instances.ENNReal.Lemmas:importArts",
         "c72e6cb4cced68ea"]]]]],
    ["libs",
     [["import dynlibs", "00000000000006bb"],
      ["package external libraries", "00000000000006bb"],
      ["module dynlibs", "00000000000006bb"],
      ["module plugins", "00000000000006bb"]]]]],
  ["Lean 4.27.0, commit 2fcce7258eeb6e324366bc25f9058293b04b7547",
   "6f43b597efea5d4c"],
  ["C:\\Users\\mmeadow\\Documents\\OpenEvolve\\Frontend\\rese\\lean4\\.lake\\packages\\mathlib\\Mathlib\\Topology\\Algebra\\InfiniteSum\\Real.lean",
   "ad2eafe33120206f"],
  ["options",
   [["-DmaxSynthPendingDepth=3", "c78e353d34de85d4"],
    ["-Dweak.linter.mathlibStandardSet=true", "8a155799906f2b42"],
    ["-Dweak.linter.checkInitImports=true", "cc899f26dd73bf81"],
    ["-Dweak.linter.style.header=true", "07ce48bb05b917ff"],
    ["-Dweak.linter.pythonStyle=true", "35186b2b2b67e319"],
    ["-Dweak.linter.style.longFile=1500", "d79864b112568ff5"],
    ["-Dpp.unicode.fun=true", "9b94070140457fab"],
    ["-Dweak.linter.allScriptsDocumented=true", "217af3ce76c25a94"],
    ["-DautoImplicit=false", "4a85acb881fd49d0"]]],
  ["Module.leanArgs: #[]", "00000000000006bb"]],
 "depHash": "d4a1e6c4ea6cde95"}