{"synthetic": false,
 "schemaVersion": "2025-09-10",
 "outputs":
 {"r": "7a34dd6ad1e8b1dd.ir",
  "o":
  ["4a971c1e85b985da.olean",
   "458e9b6d0d2da4c7.olean.server",
   "3005deee317116bb.olean.private"],
  "i": "aab8ef51f25bc22e.ilean",
  "c": "efab5700224dacd0.c"},
 "log":
 [{"message":
   ".> LEAN_PATH=C:\\Users\\mmeadow\\Documents\\OpenEvolve\\Frontend\\rese\\lean4\\.lake\\packages\\Cli\\.lake\\build\\lib\\lean;C:\\Users\\mmeadow\\Documents\\OpenEvolve\\Frontend\\rese\\lean4\\.lake\\packages\\batteries\\.lake\\build\\lib\\lean;C:\\Users\\mmeadow\\Documents\\OpenEvolve\\Frontend\\rese\\lean4\\.lake\\packages\\Qq\\.lake\\build\\lib\\lean;C:\\Users\\mmeadow\\Documents\\OpenEvolve\\Frontend\\rese\\lean4\\.lake\\packages\\aesop\\.lake\\build\\lib\\lean;C:\\Users\\mmeadow\\Documents\\OpenEvolve\\Frontend\\rese\\lean4\\.lake\\packages\\proofwidgets\\.lake\\build\\lib\\lean;C:\\Users\\mmeadow\\Documents\\OpenEvolve\\Frontend\\rese\\lean4\\.lake\\packages\\importGraph\\.lake\\build\\lib\\lean;C:\\Users\\mmeadow\\Documents\\OpenEvolve\\Frontend\\rese\\lean4\\.lake\\packages\\LeanSearchClient\\.lake\\build\\lib\\lean;C:\\Users\\mmeadow\\Documents\\OpenEvolve\\Frontend\\rese\\lean4\\.lake\\packages\\plausible\\.lake\\build\\lib\\lean;C:\\Users\\mmeadow\\Documents\\OpenEvolve\\Frontend\\rese\\lean4\\.lake\\packages\\mathlib\\.lake\\build\\lib\\lean;C:\\Users\\mmeadow\\Documents\\OpenEvolve\\Frontend\\rese\\lean4\\.lake\\build\\lib\\lean c:\\Users\\mmeadow\\.elan\\toolchains\\leanprover--lean4---v4.27.0-rc1\\bin\\lean.exe C:\\Users\\mmeadow\\Documents\\OpenEvolve\\Frontend\\rese\\lean4\\.lake\\packages\\mathlib\\Mathlib\\Order\\OmegaCompletePartialOrder.lean -o C:\\Users\\mmeadow\\Documents\\OpenEvolve\\Frontend\\rese\\lean4\\.lake\\packages\\mathlib\\.lake\\build\\lib\\lean\\Mathlib\\Order\\OmegaCompletePartialOrder.olean -i C:\\Users\\mmeadow\\Documents\\OpenEvolve\\Frontend\\rese\\lean4\\.lake\\packages\\mathlib\\.lake\\build\\lib\\lean\\Mathlib\\Order\\OmegaCompletePartialOrder.ilean -c C:\\Users\\mmeadow\\Documents\\OpenEvolve\\Frontend\\rese\\lean4\\.lake\\packages\\mathlib\\.lake\\build\\ir\\Mathlib\\Order\\OmegaCompletePartialOrder.c --setup C:\\Users\\mmeadow\\Documents\\OpenEvolve\\Frontend\\rese\\lean4\\.lake\\packages\\mathlib\\.lake\\build\\ir\\Mathlib\\Order\\OmegaCompletePartialOrder.setup.json --json",
   "level": "trace"}],
 "inputs":
 [["Mathlib.Order.OmegaCompletePartialOrder:deps",
   [["deps",
     [["mathlib/Mathlib:extraDep", [["@mathlib:extraDep", "00000000000006bb"]]],
      ["imports",
       [["Mathlib.Control.Monad.Basic transitive imports (public)",
         "2f41172643edaaee"],
        ["Mathlib.Control.Monad.Basic:importArts", "94f13e8004b33195"],
        ["Mathlib.Dynamics.FixedPoints.Basic transitive imports (public)",
         "bcf13fce1d590b76"],
        ["Mathlib.Dynamics.FixedPoints.Basic:importArts", "d17248ac702f95eb"],
        ["Mathlib.Order.CompleteLattice.Basic transitive imports (public)",
         "190348030a98b25c"],
        ["Mathlib.Order.CompleteLattice.Basic:importArts", "604c830f7b5c5c2a"],
        ["Mathlib.Order.Iterate transitive imports (public)",
         "ff10cb38990bad7b"],
        ["Mathlib.Order.Iterate:importArts", "d0f467ecb8f6dff5"],
        ["Mathlib.Order.Part transitive imports (public)", "2e7bb303367b1c5e"],
        ["Mathlib.Order.Part:importArts", "abd58468e70bcd54"],
        ["Mathlib.Order.Preorder.Chain transitive imports (public)",
         "7b3ceb0c002ccf25"],
        ["Mathlib.Order.Preorder.Chain:importArts", "4d3124d6982c2070"],
        ["Mathlib.Order.ScottContinuity transitive imports (public)",
         "5fd04a395b1ed637"],
        ["Mathlib.Order.ScottContinuity:importArts", "7fda4eddef998653"]]]]],
    ["libs",
     [["import dynlibs", "00000000000006bb"],
      ["package external libraries", "00000000000006bb"],
      ["module dynlibs", "00000000000006bb"],
      ["module plugins", "00000000000006bb"]]]]],
  ["Lean 4.27.0, commit 2fcce7258eeb6e324366bc25f9058293b04b7547",
   "6f43b597efea5d4c"],
  ["C:\\Users\\mmeadow\\Documents\\OpenEvolve\\Frontend\\rese\\lean4\\.lake\\packages\\mathlib\\Mathlib\\Order\\OmegaCompletePartialOrder.lean",
   "64cb0ad6a22fb9d2"],
  ["options",
   [["-DmaxSynthPendingDepth=3", "c78e353d34de85d4"],
    ["-Dweak.linter.mathlibStandardSet=true", "8a155799906f2b42"],
    ["-Dweak.linter.checkInitImports=true", "cc899f26dd73bf81"],
    ["-Dweak.linter.style.header=true", "07ce48bb05b917ff"],
    ["-Dweak.linter.pythonStyle=true", "35186b2b2b67e319"],
    ["-Dweak.linter.style.longFile=1500", "d79864b112568ff5"],
    ["-Dpp.unicode.fun=true", "9b94070140457fab"],
    ["-Dweak.linter.allScriptsDocumented=true", "217af3ce76c25a94"],
    ["-DautoImplicit=false", "4a85acb881fd49d0"]]],
  ["Module.leanArgs: #[]", "00000000000006bb"]],
 "depHash": "a51b9bd33a923514"}