{"synthetic": false,
 "schemaVersion": "2025-09-10",
 "outputs":
 {"r": "8863fe487b9e0a49.ir",
  "o":
  ["75bff234898b95c5.olean",
   "ed08d8858321f848.olean.server",
   "84acc1b2b9b8e160.olean.private"],
  "i": "be89ffd3e72f76bd.ilean",
  "c": "2dd0bc7a8e8f8436.c"},
 "log":
 [{"message":
   ".> LEAN_PATH=C:\\Users\\mmeadow\\Documents\\OpenEvolve\\Frontend\\rese\\lean4\\.lake\\packages\\Cli\\.lake\\build\\lib\\lean;C:\\Users\\mmeadow\\Documents\\OpenEvolve\\Frontend\\rese\\lean4\\.lake\\packages\\batteries\\.lake\\build\\lib\\lean;C:\\Users\\mmeadow\\Documents\\OpenEvolve\\Frontend\\rese\\lean4\\.lake\\packages\\Qq\\.lake\\build\\lib\\lean;C:\\Users\\mmeadow\\Documents\\OpenEvolve\\Frontend\\rese\\lean4\\.lake\\packages\\aesop\\.lake\\build\\lib\\lean;C:\\Users\\mmeadow\\Documents\\OpenEvolve\\Frontend\\rese\\lean4\\.lake\\packages\\proofwidgets\\.lake\\build\\lib\\lean;C:\\Users\\mmeadow\\Documents\\OpenEvolve\\Frontend\\rese\\lean4\\.lake\\packages\\importGraph\\.lake\\build\\lib\\lean;C:\\Users\\mmeadow\\Documents\\OpenEvolve\\Frontend\\rese\\lean4\\.lake\\packages\\LeanSearchClient\\.lake\\build\\lib\\lean;C:\\Users\\mmeadow\\Documents\\OpenEvolve\\Frontend\\rese\\lean4\\.lake\\packages\\plausible\\.lake\\build\\lib\\lean;C:\\Users\\mmeadow\\Documents\\OpenEvolve\\Frontend\\rese\\lean4\\.lake\\packages\\mathlib\\.lake\\build\\lib\\lean;C:\\Users\\mmeadow\\Documents\\OpenEvolve\\Frontend\\rese\\lean4\\.lake\\build\\lib\\lean c:\\Users\\mmeadow\\.elan\\toolchains\\leanprover--lean4---v4.27.0-rc1\\bin\\lean.exe C:\\Users\\mmeadow\\Documents\\OpenEvolve\\Frontend\\rese\\lean4\\.lake\\packages\\mathlib\\Mathlib\\Order\\WithBot.lean -o C:\\Users\\mmeadow\\Documents\\OpenEvolve\\Frontend\\rese\\lean4\\.lake\\packages\\mathlib\\.lake\\build\\lib\\lean\\Mathlib\\Order\\WithBot.olean -i C:\\Users\\mmeadow\\Documents\\OpenEvolve\\Frontend\\rese\\lean4\\.lake\\packages\\mathlib\\.lake\\build\\lib\\lean\\Mathlib\\Order\\WithBot.ilean -c C:\\Users\\mmeadow\\Documents\\OpenEvolve\\Frontend\\rese\\lean4\\.lake\\packages\\mathlib\\.lake\\build\\ir\\Mathlib\\Order\\WithBot.c --setup C:\\Users\\mmeadow\\Documents\\OpenEvolve\\Frontend\\rese\\lean4\\.lake\\packages\\mathlib\\.lake\\build\\ir\\Mathlib\\Order\\WithBot.setup.json --json",
   "level": "trace"}],
 "inputs":
 [["Mathlib.Order.WithBot:deps",
   [["deps",
     [["mathlib/Mathlib:extraDep", [["@mathlib:extraDep", "00000000000006bb"]]],
      ["imports",
       [["Mathlib.Logic.Nontrivial.Basic transitive imports (public)",
         "325bc46a68b810a2"],
        ["Mathlib.Logic.Nontrivial.Basic:importArts", "1b391b697657e493"],
        ["Mathlib.Order.TypeTags transitive imports (public)",
         "ea706c11372afc96"],
        ["Mathlib.Order.TypeTags:importArts", "05783c4199a5d1d2"],
        ["Mathlib.Data.Option.NAry transitive imports (public)",
         "2021f1ea75f67c8f"],
        ["Mathlib.Data.Option.NAry:importArts", "b756a3547c8c9c19"],
        ["Mathlib.Tactic.Contrapose transitive imports (public)",
         "2ec2078325a509ae"],
        ["Mathlib.Tactic.Contrapose:importArts", "b0667a715ab33259"],
        ["Mathlib.Tactic.Lift transitive imports (public)", "c5722484b226971e"],
        ["Mathlib.Tactic.Lift:importArts", "36438386b639aa6b"],
        ["Mathlib.Data.Option.Basic transitive imports (public)",
         "e9346de1fe31f952"],
        ["Mathlib.Data.Option.Basic:importArts", "3b007602232fe6f4"],
        ["Mathlib.Order.Lattice transitive imports (public)",
         "0ef24e394acb0c47"],
        ["Mathlib.Order.Lattice:importArts", "1912cf3b7195ddbb"],
        ["Mathlib.Order.BoundedOrder.Basic transitive imports (public)",
         "129850701fca31ad"],
        ["Mathlib.Order.BoundedOrder.Basic:importArts", "04295679956a1721"]]]]],
    ["libs",
     [["import dynlibs", "00000000000006bb"],
      ["package external libraries", "00000000000006bb"],
      ["module dynlibs", "00000000000006bb"],
      ["module plugins", "00000000000006bb"]]]]],
  ["Lean 4.27.0, commit 2fcce7258eeb6e324366bc25f9058293b04b7547",
   "6f43b597efea5d4c"],
  ["C:\\Users\\mmeadow\\Documents\\OpenEvolve\\Frontend\\rese\\lean4\\.lake\\packages\\mathlib\\Mathlib\\Order\\WithBot.lean",
   "f242959d5e16b477"],
  ["options",
   [["-DmaxSynthPendingDepth=3", "c78e353d34de85d4"],
    ["-Dweak.linter.mathlibStandardSet=true", "8a155799906f2b42"],
    ["-Dweak.linter.checkInitImports=true", "cc899f26dd73bf81"],
    ["-Dweak.linter.style.header=true", "07ce48bb05b917ff"],
    ["-Dweak.linter.pythonStyle=true", "35186b2b2b67e319"],
    ["-Dweak.linter.style.longFile=1500", "d79864b112568ff5"],
    ["-Dpp.unicode.fun=true", "9b94070140457fab"],
    ["-Dweak.linter.allScriptsDocumented=true", "217af3ce76c25a94"],
    ["-DautoImplicit=false", "4a85acb881fd49d0"]]],
  ["Module.leanArgs: #[]", "00000000000006bb"]],
 "depHash": "4cbdcda2e246df95"}