{"synthetic": false,
 "schemaVersion": "2025-09-10",
 "outputs":
 {"r": "09e76d8c5cb8269a.ir",
  "o":
  ["e5a397583ab7e9d3.olean",
   "519574fa2eb35709.olean.server",
   "aa07020619dd83a8.olean.private"],
  "i": "33466b4d6c4c8f94.ilean",
  "c": "e13a5f6f5d864c2f.c"},
 "log":
 [{"message":
   ".> LEAN_PATH=C:\\Users\\mmeadow\\Documents\\OpenEvolve\\Frontend\\rese\\lean4\\.lake\\packages\\Cli\\.lake\\build\\lib\\lean;C:\\Users\\mmeadow\\Documents\\OpenEvolve\\Frontend\\rese\\lean4\\.lake\\packages\\batteries\\.lake\\build\\lib\\lean;C:\\Users\\mmeadow\\Documents\\OpenEvolve\\Frontend\\rese\\lean4\\.lake\\packages\\Qq\\.lake\\build\\lib\\lean;C:\\Users\\mmeadow\\Documents\\OpenEvolve\\Frontend\\rese\\lean4\\.lake\\packages\\aesop\\.lake\\build\\lib\\lean;C:\\Users\\mmeadow\\Documents\\OpenEvolve\\Frontend\\rese\\lean4\\.lake\\packages\\proofwidgets\\.lake\\build\\lib\\lean;C:\\Users\\mmeadow\\Documents\\OpenEvolve\\Frontend\\rese\\lean4\\.lake\\packages\\importGraph\\.lake\\build\\lib\\lean;C:\\Users\\mmeadow\\Documents\\OpenEvolve\\Frontend\\rese\\lean4\\.lake\\packages\\LeanSearchClient\\.lake\\build\\lib\\lean;C:\\Users\\mmeadow\\Documents\\OpenEvolve\\Frontend\\rese\\lean4\\.lake\\packages\\plausible\\.lake\\build\\lib\\lean;C:\\Users\\mmeadow\\Documents\\OpenEvolve\\Frontend\\rese\\lean4\\.lake\\packages\\mathlib\\.lake\\build\\lib\\lean;C:\\Users\\mmeadow\\Documents\\OpenEvolve\\Frontend\\rese\\lean4\\.lake\\build\\lib\\lean c:\\Users\\mmeadow\\.elan\\toolchains\\leanprover--lean4---v4.27.0-rc1\\bin\\lean.exe C:\\Users\\mmeadow\\Documents\\OpenEvolve\\Frontend\\rese\\lean4\\.lake\\packages\\mathlib\\Mathlib\\RingTheory\\HahnSeries\\Addition.lean -o C:\\Users\\mmeadow\\Documents\\OpenEvolve\\Frontend\\rese\\lean4\\.lake\\packages\\mathlib\\.lake\\build\\lib\\lean\\Mathlib\\RingTheory\\HahnSeries\\Addition.olean -i C:\\Users\\mmeadow\\Documents\\OpenEvolve\\Frontend\\rese\\lean4\\.lake\\packages\\mathlib\\.lake\\build\\lib\\lean\\Mathlib\\RingTheory\\HahnSeries\\Addition.ilean -c C:\\Users\\mmeadow\\Documents\\OpenEvolve\\Frontend\\rese\\lean4\\.lake\\packages\\mathlib\\.lake\\build\\ir\\Mathlib\\RingTheory\\HahnSeries\\Addition.c --setup C:\\Users\\mmeadow\\Documents\\OpenEvolve\\Frontend\\rese\\lean4\\.lake\\packages\\mathlib\\.lake\\build\\ir\\Mathlib\\RingTheory\\HahnSeries\\Addition.setup.json --json",
   "level": "trace"}],
 "inputs":
 [["Mathlib.RingTheory.HahnSeries.Addition:deps",
   [["deps",
     [["mathlib/Mathlib:extraDep", [["@mathlib:extraDep", "00000000000006bb"]]],
      ["imports",
       [["Mathlib.Algebra.BigOperators.Group.Finset.Basic transitive imports (public)",
         "24b7b65d30e8026d"],
        ["Mathlib.Algebra.BigOperators.Group.Finset.Basic:importArts",
         "cc853d75ee0541bc"],
        ["Mathlib.Algebra.Group.Pi.Lemmas transitive imports (public)",
         "a01c59d93939cced"],
        ["Mathlib.Algebra.Group.Pi.Lemmas:importArts", "479bb864af1552c0"],
        ["Mathlib.Algebra.Group.Support transitive imports (public)",
         "d04ce8c95aabf1b4"],
        ["Mathlib.Algebra.Group.Support:importArts", "9dca83d719fd3943"],
        ["Mathlib.Algebra.Module.Basic transitive imports (public)",
         "9acc3a57562f9188"],
        ["Mathlib.Algebra.Module.Basic:importArts", "053939ad6fbbfa9f"],
        ["Mathlib.Algebra.Module.LinearMap.Defs transitive imports (public)",
         "ee046de26098bdcf"],
        ["Mathlib.Algebra.Module.LinearMap.Defs:importArts",
         "4f861c398fdcac6a"],
        ["Mathlib.Data.Finsupp.SMul transitive imports (public)",
         "79c38a17da724590"],
        ["Mathlib.Data.Finsupp.SMul:importArts", "fe982041d91ce43a"],
        ["Mathlib.RingTheory.HahnSeries.Basic transitive imports (public)",
         "b3e5d3547be10bed"],
        ["Mathlib.RingTheory.HahnSeries.Basic:importArts", "92141c6b2dc0c7c5"],
        ["Mathlib.Tactic.FastInstance transitive imports (public)",
         "16e001cb0a9d913c"],
        ["Mathlib.Tactic.FastInstance:importArts", "74ca40f244409b06"]]]]],
    ["libs",
     [["import dynlibs", "00000000000006bb"],
      ["package external libraries", "00000000000006bb"],
      ["module dynlibs", "00000000000006bb"],
      ["module plugins", "00000000000006bb"]]]]],
  ["Lean 4.27.0, commit 2fcce7258eeb6e324366bc25f9058293b04b7547",
   "6f43b597efea5d4c"],
  ["C:\\Users\\mmeadow\\Documents\\OpenEvolve\\Frontend\\rese\\lean4\\.lake\\packages\\mathlib\\Mathlib\\RingTheory\\HahnSeries\\Addition.lean",
   "1c2324f27fe478a5"],
  ["options",
   [["-DmaxSynthPendingDepth=3", "c78e353d34de85d4"],
    ["-Dweak.linter.mathlibStandardSet=true", "8a155799906f2b42"],
    ["-Dweak.linter.checkInitImports=true", "cc899f26dd73bf81"],
    ["-Dweak.linter.style.header=true", "07ce48bb05b917ff"],
    ["-Dweak.linter.pythonStyle=true", "35186b2b2b67e319"],
    ["-Dweak.linter.style.longFile=1500", "d79864b112568ff5"],
    ["-Dpp.unicode.fun=true", "9b94070140457fab"],
    ["-Dweak.linter.allScriptsDocumented=true", "217af3ce76c25a94"],
    ["-DautoImplicit=false", "4a85acb881fd49d0"]]],
  ["Module.leanArgs: #[]", "00000000000006bb"]],
 "depHash": "dbc53e5e7558dc2c"}