{"synthetic": false,
 "schemaVersion": "2025-09-10",
 "outputs":
 {"r": "e95575ca2b5ff34a.ir",
  "o":
  ["29ac48ea038f8ea9.olean",
   "5e8c50424cb4c34c.olean.server",
   "1d025a2f62439d3b.olean.private"],
  "i": "fbe6f3ae5e225dcd.ilean",
  "c": "b1f7a4ca79f7352b.c"},
 "log":
 [{"message":
   ".> LEAN_PATH=C:\\Users\\mmeadow\\Documents\\OpenEvolve\\Frontend\\rese\\lean4\\.lake\\packages\\Cli\\.lake\\build\\lib\\lean;C:\\Users\\mmeadow\\Documents\\OpenEvolve\\Frontend\\rese\\lean4\\.lake\\packages\\batteries\\.lake\\build\\lib\\lean;C:\\Users\\mmeadow\\Documents\\OpenEvolve\\Frontend\\rese\\lean4\\.lake\\packages\\Qq\\.lake\\build\\lib\\lean;C:\\Users\\mmeadow\\Documents\\OpenEvolve\\Frontend\\rese\\lean4\\.lake\\packages\\aesop\\.lake\\build\\lib\\lean;C:\\Users\\mmeadow\\Documents\\OpenEvolve\\Frontend\\rese\\lean4\\.lake\\packages\\proofwidgets\\.lake\\build\\lib\\lean;C:\\Users\\mmeadow\\Documents\\OpenEvolve\\Frontend\\rese\\lean4\\.lake\\packages\\importGraph\\.lake\\build\\lib\\lean;C:\\Users\\mmeadow\\Documents\\OpenEvolve\\Frontend\\rese\\lean4\\.lake\\packages\\LeanSearchClient\\.lake\\build\\lib\\lean;C:\\Users\\mmeadow\\Documents\\OpenEvolve\\Frontend\\rese\\lean4\\.lake\\packages\\plausible\\.lake\\build\\lib\\lean;C:\\Users\\mmeadow\\Documents\\OpenEvolve\\Frontend\\rese\\lean4\\.lake\\packages\\mathlib\\.lake\\build\\lib\\lean;C:\\Users\\mmeadow\\Documents\\OpenEvolve\\Frontend\\rese\\lean4\\.lake\\build\\lib\\lean c:\\Users\\mmeadow\\.elan\\toolchains\\leanprover--lean4---v4.27.0-rc1\\bin\\lean.exe C:\\Users\\mmeadow\\Documents\\OpenEvolve\\Frontend\\rese\\lean4\\.lake\\packages\\mathlib\\Mathlib\\RingTheory\\Artinian\\Module.lean -o C:\\Users\\mmeadow\\Documents\\OpenEvolve\\Frontend\\rese\\lean4\\.lake\\packages\\mathlib\\.lake\\build\\lib\\lean\\Mathlib\\RingTheory\\Artinian\\Module.olean -i C:\\Users\\mmeadow\\Documents\\OpenEvolve\\Frontend\\rese\\lean4\\.lake\\packages\\mathlib\\.lake\\build\\lib\\lean\\Mathlib\\RingTheory\\Artinian\\Module.ilean -c C:\\Users\\mmeadow\\Documents\\OpenEvolve\\Frontend\\rese\\lean4\\.lake\\packages\\mathlib\\.lake\\build\\ir\\Mathlib\\RingTheory\\Artinian\\Module.c --setup C:\\Users\\mmeadow\\Documents\\OpenEvolve\\Frontend\\rese\\lean4\\.lake\\packages\\mathlib\\.lake\\build\\ir\\Mathlib\\RingTheory\\Artinian\\Module.setup.json --json",
   "level": "trace"}],
 "inputs":
 [["Mathlib.RingTheory.Artinian.Module:deps",
   [["deps",
     [["mathlib/Mathlib:extraDep", [["@mathlib:extraDep", "00000000000006bb"]]],
      ["imports",
       [["Mathlib.Algebra.Group.Units.Opposite transitive imports (public)",
         "00b6951674219d60"],
        ["Mathlib.Algebra.Group.Units.Opposite:importArts", "5215647473ba15a6"],
        ["Mathlib.Algebra.Regular.Opposite transitive imports (public)",
         "946480a2d2c0c2d0"],
        ["Mathlib.Algebra.Regular.Opposite:importArts", "fd3555ab25be5f6a"],
        ["Mathlib.Data.SetLike.Fintype transitive imports (public)",
         "c5cd8b420b25408e"],
        ["Mathlib.Data.SetLike.Fintype:importArts", "b1b874e411a6972e"],
        ["Mathlib.LinearAlgebra.FreeModule.Finite.Basic transitive imports (public)",
         "5202ae1d0100b060"],
        ["Mathlib.LinearAlgebra.FreeModule.Finite.Basic:importArts",
         "e8c7d60e04914251"],
        ["Mathlib.Order.Filter.EventuallyConst transitive imports (public)",
         "c60ac843088a6396"],
        ["Mathlib.Order.Filter.EventuallyConst:importArts", "d209571da4453549"],
        ["Mathlib.RingTheory.Ideal.Prod transitive imports (public)",
         "e86fca08b8625cba"],
        ["Mathlib.RingTheory.Ideal.Prod:importArts", "3088d5056ad00586"],
        ["Mathlib.RingTheory.Ideal.Quotient.Operations transitive imports (public)",
         "5548bf40a6875620"],
        ["Mathlib.RingTheory.Ideal.Quotient.Operations:importArts",
         "5e4269931f4f564f"],
        ["Mathlib.RingTheory.Jacobson.Semiprimary transitive imports (public)",
         "7b7dbf496bca2829"],
        ["Mathlib.RingTheory.Jacobson.Semiprimary:importArts",
         "20d3944943765b24"],
        ["Mathlib.RingTheory.Nilpotent.Lemmas transitive imports (public)",
         "ef9ab6879ec1ca06"],
        ["Mathlib.RingTheory.Nilpotent.Lemmas:importArts", "f8d1adc87e094234"],
        ["Mathlib.RingTheory.Noetherian.Defs transitive imports (public)",
         "30b292b8ae9fa035"],
        ["Mathlib.RingTheory.Noetherian.Defs:importArts", "e7c51529f316ec3d"],
        ["Mathlib.RingTheory.Spectrum.Maximal.Basic transitive imports (public)",
         "648eb3814fc7cfd5"],
        ["Mathlib.RingTheory.Spectrum.Maximal.Basic:importArts",
         "87a9db98a99dee29"],
        ["Mathlib.RingTheory.Spectrum.Prime.Basic transitive imports (public)",
         "85e02f2614635404"],
        ["Mathlib.RingTheory.Spectrum.Prime.Basic:importArts",
         "4242494e42d29163"]]]]],
    ["libs",
     [["import dynlibs", "00000000000006bb"],
      ["package external libraries", "00000000000006bb"],
      ["module dynlibs", "00000000000006bb"],
      ["module plugins", "00000000000006bb"]]]]],
  ["Lean 4.27.0, commit 2fcce7258eeb6e324366bc25f9058293b04b7547",
   "6f43b597efea5d4c"],
  ["C:\\Users\\mmeadow\\Documents\\OpenEvolve\\Frontend\\rese\\lean4\\.lake\\packages\\mathlib\\Mathlib\\RingTheory\\Artinian\\Module.lean",
   "ae1ab0de9ae16177"],
  ["options",
   [["-DmaxSynthPendingDepth=3", "c78e353d34de85d4"],
    ["-Dweak.linter.mathlibStandardSet=true", "8a155799906f2b42"],
    ["-Dweak.linter.checkInitImports=true", "cc899f26dd73bf81"],
    ["-Dweak.linter.style.header=true", "07ce48bb05b917ff"],
    ["-Dweak.linter.pythonStyle=true", "35186b2b2b67e319"],
    ["-Dweak.linter.style.longFile=1500", "d79864b112568ff5"],
    ["-Dpp.unicode.fun=true", "9b94070140457fab"],
    ["-Dweak.linter.allScriptsDocumented=true", "217af3ce76c25a94"],
    ["-DautoImplicit=false", "4a85acb881fd49d0"]]],
  ["Module.leanArgs: #[]", "00000000000006bb"]],
 "depHash": "9e0ece38a1d492a9"}