{"synthetic": false,
 "schemaVersion": "2025-09-10",
 "outputs":
 {"o": ["7b8c1947df46536e.olean"],
  "i": "09f22d01a74210f3.ilean",
  "c": "b9bc3b220e791743.c"},
 "log":
 [{"message":
   ".> LEAN_PATH=C:\\Users\\mmeadow\\Documents\\OpenEvolve\\Frontend\\rese\\lean4\\.lake\\packages\\Cli\\.lake\\build\\lib\\lean;C:\\Users\\mmeadow\\Documents\\OpenEvolve\\Frontend\\rese\\lean4\\.lake\\packages\\batteries\\.lake\\build\\lib\\lean;C:\\Users\\mmeadow\\Documents\\OpenEvolve\\Frontend\\rese\\lean4\\.lake\\packages\\Qq\\.lake\\build\\lib\\lean;C:\\Users\\mmeadow\\Documents\\OpenEvolve\\Frontend\\rese\\lean4\\.lake\\packages\\aesop\\.lake\\build\\lib\\lean;C:\\Users\\mmeadow\\Documents\\OpenEvolve\\Frontend\\rese\\lean4\\.lake\\packages\\proofwidgets\\.lake\\build\\lib\\lean;C:\\Users\\mmeadow\\Documents\\OpenEvolve\\Frontend\\rese\\lean4\\.lake\\packages\\importGraph\\.lake\\build\\lib\\lean;C:\\Users\\mmeadow\\Documents\\OpenEvolve\\Frontend\\rese\\lean4\\.lake\\packages\\LeanSearchClient\\.lake\\build\\lib\\lean;C:\\Users\\mmeadow\\Documents\\OpenEvolve\\Frontend\\rese\\lean4\\.lake\\packages\\plausible\\.lake\\build\\lib\\lean;C:\\Users\\mmeadow\\Documents\\OpenEvolve\\Frontend\\rese\\lean4\\.lake\\packages\\mathlib\\.lake\\build\\lib\\lean;C:\\Users\\mmeadow\\Documents\\OpenEvolve\\Frontend\\rese\\lean4\\.lake\\build\\lib\\lean c:\\Users\\mmeadow\\.elan\\toolchains\\leanprover--lean4---v4.27.0-rc1\\bin\\lean.exe C:\\Users\\mmeadow\\Documents\\OpenEvolve\\Frontend\\rese\\lean4\\physics_infrastructure\\Physics\\Quantum\\Dynamics.lean -o C:\\Users\\mmeadow\\Documents\\OpenEvolve\\Frontend\\rese\\lean4\\.lake\\build\\lib\\lean\\Physics\\Quantum\\Dynamics.olean -i C:\\Users\\mmeadow\\Documents\\OpenEvolve\\Frontend\\rese\\lean4\\.lake\\build\\lib\\lean\\Physics\\Quantum\\Dynamics.ilean -c C:\\Users\\mmeadow\\Documents\\OpenEvolve\\Frontend\\rese\\lean4\\.lake\\build\\ir\\Physics\\Quantum\\Dynamics.c --setup C:\\Users\\mmeadow\\Documents\\OpenEvolve\\Frontend\\rese\\lean4\\.lake\\build\\ir\\Physics\\Quantum\\Dynamics.setup.json --json",
   "level": "trace"},
  {"message":
   "physics_infrastructure/Physics/Quantum/Dynamics.lean:37:5: unused variable `t`\n\nNote: This linter can be disabled with `set_option linter.unusedVariables false`",
   "level": "warning"},
  {"message":
   "physics_infrastructure/Physics/Quantum/Dynamics.lean:43:8: declaration uses 'sorry'",
   "level": "warning"}],
 "inputs":
 [["Physics.Quantum.Dynamics:deps",
   [["deps",
     [["rese/Physics:extraDep", [["@rese:extraDep", "00000000000006bb"]]],
      ["imports",
       [["Physics.Quantum.Foundations transitive imports (legacy)",
         "2d6216fe517680c7"],
        ["Physics.Quantum.Foundations:importAllArts", "c8c9333b8392ef3b"],
        ["Mathlib.Analysis.Calculus.Deriv.Basic transitive imports (legacy)",
         "b6dd7c9b2158899a"],
        ["Mathlib.Analysis.Calculus.Deriv.Basic:importAllArts",
         "d978a0ae73371318"],
        ["Mathlib.Analysis.Normed.Operator.Basic transitive imports (legacy)",
         "b5a28fcc65d38ef0"],
        ["Mathlib.Analysis.Normed.Operator.Basic:importAllArts",
         "4f64d57bfa1fdae3"]]]]],
    ["libs",
     [["import dynlibs", "00000000000006bb"],
      ["package external libraries", "00000000000006bb"],
      ["module dynlibs", "00000000000006bb"],
      ["module plugins", "00000000000006bb"]]]]],
  ["Lean 4.27.0, commit 2fcce7258eeb6e324366bc25f9058293b04b7547",
   "6f43b597efea5d4c"],
  ["C:\\Users\\mmeadow\\Documents\\OpenEvolve\\Frontend\\rese\\lean4\\physics_infrastructure\\Physics\\Quantum\\Dynamics.lean",
   "3d6979e3abc7074e"],
  ["options", "00000000000006bb"],
  ["Module.leanArgs: #[]", "00000000000006bb"]],
 "depHash": "f9054ad57773c8fc"}