{"synthetic": false,
 "schemaVersion": "2025-09-10",
 "outputs":
 {"o": ["3c956867fac6bc40.olean"],
  "i": "a41e2a3f8c60d559.ilean",
  "c": "04f3a1b9c1d09df2.c"},
 "log":
 [{"message":
   ".> LEAN_PATH=C:\\Users\\mmeadow\\Documents\\OpenEvolve\\Frontend\\rese\\lean4\\.lake\\packages\\Cli\\.lake\\build\\lib\\lean;C:\\Users\\mmeadow\\Documents\\OpenEvolve\\Frontend\\rese\\lean4\\.lake\\packages\\batteries\\.lake\\build\\lib\\lean;C:\\Users\\mmeadow\\Documents\\OpenEvolve\\Frontend\\rese\\lean4\\.lake\\packages\\Qq\\.lake\\build\\lib\\lean;C:\\Users\\mmeadow\\Documents\\OpenEvolve\\Frontend\\rese\\lean4\\.lake\\packages\\aesop\\.lake\\build\\lib\\lean;C:\\Users\\mmeadow\\Documents\\OpenEvolve\\Frontend\\rese\\lean4\\.lake\\packages\\proofwidgets\\.lake\\build\\lib\\lean;C:\\Users\\mmeadow\\Documents\\OpenEvolve\\Frontend\\rese\\lean4\\.lake\\packages\\importGraph\\.lake\\build\\lib\\lean;C:\\Users\\mmeadow\\Documents\\OpenEvolve\\Frontend\\rese\\lean4\\.lake\\packages\\LeanSearchClient\\.lake\\build\\lib\\lean;C:\\Users\\mmeadow\\Documents\\OpenEvolve\\Frontend\\rese\\lean4\\.lake\\packages\\plausible\\.lake\\build\\lib\\lean;C:\\Users\\mmeadow\\Documents\\OpenEvolve\\Frontend\\rese\\lean4\\.lake\\packages\\mathlib\\.lake\\build\\lib\\lean;C:\\Users\\mmeadow\\Documents\\OpenEvolve\\Frontend\\rese\\lean4\\.lake\\build\\lib\\lean c:\\Users\\mmeadow\\.elan\\toolchains\\leanprover--lean4---v4.27.0-rc1\\bin\\lean.exe C:\\Users\\mmeadow\\Documents\\OpenEvolve\\Frontend\\rese\\lean4\\physics_infrastructure\\Physics\\Quantum\\Foundations.lean -o C:\\Users\\mmeadow\\Documents\\OpenEvolve\\Frontend\\rese\\lean4\\.lake\\build\\lib\\lean\\Physics\\Quantum\\Foundations.olean -i C:\\Users\\mmeadow\\Documents\\OpenEvolve\\Frontend\\rese\\lean4\\.lake\\build\\lib\\lean\\Physics\\Quantum\\Foundations.ilean -c C:\\Users\\mmeadow\\Documents\\OpenEvolve\\Frontend\\rese\\lean4\\.lake\\build\\ir\\Physics\\Quantum\\Foundations.c --setup C:\\Users\\mmeadow\\Documents\\OpenEvolve\\Frontend\\rese\\lean4\\.lake\\build\\ir\\Physics\\Quantum\\Foundations.setup.json --json",
   "level": "trace"},
  {"message":
   "physics_infrastructure/Physics/Quantum/Foundations.lean:107:8: declaration uses 'sorry'",
   "level": "warning"}],
 "inputs":
 [["Physics.Quantum.Foundations:deps",
   [["deps",
     [["rese/Physics:extraDep", [["@rese:extraDep", "00000000000006bb"]]],
      ["imports",
       [["Mathlib.Analysis.InnerProductSpace.Basic transitive imports (legacy)",
         "20e163e42db1e513"],
        ["Mathlib.Analysis.InnerProductSpace.Basic:importAllArts",
         "b0116d9af59c8dcf"],
        ["Mathlib.Analysis.InnerProductSpace.Adjoint transitive imports (legacy)",
         "48532fc3872801d9"],
        ["Mathlib.Analysis.InnerProductSpace.Adjoint:importAllArts",
         "dc88a6e5f2beeec2"],
        ["Mathlib.Algebra.Algebra.Subalgebra.Basic transitive imports (legacy)",
         "45a1b6ee0f25ac46"],
        ["Mathlib.Algebra.Algebra.Subalgebra.Basic:importAllArts",
         "6c4f4a14786a85a9"],
        ["Mathlib.Topology.MetricSpace.Basic transitive imports (legacy)",
         "7e998a4e2fa4cc01"],
        ["Mathlib.Topology.MetricSpace.Basic:importAllArts",
         "5873a72ef1bf6cf3"],
        ["Mathlib.Analysis.Normed.Operator.Basic transitive imports (legacy)",
         "b5a28fcc65d38ef0"],
        ["Mathlib.Analysis.Normed.Operator.Basic:importAllArts",
         "4f64d57bfa1fdae3"],
        ["Mathlib.Algebra.Star.SelfAdjoint transitive imports (legacy)",
         "5903cbae2b0d3b16"],
        ["Mathlib.Algebra.Star.SelfAdjoint:importAllArts", "bb91ce9334f0bfab"],
        ["Mathlib.LinearAlgebra.UnitaryGroup transitive imports (legacy)",
         "171496ab9a7924ce"],
        ["Mathlib.LinearAlgebra.UnitaryGroup:importAllArts",
         "2635023007a3473b"],
        ["Mathlib.Data.Complex.Basic transitive imports (legacy)",
         "1a160f27fa58e761"],
        ["Mathlib.Data.Complex.Basic:importAllArts", "0f29c405737957b5"]]]]],
    ["libs",
     [["import dynlibs", "00000000000006bb"],
      ["package external libraries", "00000000000006bb"],
      ["module dynlibs", "00000000000006bb"],
      ["module plugins", "00000000000006bb"]]]]],
  ["Lean 4.27.0, commit 2fcce7258eeb6e324366bc25f9058293b04b7547",
   "6f43b597efea5d4c"],
  ["C:\\Users\\mmeadow\\Documents\\OpenEvolve\\Frontend\\rese\\lean4\\physics_infrastructure\\Physics\\Quantum\\Foundations.lean",
   "7d52a4072b648f7b"],
  ["options", "00000000000006bb"],
  ["Module.leanArgs: #[]", "00000000000006bb"]],
 "depHash": "7156a55df909ea8a"}