{"synthetic": false,
 "schemaVersion": "2025-09-10",
 "outputs":
 {"r": "ba5d772d7d0845a1.ir",
  "o":
  ["f5d694e06268c516.olean",
   "d2b541100bb4b3f7.olean.server",
   "e5d4f575a0901a23.olean.private"],
  "i": "65c722bdec751e0d.ilean",
  "c": "2d62820eeb00f1cc.c"},
 "log":
 [{"message":
   ".> LEAN_PATH=C:\\Users\\mmeadow\\Documents\\OpenEvolve\\Frontend\\rese\\lean4\\.lake\\packages\\Cli\\.lake\\build\\lib\\lean;C:\\Users\\mmeadow\\Documents\\OpenEvolve\\Frontend\\rese\\lean4\\.lake\\packages\\batteries\\.lake\\build\\lib\\lean;C:\\Users\\mmeadow\\Documents\\OpenEvolve\\Frontend\\rese\\lean4\\.lake\\packages\\Qq\\.lake\\build\\lib\\lean;C:\\Users\\mmeadow\\Documents\\OpenEvolve\\Frontend\\rese\\lean4\\.lake\\packages\\aesop\\.lake\\build\\lib\\lean;C:\\Users\\mmeadow\\Documents\\OpenEvolve\\Frontend\\rese\\lean4\\.lake\\packages\\proofwidgets\\.lake\\build\\lib\\lean;C:\\Users\\mmeadow\\Documents\\OpenEvolve\\Frontend\\rese\\lean4\\.lake\\packages\\importGraph\\.lake\\build\\lib\\lean;C:\\Users\\mmeadow\\Documents\\OpenEvolve\\Frontend\\rese\\lean4\\.lake\\packages\\LeanSearchClient\\.lake\\build\\lib\\lean;C:\\Users\\mmeadow\\Documents\\OpenEvolve\\Frontend\\rese\\lean4\\.lake\\packages\\plausible\\.lake\\build\\lib\\lean;C:\\Users\\mmeadow\\Documents\\OpenEvolve\\Frontend\\rese\\lean4\\.lake\\packages\\mathlib\\.lake\\build\\lib\\lean;C:\\Users\\mmeadow\\Documents\\OpenEvolve\\Frontend\\rese\\lean4\\.lake\\build\\lib\\lean c:\\Users\\mmeadow\\.elan\\toolchains\\leanprover--lean4---v4.27.0-rc1\\bin\\lean.exe C:\\Users\\mmeadow\\Documents\\OpenEvolve\\Frontend\\rese\\lean4\\.lake\\packages\\mathlib\\Mathlib\\LinearAlgebra\\Eigenspace\\Zero.lean -o C:\\Users\\mmeadow\\Documents\\OpenEvolve\\Frontend\\rese\\lean4\\.lake\\packages\\mathlib\\.lake\\build\\lib\\lean\\Mathlib\\LinearAlgebra\\Eigenspace\\Zero.olean -i C:\\Users\\mmeadow\\Documents\\OpenEvolve\\Frontend\\rese\\lean4\\.lake\\packages\\mathlib\\.lake\\build\\lib\\lean\\Mathlib\\LinearAlgebra\\Eigenspace\\Zero.ilean -c C:\\Users\\mmeadow\\Documents\\OpenEvolve\\Frontend\\rese\\lean4\\.lake\\packages\\mathlib\\.lake\\build\\ir\\Mathlib\\LinearAlgebra\\Eigenspace\\Zero.c --setup C:\\Users\\mmeadow\\Documents\\OpenEvolve\\Frontend\\rese\\lean4\\.lake\\packages\\mathlib\\.lake\\build\\ir\\Mathlib\\LinearAlgebra\\Eigenspace\\Zero.setup.json --json",
   "level": "trace"}],
 "inputs":
 [["Mathlib.LinearAlgebra.Eigenspace.Zero:deps",
   [["deps",
     [["mathlib/Mathlib:extraDep", [["@mathlib:extraDep", "00000000000006bb"]]],
      ["imports",
       [["Mathlib.Algebra.Order.Archimedean.Basic transitive imports (public)",
         "761e397cb2f1b085"],
        ["Mathlib.Algebra.Order.Archimedean.Basic:importArts",
         "3fdd2b13eccbf538"],
        ["Mathlib.LinearAlgebra.Charpoly.ToMatrix transitive imports (public)",
         "798250844ab10156"],
        ["Mathlib.LinearAlgebra.Charpoly.ToMatrix:importArts",
         "a83eaf595e8b46c8"],
        ["Mathlib.LinearAlgebra.Determinant transitive imports (public)",
         "adf2ccdca02dd7b5"],
        ["Mathlib.LinearAlgebra.Determinant:importArts", "3a63569e5e73ec5b"],
        ["Mathlib.LinearAlgebra.Eigenspace.Minpoly transitive imports (public)",
         "15330191de2585d3"],
        ["Mathlib.LinearAlgebra.Eigenspace.Minpoly:importArts",
         "283055ac5515c054"],
        ["Mathlib.LinearAlgebra.FreeModule.StrongRankCondition transitive imports (public)",
         "32225abfb40818b2"],
        ["Mathlib.LinearAlgebra.FreeModule.StrongRankCondition:importArts",
         "9253c38326fecf2d"],
        ["Mathlib.RingTheory.Artinian.Module transitive imports (public)",
         "1bcaadde4b761c8c"],
        ["Mathlib.RingTheory.Artinian.Module:importArts",
         "f70b4c24b4c4c54c"]]]]],
    ["libs",
     [["import dynlibs", "00000000000006bb"],
      ["package external libraries", "00000000000006bb"],
      ["module dynlibs", "00000000000006bb"],
      ["module plugins", "00000000000006bb"]]]]],
  ["Lean 4.27.0, commit 2fcce7258eeb6e324366bc25f9058293b04b7547",
   "6f43b597efea5d4c"],
  ["C:\\Users\\mmeadow\\Documents\\OpenEvolve\\Frontend\\rese\\lean4\\.lake\\packages\\mathlib\\Mathlib\\LinearAlgebra\\Eigenspace\\Zero.lean",
   "3bb0bd5bd7765b0c"],
  ["options",
   [["-DmaxSynthPendingDepth=3", "c78e353d34de85d4"],
    ["-Dweak.linter.mathlibStandardSet=true", "8a155799906f2b42"],
    ["-Dweak.linter.checkInitImports=true", "cc899f26dd73bf81"],
    ["-Dweak.linter.style.header=true", "07ce48bb05b917ff"],
    ["-Dweak.linter.pythonStyle=true", "35186b2b2b67e319"],
    ["-Dweak.linter.style.longFile=1500", "d79864b112568ff5"],
    ["-Dpp.unicode.fun=true", "9b94070140457fab"],
    ["-Dweak.linter.allScriptsDocumented=true", "217af3ce76c25a94"],
    ["-DautoImplicit=false", "4a85acb881fd49d0"]]],
  ["Module.leanArgs: #[]", "00000000000006bb"]],
 "depHash": "59dfa7802246e560"}