{"synthetic": false,
 "schemaVersion": "2025-09-10",
 "outputs":
 {"r": "ddf5062e7c734233.ir",
  "o":
  ["de80fcefe8b0a761.olean",
   "5e63e28e903bb769.olean.server",
   "531210e65fbb45fe.olean.private"],
  "i": "83c89f50ceedd6ad.ilean",
  "c": "90bc451c53e4f8e9.c"},
 "log":
 [{"message":
   ".> LEAN_PATH=C:\\Users\\mmeadow\\Documents\\OpenEvolve\\Frontend\\rese\\lean4\\.lake\\packages\\Cli\\.lake\\build\\lib\\lean;C:\\Users\\mmeadow\\Documents\\OpenEvolve\\Frontend\\rese\\lean4\\.lake\\packages\\batteries\\.lake\\build\\lib\\lean;C:\\Users\\mmeadow\\Documents\\OpenEvolve\\Frontend\\rese\\lean4\\.lake\\packages\\Qq\\.lake\\build\\lib\\lean;C:\\Users\\mmeadow\\Documents\\OpenEvolve\\Frontend\\rese\\lean4\\.lake\\packages\\aesop\\.lake\\build\\lib\\lean;C:\\Users\\mmeadow\\Documents\\OpenEvolve\\Frontend\\rese\\lean4\\.lake\\packages\\proofwidgets\\.lake\\build\\lib\\lean;C:\\Users\\mmeadow\\Documents\\OpenEvolve\\Frontend\\rese\\lean4\\.lake\\packages\\importGraph\\.lake\\build\\lib\\lean;C:\\Users\\mmeadow\\Documents\\OpenEvolve\\Frontend\\rese\\lean4\\.lake\\packages\\LeanSearchClient\\.lake\\build\\lib\\lean;C:\\Users\\mmeadow\\Documents\\OpenEvolve\\Frontend\\rese\\lean4\\.lake\\packages\\plausible\\.lake\\build\\lib\\lean;C:\\Users\\mmeadow\\Documents\\OpenEvolve\\Frontend\\rese\\lean4\\.lake\\packages\\mathlib\\.lake\\build\\lib\\lean;C:\\Users\\mmeadow\\Documents\\OpenEvolve\\Frontend\\rese\\lean4\\.lake\\build\\lib\\lean c:\\Users\\mmeadow\\.elan\\toolchains\\leanprover--lean4---v4.27.0-rc1\\bin\\lean.exe C:\\Users\\mmeadow\\Documents\\OpenEvolve\\Frontend\\rese\\lean4\\.lake\\packages\\mathlib\\Mathlib\\LinearAlgebra\\Matrix\\ConjTranspose.lean -o C:\\Users\\mmeadow\\Documents\\OpenEvolve\\Frontend\\rese\\lean4\\.lake\\packages\\mathlib\\.lake\\build\\lib\\lean\\Mathlib\\LinearAlgebra\\Matrix\\ConjTranspose.olean -i C:\\Users\\mmeadow\\Documents\\OpenEvolve\\Frontend\\rese\\lean4\\.lake\\packages\\mathlib\\.lake\\build\\lib\\lean\\Mathlib\\LinearAlgebra\\Matrix\\ConjTranspose.ilean -c C:\\Users\\mmeadow\\Documents\\OpenEvolve\\Frontend\\rese\\lean4\\.lake\\packages\\mathlib\\.lake\\build\\ir\\Mathlib\\LinearAlgebra\\Matrix\\ConjTranspose.c --setup C:\\Users\\mmeadow\\Documents\\OpenEvolve\\Frontend\\rese\\lean4\\.lake\\packages\\mathlib\\.lake\\build\\ir\\Mathlib\\LinearAlgebra\\Matrix\\ConjTranspose.setup.json --json",
   "level": "trace"}],
 "inputs":
 [["Mathlib.LinearAlgebra.Matrix.ConjTranspose:deps",
   [["deps",
     [["mathlib/Mathlib:extraDep", [["@mathlib:extraDep", "00000000000006bb"]]],
      ["imports",
       [["Mathlib.Algebra.BigOperators.GroupWithZero.Action transitive imports (public)",
         "2e82ca1b32c3d7c5"],
        ["Mathlib.Algebra.BigOperators.GroupWithZero.Action:importArts",
         "bfac4487cb42dea3"],
        ["Mathlib.Algebra.BigOperators.Ring.Finset transitive imports (public)",
         "56bf153c72da978b"],
        ["Mathlib.Algebra.BigOperators.Ring.Finset:importArts",
         "81d5bf81f4afb308"],
        ["Mathlib.Algebra.BigOperators.RingEquiv transitive imports (public)",
         "8d211a5b358ddd98"],
        ["Mathlib.Algebra.BigOperators.RingEquiv:importArts",
         "b0be6d728a867f95"],
        ["Mathlib.Algebra.Module.Pi transitive imports (public)",
         "58e3d938182168f7"],
        ["Mathlib.Algebra.Module.Pi:importArts", "c620676050882ac8"],
        ["Mathlib.Algebra.Star.BigOperators transitive imports (public)",
         "233ad0c5f8bd3030"],
        ["Mathlib.Algebra.Star.BigOperators:importArts", "8b0e4a6e591da5b8"],
        ["Mathlib.Algebra.Star.Module transitive imports (public)",
         "2f430774681b59bf"],
        ["Mathlib.Algebra.Star.Module:importArts", "75c0fa4b5c37ad31"],
        ["Mathlib.Data.Fintype.BigOperators transitive imports (public)",
         "ba5a082e332671fd"],
        ["Mathlib.Data.Fintype.BigOperators:importArts", "0a92121d6056e553"],
        ["Mathlib.Data.Matrix.Basis transitive imports (public)",
         "dad1ae08583bf5e6"],
        ["Mathlib.Data.Matrix.Basis:importArts", "a5325ce6e3a62361"],
        ["Mathlib.Data.Matrix.Mul transitive imports (public)",
         "fec0851652ac29b8"],
        ["Mathlib.Data.Matrix.Mul:importArts", "607f1625a4c5387c"]]]]],
    ["libs",
     [["import dynlibs", "00000000000006bb"],
      ["package external libraries", "00000000000006bb"],
      ["module dynlibs", "00000000000006bb"],
      ["module plugins", "00000000000006bb"]]]]],
  ["Lean 4.27.0, commit 2fcce7258eeb6e324366bc25f9058293b04b7547",
   "6f43b597efea5d4c"],
  ["C:\\Users\\mmeadow\\Documents\\OpenEvolve\\Frontend\\rese\\lean4\\.lake\\packages\\mathlib\\Mathlib\\LinearAlgebra\\Matrix\\ConjTranspose.lean",
   "090953c488d3f053"],
  ["options",
   [["-DmaxSynthPendingDepth=3", "c78e353d34de85d4"],
    ["-Dweak.linter.mathlibStandardSet=true", "8a155799906f2b42"],
    ["-Dweak.linter.checkInitImports=true", "cc899f26dd73bf81"],
    ["-Dweak.linter.style.header=true", "07ce48bb05b917ff"],
    ["-Dweak.linter.pythonStyle=true", "35186b2b2b67e319"],
    ["-Dweak.linter.style.longFile=1500", "d79864b112568ff5"],
    ["-Dpp.unicode.fun=true", "9b94070140457fab"],
    ["-Dweak.linter.allScriptsDocumented=true", "217af3ce76c25a94"],
    ["-DautoImplicit=false", "4a85acb881fd49d0"]]],
  ["Module.leanArgs: #[]", "00000000000006bb"]],
 "depHash": "7ad6d9172fecd3d4"}