{"synthetic": false,
 "schemaVersion": "2025-09-10",
 "outputs":
 {"r": "0cb97c08d6c1c6bb.ir",
  "o":
  ["003bfa6757043619.olean",
   "a0f34b86702d0ada.olean.server",
   "99323e7354c046e0.olean.private"],
  "i": "81bcf368179b2ea2.ilean",
  "c": "20dfccc9d84ce33b.c"},
 "log":
 [{"message":
   ".> LEAN_PATH=C:\\Users\\mmeadow\\Documents\\OpenEvolve\\Frontend\\rese\\lean4\\.lake\\packages\\Cli\\.lake\\build\\lib\\lean;C:\\Users\\mmeadow\\Documents\\OpenEvolve\\Frontend\\rese\\lean4\\.lake\\packages\\batteries\\.lake\\build\\lib\\lean;C:\\Users\\mmeadow\\Documents\\OpenEvolve\\Frontend\\rese\\lean4\\.lake\\packages\\Qq\\.lake\\build\\lib\\lean;C:\\Users\\mmeadow\\Documents\\OpenEvolve\\Frontend\\rese\\lean4\\.lake\\packages\\aesop\\.lake\\build\\lib\\lean;C:\\Users\\mmeadow\\Documents\\OpenEvolve\\Frontend\\rese\\lean4\\.lake\\packages\\proofwidgets\\.lake\\build\\lib\\lean;C:\\Users\\mmeadow\\Documents\\OpenEvolve\\Frontend\\rese\\lean4\\.lake\\packages\\importGraph\\.lake\\build\\lib\\lean;C:\\Users\\mmeadow\\Documents\\OpenEvolve\\Frontend\\rese\\lean4\\.lake\\packages\\LeanSearchClient\\.lake\\build\\lib\\lean;C:\\Users\\mmeadow\\Documents\\OpenEvolve\\Frontend\\rese\\lean4\\.lake\\packages\\plausible\\.lake\\build\\lib\\lean;C:\\Users\\mmeadow\\Documents\\OpenEvolve\\Frontend\\rese\\lean4\\.lake\\packages\\mathlib\\.lake\\build\\lib\\lean;C:\\Users\\mmeadow\\Documents\\OpenEvolve\\Frontend\\rese\\lean4\\.lake\\build\\lib\\lean c:\\Users\\mmeadow\\.elan\\toolchains\\leanprover--lean4---v4.27.0-rc1\\bin\\lean.exe C:\\Users\\mmeadow\\Documents\\OpenEvolve\\Frontend\\rese\\lean4\\.lake\\packages\\mathlib\\Mathlib\\LinearAlgebra\\Matrix\\SesquilinearForm.lean -o C:\\Users\\mmeadow\\Documents\\OpenEvolve\\Frontend\\rese\\lean4\\.lake\\packages\\mathlib\\.lake\\build\\lib\\lean\\Mathlib\\LinearAlgebra\\Matrix\\SesquilinearForm.olean -i C:\\Users\\mmeadow\\Documents\\OpenEvolve\\Frontend\\rese\\lean4\\.lake\\packages\\mathlib\\.lake\\build\\lib\\lean\\Mathlib\\LinearAlgebra\\Matrix\\SesquilinearForm.ilean -c C:\\Users\\mmeadow\\Documents\\OpenEvolve\\Frontend\\rese\\lean4\\.lake\\packages\\mathlib\\.lake\\build\\ir\\Mathlib\\LinearAlgebra\\Matrix\\SesquilinearForm.c --setup C:\\Users\\mmeadow\\Documents\\OpenEvolve\\Frontend\\rese\\lean4\\.lake\\packages\\mathlib\\.lake\\build\\ir\\Mathlib\\LinearAlgebra\\Matrix\\SesquilinearForm.setup.json --json",
   "level": "trace"}],
 "inputs":
 [["Mathlib.LinearAlgebra.Matrix.SesquilinearForm:deps",
   [["deps",
     [["mathlib/Mathlib:extraDep", [["@mathlib:extraDep", "00000000000006bb"]]],
      ["imports",
       [["Mathlib.Algebra.GroupWithZero.Action.Opposite transitive imports (public)",
         "a4df3c0a8d24e343"],
        ["Mathlib.Algebra.GroupWithZero.Action.Opposite:importArts",
         "c508b8e81197237f"],
        ["Mathlib.LinearAlgebra.Finsupp.VectorSpace transitive imports (public)",
         "3e3f0dc339e395ce"],
        ["Mathlib.LinearAlgebra.Finsupp.VectorSpace:importArts",
         "f660f340364064f4"],
        ["Mathlib.LinearAlgebra.Matrix.Basis transitive imports (public)",
         "93b5c887da987919"],
        ["Mathlib.LinearAlgebra.Matrix.Basis:importArts", "85530f7984234e2c"],
        ["Mathlib.LinearAlgebra.Matrix.Nondegenerate transitive imports (public)",
         "cf9c7b9e30b5a5de"],
        ["Mathlib.LinearAlgebra.Matrix.Nondegenerate:importArts",
         "4b808c8122d352b8"],
        ["Mathlib.LinearAlgebra.Matrix.NonsingularInverse transitive imports (public)",
         "d82f6778bcfa4f3d"],
        ["Mathlib.LinearAlgebra.Matrix.NonsingularInverse:importArts",
         "443b4f1be1e760d8"],
        ["Mathlib.LinearAlgebra.Matrix.ToLinearEquiv transitive imports (public)",
         "144c4d6b5b2a51c6"],
        ["Mathlib.LinearAlgebra.Matrix.ToLinearEquiv:importArts",
         "1798f4030262d4fc"],
        ["Mathlib.LinearAlgebra.SesquilinearForm.Basic transitive imports (public)",
         "4cab0bc6d12b8e65"],
        ["Mathlib.LinearAlgebra.SesquilinearForm.Basic:importArts",
         "3fd58895c91ff099"],
        ["Mathlib.LinearAlgebra.Basis.Bilinear transitive imports (public)",
         "348d2097249b7559"],
        ["Mathlib.LinearAlgebra.Basis.Bilinear:importArts",
         "3ee6c7d4f91ac008"]]]]],
    ["libs",
     [["import dynlibs", "00000000000006bb"],
      ["package external libraries", "00000000000006bb"],
      ["module dynlibs", "00000000000006bb"],
      ["module plugins", "00000000000006bb"]]]]],
  ["Lean 4.27.0, commit 2fcce7258eeb6e324366bc25f9058293b04b7547",
   "6f43b597efea5d4c"],
  ["C:\\Users\\mmeadow\\Documents\\OpenEvolve\\Frontend\\rese\\lean4\\.lake\\packages\\mathlib\\Mathlib\\LinearAlgebra\\Matrix\\SesquilinearForm.lean",
   "7b8729e311d2c066"],
  ["options",
   [["-DmaxSynthPendingDepth=3", "c78e353d34de85d4"],
    ["-Dweak.linter.mathlibStandardSet=true", "8a155799906f2b42"],
    ["-Dweak.linter.checkInitImports=true", "cc899f26dd73bf81"],
    ["-Dweak.linter.style.header=true", "07ce48bb05b917ff"],
    ["-Dweak.linter.pythonStyle=true", "35186b2b2b67e319"],
    ["-Dweak.linter.style.longFile=1500", "d79864b112568ff5"],
    ["-Dpp.unicode.fun=true", "9b94070140457fab"],
    ["-Dweak.linter.allScriptsDocumented=true", "217af3ce76c25a94"],
    ["-DautoImplicit=false", "4a85acb881fd49d0"]]],
  ["Module.leanArgs: #[]", "00000000000006bb"]],
 "depHash": "ff4384d3715b2b58"}