{"synthetic": false,
 "schemaVersion": "2025-09-10",
 "outputs":
 {"r": "363d2931c6a9f2f7.ir",
  "o":
  ["f2cb59ec332cc68d.olean",
   "0b3237ba25b20e2b.olean.server",
   "53569fa4ebd8b6ab.olean.private"],
  "i": "a529079047cd0821.ilean",
  "c": "987bd2d7b5313f34.c"},
 "log":
 [{"message":
   ".> LEAN_PATH=C:\\Users\\mmeadow\\Documents\\OpenEvolve\\Frontend\\rese\\lean4\\.lake\\packages\\Cli\\.lake\\build\\lib\\lean;C:\\Users\\mmeadow\\Documents\\OpenEvolve\\Frontend\\rese\\lean4\\.lake\\packages\\batteries\\.lake\\build\\lib\\lean;C:\\Users\\mmeadow\\Documents\\OpenEvolve\\Frontend\\rese\\lean4\\.lake\\packages\\Qq\\.lake\\build\\lib\\lean;C:\\Users\\mmeadow\\Documents\\OpenEvolve\\Frontend\\rese\\lean4\\.lake\\packages\\aesop\\.lake\\build\\lib\\lean;C:\\Users\\mmeadow\\Documents\\OpenEvolve\\Frontend\\rese\\lean4\\.lake\\packages\\proofwidgets\\.lake\\build\\lib\\lean;C:\\Users\\mmeadow\\Documents\\OpenEvolve\\Frontend\\rese\\lean4\\.lake\\packages\\importGraph\\.lake\\build\\lib\\lean;C:\\Users\\mmeadow\\Documents\\OpenEvolve\\Frontend\\rese\\lean4\\.lake\\packages\\LeanSearchClient\\.lake\\build\\lib\\lean;C:\\Users\\mmeadow\\Documents\\OpenEvolve\\Frontend\\rese\\lean4\\.lake\\packages\\plausible\\.lake\\build\\lib\\lean;C:\\Users\\mmeadow\\Documents\\OpenEvolve\\Frontend\\rese\\lean4\\.lake\\packages\\mathlib\\.lake\\build\\lib\\lean;C:\\Users\\mmeadow\\Documents\\OpenEvolve\\Frontend\\rese\\lean4\\.lake\\build\\lib\\lean c:\\Users\\mmeadow\\.elan\\toolchains\\leanprover--lean4---v4.27.0-rc1\\bin\\lean.exe C:\\Users\\mmeadow\\Documents\\OpenEvolve\\Frontend\\rese\\lean4\\.lake\\packages\\mathlib\\Mathlib\\LinearAlgebra\\Matrix\\Transvection.lean -o C:\\Users\\mmeadow\\Documents\\OpenEvolve\\Frontend\\rese\\lean4\\.lake\\packages\\mathlib\\.lake\\build\\lib\\lean\\Mathlib\\LinearAlgebra\\Matrix\\Transvection.olean -i C:\\Users\\mmeadow\\Documents\\OpenEvolve\\Frontend\\rese\\lean4\\.lake\\packages\\mathlib\\.lake\\build\\lib\\lean\\Mathlib\\LinearAlgebra\\Matrix\\Transvection.ilean -c C:\\Users\\mmeadow\\Documents\\OpenEvolve\\Frontend\\rese\\lean4\\.lake\\packages\\mathlib\\.lake\\build\\ir\\Mathlib\\LinearAlgebra\\Matrix\\Transvection.c --setup C:\\Users\\mmeadow\\Documents\\OpenEvolve\\Frontend\\rese\\lean4\\.lake\\packages\\mathlib\\.lake\\build\\ir\\Mathlib\\LinearAlgebra\\Matrix\\Transvection.setup.json --json",
   "level": "trace"}],
 "inputs":
 [["Mathlib.LinearAlgebra.Matrix.Transvection:deps",
   [["deps",
     [["mathlib/Mathlib:extraDep", [["@mathlib:extraDep", "00000000000006bb"]]],
      ["imports",
       [["Mathlib.Data.Matrix.Basis transitive imports (public)",
         "dad1ae08583bf5e6"],
        ["Mathlib.Data.Matrix.Basis:importArts", "a5325ce6e3a62361"],
        ["Mathlib.Data.Matrix.DMatrix transitive imports (public)",
         "5c3f904fc7b30d3b"],
        ["Mathlib.Data.Matrix.DMatrix:importArts", "59c4a8e38cc76380"],
        ["Mathlib.LinearAlgebra.Matrix.Determinant.Basic transitive imports (public)",
         "7af8440ff9e59921"],
        ["Mathlib.LinearAlgebra.Matrix.Determinant.Basic:importArts",
         "548fb4d53d1e55bf"],
        ["Mathlib.LinearAlgebra.Matrix.Reindex transitive imports (public)",
         "0b4c7975f5c9d890"],
        ["Mathlib.LinearAlgebra.Matrix.Reindex:importArts", "3286ea446361d886"],
        ["Mathlib.Tactic.Field transitive imports (public)",
         "084ce37beb806a20"],
        ["Mathlib.Tactic.Field:importArts", "22422ade75835788"]]]]],
    ["libs",
     [["import dynlibs", "00000000000006bb"],
      ["package external libraries", "00000000000006bb"],
      ["module dynlibs", "00000000000006bb"],
      ["module plugins", "00000000000006bb"]]]]],
  ["Lean 4.27.0, commit 2fcce7258eeb6e324366bc25f9058293b04b7547",
   "6f43b597efea5d4c"],
  ["C:\\Users\\mmeadow\\Documents\\OpenEvolve\\Frontend\\rese\\lean4\\.lake\\packages\\mathlib\\Mathlib\\LinearAlgebra\\Matrix\\Transvection.lean",
   "8d6b839268419caa"],
  ["options",
   [["-DmaxSynthPendingDepth=3", "c78e353d34de85d4"],
    ["-Dweak.linter.mathlibStandardSet=true", "8a155799906f2b42"],
    ["-Dweak.linter.checkInitImports=true", "cc899f26dd73bf81"],
    ["-Dweak.linter.style.header=true", "07ce48bb05b917ff"],
    ["-Dweak.linter.pythonStyle=true", "35186b2b2b67e319"],
    ["-Dweak.linter.style.longFile=1500", "d79864b112568ff5"],
    ["-Dpp.unicode.fun=true", "9b94070140457fab"],
    ["-Dweak.linter.allScriptsDocumented=true", "217af3ce76c25a94"],
    ["-DautoImplicit=false", "4a85acb881fd49d0"]]],
  ["Module.leanArgs: #[]", "00000000000006bb"]],
 "depHash": "fd7b34268778ec4c"}