{"synthetic": false,
 "schemaVersion": "2025-09-10",
 "outputs":
 {"r": "05ffe2e26c40b456.ir",
  "o":
  ["48e5b6b845279f77.olean",
   "e0bf4adc6e6e7e69.olean.server",
   "ff4fd6ef1d455133.olean.private"],
  "i": "d865c981d7a5d1fc.ilean",
  "c": "af1b2bcfcde0beb1.c"},
 "log":
 [{"message":
   ".> LEAN_PATH=C:\\Users\\mmeadow\\Documents\\OpenEvolve\\Frontend\\rese\\lean4\\.lake\\packages\\Cli\\.lake\\build\\lib\\lean;C:\\Users\\mmeadow\\Documents\\OpenEvolve\\Frontend\\rese\\lean4\\.lake\\packages\\batteries\\.lake\\build\\lib\\lean;C:\\Users\\mmeadow\\Documents\\OpenEvolve\\Frontend\\rese\\lean4\\.lake\\packages\\Qq\\.lake\\build\\lib\\lean;C:\\Users\\mmeadow\\Documents\\OpenEvolve\\Frontend\\rese\\lean4\\.lake\\packages\\aesop\\.lake\\build\\lib\\lean;C:\\Users\\mmeadow\\Documents\\OpenEvolve\\Frontend\\rese\\lean4\\.lake\\packages\\proofwidgets\\.lake\\build\\lib\\lean;C:\\Users\\mmeadow\\Documents\\OpenEvolve\\Frontend\\rese\\lean4\\.lake\\packages\\importGraph\\.lake\\build\\lib\\lean;C:\\Users\\mmeadow\\Documents\\OpenEvolve\\Frontend\\rese\\lean4\\.lake\\packages\\LeanSearchClient\\.lake\\build\\lib\\lean;C:\\Users\\mmeadow\\Documents\\OpenEvolve\\Frontend\\rese\\lean4\\.lake\\packages\\plausible\\.lake\\build\\lib\\lean;C:\\Users\\mmeadow\\Documents\\OpenEvolve\\Frontend\\rese\\lean4\\.lake\\packages\\mathlib\\.lake\\build\\lib\\lean;C:\\Users\\mmeadow\\Documents\\OpenEvolve\\Frontend\\rese\\lean4\\.lake\\build\\lib\\lean c:\\Users\\mmeadow\\.elan\\toolchains\\leanprover--lean4---v4.27.0-rc1\\bin\\lean.exe C:\\Users\\mmeadow\\Documents\\OpenEvolve\\Frontend\\rese\\lean4\\.lake\\packages\\mathlib\\Mathlib\\Tactic\\FieldSimp.lean -o C:\\Users\\mmeadow\\Documents\\OpenEvolve\\Frontend\\rese\\lean4\\.lake\\packages\\mathlib\\.lake\\build\\lib\\lean\\Mathlib\\Tactic\\FieldSimp.olean -i C:\\Users\\mmeadow\\Documents\\OpenEvolve\\Frontend\\rese\\lean4\\.lake\\packages\\mathlib\\.lake\\build\\lib\\lean\\Mathlib\\Tactic\\FieldSimp.ilean -c C:\\Users\\mmeadow\\Documents\\OpenEvolve\\Frontend\\rese\\lean4\\.lake\\packages\\mathlib\\.lake\\build\\ir\\Mathlib\\Tactic\\FieldSimp.c --setup C:\\Users\\mmeadow\\Documents\\OpenEvolve\\Frontend\\rese\\lean4\\.lake\\packages\\mathlib\\.lake\\build\\ir\\Mathlib\\Tactic\\FieldSimp.setup.json --json",
   "level": "trace"}],
 "inputs":
 [["Mathlib.Tactic.FieldSimp:deps",
   [["deps",
     [["mathlib/Mathlib:extraDep", [["@mathlib:extraDep", "00000000000006bb"]]],
      ["imports",
       [["Mathlib.Data.Ineq transitive imports (meta)", "b892ce039d3de24a"],
        ["Mathlib.Data.Ineq:importArts (meta)", "be70d7ec138fa425"],
        ["Mathlib.Tactic.FieldSimp.Attr transitive imports (meta)",
         "0a767f0afbf09fca"],
        ["Mathlib.Tactic.FieldSimp.Attr:importArts (meta)", "51e1b12b8266130c"],
        ["Mathlib.Tactic.FieldSimp.Discharger transitive imports (meta)",
         "4d4fddf3e2496559"],
        ["Mathlib.Tactic.FieldSimp.Discharger:importArts (meta)",
         "1fc6919d8c6867b7"],
        ["Mathlib.Tactic.FieldSimp.Lemmas transitive imports (meta)",
         "96e58335c3e2a5d2"],
        ["Mathlib.Tactic.FieldSimp.Lemmas:importArts (meta)",
         "779caa075a557c6b"],
        ["Mathlib.Util.AtLocation transitive imports (meta)",
         "0a767f0afbf09fca"],
        ["Mathlib.Util.AtLocation:importArts (meta)", "ca8b0b3026c24365"],
        ["Mathlib.Util.AtomM.Recurse transitive imports (meta)",
         "bc3310911c5d6fb7"],
        ["Mathlib.Util.AtomM.Recurse:importArts (meta)", "35ac5787df71aba5"],
        ["Mathlib.Util.SynthesizeUsing transitive imports (meta)",
         "8f1aab0ea4681611"],
        ["Mathlib.Util.SynthesizeUsing:importArts (meta)",
         "1b08e9db13061528"]]]]],
    ["libs",
     [["import dynlibs", "00000000000006bb"],
      ["package external libraries", "00000000000006bb"],
      ["module dynlibs", "00000000000006bb"],
      ["module plugins", "00000000000006bb"]]]]],
  ["Lean 4.27.0, commit 2fcce7258eeb6e324366bc25f9058293b04b7547",
   "6f43b597efea5d4c"],
  ["C:\\Users\\mmeadow\\Documents\\OpenEvolve\\Frontend\\rese\\lean4\\.lake\\packages\\mathlib\\Mathlib\\Tactic\\FieldSimp.lean",
   "a8c0b159f526c911"],
  ["options",
   [["-DmaxSynthPendingDepth=3", "c78e353d34de85d4"],
    ["-Dweak.linter.mathlibStandardSet=true", "8a155799906f2b42"],
    ["-Dweak.linter.checkInitImports=true", "cc899f26dd73bf81"],
    ["-Dweak.linter.style.header=true", "07ce48bb05b917ff"],
    ["-Dweak.linter.pythonStyle=true", "35186b2b2b67e319"],
    ["-Dweak.linter.style.longFile=1500", "d79864b112568ff5"],
    ["-Dpp.unicode.fun=true", "9b94070140457fab"],
    ["-Dweak.linter.allScriptsDocumented=true", "217af3ce76c25a94"],
    ["-DautoImplicit=false", "4a85acb881fd49d0"]]],
  ["Module.leanArgs: #[]", "00000000000006bb"]],
 "depHash": "b5a5e53eb46e1e24"}