{"synthetic": false,
 "schemaVersion": "2025-09-10",
 "outputs":
 {"r": "b9371ff2b47040f6.ir",
  "o":
  ["5e93de69eabe7535.olean",
   "ef81d50f35625320.olean.server",
   "072a782063aeffa3.olean.private"],
  "i": "697a1ed73c813e0d.ilean",
  "c": "c70c1e72a3a9928a.c"},
 "log":
 [{"message":
   ".> LEAN_PATH=C:\\Users\\mmeadow\\Documents\\OpenEvolve\\Frontend\\rese\\lean4\\.lake\\packages\\Cli\\.lake\\build\\lib\\lean;C:\\Users\\mmeadow\\Documents\\OpenEvolve\\Frontend\\rese\\lean4\\.lake\\packages\\batteries\\.lake\\build\\lib\\lean;C:\\Users\\mmeadow\\Documents\\OpenEvolve\\Frontend\\rese\\lean4\\.lake\\packages\\Qq\\.lake\\build\\lib\\lean;C:\\Users\\mmeadow\\Documents\\OpenEvolve\\Frontend\\rese\\lean4\\.lake\\packages\\aesop\\.lake\\build\\lib\\lean;C:\\Users\\mmeadow\\Documents\\OpenEvolve\\Frontend\\rese\\lean4\\.lake\\packages\\proofwidgets\\.lake\\build\\lib\\lean;C:\\Users\\mmeadow\\Documents\\OpenEvolve\\Frontend\\rese\\lean4\\.lake\\packages\\importGraph\\.lake\\build\\lib\\lean;C:\\Users\\mmeadow\\Documents\\OpenEvolve\\Frontend\\rese\\lean4\\.lake\\packages\\LeanSearchClient\\.lake\\build\\lib\\lean;C:\\Users\\mmeadow\\Documents\\OpenEvolve\\Frontend\\rese\\lean4\\.lake\\packages\\plausible\\.lake\\build\\lib\\lean;C:\\Users\\mmeadow\\Documents\\OpenEvolve\\Frontend\\rese\\lean4\\.lake\\packages\\mathlib\\.lake\\build\\lib\\lean;C:\\Users\\mmeadow\\Documents\\OpenEvolve\\Frontend\\rese\\lean4\\.lake\\build\\lib\\lean c:\\Users\\mmeadow\\.elan\\toolchains\\leanprover--lean4---v4.27.0-rc1\\bin\\lean.exe C:\\Users\\mmeadow\\Documents\\OpenEvolve\\Frontend\\rese\\lean4\\.lake\\packages\\mathlib\\Mathlib\\Algebra\\Order\\CauSeq\\Basic.lean -o C:\\Users\\mmeadow\\Documents\\OpenEvolve\\Frontend\\rese\\lean4\\.lake\\packages\\mathlib\\.lake\\build\\lib\\lean\\Mathlib\\Algebra\\Order\\CauSeq\\Basic.olean -i C:\\Users\\mmeadow\\Documents\\OpenEvolve\\Frontend\\rese\\lean4\\.lake\\packages\\mathlib\\.lake\\build\\lib\\lean\\Mathlib\\Algebra\\Order\\CauSeq\\Basic.ilean -c C:\\Users\\mmeadow\\Documents\\OpenEvolve\\Frontend\\rese\\lean4\\.lake\\packages\\mathlib\\.lake\\build\\ir\\Mathlib\\Algebra\\Order\\CauSeq\\Basic.c --setup C:\\Users\\mmeadow\\Documents\\OpenEvolve\\Frontend\\rese\\lean4\\.lake\\packages\\mathlib\\.lake\\build\\ir\\Mathlib\\Algebra\\Order\\CauSeq\\Basic.setup.json --json",
   "level": "trace"}],
 "inputs":
 [["Mathlib.Algebra.Order.CauSeq.Basic:deps",
   [["deps",
     [["mathlib/Mathlib:extraDep", [["@mathlib:extraDep", "00000000000006bb"]]],
      ["imports",
       [["Mathlib.Algebra.Group.Action.Pi transitive imports (public)",
         "061f39b8a4afd207"],
        ["Mathlib.Algebra.Group.Action.Pi:importArts", "96ba144cf1e65c77"],
        ["Mathlib.Algebra.Order.AbsoluteValue.Basic transitive imports (public)",
         "42f6df94b768247a"],
        ["Mathlib.Algebra.Order.AbsoluteValue.Basic:importArts",
         "74dcde14d26ea6ac"],
        ["Mathlib.Algebra.Order.Field.Basic transitive imports (public)",
         "d62912e5a5a4d6d0"],
        ["Mathlib.Algebra.Order.Field.Basic:importArts", "c0a96eb2fdb8fbc0"],
        ["Mathlib.Algebra.Order.Group.MinMax transitive imports (public)",
         "5dc7dcb0277f1b30"],
        ["Mathlib.Algebra.Order.Group.MinMax:importArts", "1347a58b91f295bd"],
        ["Mathlib.Algebra.Ring.Pi transitive imports (public)",
         "380245962fe14ae8"],
        ["Mathlib.Algebra.Ring.Pi:importArts", "57dcd207ca0373fb"],
        ["Mathlib.Data.Setoid.Basic transitive imports (public)",
         "674f3d0d46f03340"],
        ["Mathlib.Data.Setoid.Basic:importArts", "3fd165eff7cc4724"],
        ["Mathlib.GroupTheory.GroupAction.Ring transitive imports (public)",
         "f1b65f5973f7c958"],
        ["Mathlib.GroupTheory.GroupAction.Ring:importArts", "dee6e0c0d4c4dea6"],
        ["Mathlib.Tactic.GCongr transitive imports (public)",
         "e64bfdb87d76bf01"],
        ["Mathlib.Tactic.GCongr:importArts", "5b6e22fcae296219"]]]]],
    ["libs",
     [["import dynlibs", "00000000000006bb"],
      ["package external libraries", "00000000000006bb"],
      ["module dynlibs", "00000000000006bb"],
      ["module plugins", "00000000000006bb"]]]]],
  ["Lean 4.27.0, commit 2fcce7258eeb6e324366bc25f9058293b04b7547",
   "6f43b597efea5d4c"],
  ["C:\\Users\\mmeadow\\Documents\\OpenEvolve\\Frontend\\rese\\lean4\\.lake\\packages\\mathlib\\Mathlib\\Algebra\\Order\\CauSeq\\Basic.lean",
   "beb99cad352b347e"],
  ["options",
   [["-DmaxSynthPendingDepth=3", "c78e353d34de85d4"],
    ["-Dweak.linter.mathlibStandardSet=true", "8a155799906f2b42"],
    ["-Dweak.linter.checkInitImports=true", "cc899f26dd73bf81"],
    ["-Dweak.linter.style.header=true", "07ce48bb05b917ff"],
    ["-Dweak.linter.pythonStyle=true", "35186b2b2b67e319"],
    ["-Dweak.linter.style.longFile=1500", "d79864b112568ff5"],
    ["-Dpp.unicode.fun=true", "9b94070140457fab"],
    ["-Dweak.linter.allScriptsDocumented=true", "217af3ce76c25a94"],
    ["-DautoImplicit=false", "4a85acb881fd49d0"]]],
  ["Module.leanArgs: #[]", "00000000000006bb"]],
 "depHash": "ecc1601d7b8ae866"}