{"synthetic": false,
 "schemaVersion": "2025-09-10",
 "outputs":
 {"r": "a1e1c74c187fc971.ir",
  "o":
  ["7ab30023b015ef26.olean",
   "fc4b98ee2e31ee23.olean.server",
   "14bb1a0530d8cab9.olean.private"],
  "i": "51cb03ccc82e2d9d.ilean",
  "c": "f00a58b0716872ba.c"},
 "log":
 [{"message":
   ".> LEAN_PATH=C:\\Users\\mmeadow\\Documents\\OpenEvolve\\Frontend\\rese\\lean4\\.lake\\packages\\Cli\\.lake\\build\\lib\\lean;C:\\Users\\mmeadow\\Documents\\OpenEvolve\\Frontend\\rese\\lean4\\.lake\\packages\\batteries\\.lake\\build\\lib\\lean;C:\\Users\\mmeadow\\Documents\\OpenEvolve\\Frontend\\rese\\lean4\\.lake\\packages\\Qq\\.lake\\build\\lib\\lean;C:\\Users\\mmeadow\\Documents\\OpenEvolve\\Frontend\\rese\\lean4\\.lake\\packages\\aesop\\.lake\\build\\lib\\lean;C:\\Users\\mmeadow\\Documents\\OpenEvolve\\Frontend\\rese\\lean4\\.lake\\packages\\proofwidgets\\.lake\\build\\lib\\lean;C:\\Users\\mmeadow\\Documents\\OpenEvolve\\Frontend\\rese\\lean4\\.lake\\packages\\importGraph\\.lake\\build\\lib\\lean;C:\\Users\\mmeadow\\Documents\\OpenEvolve\\Frontend\\rese\\lean4\\.lake\\packages\\LeanSearchClient\\.lake\\build\\lib\\lean;C:\\Users\\mmeadow\\Documents\\OpenEvolve\\Frontend\\rese\\lean4\\.lake\\packages\\plausible\\.lake\\build\\lib\\lean;C:\\Users\\mmeadow\\Documents\\OpenEvolve\\Frontend\\rese\\lean4\\.lake\\packages\\mathlib\\.lake\\build\\lib\\lean;C:\\Users\\mmeadow\\Documents\\OpenEvolve\\Frontend\\rese\\lean4\\.lake\\build\\lib\\lean c:\\Users\\mmeadow\\.elan\\toolchains\\leanprover--lean4---v4.27.0-rc1\\bin\\lean.exe C:\\Users\\mmeadow\\Documents\\OpenEvolve\\Frontend\\rese\\lean4\\.lake\\packages\\mathlib\\Mathlib\\RingTheory\\PrincipalIdealDomain.lean -o C:\\Users\\mmeadow\\Documents\\OpenEvolve\\Frontend\\rese\\lean4\\.lake\\packages\\mathlib\\.lake\\build\\lib\\lean\\Mathlib\\RingTheory\\PrincipalIdealDomain.olean -i C:\\Users\\mmeadow\\Documents\\OpenEvolve\\Frontend\\rese\\lean4\\.lake\\packages\\mathlib\\.lake\\build\\lib\\lean\\Mathlib\\RingTheory\\PrincipalIdealDomain.ilean -c C:\\Users\\mmeadow\\Documents\\OpenEvolve\\Frontend\\rese\\lean4\\.lake\\packages\\mathlib\\.lake\\build\\ir\\Mathlib\\RingTheory\\PrincipalIdealDomain.c --setup C:\\Users\\mmeadow\\Documents\\OpenEvolve\\Frontend\\rese\\lean4\\.lake\\packages\\mathlib\\.lake\\build\\ir\\Mathlib\\RingTheory\\PrincipalIdealDomain.setup.json --json",
   "level": "trace"}],
 "inputs":
 [["Mathlib.RingTheory.PrincipalIdealDomain:deps",
   [["deps",
     [["mathlib/Mathlib:extraDep", [["@mathlib:extraDep", "00000000000006bb"]]],
      ["imports",
       [["Mathlib.Algebra.EuclideanDomain.Basic transitive imports (public)",
         "a36fce8b082326bd"],
        ["Mathlib.Algebra.EuclideanDomain.Basic:importArts",
         "ef82fb892c7df862"],
        ["Mathlib.Algebra.EuclideanDomain.Field transitive imports (public)",
         "e9b28c2946cfe7f8"],
        ["Mathlib.Algebra.EuclideanDomain.Field:importArts",
         "f289c3b390fb181f"],
        ["Mathlib.Algebra.GCDMonoid.Basic transitive imports (public)",
         "848e6ff621a7345f"],
        ["Mathlib.Algebra.GCDMonoid.Basic:importArts", "1ac4d25c934eb436"],
        ["Mathlib.RingTheory.Ideal.Prod transitive imports (public)",
         "e86fca08b8625cba"],
        ["Mathlib.RingTheory.Ideal.Prod:importArts", "3088d5056ad00586"],
        ["Mathlib.RingTheory.Ideal.Nonunits transitive imports (public)",
         "be283470e291bea4"],
        ["Mathlib.RingTheory.Ideal.Nonunits:importArts", "9257c699e01ccde3"],
        ["Mathlib.RingTheory.Noetherian.UniqueFactorizationDomain transitive imports (public)",
         "213956fb027b16f3"],
        ["Mathlib.RingTheory.Noetherian.UniqueFactorizationDomain:importArts",
         "8febe70eaf62f4c2"]]]]],
    ["libs",
     [["import dynlibs", "00000000000006bb"],
      ["package external libraries", "00000000000006bb"],
      ["module dynlibs", "00000000000006bb"],
      ["module plugins", "00000000000006bb"]]]]],
  ["Lean 4.27.0, commit 2fcce7258eeb6e324366bc25f9058293b04b7547",
   "6f43b597efea5d4c"],
  ["C:\\Users\\mmeadow\\Documents\\OpenEvolve\\Frontend\\rese\\lean4\\.lake\\packages\\mathlib\\Mathlib\\RingTheory\\PrincipalIdealDomain.lean",
   "231cf6f7518f6042"],
  ["options",
   [["-DmaxSynthPendingDepth=3", "c78e353d34de85d4"],
    ["-Dweak.linter.mathlibStandardSet=true", "8a155799906f2b42"],
    ["-Dweak.linter.checkInitImports=true", "cc899f26dd73bf81"],
    ["-Dweak.linter.style.header=true", "07ce48bb05b917ff"],
    ["-Dweak.linter.pythonStyle=true", "35186b2b2b67e319"],
    ["-Dweak.linter.style.longFile=1500", "d79864b112568ff5"],
    ["-Dpp.unicode.fun=true", "9b94070140457fab"],
    ["-Dweak.linter.allScriptsDocumented=true", "217af3ce76c25a94"],
    ["-DautoImplicit=false", "4a85acb881fd49d0"]]],
  ["Module.leanArgs: #[]", "00000000000006bb"]],
 "depHash": "af2a51190fe2c332"}