{"synthetic": false,
 "schemaVersion": "2025-09-10",
 "outputs":
 {"r": "9781632915b7a285.ir",
  "o":
  ["ee24ea0159f00bd3.olean",
   "949f598971f2cb32.olean.server",
   "6863e71928c0e092.olean.private"],
  "i": "cb6f05e25398d2c3.ilean",
  "c": "243910d9451e3706.c"},
 "log":
 [{"message":
   ".> LEAN_PATH=C:\\Users\\mmeadow\\Documents\\OpenEvolve\\Frontend\\rese\\lean4\\.lake\\packages\\Cli\\.lake\\build\\lib\\lean;C:\\Users\\mmeadow\\Documents\\OpenEvolve\\Frontend\\rese\\lean4\\.lake\\packages\\batteries\\.lake\\build\\lib\\lean;C:\\Users\\mmeadow\\Documents\\OpenEvolve\\Frontend\\rese\\lean4\\.lake\\packages\\Qq\\.lake\\build\\lib\\lean;C:\\Users\\mmeadow\\Documents\\OpenEvolve\\Frontend\\rese\\lean4\\.lake\\packages\\aesop\\.lake\\build\\lib\\lean;C:\\Users\\mmeadow\\Documents\\OpenEvolve\\Frontend\\rese\\lean4\\.lake\\packages\\proofwidgets\\.lake\\build\\lib\\lean;C:\\Users\\mmeadow\\Documents\\OpenEvolve\\Frontend\\rese\\lean4\\.lake\\packages\\importGraph\\.lake\\build\\lib\\lean;C:\\Users\\mmeadow\\Documents\\OpenEvolve\\Frontend\\rese\\lean4\\.lake\\packages\\LeanSearchClient\\.lake\\build\\lib\\lean;C:\\Users\\mmeadow\\Documents\\OpenEvolve\\Frontend\\rese\\lean4\\.lake\\packages\\plausible\\.lake\\build\\lib\\lean;C:\\Users\\mmeadow\\Documents\\OpenEvolve\\Frontend\\rese\\lean4\\.lake\\packages\\mathlib\\.lake\\build\\lib\\lean;C:\\Users\\mmeadow\\Documents\\OpenEvolve\\Frontend\\rese\\lean4\\.lake\\build\\lib\\lean c:\\Users\\mmeadow\\.elan\\toolchains\\leanprover--lean4---v4.27.0-rc1\\bin\\lean.exe C:\\Users\\mmeadow\\Documents\\OpenEvolve\\Frontend\\rese\\lean4\\.lake\\packages\\mathlib\\Mathlib\\Algebra\\Group\\ForwardDiff.lean -o C:\\Users\\mmeadow\\Documents\\OpenEvolve\\Frontend\\rese\\lean4\\.lake\\packages\\mathlib\\.lake\\build\\lib\\lean\\Mathlib\\Algebra\\Group\\ForwardDiff.olean -i C:\\Users\\mmeadow\\Documents\\OpenEvolve\\Frontend\\rese\\lean4\\.lake\\packages\\mathlib\\.lake\\build\\lib\\lean\\Mathlib\\Algebra\\Group\\ForwardDiff.ilean -c C:\\Users\\mmeadow\\Documents\\OpenEvolve\\Frontend\\rese\\lean4\\.lake\\packages\\mathlib\\.lake\\build\\ir\\Mathlib\\Algebra\\Group\\ForwardDiff.c --setup C:\\Users\\mmeadow\\Documents\\OpenEvolve\\Frontend\\rese\\lean4\\.lake\\packages\\mathlib\\.lake\\build\\ir\\Mathlib\\Algebra\\Group\\ForwardDiff.setup.json --json",
   "level": "trace"}],
 "inputs":
 [["Mathlib.Algebra.Group.ForwardDiff:deps",
   [["deps",
     [["mathlib/Mathlib:extraDep", [["@mathlib:extraDep", "00000000000006bb"]]],
      ["imports",
       [["Mathlib.Algebra.BigOperators.Pi transitive imports (public)",
         "ea143d1e73c17709"],
        ["Mathlib.Algebra.BigOperators.Pi:importArts", "e3ca7c118514699d"],
        ["Mathlib.Algebra.Group.AddChar transitive imports (public)",
         "126c6918358eefbc"],
        ["Mathlib.Algebra.Group.AddChar:importArts", "598c7f2ce456049f"],
        ["Mathlib.Algebra.Module.Submodule.LinearMap transitive imports (public)",
         "a671cf4b9127c522"],
        ["Mathlib.Algebra.Module.Submodule.LinearMap:importArts",
         "2e02b0c2481d6c30"],
        ["Mathlib.Data.Nat.Choose.Sum transitive imports (public)",
         "de6424b911ec41c3"],
        ["Mathlib.Data.Nat.Choose.Sum:importArts", "8e97eae57bf48c7d"],
        ["Mathlib.Tactic.Abel transitive imports (public)", "7e7c82f3ce50fac7"],
        ["Mathlib.Tactic.Abel:importArts", "eba1ca17ebccb2ac"],
        ["Mathlib.Algebra.GroupWithZero.Action.Pi transitive imports (public)",
         "55ccd38eee6c9719"],
        ["Mathlib.Algebra.GroupWithZero.Action.Pi:importArts",
         "2ade5350e0e7888d"],
        ["Mathlib.Algebra.Polynomial.Basic transitive imports (public)",
         "496faa99cd19c356"],
        ["Mathlib.Algebra.Polynomial.Basic:importArts", "7255097f3d85875f"],
        ["Mathlib.Algebra.Polynomial.Degree.Definitions transitive imports (public)",
         "925605353ea8471a"],
        ["Mathlib.Algebra.Polynomial.Degree.Definitions:importArts",
         "b5148173105b2629"],
        ["Mathlib.Algebra.Polynomial.Eval.Degree transitive imports (public)",
         "c57b0d093ea524a8"],
        ["Mathlib.Algebra.Polynomial.Eval.Degree:importArts",
         "7c9082d11201565a"]]]]],
    ["libs",
     [["import dynlibs", "00000000000006bb"],
      ["package external libraries", "00000000000006bb"],
      ["module dynlibs", "00000000000006bb"],
      ["module plugins", "00000000000006bb"]]]]],
  ["Lean 4.27.0, commit 2fcce7258eeb6e324366bc25f9058293b04b7547",
   "6f43b597efea5d4c"],
  ["C:\\Users\\mmeadow\\Documents\\OpenEvolve\\Frontend\\rese\\lean4\\.lake\\packages\\mathlib\\Mathlib\\Algebra\\Group\\ForwardDiff.lean",
   "d6ff004c2f1f9aa4"],
  ["options",
   [["-DmaxSynthPendingDepth=3", "c78e353d34de85d4"],
    ["-Dweak.linter.mathlibStandardSet=true", "8a155799906f2b42"],
    ["-Dweak.linter.checkInitImports=true", "cc899f26dd73bf81"],
    ["-Dweak.linter.style.header=true", "07ce48bb05b917ff"],
    ["-Dweak.linter.pythonStyle=true", "35186b2b2b67e319"],
    ["-Dweak.linter.style.longFile=1500", "d79864b112568ff5"],
    ["-Dpp.unicode.fun=true", "9b94070140457fab"],
    ["-Dweak.linter.allScriptsDocumented=true", "217af3ce76c25a94"],
    ["-DautoImplicit=false", "4a85acb881fd49d0"]]],
  ["Module.leanArgs: #[]", "00000000000006bb"]],
 "depHash": "02784fcd4ffbc225"}