{"synthetic": false,
 "schemaVersion": "2025-09-10",
 "outputs":
 {"r": "d0742e798aa894f8.ir",
  "o":
  ["83d05913a037de4e.olean",
   "c1210feb72d296dc.olean.server",
   "ac420795623e4088.olean.private"],
  "i": "2ddf15263ef09111.ilean",
  "c": "f4451eb96a3de863.c"},
 "log":
 [{"message":
   ".> LEAN_PATH=C:\\Users\\mmeadow\\Documents\\OpenEvolve\\Frontend\\rese\\lean4\\.lake\\packages\\Cli\\.lake\\build\\lib\\lean;C:\\Users\\mmeadow\\Documents\\OpenEvolve\\Frontend\\rese\\lean4\\.lake\\packages\\batteries\\.lake\\build\\lib\\lean;C:\\Users\\mmeadow\\Documents\\OpenEvolve\\Frontend\\rese\\lean4\\.lake\\packages\\Qq\\.lake\\build\\lib\\lean;C:\\Users\\mmeadow\\Documents\\OpenEvolve\\Frontend\\rese\\lean4\\.lake\\packages\\aesop\\.lake\\build\\lib\\lean;C:\\Users\\mmeadow\\Documents\\OpenEvolve\\Frontend\\rese\\lean4\\.lake\\packages\\proofwidgets\\.lake\\build\\lib\\lean;C:\\Users\\mmeadow\\Documents\\OpenEvolve\\Frontend\\rese\\lean4\\.lake\\packages\\importGraph\\.lake\\build\\lib\\lean;C:\\Users\\mmeadow\\Documents\\OpenEvolve\\Frontend\\rese\\lean4\\.lake\\packages\\LeanSearchClient\\.lake\\build\\lib\\lean;C:\\Users\\mmeadow\\Documents\\OpenEvolve\\Frontend\\rese\\lean4\\.lake\\packages\\plausible\\.lake\\build\\lib\\lean;C:\\Users\\mmeadow\\Documents\\OpenEvolve\\Frontend\\rese\\lean4\\.lake\\packages\\mathlib\\.lake\\build\\lib\\lean;C:\\Users\\mmeadow\\Documents\\OpenEvolve\\Frontend\\rese\\lean4\\.lake\\build\\lib\\lean c:\\Users\\mmeadow\\.elan\\toolchains\\leanprover--lean4---v4.27.0-rc1\\bin\\lean.exe C:\\Users\\mmeadow\\Documents\\OpenEvolve\\Frontend\\rese\\lean4\\.lake\\packages\\mathlib\\Mathlib\\Algebra\\Group\\Pointwise\\Finset\\Basic.lean -o C:\\Users\\mmeadow\\Documents\\OpenEvolve\\Frontend\\rese\\lean4\\.lake\\packages\\mathlib\\.lake\\build\\lib\\lean\\Mathlib\\Algebra\\Group\\Pointwise\\Finset\\Basic.olean -i C:\\Users\\mmeadow\\Documents\\OpenEvolve\\Frontend\\rese\\lean4\\.lake\\packages\\mathlib\\.lake\\build\\lib\\lean\\Mathlib\\Algebra\\Group\\Pointwise\\Finset\\Basic.ilean -c C:\\Users\\mmeadow\\Documents\\OpenEvolve\\Frontend\\rese\\lean4\\.lake\\packages\\mathlib\\.lake\\build\\ir\\Mathlib\\Algebra\\Group\\Pointwise\\Finset\\Basic.c --setup C:\\Users\\mmeadow\\Documents\\OpenEvolve\\Frontend\\rese\\lean4\\.lake\\packages\\mathlib\\.lake\\build\\ir\\Mathlib\\Algebra\\Group\\Pointwise\\Finset\\Basic.setup.json --json",
   "level": "trace"}],
 "inputs":
 [["Mathlib.Algebra.Group.Pointwise.Finset.Basic:deps",
   [["deps",
     [["mathlib/Mathlib:extraDep", [["@mathlib:extraDep", "00000000000006bb"]]],
      ["imports",
       [["Mathlib.Algebra.Group.Pointwise.Set.Finite transitive imports (public)",
         "ea4b865f3ad249c7"],
        ["Mathlib.Algebra.Group.Pointwise.Set.Finite:importArts",
         "6c2c8be9eae2c18f"],
        ["Mathlib.Algebra.Group.Pointwise.Set.ListOfFn transitive imports (public)",
         "da1f60f8d4d8f57e"],
        ["Mathlib.Algebra.Group.Pointwise.Set.ListOfFn:importArts",
         "aef09f2a0bf67661"],
        ["Mathlib.Algebra.Order.Monoid.Unbundled.WithTop transitive imports (public)",
         "d11bebf51c45f576"],
        ["Mathlib.Algebra.Order.Monoid.Unbundled.WithTop:importArts",
         "0ad25ee33ba32885"],
        ["Mathlib.Data.Finset.Max transitive imports (public)",
         "8e5063c00e24f928"],
        ["Mathlib.Data.Finset.Max:importArts", "044dd113b400ee89"],
        ["Mathlib.Data.Finset.NAry transitive imports (public)",
         "c2f8f88a34fbd742"],
        ["Mathlib.Data.Finset.NAry:importArts", "9a0790149ec1a507"],
        ["Mathlib.Data.Finset.Preimage transitive imports (public)",
         "568955a1ac378ea8"],
        ["Mathlib.Data.Finset.Preimage:importArts", "cf1f0d516421924d"]]]]],
    ["libs",
     [["import dynlibs", "00000000000006bb"],
      ["package external libraries", "00000000000006bb"],
      ["module dynlibs", "00000000000006bb"],
      ["module plugins", "00000000000006bb"]]]]],
  ["Lean 4.27.0, commit 2fcce7258eeb6e324366bc25f9058293b04b7547",
   "6f43b597efea5d4c"],
  ["C:\\Users\\mmeadow\\Documents\\OpenEvolve\\Frontend\\rese\\lean4\\.lake\\packages\\mathlib\\Mathlib\\Algebra\\Group\\Pointwise\\Finset\\Basic.lean",
   "787bb732590a9b57"],
  ["options",
   [["-DmaxSynthPendingDepth=3", "c78e353d34de85d4"],
    ["-Dweak.linter.mathlibStandardSet=true", "8a155799906f2b42"],
    ["-Dweak.linter.checkInitImports=true", "cc899f26dd73bf81"],
    ["-Dweak.linter.style.header=true", "07ce48bb05b917ff"],
    ["-Dweak.linter.pythonStyle=true", "35186b2b2b67e319"],
    ["-Dweak.linter.style.longFile=1500", "d79864b112568ff5"],
    ["-Dpp.unicode.fun=true", "9b94070140457fab"],
    ["-Dweak.linter.allScriptsDocumented=true", "217af3ce76c25a94"],
    ["-DautoImplicit=false", "4a85acb881fd49d0"]]],
  ["Module.leanArgs: #[]", "00000000000006bb"]],
 "depHash": "e5904e45cb159bd3"}