{"synthetic": false,
 "schemaVersion": "2025-09-10",
 "outputs":
 {"r": "6e6ad0826abad25f.ir",
  "o":
  ["7506a58979cfc9e3.olean",
   "0d98977607b3c774.olean.server",
   "ab39e588970f02f4.olean.private"],
  "i": "ca4002153bad6cc3.ilean",
  "c": "c2d12948fa3b7c48.c"},
 "log":
 [{"message":
   ".> LEAN_PATH=C:\\Users\\mmeadow\\Documents\\OpenEvolve\\Frontend\\rese\\lean4\\.lake\\packages\\Cli\\.lake\\build\\lib\\lean;C:\\Users\\mmeadow\\Documents\\OpenEvolve\\Frontend\\rese\\lean4\\.lake\\packages\\batteries\\.lake\\build\\lib\\lean;C:\\Users\\mmeadow\\Documents\\OpenEvolve\\Frontend\\rese\\lean4\\.lake\\packages\\Qq\\.lake\\build\\lib\\lean;C:\\Users\\mmeadow\\Documents\\OpenEvolve\\Frontend\\rese\\lean4\\.lake\\packages\\aesop\\.lake\\build\\lib\\lean;C:\\Users\\mmeadow\\Documents\\OpenEvolve\\Frontend\\rese\\lean4\\.lake\\packages\\proofwidgets\\.lake\\build\\lib\\lean;C:\\Users\\mmeadow\\Documents\\OpenEvolve\\Frontend\\rese\\lean4\\.lake\\packages\\importGraph\\.lake\\build\\lib\\lean;C:\\Users\\mmeadow\\Documents\\OpenEvolve\\Frontend\\rese\\lean4\\.lake\\packages\\LeanSearchClient\\.lake\\build\\lib\\lean;C:\\Users\\mmeadow\\Documents\\OpenEvolve\\Frontend\\rese\\lean4\\.lake\\packages\\plausible\\.lake\\build\\lib\\lean;C:\\Users\\mmeadow\\Documents\\OpenEvolve\\Frontend\\rese\\lean4\\.lake\\packages\\mathlib\\.lake\\build\\lib\\lean;C:\\Users\\mmeadow\\Documents\\OpenEvolve\\Frontend\\rese\\lean4\\.lake\\build\\lib\\lean c:\\Users\\mmeadow\\.elan\\toolchains\\leanprover--lean4---v4.27.0-rc1\\bin\\lean.exe C:\\Users\\mmeadow\\Documents\\OpenEvolve\\Frontend\\rese\\lean4\\.lake\\packages\\batteries\\Batteries\\Classes\\SatisfiesM.lean -o C:\\Users\\mmeadow\\Documents\\OpenEvolve\\Frontend\\rese\\lean4\\.lake\\packages\\batteries\\.lake\\build\\lib\\lean\\Batteries\\Classes\\SatisfiesM.olean -i C:\\Users\\mmeadow\\Documents\\OpenEvolve\\Frontend\\rese\\lean4\\.lake\\packages\\batteries\\.lake\\build\\lib\\lean\\Batteries\\Classes\\SatisfiesM.ilean -c C:\\Users\\mmeadow\\Documents\\OpenEvolve\\Frontend\\rese\\lean4\\.lake\\packages\\batteries\\.lake\\build\\ir\\Batteries\\Classes\\SatisfiesM.c --setup C:\\Users\\mmeadow\\Documents\\OpenEvolve\\Frontend\\rese\\lean4\\.lake\\packages\\batteries\\.lake\\build\\ir\\Batteries\\Classes\\SatisfiesM.setup.json --json",
   "level": "trace"}],
 "inputs":
 [["Batteries.Classes.SatisfiesM:deps",
   [["deps",
     [["batteries/Batteries:extraDep",
       [["@batteries:extraDep", "00000000000006bb"]]],
      ["imports",
       [["Batteries.Lean.EStateM transitive imports (public)",
         "00000000000006bb"],
        ["Batteries.Lean.EStateM:importArts", "5e9fe4b5a849e70b"],
        ["Batteries.Lean.Except transitive imports (public)",
         "00000000000006bb"],
        ["Batteries.Lean.Except:importArts", "c4ff315fa67a65a6"]]]]],
    ["libs",
     [["import dynlibs", "00000000000006bb"],
      ["package external libraries", "00000000000006bb"],
      ["module dynlibs", "00000000000006bb"],
      ["module plugins", "00000000000006bb"]]]]],
  ["Lean 4.27.0, commit 2fcce7258eeb6e324366bc25f9058293b04b7547",
   "6f43b597efea5d4c"],
  ["C:\\Users\\mmeadow\\Documents\\OpenEvolve\\Frontend\\rese\\lean4\\.lake\\packages\\batteries\\Batteries\\Classes\\SatisfiesM.lean",
   "f18ee85da3c72b19"],
  ["options",
   [["-Dlinter.missingDocs=true", "90c3480090de3a08"],
    ["-Dweak.backward.privateInPublic.warn=false", "7bd7a538fb29f63d"]]],
  ["Module.leanArgs: #[]", "00000000000006bb"]],
 "depHash": "f74a7c17960bc9e2"}