{"synthetic": false,
 "schemaVersion": "2025-09-10",
 "outputs":
 {"r": "06b19d91620a3c3a.ir",
  "o":
  ["7460c62758d624b0.olean",
   "f320af2a3b1f1e98.olean.server",
   "219596225cfa68c0.olean.private"],
  "i": "f4bd293e572a72cf.ilean",
  "c": "069f7cdf455d60a2.c"},
 "log":
 [{"message":
   ".> LEAN_PATH=C:\\Users\\mmeadow\\Documents\\OpenEvolve\\Frontend\\rese\\lean4\\.lake\\packages\\Cli\\.lake\\build\\lib\\lean;C:\\Users\\mmeadow\\Documents\\OpenEvolve\\Frontend\\rese\\lean4\\.lake\\packages\\batteries\\.lake\\build\\lib\\lean;C:\\Users\\mmeadow\\Documents\\OpenEvolve\\Frontend\\rese\\lean4\\.lake\\packages\\Qq\\.lake\\build\\lib\\lean;C:\\Users\\mmeadow\\Documents\\OpenEvolve\\Frontend\\rese\\lean4\\.lake\\packages\\aesop\\.lake\\build\\lib\\lean;C:\\Users\\mmeadow\\Documents\\OpenEvolve\\Frontend\\rese\\lean4\\.lake\\packages\\proofwidgets\\.lake\\build\\lib\\lean;C:\\Users\\mmeadow\\Documents\\OpenEvolve\\Frontend\\rese\\lean4\\.lake\\packages\\importGraph\\.lake\\build\\lib\\lean;C:\\Users\\mmeadow\\Documents\\OpenEvolve\\Frontend\\rese\\lean4\\.lake\\packages\\LeanSearchClient\\.lake\\build\\lib\\lean;C:\\Users\\mmeadow\\Documents\\OpenEvolve\\Frontend\\rese\\lean4\\.lake\\packages\\plausible\\.lake\\build\\lib\\lean;C:\\Users\\mmeadow\\Documents\\OpenEvolve\\Frontend\\rese\\lean4\\.lake\\packages\\mathlib\\.lake\\build\\lib\\lean;C:\\Users\\mmeadow\\Documents\\OpenEvolve\\Frontend\\rese\\lean4\\.lake\\build\\lib\\lean c:\\Users\\mmeadow\\.elan\\toolchains\\leanprover--lean4---v4.27.0-rc1\\bin\\lean.exe C:\\Users\\mmeadow\\Documents\\OpenEvolve\\Frontend\\rese\\lean4\\.lake\\packages\\mathlib\\Mathlib\\Topology\\ContinuousMap\\Algebra.lean -o C:\\Users\\mmeadow\\Documents\\OpenEvolve\\Frontend\\rese\\lean4\\.lake\\packages\\mathlib\\.lake\\build\\lib\\lean\\Mathlib\\Topology\\ContinuousMap\\Algebra.olean -i C:\\Users\\mmeadow\\Documents\\OpenEvolve\\Frontend\\rese\\lean4\\.lake\\packages\\mathlib\\.lake\\build\\lib\\lean\\Mathlib\\Topology\\ContinuousMap\\Algebra.ilean -c C:\\Users\\mmeadow\\Documents\\OpenEvolve\\Frontend\\rese\\lean4\\.lake\\packages\\mathlib\\.lake\\build\\ir\\Mathlib\\Topology\\ContinuousMap\\Algebra.c --setup C:\\Users\\mmeadow\\Documents\\OpenEvolve\\Frontend\\rese\\lean4\\.lake\\packages\\mathlib\\.lake\\build\\ir\\Mathlib\\Topology\\ContinuousMap\\Algebra.setup.json --json",
   "level": "trace"}],
 "inputs":
 [["Mathlib.Topology.ContinuousMap.Algebra:deps",
   [["deps",
     [["mathlib/Mathlib:extraDep", [["@mathlib:extraDep", "00000000000006bb"]]],
      ["imports",
       [["Mathlib.Algebra.Algebra.Pi transitive imports (public)",
         "ecb884e6cc2c125d"],
        ["Mathlib.Algebra.Algebra.Pi:importArts", "a116687d5a8aaaa9"],
        ["Mathlib.Algebra.Algebra.Subalgebra.Basic transitive imports (public)",
         "86910071bfdb1680"],
        ["Mathlib.Algebra.Algebra.Subalgebra.Basic:importArts",
         "cedf1baa6a6899c6"],
        ["Mathlib.Tactic.FieldSimp transitive imports (public)",
         "29a66f21228acff8"],
        ["Mathlib.Tactic.FieldSimp:importArts", "10939aed219bbd56"],
        ["Mathlib.Topology.Algebra.InfiniteSum.Basic transitive imports (public)",
         "b72740a523193f4c"],
        ["Mathlib.Topology.Algebra.InfiniteSum.Basic:importArts",
         "1edccc0f4973962a"],
        ["Mathlib.Topology.Algebra.Module.LinearMap transitive imports (public)",
         "507cdbaaa11f4458"],
        ["Mathlib.Topology.Algebra.Module.LinearMap:importArts",
         "7eddab00d45acc95"],
        ["Mathlib.Topology.Algebra.Ring.Basic transitive imports (public)",
         "2da4786b2df135b3"],
        ["Mathlib.Topology.Algebra.Ring.Basic:importArts", "aa80c2daee37e2aa"],
        ["Mathlib.Topology.UniformSpace.CompactConvergence transitive imports (public)",
         "3d74c49c341b0b3a"],
        ["Mathlib.Topology.UniformSpace.CompactConvergence:importArts",
         "c2132ef65f483d34"]]]]],
    ["libs",
     [["import dynlibs", "00000000000006bb"],
      ["package external libraries", "00000000000006bb"],
      ["module dynlibs", "00000000000006bb"],
      ["module plugins", "00000000000006bb"]]]]],
  ["Lean 4.27.0, commit 2fcce7258eeb6e324366bc25f9058293b04b7547",
   "6f43b597efea5d4c"],
  ["C:\\Users\\mmeadow\\Documents\\OpenEvolve\\Frontend\\rese\\lean4\\.lake\\packages\\mathlib\\Mathlib\\Topology\\ContinuousMap\\Algebra.lean",
   "9797a6908f3e6599"],
  ["options",
   [["-DmaxSynthPendingDepth=3", "c78e353d34de85d4"],
    ["-Dweak.linter.mathlibStandardSet=true", "8a155799906f2b42"],
    ["-Dweak.linter.checkInitImports=true", "cc899f26dd73bf81"],
    ["-Dweak.linter.style.header=true", "07ce48bb05b917ff"],
    ["-Dweak.linter.pythonStyle=true", "35186b2b2b67e319"],
    ["-Dweak.linter.style.longFile=1500", "d79864b112568ff5"],
    ["-Dpp.unicode.fun=true", "9b94070140457fab"],
    ["-Dweak.linter.allScriptsDocumented=true", "217af3ce76c25a94"],
    ["-DautoImplicit=false", "4a85acb881fd49d0"]]],
  ["Module.leanArgs: #[]", "00000000000006bb"]],
 "depHash": "74cc73bddd915ed8"}