{"synthetic": false,
 "schemaVersion": "2025-09-10",
 "outputs":
 {"r": "0af205cabbed8e9f.ir",
  "o":
  ["c2167f38065f41fa.olean",
   "17595c85d45de3da.olean.server",
   "d019b2e762efa5ba.olean.private"],
  "i": "65a7f8dc21c40589.ilean",
  "c": "4776d1ca2d9fdb83.c"},
 "log":
 [{"message":
   ".> LEAN_PATH=/home/runner/work/reservoir/reservoir/testbed/repo/.lake/build/lib/lean /home/runner/.elan/toolchains/leanprover--lean4---v4.27.0-rc1/bin/lean /home/runner/work/reservoir/reservoir/testbed/repo/Qq/ForLean/ToExpr.lean -o /home/runner/work/reservoir/reservoir/testbed/repo/.lake/build/lib/lean/Qq/ForLean/ToExpr.olean -i /home/runner/work/reservoir/reservoir/testbed/repo/.lake/build/lib/lean/Qq/ForLean/ToExpr.ilean -c /home/runner/work/reservoir/reservoir/testbed/repo/.lake/build/ir/Qq/ForLean/ToExpr.c --setup /home/runner/work/reservoir/reservoir/testbed/repo/.lake/build/ir/Qq/ForLean/ToExpr.setup.json --json",
   "level": "trace"}],
 "inputs":
 [["Qq.ForLean.ToExpr:deps",
   [["deps",
     [["Qq/Qq:extraDep", [["@Qq:extraDep", "00000000000006bb"]]],
      ["imports", "00000000000006bb"]]],
    ["libs",
     [["import dynlibs", "00000000000006bb"],
      ["package external libraries", "00000000000006bb"],
      ["module dynlibs", "00000000000006bb"],
      ["module plugins", "00000000000006bb"]]]]],
  ["Lean 4.27.0, commit 2fcce7258eeb6e324366bc25f9058293b04b7547",
   "6f43b597efea5d4c"],
  ["/home/runner/work/reservoir/reservoir/testbed/repo/Qq/ForLean/ToExpr.lean",
   "d16a19df12136cf0"],
  ["options", "00000000000006bb"],
  ["Module.leanArgs: #[]", "00000000000006bb"]],
 "depHash": "20f3a1f26903931f"}