{"synthetic": false,
 "schemaVersion": "2025-09-10",
 "outputs":
 {"r": "198145426b7a6999.ir",
  "o":
  ["7a0246b794b66099.olean",
   "0cbf19008c217a3e.olean.server",
   "d7da2de9120a0880.olean.private"],
  "i": "2fcd3fbe9cd36b8e.ilean",
  "c": "b1b3e95fe47cc6fb.c"},
 "log":
 [{"message":
   ".> LEAN_PATH=C:\\Users\\mmeadow\\Documents\\OpenEvolve\\Frontend\\rese\\lean4\\.lake\\packages\\Cli\\.lake\\build\\lib\\lean;C:\\Users\\mmeadow\\Documents\\OpenEvolve\\Frontend\\rese\\lean4\\.lake\\packages\\batteries\\.lake\\build\\lib\\lean;C:\\Users\\mmeadow\\Documents\\OpenEvolve\\Frontend\\rese\\lean4\\.lake\\packages\\Qq\\.lake\\build\\lib\\lean;C:\\Users\\mmeadow\\Documents\\OpenEvolve\\Frontend\\rese\\lean4\\.lake\\packages\\aesop\\.lake\\build\\lib\\lean;C:\\Users\\mmeadow\\Documents\\OpenEvolve\\Frontend\\rese\\lean4\\.lake\\packages\\proofwidgets\\.lake\\build\\lib\\lean;C:\\Users\\mmeadow\\Documents\\OpenEvolve\\Frontend\\rese\\lean4\\.lake\\packages\\importGraph\\.lake\\build\\lib\\lean;C:\\Users\\mmeadow\\Documents\\OpenEvolve\\Frontend\\rese\\lean4\\.lake\\packages\\LeanSearchClient\\.lake\\build\\lib\\lean;C:\\Users\\mmeadow\\Documents\\OpenEvolve\\Frontend\\rese\\lean4\\.lake\\packages\\plausible\\.lake\\build\\lib\\lean;C:\\Users\\mmeadow\\Documents\\OpenEvolve\\Frontend\\rese\\lean4\\.lake\\packages\\mathlib\\.lake\\build\\lib\\lean;C:\\Users\\mmeadow\\Documents\\OpenEvolve\\Frontend\\rese\\lean4\\.lake\\build\\lib\\lean c:\\Users\\mmeadow\\.elan\\toolchains\\leanprover--lean4---v4.27.0-rc1\\bin\\lean.exe C:\\Users\\mmeadow\\Documents\\OpenEvolve\\Frontend\\rese\\lean4\\.lake\\packages\\mathlib\\Mathlib\\Tactic\\NormNum\\Basic.lean -o C:\\Users\\mmeadow\\Documents\\OpenEvolve\\Frontend\\rese\\lean4\\.lake\\packages\\mathlib\\.lake\\build\\lib\\lean\\Mathlib\\Tactic\\NormNum\\Basic.olean -i C:\\Users\\mmeadow\\Documents\\OpenEvolve\\Frontend\\rese\\lean4\\.lake\\packages\\mathlib\\.lake\\build\\lib\\lean\\Mathlib\\Tactic\\NormNum\\Basic.ilean -c C:\\Users\\mmeadow\\Documents\\OpenEvolve\\Frontend\\rese\\lean4\\.lake\\packages\\mathlib\\.lake\\build\\ir\\Mathlib\\Tactic\\NormNum\\Basic.c --setup C:\\Users\\mmeadow\\Documents\\OpenEvolve\\Frontend\\rese\\lean4\\.lake\\packages\\mathlib\\.lake\\build\\ir\\Mathlib\\Tactic\\NormNum\\Basic.setup.json --json",
   "level": "trace"}],
 "inputs":
 [["Mathlib.Tactic.NormNum.Basic:deps",
   [["deps",
     [["mathlib/Mathlib:extraDep", [["@mathlib:extraDep", "00000000000006bb"]]],
      ["imports",
       [["Mathlib.Algebra.GroupWithZero.Invertible transitive imports (meta)",
         "2038670a25dc3de1"],
        ["Mathlib.Algebra.GroupWithZero.Invertible:importArts (meta)",
         "45192b2a0c2f5900"],
        ["Mathlib.Algebra.Ring.Int.Defs transitive imports (meta)",
         "328496f9ecd1bf6f"],
        ["Mathlib.Algebra.Ring.Int.Defs:importArts (meta)", "ce6591a8b08af4fb"],
        ["Mathlib.Data.Nat.Cast.Basic transitive imports (meta)",
         "7655cf3916a29bc5"],
        ["Mathlib.Data.Nat.Cast.Basic:importArts (meta)", "04221a07a9248edd"],
        ["Mathlib.Data.Nat.Cast.Commute transitive imports (meta)",
         "eebaa8e0e4712cd9"],
        ["Mathlib.Data.Nat.Cast.Commute:importArts (meta)", "f9b296f0eecd3506"],
        ["Mathlib.Tactic.NormNum.Core transitive imports (meta)",
         "6c79598ab8cba945"],
        ["Mathlib.Tactic.NormNum.Core:importArts (meta)", "6a6c855acc338511"],
        ["Mathlib.Tactic.HaveI transitive imports (meta)", "0a767f0afbf09fca"],
        ["Mathlib.Tactic.HaveI:importArts (meta)", "02e596bbde3fd2ad"],
        ["Mathlib.Tactic.ClearExclamation transitive imports (meta)",
         "0a767f0afbf09fca"],
        ["Mathlib.Tactic.ClearExclamation:importArts (meta)",
         "5c0d1160ac0c3bb9"]]]]],
    ["libs",
     [["import dynlibs", "00000000000006bb"],
      ["package external libraries", "00000000000006bb"],
      ["module dynlibs", "00000000000006bb"],
      ["module plugins", "00000000000006bb"]]]]],
  ["Lean 4.27.0, commit 2fcce7258eeb6e324366bc25f9058293b04b7547",
   "6f43b597efea5d4c"],
  ["C:\\Users\\mmeadow\\Documents\\OpenEvolve\\Frontend\\rese\\lean4\\.lake\\packages\\mathlib\\Mathlib\\Tactic\\NormNum\\Basic.lean",
   "487e4ea86efd9b30"],
  ["options",
   [["-DmaxSynthPendingDepth=3", "c78e353d34de85d4"],
    ["-Dweak.linter.mathlibStandardSet=true", "8a155799906f2b42"],
    ["-Dweak.linter.checkInitImports=true", "cc899f26dd73bf81"],
    ["-Dweak.linter.style.header=true", "07ce48bb05b917ff"],
    ["-Dweak.linter.pythonStyle=true", "35186b2b2b67e319"],
    ["-Dweak.linter.style.longFile=1500", "d79864b112568ff5"],
    ["-Dpp.unicode.fun=true", "9b94070140457fab"],
    ["-Dweak.linter.allScriptsDocumented=true", "217af3ce76c25a94"],
    ["-DautoImplicit=false", "4a85acb881fd49d0"]]],
  ["Module.leanArgs: #[]", "00000000000006bb"]],
 "depHash": "5fff9d1ba65882d5"}