{"synthetic": false,
 "schemaVersion": "2025-09-10",
 "outputs":
 {"r": "8f71bf05afb76a65.ir",
  "o":
  ["9b33d2c5de18d218.olean",
   "689ebcbda54aafd8.olean.server",
   "5579a9939ae73387.olean.private"],
  "i": "f37293bb0ba17ba9.ilean",
  "c": "4815cc7828e88e42.c"},
 "log":
 [{"message":
   ".> LEAN_PATH=C:\\Users\\mmeadow\\Documents\\OpenEvolve\\Frontend\\rese\\lean4\\.lake\\packages\\Cli\\.lake\\build\\lib\\lean;C:\\Users\\mmeadow\\Documents\\OpenEvolve\\Frontend\\rese\\lean4\\.lake\\packages\\batteries\\.lake\\build\\lib\\lean;C:\\Users\\mmeadow\\Documents\\OpenEvolve\\Frontend\\rese\\lean4\\.lake\\packages\\Qq\\.lake\\build\\lib\\lean;C:\\Users\\mmeadow\\Documents\\OpenEvolve\\Frontend\\rese\\lean4\\.lake\\packages\\aesop\\.lake\\build\\lib\\lean;C:\\Users\\mmeadow\\Documents\\OpenEvolve\\Frontend\\rese\\lean4\\.lake\\packages\\proofwidgets\\.lake\\build\\lib\\lean;C:\\Users\\mmeadow\\Documents\\OpenEvolve\\Frontend\\rese\\lean4\\.lake\\packages\\importGraph\\.lake\\build\\lib\\lean;C:\\Users\\mmeadow\\Documents\\OpenEvolve\\Frontend\\rese\\lean4\\.lake\\packages\\LeanSearchClient\\.lake\\build\\lib\\lean;C:\\Users\\mmeadow\\Documents\\OpenEvolve\\Frontend\\rese\\lean4\\.lake\\packages\\plausible\\.lake\\build\\lib\\lean;C:\\Users\\mmeadow\\Documents\\OpenEvolve\\Frontend\\rese\\lean4\\.lake\\packages\\mathlib\\.lake\\build\\lib\\lean;C:\\Users\\mmeadow\\Documents\\OpenEvolve\\Frontend\\rese\\lean4\\.lake\\build\\lib\\lean c:\\Users\\mmeadow\\.elan\\toolchains\\leanprover--lean4---v4.27.0-rc1\\bin\\lean.exe C:\\Users\\mmeadow\\Documents\\OpenEvolve\\Frontend\\rese\\lean4\\.lake\\packages\\mathlib\\Mathlib\\Topology\\Order\\Basic.lean -o C:\\Users\\mmeadow\\Documents\\OpenEvolve\\Frontend\\rese\\lean4\\.lake\\packages\\mathlib\\.lake\\build\\lib\\lean\\Mathlib\\Topology\\Order\\Basic.olean -i C:\\Users\\mmeadow\\Documents\\OpenEvolve\\Frontend\\rese\\lean4\\.lake\\packages\\mathlib\\.lake\\build\\lib\\lean\\Mathlib\\Topology\\Order\\Basic.ilean -c C:\\Users\\mmeadow\\Documents\\OpenEvolve\\Frontend\\rese\\lean4\\.lake\\packages\\mathlib\\.lake\\build\\ir\\Mathlib\\Topology\\Order\\Basic.c --setup C:\\Users\\mmeadow\\Documents\\OpenEvolve\\Frontend\\rese\\lean4\\.lake\\packages\\mathlib\\.lake\\build\\ir\\Mathlib\\Topology\\Order\\Basic.setup.json --json",
   "level": "trace"}],
 "inputs":
 [["Mathlib.Topology.Order.Basic:deps",
   [["deps",
     [["mathlib/Mathlib:extraDep", [["@mathlib:extraDep", "00000000000006bb"]]],
      ["imports",
       [["Mathlib.Order.Filter.Interval transitive imports (public)",
         "acafa3fe8585f39d"],
        ["Mathlib.Order.Filter.Interval:importArts", "e6df2cf7ea3f6768"],
        ["Mathlib.Order.Interval.Set.Pi transitive imports (public)",
         "c31e34aa743ce606"],
        ["Mathlib.Order.Interval.Set.Pi:importArts", "e5e97195cfa543cf"],
        ["Mathlib.Order.OrdContinuous transitive imports (public)",
         "caa418cb567197b7"],
        ["Mathlib.Order.OrdContinuous:importArts", "4b06d060e1744bce"],
        ["Mathlib.Tactic.TFAE transitive imports (public)", "d678ae43f6b75dde"],
        ["Mathlib.Tactic.TFAE:importArts", "34f84d0be3fc71a5"],
        ["Mathlib.Tactic.NormNum transitive imports (public)",
         "8e6dfc30fcc4cca3"],
        ["Mathlib.Tactic.NormNum:importArts", "4eceaeddf86bee8b"],
        ["Mathlib.Topology.Order.LeftRight transitive imports (public)",
         "5e6e2d738c82a6bb"],
        ["Mathlib.Topology.Order.LeftRight:importArts", "07eb795f5555b641"],
        ["Mathlib.Topology.Order.OrderClosed transitive imports (public)",
         "acdfeeef00627c47"],
        ["Mathlib.Topology.Order.OrderClosed:importArts",
         "bb8c55fb6d55b3c3"]]]]],
    ["libs",
     [["import dynlibs", "00000000000006bb"],
      ["package external libraries", "00000000000006bb"],
      ["module dynlibs", "00000000000006bb"],
      ["module plugins", "00000000000006bb"]]]]],
  ["Lean 4.27.0, commit 2fcce7258eeb6e324366bc25f9058293b04b7547",
   "6f43b597efea5d4c"],
  ["C:\\Users\\mmeadow\\Documents\\OpenEvolve\\Frontend\\rese\\lean4\\.lake\\packages\\mathlib\\Mathlib\\Topology\\Order\\Basic.lean",
   "a9ceddc9b6c8c788"],
  ["options",
   [["-DmaxSynthPendingDepth=3", "c78e353d34de85d4"],
    ["-Dweak.linter.mathlibStandardSet=true", "8a155799906f2b42"],
    ["-Dweak.linter.checkInitImports=true", "cc899f26dd73bf81"],
    ["-Dweak.linter.style.header=true", "07ce48bb05b917ff"],
    ["-Dweak.linter.pythonStyle=true", "35186b2b2b67e319"],
    ["-Dweak.linter.style.longFile=1500", "d79864b112568ff5"],
    ["-Dpp.unicode.fun=true", "9b94070140457fab"],
    ["-Dweak.linter.allScriptsDocumented=true", "217af3ce76c25a94"],
    ["-DautoImplicit=false", "4a85acb881fd49d0"]]],
  ["Module.leanArgs: #[]", "00000000000006bb"]],
 "depHash": "782f2bbf9d22a5d1"}