{"synthetic": false,
 "schemaVersion": "2025-09-10",
 "outputs":
 {"r": "ff55034b703dd969.ir",
  "o":
  ["d4667910788b1920.olean",
   "070c292f15db69d7.olean.server",
   "ddff2cfb60eb7d0a.olean.private"],
  "i": "45d85062f0cf343d.ilean",
  "c": "41c22be9123a6dd7.c"},
 "log":
 [{"message":
   ".> LEAN_PATH=C:\\Users\\mmeadow\\Documents\\OpenEvolve\\Frontend\\rese\\lean4\\.lake\\packages\\Cli\\.lake\\build\\lib\\lean;C:\\Users\\mmeadow\\Documents\\OpenEvolve\\Frontend\\rese\\lean4\\.lake\\packages\\batteries\\.lake\\build\\lib\\lean;C:\\Users\\mmeadow\\Documents\\OpenEvolve\\Frontend\\rese\\lean4\\.lake\\packages\\Qq\\.lake\\build\\lib\\lean;C:\\Users\\mmeadow\\Documents\\OpenEvolve\\Frontend\\rese\\lean4\\.lake\\packages\\aesop\\.lake\\build\\lib\\lean;C:\\Users\\mmeadow\\Documents\\OpenEvolve\\Frontend\\rese\\lean4\\.lake\\packages\\proofwidgets\\.lake\\build\\lib\\lean;C:\\Users\\mmeadow\\Documents\\OpenEvolve\\Frontend\\rese\\lean4\\.lake\\packages\\importGraph\\.lake\\build\\lib\\lean;C:\\Users\\mmeadow\\Documents\\OpenEvolve\\Frontend\\rese\\lean4\\.lake\\packages\\LeanSearchClient\\.lake\\build\\lib\\lean;C:\\Users\\mmeadow\\Documents\\OpenEvolve\\Frontend\\rese\\lean4\\.lake\\packages\\plausible\\.lake\\build\\lib\\lean;C:\\Users\\mmeadow\\Documents\\OpenEvolve\\Frontend\\rese\\lean4\\.lake\\packages\\mathlib\\.lake\\build\\lib\\lean;C:\\Users\\mmeadow\\Documents\\OpenEvolve\\Frontend\\rese\\lean4\\.lake\\build\\lib\\lean c:\\Users\\mmeadow\\.elan\\toolchains\\leanprover--lean4---v4.27.0-rc1\\bin\\lean.exe C:\\Users\\mmeadow\\Documents\\OpenEvolve\\Frontend\\rese\\lean4\\.lake\\packages\\mathlib\\Mathlib\\CategoryTheory\\Preadditive\\Basic.lean -o C:\\Users\\mmeadow\\Documents\\OpenEvolve\\Frontend\\rese\\lean4\\.lake\\packages\\mathlib\\.lake\\build\\lib\\lean\\Mathlib\\CategoryTheory\\Preadditive\\Basic.olean -i C:\\Users\\mmeadow\\Documents\\OpenEvolve\\Frontend\\rese\\lean4\\.lake\\packages\\mathlib\\.lake\\build\\lib\\lean\\Mathlib\\CategoryTheory\\Preadditive\\Basic.ilean -c C:\\Users\\mmeadow\\Documents\\OpenEvolve\\Frontend\\rese\\lean4\\.lake\\packages\\mathlib\\.lake\\build\\ir\\Mathlib\\CategoryTheory\\Preadditive\\Basic.c --setup C:\\Users\\mmeadow\\Documents\\OpenEvolve\\Frontend\\rese\\lean4\\.lake\\packages\\mathlib\\.lake\\build\\ir\\Mathlib\\CategoryTheory\\Preadditive\\Basic.setup.json --json",
   "level": "trace"}],
 "inputs":
 [["Mathlib.CategoryTheory.Preadditive.Basic:deps",
   [["deps",
     [["mathlib/Mathlib:extraDep", [["@mathlib:extraDep", "00000000000006bb"]]],
      ["imports",
       [["Mathlib.Algebra.Group.TransferInstance transitive imports (public)",
         "0c6b8be1cf4c0aa8"],
        ["Mathlib.Algebra.Group.TransferInstance:importArts",
         "4db865894f81cff5"],
        ["Mathlib.Algebra.Group.Hom.Defs transitive imports (public)",
         "32d51d05343eabb2"],
        ["Mathlib.Algebra.Group.Hom.Defs:importArts", "43e54dce4013e264"],
        ["Mathlib.Algebra.Group.Action.Units transitive imports (public)",
         "09d77879a636816c"],
        ["Mathlib.Algebra.Group.Action.Units:importArts", "cb7caa1c5d5014c9"],
        ["Mathlib.Algebra.Module.End transitive imports (public)",
         "8b9b28d26c0cd8b2"],
        ["Mathlib.Algebra.Module.End:importArts", "75ac1d97fcec6faf"],
        ["Mathlib.CategoryTheory.Endomorphism transitive imports (public)",
         "fefb19bb2a807bf5"],
        ["Mathlib.CategoryTheory.Endomorphism:importArts", "213e0a6cea0453b8"],
        ["Mathlib.CategoryTheory.Limits.Shapes.Kernels transitive imports (public)",
         "6cff3759b2eaa9d4"],
        ["Mathlib.CategoryTheory.Limits.Shapes.Kernels:importArts",
         "ced252555716e51a"],
        ["Mathlib.Algebra.BigOperators.Group.Finset.Defs transitive imports (public)",
         "9c21e52aaec2d3df"],
        ["Mathlib.Algebra.BigOperators.Group.Finset.Defs:importArts",
         "4b0b392510808ecd"]]]]],
    ["libs",
     [["import dynlibs", "00000000000006bb"],
      ["package external libraries", "00000000000006bb"],
      ["module dynlibs", "00000000000006bb"],
      ["module plugins", "00000000000006bb"]]]]],
  ["Lean 4.27.0, commit 2fcce7258eeb6e324366bc25f9058293b04b7547",
   "6f43b597efea5d4c"],
  ["C:\\Users\\mmeadow\\Documents\\OpenEvolve\\Frontend\\rese\\lean4\\.lake\\packages\\mathlib\\Mathlib\\CategoryTheory\\Preadditive\\Basic.lean",
   "29386ccb59a6c487"],
  ["options",
   [["-DmaxSynthPendingDepth=3", "c78e353d34de85d4"],
    ["-Dweak.linter.mathlibStandardSet=true", "8a155799906f2b42"],
    ["-Dweak.linter.checkInitImports=true", "cc899f26dd73bf81"],
    ["-Dweak.linter.style.header=true", "07ce48bb05b917ff"],
    ["-Dweak.linter.pythonStyle=true", "35186b2b2b67e319"],
    ["-Dweak.linter.style.longFile=1500", "d79864b112568ff5"],
    ["-Dpp.unicode.fun=true", "9b94070140457fab"],
    ["-Dweak.linter.allScriptsDocumented=true", "217af3ce76c25a94"],
    ["-DautoImplicit=false", "4a85acb881fd49d0"]]],
  ["Module.leanArgs: #[]", "00000000000006bb"]],
 "depHash": "ea151220140a5ac9"}