{"synthetic": false,
 "schemaVersion": "2025-09-10",
 "outputs":
 {"r": "958b986980345b69.ir",
  "o":
  ["753cc367292f2190.olean",
   "5fd14b9b27de2813.olean.server",
   "3a9e0fb522f14d42.olean.private"],
  "i": "342169e711d7135d.ilean",
  "c": "16bcf285bd06fef3.c"},
 "log":
 [{"message":
   ".> LEAN_PATH=C:\\Users\\mmeadow\\Documents\\OpenEvolve\\Frontend\\rese\\lean4\\.lake\\packages\\Cli\\.lake\\build\\lib\\lean;C:\\Users\\mmeadow\\Documents\\OpenEvolve\\Frontend\\rese\\lean4\\.lake\\packages\\batteries\\.lake\\build\\lib\\lean;C:\\Users\\mmeadow\\Documents\\OpenEvolve\\Frontend\\rese\\lean4\\.lake\\packages\\Qq\\.lake\\build\\lib\\lean;C:\\Users\\mmeadow\\Documents\\OpenEvolve\\Frontend\\rese\\lean4\\.lake\\packages\\aesop\\.lake\\build\\lib\\lean;C:\\Users\\mmeadow\\Documents\\OpenEvolve\\Frontend\\rese\\lean4\\.lake\\packages\\proofwidgets\\.lake\\build\\lib\\lean;C:\\Users\\mmeadow\\Documents\\OpenEvolve\\Frontend\\rese\\lean4\\.lake\\packages\\importGraph\\.lake\\build\\lib\\lean;C:\\Users\\mmeadow\\Documents\\OpenEvolve\\Frontend\\rese\\lean4\\.lake\\packages\\LeanSearchClient\\.lake\\build\\lib\\lean;C:\\Users\\mmeadow\\Documents\\OpenEvolve\\Frontend\\rese\\lean4\\.lake\\packages\\plausible\\.lake\\build\\lib\\lean;C:\\Users\\mmeadow\\Documents\\OpenEvolve\\Frontend\\rese\\lean4\\.lake\\packages\\mathlib\\.lake\\build\\lib\\lean;C:\\Users\\mmeadow\\Documents\\OpenEvolve\\Frontend\\rese\\lean4\\.lake\\build\\lib\\lean c:\\Users\\mmeadow\\.elan\\toolchains\\leanprover--lean4---v4.27.0-rc1\\bin\\lean.exe C:\\Users\\mmeadow\\Documents\\OpenEvolve\\Frontend\\rese\\lean4\\.lake\\packages\\mathlib\\Mathlib\\Analysis\\RCLike\\Basic.lean -o C:\\Users\\mmeadow\\Documents\\OpenEvolve\\Frontend\\rese\\lean4\\.lake\\packages\\mathlib\\.lake\\build\\lib\\lean\\Mathlib\\Analysis\\RCLike\\Basic.olean -i C:\\Users\\mmeadow\\Documents\\OpenEvolve\\Frontend\\rese\\lean4\\.lake\\packages\\mathlib\\.lake\\build\\lib\\lean\\Mathlib\\Analysis\\RCLike\\Basic.ilean -c C:\\Users\\mmeadow\\Documents\\OpenEvolve\\Frontend\\rese\\lean4\\.lake\\packages\\mathlib\\.lake\\build\\ir\\Mathlib\\Analysis\\RCLike\\Basic.c --setup C:\\Users\\mmeadow\\Documents\\OpenEvolve\\Frontend\\rese\\lean4\\.lake\\packages\\mathlib\\.lake\\build\\ir\\Mathlib\\Analysis\\RCLike\\Basic.setup.json --json",
   "level": "trace"}],
 "inputs":
 [["Mathlib.Analysis.RCLike.Basic:deps",
   [["deps",
     [["mathlib/Mathlib:extraDep", [["@mathlib:extraDep", "00000000000006bb"]]],
      ["imports",
       [["Mathlib.Algebra.Algebra.IsSimpleRing transitive imports (public)",
         "caecc96fbd1692e6"],
        ["Mathlib.Algebra.Algebra.IsSimpleRing:importArts", "dcd77103fbaff51f"],
        ["Mathlib.Algebra.BigOperators.Balance transitive imports (public)",
         "2d5f90b2636122e0"],
        ["Mathlib.Algebra.BigOperators.Balance:importArts", "340bc2c17e796e9a"],
        ["Mathlib.Algebra.Order.BigOperators.Expect transitive imports (public)",
         "a1f4ee0301296ca6"],
        ["Mathlib.Algebra.Order.BigOperators.Expect:importArts",
         "6de548b98a3259af"],
        ["Mathlib.Algebra.Order.Star.Basic transitive imports (public)",
         "3451b772e9d690d0"],
        ["Mathlib.Algebra.Order.Star.Basic:importArts", "dd5a90da7db3d2da"],
        ["Mathlib.Analysis.CStarAlgebra.Basic transitive imports (public)",
         "03bad254c8815043"],
        ["Mathlib.Analysis.CStarAlgebra.Basic:importArts", "5dcacf4537f94b2d"],
        ["Mathlib.Analysis.Normed.Operator.ContinuousLinearMap transitive imports (public)",
         "e6db69f65ad0cf72"],
        ["Mathlib.Analysis.Normed.Operator.ContinuousLinearMap:importArts",
         "553b61e522a83803"],
        ["Mathlib.Analysis.Normed.Ring.Finite transitive imports (public)",
         "55baf0fdf5593f17"],
        ["Mathlib.Analysis.Normed.Ring.Finite:importArts", "816b312be22981f5"],
        ["Mathlib.Data.Real.Sqrt transitive imports (public)",
         "27c1cc8f97254a2d"],
        ["Mathlib.Data.Real.Sqrt:importArts", "8d222052208538ad"]]]]],
    ["libs",
     [["import dynlibs", "00000000000006bb"],
      ["package external libraries", "00000000000006bb"],
      ["module dynlibs", "00000000000006bb"],
      ["module plugins", "00000000000006bb"]]]]],
  ["Lean 4.27.0, commit 2fcce7258eeb6e324366bc25f9058293b04b7547",
   "6f43b597efea5d4c"],
  ["C:\\Users\\mmeadow\\Documents\\OpenEvolve\\Frontend\\rese\\lean4\\.lake\\packages\\mathlib\\Mathlib\\Analysis\\RCLike\\Basic.lean",
   "fce557e6b43174fe"],
  ["options",
   [["-DmaxSynthPendingDepth=3", "c78e353d34de85d4"],
    ["-Dweak.linter.mathlibStandardSet=true", "8a155799906f2b42"],
    ["-Dweak.linter.checkInitImports=true", "cc899f26dd73bf81"],
    ["-Dweak.linter.style.header=true", "07ce48bb05b917ff"],
    ["-Dweak.linter.pythonStyle=true", "35186b2b2b67e319"],
    ["-Dweak.linter.style.longFile=1500", "d79864b112568ff5"],
    ["-Dpp.unicode.fun=true", "9b94070140457fab"],
    ["-Dweak.linter.allScriptsDocumented=true", "217af3ce76c25a94"],
    ["-DautoImplicit=false", "4a85acb881fd49d0"]]],
  ["Module.leanArgs: #[]", "00000000000006bb"]],
 "depHash": "0f1d40106979390f"}