{"synthetic": false,
 "schemaVersion": "2025-09-10",
 "outputs":
 {"r": "6ca2317f8b21567f.ir",
  "o":
  ["1bdfbe8a9ed697c3.olean",
   "1cda3e84917ab417.olean.server",
   "00095cc0a7f8dc59.olean.private"],
  "i": "c28ab323a718c6e6.ilean",
  "c": "adfcda31311cbec2.c"},
 "log":
 [{"message":
   ".> LEAN_PATH=C:\\Users\\mmeadow\\Documents\\OpenEvolve\\Frontend\\rese\\lean4\\.lake\\packages\\Cli\\.lake\\build\\lib\\lean;C:\\Users\\mmeadow\\Documents\\OpenEvolve\\Frontend\\rese\\lean4\\.lake\\packages\\batteries\\.lake\\build\\lib\\lean;C:\\Users\\mmeadow\\Documents\\OpenEvolve\\Frontend\\rese\\lean4\\.lake\\packages\\Qq\\.lake\\build\\lib\\lean;C:\\Users\\mmeadow\\Documents\\OpenEvolve\\Frontend\\rese\\lean4\\.lake\\packages\\aesop\\.lake\\build\\lib\\lean;C:\\Users\\mmeadow\\Documents\\OpenEvolve\\Frontend\\rese\\lean4\\.lake\\packages\\proofwidgets\\.lake\\build\\lib\\lean;C:\\Users\\mmeadow\\Documents\\OpenEvolve\\Frontend\\rese\\lean4\\.lake\\packages\\importGraph\\.lake\\build\\lib\\lean;C:\\Users\\mmeadow\\Documents\\OpenEvolve\\Frontend\\rese\\lean4\\.lake\\packages\\LeanSearchClient\\.lake\\build\\lib\\lean;C:\\Users\\mmeadow\\Documents\\OpenEvolve\\Frontend\\rese\\lean4\\.lake\\packages\\plausible\\.lake\\build\\lib\\lean;C:\\Users\\mmeadow\\Documents\\OpenEvolve\\Frontend\\rese\\lean4\\.lake\\packages\\mathlib\\.lake\\build\\lib\\lean;C:\\Users\\mmeadow\\Documents\\OpenEvolve\\Frontend\\rese\\lean4\\.lake\\build\\lib\\lean c:\\Users\\mmeadow\\.elan\\toolchains\\leanprover--lean4---v4.27.0-rc1\\bin\\lean.exe C:\\Users\\mmeadow\\Documents\\OpenEvolve\\Frontend\\rese\\lean4\\.lake\\packages\\mathlib\\Mathlib\\Order\\Defs\\LinearOrder.lean -o C:\\Users\\mmeadow\\Documents\\OpenEvolve\\Frontend\\rese\\lean4\\.lake\\packages\\mathlib\\.lake\\build\\lib\\lean\\Mathlib\\Order\\Defs\\LinearOrder.olean -i C:\\Users\\mmeadow\\Documents\\OpenEvolve\\Frontend\\rese\\lean4\\.lake\\packages\\mathlib\\.lake\\build\\lib\\lean\\Mathlib\\Order\\Defs\\LinearOrder.ilean -c C:\\Users\\mmeadow\\Documents\\OpenEvolve\\Frontend\\rese\\lean4\\.lake\\packages\\mathlib\\.lake\\build\\ir\\Mathlib\\Order\\Defs\\LinearOrder.c --setup C:\\Users\\mmeadow\\Documents\\OpenEvolve\\Frontend\\rese\\lean4\\.lake\\packages\\mathlib\\.lake\\build\\ir\\Mathlib\\Order\\Defs\\LinearOrder.setup.json --json",
   "level": "trace"}],
 "inputs":
 [["Mathlib.Order.Defs.LinearOrder:deps",
   [["deps",
     [["mathlib/Mathlib:extraDep", [["@mathlib:extraDep", "00000000000006bb"]]],
      ["imports",
       [["Batteries.Classes.Order transitive imports (public)",
         "dcd6714391038c89"],
        ["Batteries.Classes.Order:importArts", "8b8eb8c88aa34397"],
        ["Batteries.Tactic.Trans transitive imports (public)",
         "00000000000006bb"],
        ["Batteries.Tactic.Trans:importArts", "d179bced203b645e"],
        ["Mathlib.Data.Ordering.Basic transitive imports (public)",
         "96fb68235791f136"],
        ["Mathlib.Data.Ordering.Basic:importArts", "29878d7ac685148f"],
        ["Mathlib.Tactic.ExtendDoc transitive imports (public)",
         "16e001cb0a9d913c"],
        ["Mathlib.Tactic.ExtendDoc:importArts", "b6a0dc502b556cfb"],
        ["Mathlib.Tactic.Lemma transitive imports (public)",
         "16e001cb0a9d913c"],
        ["Mathlib.Tactic.Lemma:importArts", "f9941d922540ae61"],
        ["Mathlib.Tactic.Push.Attr transitive imports (public)",
         "16e001cb0a9d913c"],
        ["Mathlib.Tactic.Push.Attr:importArts", "5630d235c851b593"],
        ["Mathlib.Tactic.SplitIfs transitive imports (public)",
         "1d548b03c1311359"],
        ["Mathlib.Tactic.SplitIfs:importArts", "2beb734b23420af4"],
        ["Mathlib.Tactic.TypeStar transitive imports (public)",
         "04f4600dae6a5827"],
        ["Mathlib.Tactic.TypeStar:importArts", "c4f5b468a102008c"],
        ["Mathlib.Order.Defs.PartialOrder transitive imports (public)",
         "9adea11e5ba6947c"],
        ["Mathlib.Order.Defs.PartialOrder:importArts", "7640945693375931"]]]]],
    ["libs",
     [["import dynlibs", "00000000000006bb"],
      ["package external libraries", "00000000000006bb"],
      ["module dynlibs", "00000000000006bb"],
      ["module plugins", "00000000000006bb"]]]]],
  ["Lean 4.27.0, commit 2fcce7258eeb6e324366bc25f9058293b04b7547",
   "6f43b597efea5d4c"],
  ["C:\\Users\\mmeadow\\Documents\\OpenEvolve\\Frontend\\rese\\lean4\\.lake\\packages\\mathlib\\Mathlib\\Order\\Defs\\LinearOrder.lean",
   "5b6d220b3decca13"],
  ["options",
   [["-DmaxSynthPendingDepth=3", "c78e353d34de85d4"],
    ["-Dweak.linter.mathlibStandardSet=true", "8a155799906f2b42"],
    ["-Dweak.linter.checkInitImports=true", "cc899f26dd73bf81"],
    ["-Dweak.linter.style.header=true", "07ce48bb05b917ff"],
    ["-Dweak.linter.pythonStyle=true", "35186b2b2b67e319"],
    ["-Dweak.linter.style.longFile=1500", "d79864b112568ff5"],
    ["-Dpp.unicode.fun=true", "9b94070140457fab"],
    ["-Dweak.linter.allScriptsDocumented=true", "217af3ce76c25a94"],
    ["-DautoImplicit=false", "4a85acb881fd49d0"]]],
  ["Module.leanArgs: #[]", "00000000000006bb"]],
 "depHash": "780494f79f155c00"}