{"synthetic": false,
 "schemaVersion": "2025-09-10",
 "outputs":
 {"r": "7e461bc76ab49471.ir",
  "o":
  ["9a8c0741d71fd2aa.olean",
   "712055dee975ff0b.olean.server",
   "802a3e47817c8eb6.olean.private"],
  "i": "d52cc5b63d53c0bd.ilean",
  "c": "515c8e121d6a8df3.c"},
 "log":
 [{"message":
   ".> LEAN_PATH=C:\\Users\\mmeadow\\Documents\\OpenEvolve\\Frontend\\rese\\lean4\\.lake\\packages\\Cli\\.lake\\build\\lib\\lean;C:\\Users\\mmeadow\\Documents\\OpenEvolve\\Frontend\\rese\\lean4\\.lake\\packages\\batteries\\.lake\\build\\lib\\lean;C:\\Users\\mmeadow\\Documents\\OpenEvolve\\Frontend\\rese\\lean4\\.lake\\packages\\Qq\\.lake\\build\\lib\\lean;C:\\Users\\mmeadow\\Documents\\OpenEvolve\\Frontend\\rese\\lean4\\.lake\\packages\\aesop\\.lake\\build\\lib\\lean;C:\\Users\\mmeadow\\Documents\\OpenEvolve\\Frontend\\rese\\lean4\\.lake\\packages\\proofwidgets\\.lake\\build\\lib\\lean;C:\\Users\\mmeadow\\Documents\\OpenEvolve\\Frontend\\rese\\lean4\\.lake\\packages\\importGraph\\.lake\\build\\lib\\lean;C:\\Users\\mmeadow\\Documents\\OpenEvolve\\Frontend\\rese\\lean4\\.lake\\packages\\LeanSearchClient\\.lake\\build\\lib\\lean;C:\\Users\\mmeadow\\Documents\\OpenEvolve\\Frontend\\rese\\lean4\\.lake\\packages\\plausible\\.lake\\build\\lib\\lean;C:\\Users\\mmeadow\\Documents\\OpenEvolve\\Frontend\\rese\\lean4\\.lake\\packages\\mathlib\\.lake\\build\\lib\\lean;C:\\Users\\mmeadow\\Documents\\OpenEvolve\\Frontend\\rese\\lean4\\.lake\\build\\lib\\lean c:\\Users\\mmeadow\\.elan\\toolchains\\leanprover--lean4---v4.27.0-rc1\\bin\\lean.exe C:\\Users\\mmeadow\\Documents\\OpenEvolve\\Frontend\\rese\\lean4\\.lake\\packages\\aesop\\Aesop\\Script\\ScriptM.lean -o C:\\Users\\mmeadow\\Documents\\OpenEvolve\\Frontend\\rese\\lean4\\.lake\\packages\\aesop\\.lake\\build\\lib\\lean\\Aesop\\Script\\ScriptM.olean -i C:\\Users\\mmeadow\\Documents\\OpenEvolve\\Frontend\\rese\\lean4\\.lake\\packages\\aesop\\.lake\\build\\lib\\lean\\Aesop\\Script\\ScriptM.ilean -c C:\\Users\\mmeadow\\Documents\\OpenEvolve\\Frontend\\rese\\lean4\\.lake\\packages\\aesop\\.lake\\build\\ir\\Aesop\\Script\\ScriptM.c --setup C:\\Users\\mmeadow\\Documents\\OpenEvolve\\Frontend\\rese\\lean4\\.lake\\packages\\aesop\\.lake\\build\\ir\\Aesop\\Script\\ScriptM.setup.json --json",
   "level": "trace"}],
 "inputs":
 [["Aesop.Script.ScriptM:deps",
   [["deps",
     [["aesop/Aesop:extraDep", [["@aesop:extraDep", "00000000000006bb"]]],
      ["imports",
       [["Aesop.BaseM transitive imports (public)", "1a2d7cb39cc8b0e8"],
        ["Aesop.BaseM:importArts", "e5f29cdc8cc75b82"],
        ["Aesop.Script.Step transitive imports (public)", "f044dca957a2352c"],
        ["Aesop.Script.Step:importArts", "b71fc860ce2d047a"],
        ["Aesop.Script.Tactic transitive imports (public)", "00000000000006bb"],
        ["Aesop.Script.Tactic:importArts", "5fc126c1a6591e8a"]]]]]]],
  ["Lean 4.27.0, commit 2fcce7258eeb6e324366bc25f9058293b04b7547",
   "6f43b597efea5d4c"],
  ["C:\\Users\\mmeadow\\Documents\\OpenEvolve\\Frontend\\rese\\lean4\\.lake\\packages\\aesop\\Aesop\\Script\\ScriptM.lean",
   "09c0e1b419b4dfac"],
  ["options", "00000000000006bb"],
  ["Module.leanArgs: #[]", "00000000000006bb"]],
 "depHash": "78df04e3095e7ecb"}