{"synthetic": false,
 "schemaVersion": "2025-09-10",
 "outputs":
 {"r": "1cd607ab1596ef1e.ir",
  "o":
  ["9ef8ca868670a529.olean",
   "1a975575d7495275.olean.server",
   "668fdbdc0075f6fd.olean.private"],
  "i": "fe8503cc0f3beb6b.ilean",
  "c": "15171bca6488e821.c"},
 "log":
 [{"message":
   ".> LEAN_PATH=C:\\Users\\mmeadow\\Documents\\OpenEvolve\\Frontend\\rese\\lean4\\.lake\\packages\\Cli\\.lake\\build\\lib\\lean;C:\\Users\\mmeadow\\Documents\\OpenEvolve\\Frontend\\rese\\lean4\\.lake\\packages\\batteries\\.lake\\build\\lib\\lean;C:\\Users\\mmeadow\\Documents\\OpenEvolve\\Frontend\\rese\\lean4\\.lake\\packages\\Qq\\.lake\\build\\lib\\lean;C:\\Users\\mmeadow\\Documents\\OpenEvolve\\Frontend\\rese\\lean4\\.lake\\packages\\aesop\\.lake\\build\\lib\\lean;C:\\Users\\mmeadow\\Documents\\OpenEvolve\\Frontend\\rese\\lean4\\.lake\\packages\\proofwidgets\\.lake\\build\\lib\\lean;C:\\Users\\mmeadow\\Documents\\OpenEvolve\\Frontend\\rese\\lean4\\.lake\\packages\\importGraph\\.lake\\build\\lib\\lean;C:\\Users\\mmeadow\\Documents\\OpenEvolve\\Frontend\\rese\\lean4\\.lake\\packages\\LeanSearchClient\\.lake\\build\\lib\\lean;C:\\Users\\mmeadow\\Documents\\OpenEvolve\\Frontend\\rese\\lean4\\.lake\\packages\\plausible\\.lake\\build\\lib\\lean;C:\\Users\\mmeadow\\Documents\\OpenEvolve\\Frontend\\rese\\lean4\\.lake\\packages\\mathlib\\.lake\\build\\lib\\lean;C:\\Users\\mmeadow\\Documents\\OpenEvolve\\Frontend\\rese\\lean4\\.lake\\build\\lib\\lean c:\\Users\\mmeadow\\.elan\\toolchains\\leanprover--lean4---v4.27.0-rc1\\bin\\lean.exe C:\\Users\\mmeadow\\Documents\\OpenEvolve\\Frontend\\rese\\lean4\\.lake\\packages\\aesop\\Aesop\\Script\\Step.lean -o C:\\Users\\mmeadow\\Documents\\OpenEvolve\\Frontend\\rese\\lean4\\.lake\\packages\\aesop\\.lake\\build\\lib\\lean\\Aesop\\Script\\Step.olean -i C:\\Users\\mmeadow\\Documents\\OpenEvolve\\Frontend\\rese\\lean4\\.lake\\packages\\aesop\\.lake\\build\\lib\\lean\\Aesop\\Script\\Step.ilean -c C:\\Users\\mmeadow\\Documents\\OpenEvolve\\Frontend\\rese\\lean4\\.lake\\packages\\aesop\\.lake\\build\\ir\\Aesop\\Script\\Step.c --setup C:\\Users\\mmeadow\\Documents\\OpenEvolve\\Frontend\\rese\\lean4\\.lake\\packages\\aesop\\.lake\\build\\ir\\Aesop\\Script\\Step.setup.json --json",
   "level": "trace"}],
 "inputs":
 [["Aesop.Script.Step:deps",
   [["deps",
     [["aesop/Aesop:extraDep", [["@aesop:extraDep", "00000000000006bb"]]],
      ["imports",
       [["Aesop.Util.EqualUpToIds transitive imports (public)",
         "c3f1d5077e31ada5"],
        ["Aesop.Util.EqualUpToIds:importArts", "4a82daa2dfecb06d"],
        ["Aesop.Script.Tactic transitive imports (public)", "00000000000006bb"],
        ["Aesop.Script.Tactic:importArts", "5fc126c1a6591e8a"],
        ["Aesop.Script.TacticState transitive imports (public)",
         "6a892dd7249a637d"],
        ["Aesop.Script.TacticState:importArts", "837270b3b0d3f3de"],
        ["Aesop.Script.Util transitive imports (public)", "8e8acad12a64a522"],
        ["Aesop.Script.Util:importArts", "05375165c5ab5783"],
        ["Aesop.Tracing transitive imports (public)", "059a897ceeb5f237"],
        ["Aesop.Tracing:importArts", "2aafdc644c1cdacb"],
        ["Batteries.Tactic.PermuteGoals transitive imports (public)",
         "00000000000006bb"],
        ["Batteries.Tactic.PermuteGoals:importArts", "edfb6c2075fc575a"]]]]]]],
  ["Lean 4.27.0, commit 2fcce7258eeb6e324366bc25f9058293b04b7547",
   "6f43b597efea5d4c"],
  ["C:\\Users\\mmeadow\\Documents\\OpenEvolve\\Frontend\\rese\\lean4\\.lake\\packages\\aesop\\Aesop\\Script\\Step.lean",
   "2401a1d372993346"],
  ["options", "00000000000006bb"],
  ["Module.leanArgs: #[]", "00000000000006bb"]],
 "depHash": "2b88f335b92ef263"}