{"synthetic": false,
 "schemaVersion": "2025-09-10",
 "outputs":
 {"r": "4658e22f7bd9ea05.ir",
  "o":
  ["7e44d35f33078f1b.olean",
   "0782e52e50803977.olean.server",
   "d46e47c5a38a11ef.olean.private"],
  "i": "02ddf8ac9d7f5418.ilean",
  "c": "5d76348d19fe1213.c"},
 "log":
 [{"message":
   ".> LEAN_PATH=C:\\Users\\mmeadow\\Documents\\OpenEvolve\\Frontend\\rese\\lean4\\.lake\\packages\\Cli\\.lake\\build\\lib\\lean;C:\\Users\\mmeadow\\Documents\\OpenEvolve\\Frontend\\rese\\lean4\\.lake\\packages\\batteries\\.lake\\build\\lib\\lean;C:\\Users\\mmeadow\\Documents\\OpenEvolve\\Frontend\\rese\\lean4\\.lake\\packages\\Qq\\.lake\\build\\lib\\lean;C:\\Users\\mmeadow\\Documents\\OpenEvolve\\Frontend\\rese\\lean4\\.lake\\packages\\aesop\\.lake\\build\\lib\\lean;C:\\Users\\mmeadow\\Documents\\OpenEvolve\\Frontend\\rese\\lean4\\.lake\\packages\\proofwidgets\\.lake\\build\\lib\\lean;C:\\Users\\mmeadow\\Documents\\OpenEvolve\\Frontend\\rese\\lean4\\.lake\\packages\\importGraph\\.lake\\build\\lib\\lean;C:\\Users\\mmeadow\\Documents\\OpenEvolve\\Frontend\\rese\\lean4\\.lake\\packages\\LeanSearchClient\\.lake\\build\\lib\\lean;C:\\Users\\mmeadow\\Documents\\OpenEvolve\\Frontend\\rese\\lean4\\.lake\\packages\\plausible\\.lake\\build\\lib\\lean;C:\\Users\\mmeadow\\Documents\\OpenEvolve\\Frontend\\rese\\lean4\\.lake\\packages\\mathlib\\.lake\\build\\lib\\lean;C:\\Users\\mmeadow\\Documents\\OpenEvolve\\Frontend\\rese\\lean4\\.lake\\build\\lib\\lean c:\\Users\\mmeadow\\.elan\\toolchains\\leanprover--lean4---v4.27.0-rc1\\bin\\lean.exe C:\\Users\\mmeadow\\Documents\\OpenEvolve\\Frontend\\rese\\lean4\\.lake\\packages\\mathlib\\Mathlib\\AlgebraicTopology\\ExtraDegeneracy.lean -o C:\\Users\\mmeadow\\Documents\\OpenEvolve\\Frontend\\rese\\lean4\\.lake\\packages\\mathlib\\.lake\\build\\lib\\lean\\Mathlib\\AlgebraicTopology\\ExtraDegeneracy.olean -i C:\\Users\\mmeadow\\Documents\\OpenEvolve\\Frontend\\rese\\lean4\\.lake\\packages\\mathlib\\.lake\\build\\lib\\lean\\Mathlib\\AlgebraicTopology\\ExtraDegeneracy.ilean -c C:\\Users\\mmeadow\\Documents\\OpenEvolve\\Frontend\\rese\\lean4\\.lake\\packages\\mathlib\\.lake\\build\\ir\\Mathlib\\AlgebraicTopology\\ExtraDegeneracy.c --setup C:\\Users\\mmeadow\\Documents\\OpenEvolve\\Frontend\\rese\\lean4\\.lake\\packages\\mathlib\\.lake\\build\\ir\\Mathlib\\AlgebraicTopology\\ExtraDegeneracy.setup.json --json",
   "level": "trace"}],
 "inputs":
 [["Mathlib.AlgebraicTopology.ExtraDegeneracy:deps",
   [["deps",
     [["mathlib/Mathlib:extraDep", [["@mathlib:extraDep", "00000000000006bb"]]],
      ["imports",
       [["Mathlib.AlgebraicTopology.AlternatingFaceMapComplex transitive imports (public)",
         "39fa6cf8f4784770"],
        ["Mathlib.AlgebraicTopology.AlternatingFaceMapComplex:importArts",
         "516968f4aa4b8288"],
        ["Mathlib.AlgebraicTopology.SimplicialSet.StdSimplex transitive imports (public)",
         "14510cc25c401396"],
        ["Mathlib.AlgebraicTopology.SimplicialSet.StdSimplex:importArts",
         "8f037c5fafacdb14"],
        ["Mathlib.AlgebraicTopology.CechNerve transitive imports (public)",
         "05c2bc6ccfdf6fd9"],
        ["Mathlib.AlgebraicTopology.CechNerve:importArts", "9c05c29965d5084c"],
        ["Mathlib.Algebra.Homology.Homotopy transitive imports (public)",
         "21fabb1d83e6d802"],
        ["Mathlib.Algebra.Homology.Homotopy:importArts", "2bcd6faa4b53ae1c"],
        ["Mathlib.Tactic.FinCases transitive imports (public)",
         "43d584ce087691d5"],
        ["Mathlib.Tactic.FinCases:importArts", "b492af0a598e41bb"]]]]],
    ["libs",
     [["import dynlibs", "00000000000006bb"],
      ["package external libraries", "00000000000006bb"],
      ["module dynlibs", "00000000000006bb"],
      ["module plugins", "00000000000006bb"]]]]],
  ["Lean 4.27.0, commit 2fcce7258eeb6e324366bc25f9058293b04b7547",
   "6f43b597efea5d4c"],
  ["C:\\Users\\mmeadow\\Documents\\OpenEvolve\\Frontend\\rese\\lean4\\.lake\\packages\\mathlib\\Mathlib\\AlgebraicTopology\\ExtraDegeneracy.lean",
   "a1dec2256deed4f3"],
  ["options",
   [["-DmaxSynthPendingDepth=3", "c78e353d34de85d4"],
    ["-Dweak.linter.mathlibStandardSet=true", "8a155799906f2b42"],
    ["-Dweak.linter.checkInitImports=true", "cc899f26dd73bf81"],
    ["-Dweak.linter.style.header=true", "07ce48bb05b917ff"],
    ["-Dweak.linter.pythonStyle=true", "35186b2b2b67e319"],
    ["-Dweak.linter.style.longFile=1500", "d79864b112568ff5"],
    ["-Dpp.unicode.fun=true", "9b94070140457fab"],
    ["-Dweak.linter.allScriptsDocumented=true", "217af3ce76c25a94"],
    ["-DautoImplicit=false", "4a85acb881fd49d0"]]],
  ["Module.leanArgs: #[]", "00000000000006bb"]],
 "depHash": "31b1597bbac93b1e"}