{"synthetic": false,
 "schemaVersion": "2025-09-10",
 "outputs":
 {"r": "7b35de4d4ef6b90e.ir",
  "o":
  ["3e0329b03a88bea4.olean",
   "352aa6e44767a234.olean.server",
   "6204d74bc12c5c61.olean.private"],
  "i": "7e094539b456d31f.ilean",
  "c": "9072717680fcd004.c"},
 "log":
 [{"message":
   ".> LEAN_PATH=C:\\Users\\mmeadow\\Documents\\OpenEvolve\\Frontend\\rese\\lean4\\.lake\\packages\\Cli\\.lake\\build\\lib\\lean;C:\\Users\\mmeadow\\Documents\\OpenEvolve\\Frontend\\rese\\lean4\\.lake\\packages\\batteries\\.lake\\build\\lib\\lean;C:\\Users\\mmeadow\\Documents\\OpenEvolve\\Frontend\\rese\\lean4\\.lake\\packages\\Qq\\.lake\\build\\lib\\lean;C:\\Users\\mmeadow\\Documents\\OpenEvolve\\Frontend\\rese\\lean4\\.lake\\packages\\aesop\\.lake\\build\\lib\\lean;C:\\Users\\mmeadow\\Documents\\OpenEvolve\\Frontend\\rese\\lean4\\.lake\\packages\\proofwidgets\\.lake\\build\\lib\\lean;C:\\Users\\mmeadow\\Documents\\OpenEvolve\\Frontend\\rese\\lean4\\.lake\\packages\\importGraph\\.lake\\build\\lib\\lean;C:\\Users\\mmeadow\\Documents\\OpenEvolve\\Frontend\\rese\\lean4\\.lake\\packages\\LeanSearchClient\\.lake\\build\\lib\\lean;C:\\Users\\mmeadow\\Documents\\OpenEvolve\\Frontend\\rese\\lean4\\.lake\\packages\\plausible\\.lake\\build\\lib\\lean;C:\\Users\\mmeadow\\Documents\\OpenEvolve\\Frontend\\rese\\lean4\\.lake\\packages\\mathlib\\.lake\\build\\lib\\lean;C:\\Users\\mmeadow\\Documents\\OpenEvolve\\Frontend\\rese\\lean4\\.lake\\build\\lib\\lean c:\\Users\\mmeadow\\.elan\\toolchains\\leanprover--lean4---v4.27.0-rc1\\bin\\lean.exe C:\\Users\\mmeadow\\Documents\\OpenEvolve\\Frontend\\rese\\lean4\\.lake\\packages\\mathlib\\Mathlib\\Algebra\\Homology\\ShortComplex\\Exact.lean -o C:\\Users\\mmeadow\\Documents\\OpenEvolve\\Frontend\\rese\\lean4\\.lake\\packages\\mathlib\\.lake\\build\\lib\\lean\\Mathlib\\Algebra\\Homology\\ShortComplex\\Exact.olean -i C:\\Users\\mmeadow\\Documents\\OpenEvolve\\Frontend\\rese\\lean4\\.lake\\packages\\mathlib\\.lake\\build\\lib\\lean\\Mathlib\\Algebra\\Homology\\ShortComplex\\Exact.ilean -c C:\\Users\\mmeadow\\Documents\\OpenEvolve\\Frontend\\rese\\lean4\\.lake\\packages\\mathlib\\.lake\\build\\ir\\Mathlib\\Algebra\\Homology\\ShortComplex\\Exact.c --setup C:\\Users\\mmeadow\\Documents\\OpenEvolve\\Frontend\\rese\\lean4\\.lake\\packages\\mathlib\\.lake\\build\\ir\\Mathlib\\Algebra\\Homology\\ShortComplex\\Exact.setup.json --json",
   "level": "trace"}],
 "inputs":
 [["Mathlib.Algebra.Homology.ShortComplex.Exact:deps",
   [["deps",
     [["mathlib/Mathlib:extraDep", [["@mathlib:extraDep", "00000000000006bb"]]],
      ["imports",
       [["Mathlib.Algebra.Homology.ShortComplex.PreservesHomology transitive imports (public)",
         "c3b6e12ffcd358c3"],
        ["Mathlib.Algebra.Homology.ShortComplex.PreservesHomology:importArts",
         "33b312c47eb7b729"],
        ["Mathlib.Algebra.Homology.ShortComplex.Abelian transitive imports (public)",
         "5e4a5912076be2d6"],
        ["Mathlib.Algebra.Homology.ShortComplex.Abelian:importArts",
         "ffa3994532d4cfa1"],
        ["Mathlib.Algebra.Homology.ShortComplex.QuasiIso transitive imports (public)",
         "1c44fe6c6663adcb"],
        ["Mathlib.Algebra.Homology.ShortComplex.QuasiIso:importArts",
         "02d8840d194f9b3f"],
        ["Mathlib.CategoryTheory.Abelian.Opposite transitive imports (public)",
         "f44ff421accff38d"],
        ["Mathlib.CategoryTheory.Abelian.Opposite:importArts",
         "1e2dab7bc26c0829"],
        ["Mathlib.CategoryTheory.Preadditive.AdditiveFunctor transitive imports (public)",
         "de35c4ca1cc63627"],
        ["Mathlib.CategoryTheory.Preadditive.AdditiveFunctor:importArts",
         "17a2bfb1f1248285"],
        ["Mathlib.CategoryTheory.Preadditive.Injective.Basic transitive imports (public)",
         "8273c18c539270e5"],
        ["Mathlib.CategoryTheory.Preadditive.Injective.Basic:importArts",
         "4d6ee48d50838239"]]]]],
    ["libs",
     [["import dynlibs", "00000000000006bb"],
      ["package external libraries", "00000000000006bb"],
      ["module dynlibs", "00000000000006bb"],
      ["module plugins", "00000000000006bb"]]]]],
  ["Lean 4.27.0, commit 2fcce7258eeb6e324366bc25f9058293b04b7547",
   "6f43b597efea5d4c"],
  ["C:\\Users\\mmeadow\\Documents\\OpenEvolve\\Frontend\\rese\\lean4\\.lake\\packages\\mathlib\\Mathlib\\Algebra\\Homology\\ShortComplex\\Exact.lean",
   "53b1307b84666867"],
  ["options",
   [["-DmaxSynthPendingDepth=3", "c78e353d34de85d4"],
    ["-Dweak.linter.mathlibStandardSet=true", "8a155799906f2b42"],
    ["-Dweak.linter.checkInitImports=true", "cc899f26dd73bf81"],
    ["-Dweak.linter.style.header=true", "07ce48bb05b917ff"],
    ["-Dweak.linter.pythonStyle=true", "35186b2b2b67e319"],
    ["-Dweak.linter.style.longFile=1500", "d79864b112568ff5"],
    ["-Dpp.unicode.fun=true", "9b94070140457fab"],
    ["-Dweak.linter.allScriptsDocumented=true", "217af3ce76c25a94"],
    ["-DautoImplicit=false", "4a85acb881fd49d0"]]],
  ["Module.leanArgs: #[]", "00000000000006bb"]],
 "depHash": "82e3ad100ed56c7a"}