{"synthetic": false,
 "schemaVersion": "2025-09-10",
 "outputs":
 {"r": "e82b5804bd2ef9f3.ir",
  "o":
  ["be8ad13508b921fe.olean",
   "90e482f18419f81a.olean.server",
   "0e774068563ff6ff.olean.private"],
  "i": "de9bbae1fa26823c.ilean",
  "c": "fa9d15cf2fba6b58.c"},
 "log":
 [{"message":
   ".> LEAN_PATH=C:\\Users\\mmeadow\\Documents\\OpenEvolve\\Frontend\\rese\\lean4\\.lake\\packages\\Cli\\.lake\\build\\lib\\lean;C:\\Users\\mmeadow\\Documents\\OpenEvolve\\Frontend\\rese\\lean4\\.lake\\packages\\batteries\\.lake\\build\\lib\\lean;C:\\Users\\mmeadow\\Documents\\OpenEvolve\\Frontend\\rese\\lean4\\.lake\\packages\\Qq\\.lake\\build\\lib\\lean;C:\\Users\\mmeadow\\Documents\\OpenEvolve\\Frontend\\rese\\lean4\\.lake\\packages\\aesop\\.lake\\build\\lib\\lean;C:\\Users\\mmeadow\\Documents\\OpenEvolve\\Frontend\\rese\\lean4\\.lake\\packages\\proofwidgets\\.lake\\build\\lib\\lean;C:\\Users\\mmeadow\\Documents\\OpenEvolve\\Frontend\\rese\\lean4\\.lake\\packages\\importGraph\\.lake\\build\\lib\\lean;C:\\Users\\mmeadow\\Documents\\OpenEvolve\\Frontend\\rese\\lean4\\.lake\\packages\\LeanSearchClient\\.lake\\build\\lib\\lean;C:\\Users\\mmeadow\\Documents\\OpenEvolve\\Frontend\\rese\\lean4\\.lake\\packages\\plausible\\.lake\\build\\lib\\lean;C:\\Users\\mmeadow\\Documents\\OpenEvolve\\Frontend\\rese\\lean4\\.lake\\packages\\mathlib\\.lake\\build\\lib\\lean;C:\\Users\\mmeadow\\Documents\\OpenEvolve\\Frontend\\rese\\lean4\\.lake\\build\\lib\\lean c:\\Users\\mmeadow\\.elan\\toolchains\\leanprover--lean4---v4.27.0-rc1\\bin\\lean.exe C:\\Users\\mmeadow\\Documents\\OpenEvolve\\Frontend\\rese\\lean4\\.lake\\packages\\mathlib\\Mathlib\\Algebra\\Order\\Group\\Finset.lean -o C:\\Users\\mmeadow\\Documents\\OpenEvolve\\Frontend\\rese\\lean4\\.lake\\packages\\mathlib\\.lake\\build\\lib\\lean\\Mathlib\\Algebra\\Order\\Group\\Finset.olean -i C:\\Users\\mmeadow\\Documents\\OpenEvolve\\Frontend\\rese\\lean4\\.lake\\packages\\mathlib\\.lake\\build\\lib\\lean\\Mathlib\\Algebra\\Order\\Group\\Finset.ilean -c C:\\Users\\mmeadow\\Documents\\OpenEvolve\\Frontend\\rese\\lean4\\.lake\\packages\\mathlib\\.lake\\build\\ir\\Mathlib\\Algebra\\Order\\Group\\Finset.c --setup C:\\Users\\mmeadow\\Documents\\OpenEvolve\\Frontend\\rese\\lean4\\.lake\\packages\\mathlib\\.lake\\build\\ir\\Mathlib\\Algebra\\Order\\Group\\Finset.setup.json --json",
   "level": "trace"}],
 "inputs":
 [["Mathlib.Algebra.Order.Group.Finset:deps",
   [["deps",
     [["mathlib/Mathlib:extraDep", [["@mathlib:extraDep", "00000000000006bb"]]],
      ["imports",
       [["Mathlib.Algebra.Order.Group.OrderIso transitive imports (public)",
         "3d77ba2d7cf6a556"],
        ["Mathlib.Algebra.Order.Group.OrderIso:importArts", "4f4c82f004fd2a70"],
        ["Mathlib.Algebra.Order.Monoid.Canonical.Defs transitive imports (public)",
         "8dc21167b2491d3d"],
        ["Mathlib.Algebra.Order.Monoid.Canonical.Defs:importArts",
         "8bdae35b86874a90"],
        ["Mathlib.Algebra.Order.Monoid.Unbundled.MinMax transitive imports (public)",
         "9a13c367e15f0a03"],
        ["Mathlib.Algebra.Order.Monoid.Unbundled.MinMax:importArts",
         "1357e335c49482a3"],
        ["Mathlib.Algebra.Order.Monoid.Unbundled.Pow transitive imports (public)",
         "b1bdce263e078d83"],
        ["Mathlib.Algebra.Order.Monoid.Unbundled.Pow:importArts",
         "800b2a397fbbc6b6"],
        ["Mathlib.Algebra.Order.Monoid.Unbundled.WithTop transitive imports (public)",
         "d11bebf51c45f576"],
        ["Mathlib.Algebra.Order.Monoid.Unbundled.WithTop:importArts",
         "0ad25ee33ba32885"],
        ["Mathlib.Data.Finset.Lattice.Prod transitive imports (public)",
         "7bd5d16a97c2deb6"],
        ["Mathlib.Data.Finset.Lattice.Prod:importArts", "4a695b1dcfa9e136"]]]]],
    ["libs",
     [["import dynlibs", "00000000000006bb"],
      ["package external libraries", "00000000000006bb"],
      ["module dynlibs", "00000000000006bb"],
      ["module plugins", "00000000000006bb"]]]]],
  ["Lean 4.27.0, commit 2fcce7258eeb6e324366bc25f9058293b04b7547",
   "6f43b597efea5d4c"],
  ["C:\\Users\\mmeadow\\Documents\\OpenEvolve\\Frontend\\rese\\lean4\\.lake\\packages\\mathlib\\Mathlib\\Algebra\\Order\\Group\\Finset.lean",
   "66d37257cd634c54"],
  ["options",
   [["-DmaxSynthPendingDepth=3", "c78e353d34de85d4"],
    ["-Dweak.linter.mathlibStandardSet=true", "8a155799906f2b42"],
    ["-Dweak.linter.checkInitImports=true", "cc899f26dd73bf81"],
    ["-Dweak.linter.style.header=true", "07ce48bb05b917ff"],
    ["-Dweak.linter.pythonStyle=true", "35186b2b2b67e319"],
    ["-Dweak.linter.style.longFile=1500", "d79864b112568ff5"],
    ["-Dpp.unicode.fun=true", "9b94070140457fab"],
    ["-Dweak.linter.allScriptsDocumented=true", "217af3ce76c25a94"],
    ["-DautoImplicit=false", "4a85acb881fd49d0"]]],
  ["Module.leanArgs: #[]", "00000000000006bb"]],
 "depHash": "3d76cfb73a84bdfb"}