{"synthetic": false,
 "schemaVersion": "2025-09-10",
 "outputs":
 {"r": "ac84e52e9b2a5ec3.ir",
  "o":
  ["ea802b421d4bcec5.olean",
   "b112b3f88e97db26.olean.server",
   "2c9ec1331f8158b7.olean.private"],
  "i": "52bffabb45265da0.ilean",
  "c": "95688ebd4458f407.c"},
 "log":
 [{"message":
   ".> LEAN_PATH=C:\\Users\\mmeadow\\Documents\\OpenEvolve\\Frontend\\rese\\lean4\\.lake\\packages\\Cli\\.lake\\build\\lib\\lean;C:\\Users\\mmeadow\\Documents\\OpenEvolve\\Frontend\\rese\\lean4\\.lake\\packages\\batteries\\.lake\\build\\lib\\lean;C:\\Users\\mmeadow\\Documents\\OpenEvolve\\Frontend\\rese\\lean4\\.lake\\packages\\Qq\\.lake\\build\\lib\\lean;C:\\Users\\mmeadow\\Documents\\OpenEvolve\\Frontend\\rese\\lean4\\.lake\\packages\\aesop\\.lake\\build\\lib\\lean;C:\\Users\\mmeadow\\Documents\\OpenEvolve\\Frontend\\rese\\lean4\\.lake\\packages\\proofwidgets\\.lake\\build\\lib\\lean;C:\\Users\\mmeadow\\Documents\\OpenEvolve\\Frontend\\rese\\lean4\\.lake\\packages\\importGraph\\.lake\\build\\lib\\lean;C:\\Users\\mmeadow\\Documents\\OpenEvolve\\Frontend\\rese\\lean4\\.lake\\packages\\LeanSearchClient\\.lake\\build\\lib\\lean;C:\\Users\\mmeadow\\Documents\\OpenEvolve\\Frontend\\rese\\lean4\\.lake\\packages\\plausible\\.lake\\build\\lib\\lean;C:\\Users\\mmeadow\\Documents\\OpenEvolve\\Frontend\\rese\\lean4\\.lake\\packages\\mathlib\\.lake\\build\\lib\\lean;C:\\Users\\mmeadow\\Documents\\OpenEvolve\\Frontend\\rese\\lean4\\.lake\\build\\lib\\lean c:\\Users\\mmeadow\\.elan\\toolchains\\leanprover--lean4---v4.27.0-rc1\\bin\\lean.exe C:\\Users\\mmeadow\\Documents\\OpenEvolve\\Frontend\\rese\\lean4\\.lake\\packages\\mathlib\\Mathlib\\Algebra\\MonoidAlgebra\\Basic.lean -o C:\\Users\\mmeadow\\Documents\\OpenEvolve\\Frontend\\rese\\lean4\\.lake\\packages\\mathlib\\.lake\\build\\lib\\lean\\Mathlib\\Algebra\\MonoidAlgebra\\Basic.olean -i C:\\Users\\mmeadow\\Documents\\OpenEvolve\\Frontend\\rese\\lean4\\.lake\\packages\\mathlib\\.lake\\build\\lib\\lean\\Mathlib\\Algebra\\MonoidAlgebra\\Basic.ilean -c C:\\Users\\mmeadow\\Documents\\OpenEvolve\\Frontend\\rese\\lean4\\.lake\\packages\\mathlib\\.lake\\build\\ir\\Mathlib\\Algebra\\MonoidAlgebra\\Basic.c --setup C:\\Users\\mmeadow\\Documents\\OpenEvolve\\Frontend\\rese\\lean4\\.lake\\packages\\mathlib\\.lake\\build\\ir\\Mathlib\\Algebra\\MonoidAlgebra\\Basic.setup.json --json",
   "level": "trace"}],
 "inputs":
 [["Mathlib.Algebra.MonoidAlgebra.Basic:deps",
   [["deps",
     [["mathlib/Mathlib:extraDep", [["@mathlib:extraDep", "00000000000006bb"]]],
      ["imports",
       [["Mathlib.Algebra.Algebra.Equiv transitive imports (public)",
         "90c730b6ed95c71c"],
        ["Mathlib.Algebra.Algebra.Equiv:importArts", "9eadcb726853d0fc"],
        ["Mathlib.Algebra.Algebra.NonUnitalHom transitive imports (public)",
         "b1032df10dfccb61"],
        ["Mathlib.Algebra.Algebra.NonUnitalHom:importArts", "286445e489a877d4"],
        ["Mathlib.Algebra.Algebra.Tower transitive imports (public)",
         "252f71debdd8bfd8"],
        ["Mathlib.Algebra.Algebra.Tower:importArts", "a98feb26b35d8018"],
        ["Mathlib.Algebra.Module.BigOperators transitive imports (public)",
         "b5365e229770c4c3"],
        ["Mathlib.Algebra.Module.BigOperators:importArts", "18fca2b655719a27"],
        ["Mathlib.Algebra.MonoidAlgebra.MapDomain transitive imports (public)",
         "eafc6b1df2daadc1"],
        ["Mathlib.Algebra.MonoidAlgebra.MapDomain:importArts",
         "0ceb8007c8845ab4"],
        ["Mathlib.Algebra.MonoidAlgebra.Module transitive imports (public)",
         "d453112ae756cc92"],
        ["Mathlib.Algebra.MonoidAlgebra.Module:importArts", "35e457a1a38143ba"],
        ["Mathlib.Data.Finsupp.SMul transitive imports (public)",
         "79c38a17da724590"],
        ["Mathlib.Data.Finsupp.SMul:importArts", "fe982041d91ce43a"],
        ["Mathlib.LinearAlgebra.Finsupp.SumProd transitive imports (public)",
         "4a7b52ef536a00f3"],
        ["Mathlib.LinearAlgebra.Finsupp.SumProd:importArts",
         "9d6ad45ebf01379c"]]]]],
    ["libs",
     [["import dynlibs", "00000000000006bb"],
      ["package external libraries", "00000000000006bb"],
      ["module dynlibs", "00000000000006bb"],
      ["module plugins", "00000000000006bb"]]]]],
  ["Lean 4.27.0, commit 2fcce7258eeb6e324366bc25f9058293b04b7547",
   "6f43b597efea5d4c"],
  ["C:\\Users\\mmeadow\\Documents\\OpenEvolve\\Frontend\\rese\\lean4\\.lake\\packages\\mathlib\\Mathlib\\Algebra\\MonoidAlgebra\\Basic.lean",
   "2d5ae45305b5ed69"],
  ["options",
   [["-DmaxSynthPendingDepth=3", "c78e353d34de85d4"],
    ["-Dweak.linter.mathlibStandardSet=true", "8a155799906f2b42"],
    ["-Dweak.linter.checkInitImports=true", "cc899f26dd73bf81"],
    ["-Dweak.linter.style.header=true", "07ce48bb05b917ff"],
    ["-Dweak.linter.pythonStyle=true", "35186b2b2b67e319"],
    ["-Dweak.linter.style.longFile=1500", "d79864b112568ff5"],
    ["-Dpp.unicode.fun=true", "9b94070140457fab"],
    ["-Dweak.linter.allScriptsDocumented=true", "217af3ce76c25a94"],
    ["-DautoImplicit=false", "4a85acb881fd49d0"]]],
  ["Module.leanArgs: #[]", "00000000000006bb"]],
 "depHash": "b2d69381186a6397"}