{"synthetic": false,
 "schemaVersion": "2025-09-10",
 "outputs":
 {"r": "038b47b09e596a5a.ir",
  "o":
  ["5094ccfde6d6a445.olean",
   "73908f6a4c20d749.olean.server",
   "05041bf579ab7126.olean.private"],
  "i": "a232662eed9995cf.ilean",
  "c": "1f4f21469155f200.c"},
 "log":
 [{"message":
   ".> LEAN_PATH=C:\\Users\\mmeadow\\Documents\\OpenEvolve\\Frontend\\rese\\lean4\\.lake\\packages\\Cli\\.lake\\build\\lib\\lean;C:\\Users\\mmeadow\\Documents\\OpenEvolve\\Frontend\\rese\\lean4\\.lake\\packages\\batteries\\.lake\\build\\lib\\lean;C:\\Users\\mmeadow\\Documents\\OpenEvolve\\Frontend\\rese\\lean4\\.lake\\packages\\Qq\\.lake\\build\\lib\\lean;C:\\Users\\mmeadow\\Documents\\OpenEvolve\\Frontend\\rese\\lean4\\.lake\\packages\\aesop\\.lake\\build\\lib\\lean;C:\\Users\\mmeadow\\Documents\\OpenEvolve\\Frontend\\rese\\lean4\\.lake\\packages\\proofwidgets\\.lake\\build\\lib\\lean;C:\\Users\\mmeadow\\Documents\\OpenEvolve\\Frontend\\rese\\lean4\\.lake\\packages\\importGraph\\.lake\\build\\lib\\lean;C:\\Users\\mmeadow\\Documents\\OpenEvolve\\Frontend\\rese\\lean4\\.lake\\packages\\LeanSearchClient\\.lake\\build\\lib\\lean;C:\\Users\\mmeadow\\Documents\\OpenEvolve\\Frontend\\rese\\lean4\\.lake\\packages\\plausible\\.lake\\build\\lib\\lean;C:\\Users\\mmeadow\\Documents\\OpenEvolve\\Frontend\\rese\\lean4\\.lake\\packages\\mathlib\\.lake\\build\\lib\\lean;C:\\Users\\mmeadow\\Documents\\OpenEvolve\\Frontend\\rese\\lean4\\.lake\\build\\lib\\lean c:\\Users\\mmeadow\\.elan\\toolchains\\leanprover--lean4---v4.27.0-rc1\\bin\\lean.exe C:\\Users\\mmeadow\\Documents\\OpenEvolve\\Frontend\\rese\\lean4\\.lake\\packages\\mathlib\\Mathlib\\Analysis\\Normed\\Module\\Basic.lean -o C:\\Users\\mmeadow\\Documents\\OpenEvolve\\Frontend\\rese\\lean4\\.lake\\packages\\mathlib\\.lake\\build\\lib\\lean\\Mathlib\\Analysis\\Normed\\Module\\Basic.olean -i C:\\Users\\mmeadow\\Documents\\OpenEvolve\\Frontend\\rese\\lean4\\.lake\\packages\\mathlib\\.lake\\build\\lib\\lean\\Mathlib\\Analysis\\Normed\\Module\\Basic.ilean -c C:\\Users\\mmeadow\\Documents\\OpenEvolve\\Frontend\\rese\\lean4\\.lake\\packages\\mathlib\\.lake\\build\\ir\\Mathlib\\Analysis\\Normed\\Module\\Basic.c --setup C:\\Users\\mmeadow\\Documents\\OpenEvolve\\Frontend\\rese\\lean4\\.lake\\packages\\mathlib\\.lake\\build\\ir\\Mathlib\\Analysis\\Normed\\Module\\Basic.setup.json --json",
   "level": "trace"}],
 "inputs":
 [["Mathlib.Analysis.Normed.Module.Basic:deps",
   [["deps",
     [["mathlib/Mathlib:extraDep", [["@mathlib:extraDep", "00000000000006bb"]]],
      ["imports",
       [["Mathlib.Algebra.Algebra.Pi transitive imports (public)",
         "ecb884e6cc2c125d"],
        ["Mathlib.Algebra.Algebra.Pi:importArts", "a116687d5a8aaaa9"],
        ["Mathlib.Algebra.Algebra.Prod transitive imports (public)",
         "c812d00709613607"],
        ["Mathlib.Algebra.Algebra.Prod:importArts", "ae6407aa9c5bc8a7"],
        ["Mathlib.Algebra.Algebra.Rat transitive imports (public)",
         "ef57e067b75249a7"],
        ["Mathlib.Algebra.Algebra.Rat:importArts", "fac0c5fd944f56b2"],
        ["Mathlib.Algebra.Algebra.RestrictScalars transitive imports (public)",
         "1497481a8ea27156"],
        ["Mathlib.Algebra.Algebra.RestrictScalars:importArts",
         "bf6f8ac6fd3a5929"],
        ["Mathlib.Algebra.Module.Rat transitive imports (public)",
         "54dff284aa69665d"],
        ["Mathlib.Algebra.Module.Rat:importArts", "78ec022de0fef3a7"],
        ["Mathlib.Analysis.Normed.Field.Lemmas transitive imports (public)",
         "48bd85f4a842c957"],
        ["Mathlib.Analysis.Normed.Field.Lemmas:importArts", "2c4e43a30a4d8bb7"],
        ["Mathlib.Analysis.Normed.MulAction transitive imports (public)",
         "7263f3898806c2f9"],
        ["Mathlib.Analysis.Normed.MulAction:importArts",
         "589a05a9025e61de"]]]]],
    ["libs",
     [["import dynlibs", "00000000000006bb"],
      ["package external libraries", "00000000000006bb"],
      ["module dynlibs", "00000000000006bb"],
      ["module plugins", "00000000000006bb"]]]]],
  ["Lean 4.27.0, commit 2fcce7258eeb6e324366bc25f9058293b04b7547",
   "6f43b597efea5d4c"],
  ["C:\\Users\\mmeadow\\Documents\\OpenEvolve\\Frontend\\rese\\lean4\\.lake\\packages\\mathlib\\Mathlib\\Analysis\\Normed\\Module\\Basic.lean",
   "56b0819a041d462a"],
  ["options",
   [["-DmaxSynthPendingDepth=3", "c78e353d34de85d4"],
    ["-Dweak.linter.mathlibStandardSet=true", "8a155799906f2b42"],
    ["-Dweak.linter.checkInitImports=true", "cc899f26dd73bf81"],
    ["-Dweak.linter.style.header=true", "07ce48bb05b917ff"],
    ["-Dweak.linter.pythonStyle=true", "35186b2b2b67e319"],
    ["-Dweak.linter.style.longFile=1500", "d79864b112568ff5"],
    ["-Dpp.unicode.fun=true", "9b94070140457fab"],
    ["-Dweak.linter.allScriptsDocumented=true", "217af3ce76c25a94"],
    ["-DautoImplicit=false", "4a85acb881fd49d0"]]],
  ["Module.leanArgs: #[]", "00000000000006bb"]],
 "depHash": "a7ee28e6556a7e57"}