{"synthetic": false,
 "schemaVersion": "2025-09-10",
 "outputs":
 {"r": "4fe48d79fc24d9b5.ir",
  "o":
  ["1886ea5867870ef2.olean",
   "8c0c182e27b48208.olean.server",
   "550666a14cef6d8f.olean.private"],
  "i": "f8f1e176b1893f9d.ilean",
  "c": "ef08eab7bb0d9de1.c"},
 "log":
 [{"message":
   ".> LEAN_PATH=C:\\Users\\mmeadow\\Documents\\OpenEvolve\\Frontend\\rese\\lean4\\.lake\\packages\\Cli\\.lake\\build\\lib\\lean;C:\\Users\\mmeadow\\Documents\\OpenEvolve\\Frontend\\rese\\lean4\\.lake\\packages\\batteries\\.lake\\build\\lib\\lean;C:\\Users\\mmeadow\\Documents\\OpenEvolve\\Frontend\\rese\\lean4\\.lake\\packages\\Qq\\.lake\\build\\lib\\lean;C:\\Users\\mmeadow\\Documents\\OpenEvolve\\Frontend\\rese\\lean4\\.lake\\packages\\aesop\\.lake\\build\\lib\\lean;C:\\Users\\mmeadow\\Documents\\OpenEvolve\\Frontend\\rese\\lean4\\.lake\\packages\\proofwidgets\\.lake\\build\\lib\\lean;C:\\Users\\mmeadow\\Documents\\OpenEvolve\\Frontend\\rese\\lean4\\.lake\\packages\\importGraph\\.lake\\build\\lib\\lean;C:\\Users\\mmeadow\\Documents\\OpenEvolve\\Frontend\\rese\\lean4\\.lake\\packages\\LeanSearchClient\\.lake\\build\\lib\\lean;C:\\Users\\mmeadow\\Documents\\OpenEvolve\\Frontend\\rese\\lean4\\.lake\\packages\\plausible\\.lake\\build\\lib\\lean;C:\\Users\\mmeadow\\Documents\\OpenEvolve\\Frontend\\rese\\lean4\\.lake\\packages\\mathlib\\.lake\\build\\lib\\lean;C:\\Users\\mmeadow\\Documents\\OpenEvolve\\Frontend\\rese\\lean4\\.lake\\build\\lib\\lean c:\\Users\\mmeadow\\.elan\\toolchains\\leanprover--lean4---v4.27.0-rc1\\bin\\lean.exe C:\\Users\\mmeadow\\Documents\\OpenEvolve\\Frontend\\rese\\lean4\\.lake\\packages\\mathlib\\Mathlib\\Analysis\\Normed\\Module\\FiniteDimension.lean -o C:\\Users\\mmeadow\\Documents\\OpenEvolve\\Frontend\\rese\\lean4\\.lake\\packages\\mathlib\\.lake\\build\\lib\\lean\\Mathlib\\Analysis\\Normed\\Module\\FiniteDimension.olean -i C:\\Users\\mmeadow\\Documents\\OpenEvolve\\Frontend\\rese\\lean4\\.lake\\packages\\mathlib\\.lake\\build\\lib\\lean\\Mathlib\\Analysis\\Normed\\Module\\FiniteDimension.ilean -c C:\\Users\\mmeadow\\Documents\\OpenEvolve\\Frontend\\rese\\lean4\\.lake\\packages\\mathlib\\.lake\\build\\ir\\Mathlib\\Analysis\\Normed\\Module\\FiniteDimension.c --setup C:\\Users\\mmeadow\\Documents\\OpenEvolve\\Frontend\\rese\\lean4\\.lake\\packages\\mathlib\\.lake\\build\\ir\\Mathlib\\Analysis\\Normed\\Module\\FiniteDimension.setup.json --json",
   "level": "trace"}],
 "inputs":
 [["Mathlib.Analysis.Normed.Module.FiniteDimension:deps",
   [["deps",
     [["mathlib/Mathlib:extraDep", [["@mathlib:extraDep", "00000000000006bb"]]],
      ["imports",
       [["Mathlib.Analysis.Asymptotics.AsymptoticEquivalent transitive imports (public)",
         "be60833004d427eb"],
        ["Mathlib.Analysis.Asymptotics.AsymptoticEquivalent:importArts",
         "09bd862d20a09766"],
        ["Mathlib.Analysis.Normed.Group.Lemmas transitive imports (public)",
         "2dcd0daac2591266"],
        ["Mathlib.Analysis.Normed.Group.Lemmas:importArts", "dfee0f613b799b21"],
        ["Mathlib.Analysis.Normed.Affine.Isometry transitive imports (public)",
         "d7c424344f0d06bb"],
        ["Mathlib.Analysis.Normed.Affine.Isometry:importArts",
         "6f5cc94eb9841cd5"],
        ["Mathlib.Analysis.Normed.Operator.NormedSpace transitive imports (public)",
         "8e3b9e60f7b29e8d"],
        ["Mathlib.Analysis.Normed.Operator.NormedSpace:importArts",
         "8e198d9de4e50a79"],
        ["Mathlib.Analysis.Normed.Module.RieszLemma transitive imports (public)",
         "3ef3d47496872c9e"],
        ["Mathlib.Analysis.Normed.Module.RieszLemma:importArts",
         "b2bf77682dfe300e"],
        ["Mathlib.Analysis.Normed.Module.Ball.Pointwise transitive imports (public)",
         "8bcb0f12b9cbf76b"],
        ["Mathlib.Analysis.Normed.Module.Ball.Pointwise:importArts",
         "b709214c172bdd23"],
        ["Mathlib.Analysis.SpecificLimits.Normed transitive imports (public)",
         "e2fbacb170bf8419"],
        ["Mathlib.Analysis.SpecificLimits.Normed:importArts",
         "9ac7e41ff3895b17"],
        ["Mathlib.Logic.Encodable.Pi transitive imports (public)",
         "061a0eb844dbb553"],
        ["Mathlib.Logic.Encodable.Pi:importArts", "11f6319a16293528"],
        ["Mathlib.Topology.Algebra.AffineSubspace transitive imports (public)",
         "ef529765524d0f82"],
        ["Mathlib.Topology.Algebra.AffineSubspace:importArts",
         "796f76df89b994ff"],
        ["Mathlib.Topology.Algebra.Module.FiniteDimension transitive imports (public)",
         "73a1e68d31e83160"],
        ["Mathlib.Topology.Algebra.Module.FiniteDimension:importArts",
         "5146d9f280eca2c0"],
        ["Mathlib.Topology.Algebra.InfiniteSum.Module transitive imports (public)",
         "ebd00103f8e49443"],
        ["Mathlib.Topology.Algebra.InfiniteSum.Module:importArts",
         "d1a78d1e1684ff54"],
        ["Mathlib.Topology.Instances.Matrix transitive imports (public)",
         "3803391812ac00a9"],
        ["Mathlib.Topology.Instances.Matrix:importArts", "3d0b146c0e9bbfec"],
        ["Mathlib.LinearAlgebra.Dimension.LinearMap transitive imports (public)",
         "7fabcdd89905c068"],
        ["Mathlib.LinearAlgebra.Dimension.LinearMap:importArts",
         "7f6703a674d0cf94"]]]]],
    ["libs",
     [["import dynlibs", "00000000000006bb"],
      ["package external libraries", "00000000000006bb"],
      ["module dynlibs", "00000000000006bb"],
      ["module plugins", "00000000000006bb"]]]]],
  ["Lean 4.27.0, commit 2fcce7258eeb6e324366bc25f9058293b04b7547",
   "6f43b597efea5d4c"],
  ["C:\\Users\\mmeadow\\Documents\\OpenEvolve\\Frontend\\rese\\lean4\\.lake\\packages\\mathlib\\Mathlib\\Analysis\\Normed\\Module\\FiniteDimension.lean",
   "3d967308f217fea6"],
  ["options",
   [["-DmaxSynthPendingDepth=3", "c78e353d34de85d4"],
    ["-Dweak.linter.mathlibStandardSet=true", "8a155799906f2b42"],
    ["-Dweak.linter.checkInitImports=true", "cc899f26dd73bf81"],
    ["-Dweak.linter.style.header=true", "07ce48bb05b917ff"],
    ["-Dweak.linter.pythonStyle=true", "35186b2b2b67e319"],
    ["-Dweak.linter.style.longFile=1500", "d79864b112568ff5"],
    ["-Dpp.unicode.fun=true", "9b94070140457fab"],
    ["-Dweak.linter.allScriptsDocumented=true", "217af3ce76c25a94"],
    ["-DautoImplicit=false", "4a85acb881fd49d0"]]],
  ["Module.leanArgs: #[]", "00000000000006bb"]],
 "depHash": "8f2968897cdb1c29"}