{"synthetic": false,
 "schemaVersion": "2025-09-10",
 "outputs":
 {"r": "e54d8ab6181143d0.ir",
  "o":
  ["4c1cb0ceb020d9c8.olean",
   "01680c657de25620.olean.server",
   "453e5e01be66a37d.olean.private"],
  "i": "3d0c4de733009171.ilean",
  "c": "9454887bbe8e4f41.c"},
 "log":
 [{"message":
   ".> LEAN_PATH=/home/runner/work/reservoir/reservoir/testbed/repo/.lake/build/lib/lean /home/runner/.elan/toolchains/leanprover--lean4---v4.27.0-rc1/bin/lean /home/runner/work/reservoir/reservoir/testbed/repo/Batteries/Lean/PersistentHashSet.lean -o /home/runner/work/reservoir/reservoir/testbed/repo/.lake/build/lib/lean/Batteries/Lean/PersistentHashSet.olean -i /home/runner/work/reservoir/reservoir/testbed/repo/.lake/build/lib/lean/Batteries/Lean/PersistentHashSet.ilean -c /home/runner/work/reservoir/reservoir/testbed/repo/.lake/build/ir/Batteries/Lean/PersistentHashSet.c --setup /home/runner/work/reservoir/reservoir/testbed/repo/.lake/build/ir/Batteries/Lean/PersistentHashSet.setup.json --json",
   "level": "trace"}],
 "inputs":
 [["Batteries.Lean.PersistentHashSet:deps",
   [["deps",
     [["batteries/Batteries:extraDep",
       [["@batteries:extraDep", "00000000000006bb"]]],
      ["imports", "00000000000006bb"]]],
    ["libs",
     [["import dynlibs", "00000000000006bb"],
      ["package external libraries", "00000000000006bb"],
      ["module dynlibs", "00000000000006bb"],
      ["module plugins", "00000000000006bb"]]]]],
  ["Lean 4.27.0, commit 2fcce7258eeb6e324366bc25f9058293b04b7547",
   "6f43b597efea5d4c"],
  ["/home/runner/work/reservoir/reservoir/testbed/repo/Batteries/Lean/PersistentHashSet.lean",
   "a35140304dc55301"],
  ["options",
   [["-Dlinter.missingDocs=true", "90c3480090de3a08"],
    ["-Dweak.backward.privateInPublic.warn=false", "7bd7a538fb29f63d"]]],
  ["Module.leanArgs: #[]", "00000000000006bb"]],
 "depHash": "ba3cf911a3cbc6e6"}