{"synthetic": false,
 "schemaVersion": "2025-09-10",
 "outputs":
 {"r": "47713410cd7632f1.ir",
  "o":
  ["07e178fb3689e811.olean",
   "c043e4a2bda30767.olean.server",
   "c74786b6d769f713.olean.private"],
  "i": "cde1d45d41e77fa3.ilean",
  "c": "b5b697ca59d15a33.c"},
 "log":
 [{"message":
   ".> LEAN_PATH=C:\\Users\\mmeadow\\Documents\\OpenEvolve\\Frontend\\rese\\lean4\\.lake\\packages\\Cli\\.lake\\build\\lib\\lean;C:\\Users\\mmeadow\\Documents\\OpenEvolve\\Frontend\\rese\\lean4\\.lake\\packages\\batteries\\.lake\\build\\lib\\lean;C:\\Users\\mmeadow\\Documents\\OpenEvolve\\Frontend\\rese\\lean4\\.lake\\packages\\Qq\\.lake\\build\\lib\\lean;C:\\Users\\mmeadow\\Documents\\OpenEvolve\\Frontend\\rese\\lean4\\.lake\\packages\\aesop\\.lake\\build\\lib\\lean;C:\\Users\\mmeadow\\Documents\\OpenEvolve\\Frontend\\rese\\lean4\\.lake\\packages\\proofwidgets\\.lake\\build\\lib\\lean;C:\\Users\\mmeadow\\Documents\\OpenEvolve\\Frontend\\rese\\lean4\\.lake\\packages\\importGraph\\.lake\\build\\lib\\lean;C:\\Users\\mmeadow\\Documents\\OpenEvolve\\Frontend\\rese\\lean4\\.lake\\packages\\LeanSearchClient\\.lake\\build\\lib\\lean;C:\\Users\\mmeadow\\Documents\\OpenEvolve\\Frontend\\rese\\lean4\\.lake\\packages\\plausible\\.lake\\build\\lib\\lean;C:\\Users\\mmeadow\\Documents\\OpenEvolve\\Frontend\\rese\\lean4\\.lake\\packages\\mathlib\\.lake\\build\\lib\\lean;C:\\Users\\mmeadow\\Documents\\OpenEvolve\\Frontend\\rese\\lean4\\.lake\\build\\lib\\lean c:\\Users\\mmeadow\\.elan\\toolchains\\leanprover--lean4---v4.27.0-rc1\\bin\\lean.exe C:\\Users\\mmeadow\\Documents\\OpenEvolve\\Frontend\\rese\\lean4\\.lake\\packages\\mathlib\\Mathlib\\Algebra\\Order\\GroupWithZero\\Unbundled\\Basic.lean -o C:\\Users\\mmeadow\\Documents\\OpenEvolve\\Frontend\\rese\\lean4\\.lake\\packages\\mathlib\\.lake\\build\\lib\\lean\\Mathlib\\Algebra\\Order\\GroupWithZero\\Unbundled\\Basic.olean -i C:\\Users\\mmeadow\\Documents\\OpenEvolve\\Frontend\\rese\\lean4\\.lake\\packages\\mathlib\\.lake\\build\\lib\\lean\\Mathlib\\Algebra\\Order\\GroupWithZero\\Unbundled\\Basic.ilean -c C:\\Users\\mmeadow\\Documents\\OpenEvolve\\Frontend\\rese\\lean4\\.lake\\packages\\mathlib\\.lake\\build\\ir\\Mathlib\\Algebra\\Order\\GroupWithZero\\Unbundled\\Basic.c --setup C:\\Users\\mmeadow\\Documents\\OpenEvolve\\Frontend\\rese\\lean4\\.lake\\packages\\mathlib\\.lake\\build\\ir\\Mathlib\\Algebra\\Order\\GroupWithZero\\Unbundled\\Basic.setup.json --json",
   "level": "trace"}],
 "inputs":
 [["Mathlib.Algebra.Order.GroupWithZero.Unbundled.Basic:deps",
   [["deps",
     [["mathlib/Mathlib:extraDep", [["@mathlib:extraDep", "00000000000006bb"]]],
      ["imports",
       [["Mathlib.Algebra.GroupWithZero.Units.Basic transitive imports (public)",
         "e4c369cfbc478b31"],
        ["Mathlib.Algebra.GroupWithZero.Units.Basic:importArts",
         "e682f7e94366dc98"],
        ["Mathlib.Algebra.Notation.Pi.Defs transitive imports (public)",
         "d4fc3c0175c720d5"],
        ["Mathlib.Algebra.Notation.Pi.Defs:importArts", "0257c47b86e7c9e1"],
        ["Mathlib.Algebra.Order.GroupWithZero.Unbundled.Defs transitive imports (public)",
         "f0ac70b0e377d601"],
        ["Mathlib.Algebra.Order.GroupWithZero.Unbundled.Defs:importArts",
         "b2feaa45e07fc737"],
        ["Mathlib.Algebra.Order.ZeroLEOne transitive imports (public)",
         "62500ad78f104f63"],
        ["Mathlib.Algebra.Order.ZeroLEOne:importArts", "6f6c94ac71c73049"],
        ["Mathlib.Order.Monotone.Basic transitive imports (public)",
         "2ff7cede2569f678"],
        ["Mathlib.Order.Monotone.Basic:importArts", "64ad397bd92f359a"],
        ["Mathlib.Tactic.Bound.Attribute transitive imports (public)",
         "00acc781e9424ff9"],
        ["Mathlib.Tactic.Bound.Attribute:importArts", "dda5e34b61d8e5fc"],
        ["Mathlib.Tactic.Monotonicity.Attr transitive imports (public)",
         "16e001cb0a9d913c"],
        ["Mathlib.Tactic.Monotonicity.Attr:importArts", "5c38afbd088a56a1"]]]]],
    ["libs",
     [["import dynlibs", "00000000000006bb"],
      ["package external libraries", "00000000000006bb"],
      ["module dynlibs", "00000000000006bb"],
      ["module plugins", "00000000000006bb"]]]]],
  ["Lean 4.27.0, commit 2fcce7258eeb6e324366bc25f9058293b04b7547",
   "6f43b597efea5d4c"],
  ["C:\\Users\\mmeadow\\Documents\\OpenEvolve\\Frontend\\rese\\lean4\\.lake\\packages\\mathlib\\Mathlib\\Algebra\\Order\\GroupWithZero\\Unbundled\\Basic.lean",
   "f0fa207358e43b34"],
  ["options",
   [["-DmaxSynthPendingDepth=3", "c78e353d34de85d4"],
    ["-Dweak.linter.mathlibStandardSet=true", "8a155799906f2b42"],
    ["-Dweak.linter.checkInitImports=true", "cc899f26dd73bf81"],
    ["-Dweak.linter.style.header=true", "07ce48bb05b917ff"],
    ["-Dweak.linter.pythonStyle=true", "35186b2b2b67e319"],
    ["-Dweak.linter.style.longFile=1500", "d79864b112568ff5"],
    ["-Dpp.unicode.fun=true", "9b94070140457fab"],
    ["-Dweak.linter.allScriptsDocumented=true", "217af3ce76c25a94"],
    ["-DautoImplicit=false", "4a85acb881fd49d0"]]],
  ["Module.leanArgs: #[]", "00000000000006bb"]],
 "depHash": "f3e8d46210071ad3"}