{"synthetic": false,
 "schemaVersion": "2025-09-10",
 "outputs":
 {"r": "a995b345c262307f.ir",
  "o":
  ["53adf281f1b94e45.olean",
   "3a3fff8c27b90a66.olean.server",
   "f29e3aa34691fda6.olean.private"],
  "i": "3888f9ebae48c925.ilean",
  "c": "4ea842cb5ede77ce.c"},
 "log":
 [{"message":
   ".> LEAN_PATH=C:\\Users\\mmeadow\\Documents\\OpenEvolve\\Frontend\\rese\\lean4\\.lake\\packages\\Cli\\.lake\\build\\lib\\lean;C:\\Users\\mmeadow\\Documents\\OpenEvolve\\Frontend\\rese\\lean4\\.lake\\packages\\batteries\\.lake\\build\\lib\\lean;C:\\Users\\mmeadow\\Documents\\OpenEvolve\\Frontend\\rese\\lean4\\.lake\\packages\\Qq\\.lake\\build\\lib\\lean;C:\\Users\\mmeadow\\Documents\\OpenEvolve\\Frontend\\rese\\lean4\\.lake\\packages\\aesop\\.lake\\build\\lib\\lean;C:\\Users\\mmeadow\\Documents\\OpenEvolve\\Frontend\\rese\\lean4\\.lake\\packages\\proofwidgets\\.lake\\build\\lib\\lean;C:\\Users\\mmeadow\\Documents\\OpenEvolve\\Frontend\\rese\\lean4\\.lake\\packages\\importGraph\\.lake\\build\\lib\\lean;C:\\Users\\mmeadow\\Documents\\OpenEvolve\\Frontend\\rese\\lean4\\.lake\\packages\\LeanSearchClient\\.lake\\build\\lib\\lean;C:\\Users\\mmeadow\\Documents\\OpenEvolve\\Frontend\\rese\\lean4\\.lake\\packages\\plausible\\.lake\\build\\lib\\lean;C:\\Users\\mmeadow\\Documents\\OpenEvolve\\Frontend\\rese\\lean4\\.lake\\packages\\mathlib\\.lake\\build\\lib\\lean;C:\\Users\\mmeadow\\Documents\\OpenEvolve\\Frontend\\rese\\lean4\\.lake\\build\\lib\\lean c:\\Users\\mmeadow\\.elan\\toolchains\\leanprover--lean4---v4.27.0-rc1\\bin\\lean.exe C:\\Users\\mmeadow\\Documents\\OpenEvolve\\Frontend\\rese\\lean4\\.lake\\packages\\mathlib\\Mathlib\\CategoryTheory\\Comma\\Over\\Pullback.lean -o C:\\Users\\mmeadow\\Documents\\OpenEvolve\\Frontend\\rese\\lean4\\.lake\\packages\\mathlib\\.lake\\build\\lib\\lean\\Mathlib\\CategoryTheory\\Comma\\Over\\Pullback.olean -i C:\\Users\\mmeadow\\Documents\\OpenEvolve\\Frontend\\rese\\lean4\\.lake\\packages\\mathlib\\.lake\\build\\lib\\lean\\Mathlib\\CategoryTheory\\Comma\\Over\\Pullback.ilean -c C:\\Users\\mmeadow\\Documents\\OpenEvolve\\Frontend\\rese\\lean4\\.lake\\packages\\mathlib\\.lake\\build\\ir\\Mathlib\\CategoryTheory\\Comma\\Over\\Pullback.c --setup C:\\Users\\mmeadow\\Documents\\OpenEvolve\\Frontend\\rese\\lean4\\.lake\\packages\\mathlib\\.lake\\build\\ir\\Mathlib\\CategoryTheory\\Comma\\Over\\Pullback.setup.json --json",
   "level": "trace"}],
 "inputs":
 [["Mathlib.CategoryTheory.Comma.Over.Pullback:deps",
   [["deps",
     [["mathlib/Mathlib:extraDep", [["@mathlib:extraDep", "00000000000006bb"]]],
      ["imports",
       [["Mathlib.CategoryTheory.Adjunction.FullyFaithful transitive imports (public)",
         "bcb3699077639726"],
        ["Mathlib.CategoryTheory.Adjunction.FullyFaithful:importArts",
         "e541c3995603248c"],
        ["Mathlib.CategoryTheory.Adjunction.Mates transitive imports (public)",
         "abd89e52c3b66ecc"],
        ["Mathlib.CategoryTheory.Adjunction.Mates:importArts",
         "4bb52090e95dcbe2"],
        ["Mathlib.CategoryTheory.Limits.Shapes.BinaryProducts transitive imports (public)",
         "2fe5d53734fecdba"],
        ["Mathlib.CategoryTheory.Limits.Shapes.BinaryProducts:importArts",
         "cf741ddf7a9278fc"],
        ["Mathlib.CategoryTheory.Limits.Shapes.Pullback.HasPullback transitive imports (public)",
         "09d8528a9953d8be"],
        ["Mathlib.CategoryTheory.Limits.Shapes.Pullback.HasPullback:importArts",
         "dafac015abae14a2"],
        ["Mathlib.CategoryTheory.Monad.Products transitive imports (public)",
         "92c0d87a771c4323"],
        ["Mathlib.CategoryTheory.Monad.Products:importArts",
         "52a353df5e803c7b"],
        ["Mathlib.CategoryTheory.Limits.Shapes.Pullback.Pasting transitive imports (public)",
         "d7de101277df5a12"],
        ["Mathlib.CategoryTheory.Limits.Shapes.Pullback.Pasting:importArts",
         "b000952066f38b73"],
        ["Mathlib.CategoryTheory.Limits.Shapes.Pullback.Iso transitive imports (public)",
         "d7de101277df5a12"],
        ["Mathlib.CategoryTheory.Limits.Shapes.Pullback.Iso:importArts",
         "afd0f4a6ea69de85"]]]]],
    ["libs",
     [["import dynlibs", "00000000000006bb"],
      ["package external libraries", "00000000000006bb"],
      ["module dynlibs", "00000000000006bb"],
      ["module plugins", "00000000000006bb"]]]]],
  ["Lean 4.27.0, commit 2fcce7258eeb6e324366bc25f9058293b04b7547",
   "6f43b597efea5d4c"],
  ["C:\\Users\\mmeadow\\Documents\\OpenEvolve\\Frontend\\rese\\lean4\\.lake\\packages\\mathlib\\Mathlib\\CategoryTheory\\Comma\\Over\\Pullback.lean",
   "72084b5dc3eccbc0"],
  ["options",
   [["-DmaxSynthPendingDepth=3", "c78e353d34de85d4"],
    ["-Dweak.linter.mathlibStandardSet=true", "8a155799906f2b42"],
    ["-Dweak.linter.checkInitImports=true", "cc899f26dd73bf81"],
    ["-Dweak.linter.style.header=true", "07ce48bb05b917ff"],
    ["-Dweak.linter.pythonStyle=true", "35186b2b2b67e319"],
    ["-Dweak.linter.style.longFile=1500", "d79864b112568ff5"],
    ["-Dpp.unicode.fun=true", "9b94070140457fab"],
    ["-Dweak.linter.allScriptsDocumented=true", "217af3ce76c25a94"],
    ["-DautoImplicit=false", "4a85acb881fd49d0"]]],
  ["Module.leanArgs: #[]", "00000000000006bb"]],
 "depHash": "713671e11d098445"}