{"synthetic": false,
 "schemaVersion": "2025-09-10",
 "outputs":
 {"r": "ae2b0d8daf9e2300.ir",
  "o":
  ["ec648a209da5f573.olean",
   "3e8d228d09f4a42b.olean.server",
   "b9d33cdf350107c3.olean.private"],
  "i": "52b420cfcaee61a2.ilean",
  "c": "ee85abfca09c8556.c"},
 "log":
 [{"message":
   ".> LEAN_PATH=C:\\Users\\mmeadow\\Documents\\OpenEvolve\\Frontend\\rese\\lean4\\.lake\\packages\\Cli\\.lake\\build\\lib\\lean;C:\\Users\\mmeadow\\Documents\\OpenEvolve\\Frontend\\rese\\lean4\\.lake\\packages\\batteries\\.lake\\build\\lib\\lean;C:\\Users\\mmeadow\\Documents\\OpenEvolve\\Frontend\\rese\\lean4\\.lake\\packages\\Qq\\.lake\\build\\lib\\lean;C:\\Users\\mmeadow\\Documents\\OpenEvolve\\Frontend\\rese\\lean4\\.lake\\packages\\aesop\\.lake\\build\\lib\\lean;C:\\Users\\mmeadow\\Documents\\OpenEvolve\\Frontend\\rese\\lean4\\.lake\\packages\\proofwidgets\\.lake\\build\\lib\\lean;C:\\Users\\mmeadow\\Documents\\OpenEvolve\\Frontend\\rese\\lean4\\.lake\\packages\\importGraph\\.lake\\build\\lib\\lean;C:\\Users\\mmeadow\\Documents\\OpenEvolve\\Frontend\\rese\\lean4\\.lake\\packages\\LeanSearchClient\\.lake\\build\\lib\\lean;C:\\Users\\mmeadow\\Documents\\OpenEvolve\\Frontend\\rese\\lean4\\.lake\\packages\\plausible\\.lake\\build\\lib\\lean;C:\\Users\\mmeadow\\Documents\\OpenEvolve\\Frontend\\rese\\lean4\\.lake\\packages\\mathlib\\.lake\\build\\lib\\lean;C:\\Users\\mmeadow\\Documents\\OpenEvolve\\Frontend\\rese\\lean4\\.lake\\build\\lib\\lean c:\\Users\\mmeadow\\.elan\\toolchains\\leanprover--lean4---v4.27.0-rc1\\bin\\lean.exe C:\\Users\\mmeadow\\Documents\\OpenEvolve\\Frontend\\rese\\lean4\\.lake\\packages\\mathlib\\Mathlib\\CategoryTheory\\Action\\Basic.lean -o C:\\Users\\mmeadow\\Documents\\OpenEvolve\\Frontend\\rese\\lean4\\.lake\\packages\\mathlib\\.lake\\build\\lib\\lean\\Mathlib\\CategoryTheory\\Action\\Basic.olean -i C:\\Users\\mmeadow\\Documents\\OpenEvolve\\Frontend\\rese\\lean4\\.lake\\packages\\mathlib\\.lake\\build\\lib\\lean\\Mathlib\\CategoryTheory\\Action\\Basic.ilean -c C:\\Users\\mmeadow\\Documents\\OpenEvolve\\Frontend\\rese\\lean4\\.lake\\packages\\mathlib\\.lake\\build\\ir\\Mathlib\\CategoryTheory\\Action\\Basic.c --setup C:\\Users\\mmeadow\\Documents\\OpenEvolve\\Frontend\\rese\\lean4\\.lake\\packages\\mathlib\\.lake\\build\\ir\\Mathlib\\CategoryTheory\\Action\\Basic.setup.json --json",
   "level": "trace"}],
 "inputs":
 [["Mathlib.CategoryTheory.Action.Basic:deps",
   [["deps",
     [["mathlib/Mathlib:extraDep", [["@mathlib:extraDep", "00000000000006bb"]]],
      ["imports",
       [["Mathlib.Algebra.Category.Grp.Basic transitive imports (public)",
         "c35c3ab0cb519d6d"],
        ["Mathlib.Algebra.Category.Grp.Basic:importArts", "b19673fff62c572c"],
        ["Mathlib.Algebra.Ring.PUnit transitive imports (public)",
         "060d0298beb5690a"],
        ["Mathlib.Algebra.Ring.PUnit:importArts", "13167dd6f2a5bfa1"],
        ["Mathlib.CategoryTheory.Adjunction.Limits transitive imports (public)",
         "d1b701eb32eb3ff6"],
        ["Mathlib.CategoryTheory.Adjunction.Limits:importArts",
         "a8f3a0f9d44f9e19"],
        ["Mathlib.CategoryTheory.Conj transitive imports (public)",
         "36cee81c978bef52"],
        ["Mathlib.CategoryTheory.Conj:importArts", "3f047a51f20e209d"],
        ["Mathlib.CategoryTheory.Limits.FunctorCategory.Basic transitive imports (public)",
         "d89bcc93ad0d3cf0"],
        ["Mathlib.CategoryTheory.Limits.FunctorCategory.Basic:importArts",
         "59401ca15b0a58a1"],
        ["Mathlib.CategoryTheory.Limits.Preserves.Basic transitive imports (public)",
         "9e4ba0bdfbce8448"],
        ["Mathlib.CategoryTheory.Limits.Preserves.Basic:importArts",
         "2a91a56c94f25246"],
        ["Mathlib.CategoryTheory.SingleObj transitive imports (public)",
         "eecc3d2e24a7e169"],
        ["Mathlib.CategoryTheory.SingleObj:importArts", "c801dc7fb166d439"],
        ["Mathlib.Tactic.ApplyFun transitive imports (public)",
         "1c72cd94a2bc275a"],
        ["Mathlib.Tactic.ApplyFun:importArts", "3ccfbb7550d8ce4f"]]]]],
    ["libs",
     [["import dynlibs", "00000000000006bb"],
      ["package external libraries", "00000000000006bb"],
      ["module dynlibs", "00000000000006bb"],
      ["module plugins", "00000000000006bb"]]]]],
  ["Lean 4.27.0, commit 2fcce7258eeb6e324366bc25f9058293b04b7547",
   "6f43b597efea5d4c"],
  ["C:\\Users\\mmeadow\\Documents\\OpenEvolve\\Frontend\\rese\\lean4\\.lake\\packages\\mathlib\\Mathlib\\CategoryTheory\\Action\\Basic.lean",
   "1941f742877a5337"],
  ["options",
   [["-DmaxSynthPendingDepth=3", "c78e353d34de85d4"],
    ["-Dweak.linter.mathlibStandardSet=true", "8a155799906f2b42"],
    ["-Dweak.linter.checkInitImports=true", "cc899f26dd73bf81"],
    ["-Dweak.linter.style.header=true", "07ce48bb05b917ff"],
    ["-Dweak.linter.pythonStyle=true", "35186b2b2b67e319"],
    ["-Dweak.linter.style.longFile=1500", "d79864b112568ff5"],
    ["-Dpp.unicode.fun=true", "9b94070140457fab"],
    ["-Dweak.linter.allScriptsDocumented=true", "217af3ce76c25a94"],
    ["-DautoImplicit=false", "4a85acb881fd49d0"]]],
  ["Module.leanArgs: #[]", "00000000000006bb"]],
 "depHash": "bf07594833de47d0"}