{"synthetic": false,
 "schemaVersion": "2025-09-10",
 "outputs":
 {"r": "4addb7ddf8f02bfc.ir",
  "o":
  ["2e75397aa5a424d7.olean",
   "a8553ec2ff4a5520.olean.server",
   "0f9a65b33defafb8.olean.private"],
  "i": "e67c76435ebf4336.ilean",
  "c": "7261e1bc1285ef2a.c"},
 "log":
 [{"message":
   ".> LEAN_PATH=C:\\Users\\mmeadow\\Documents\\OpenEvolve\\Frontend\\rese\\lean4\\.lake\\packages\\Cli\\.lake\\build\\lib\\lean;C:\\Users\\mmeadow\\Documents\\OpenEvolve\\Frontend\\rese\\lean4\\.lake\\packages\\batteries\\.lake\\build\\lib\\lean;C:\\Users\\mmeadow\\Documents\\OpenEvolve\\Frontend\\rese\\lean4\\.lake\\packages\\Qq\\.lake\\build\\lib\\lean;C:\\Users\\mmeadow\\Documents\\OpenEvolve\\Frontend\\rese\\lean4\\.lake\\packages\\aesop\\.lake\\build\\lib\\lean;C:\\Users\\mmeadow\\Documents\\OpenEvolve\\Frontend\\rese\\lean4\\.lake\\packages\\proofwidgets\\.lake\\build\\lib\\lean;C:\\Users\\mmeadow\\Documents\\OpenEvolve\\Frontend\\rese\\lean4\\.lake\\packages\\importGraph\\.lake\\build\\lib\\lean;C:\\Users\\mmeadow\\Documents\\OpenEvolve\\Frontend\\rese\\lean4\\.lake\\packages\\LeanSearchClient\\.lake\\build\\lib\\lean;C:\\Users\\mmeadow\\Documents\\OpenEvolve\\Frontend\\rese\\lean4\\.lake\\packages\\plausible\\.lake\\build\\lib\\lean;C:\\Users\\mmeadow\\Documents\\OpenEvolve\\Frontend\\rese\\lean4\\.lake\\packages\\mathlib\\.lake\\build\\lib\\lean;C:\\Users\\mmeadow\\Documents\\OpenEvolve\\Frontend\\rese\\lean4\\.lake\\build\\lib\\lean c:\\Users\\mmeadow\\.elan\\toolchains\\leanprover--lean4---v4.27.0-rc1\\bin\\lean.exe C:\\Users\\mmeadow\\Documents\\OpenEvolve\\Frontend\\rese\\lean4\\.lake\\packages\\mathlib\\Mathlib\\Algebra\\Order\\Ring\\Unbundled\\Basic.lean -o C:\\Users\\mmeadow\\Documents\\OpenEvolve\\Frontend\\rese\\lean4\\.lake\\packages\\mathlib\\.lake\\build\\lib\\lean\\Mathlib\\Algebra\\Order\\Ring\\Unbundled\\Basic.olean -i C:\\Users\\mmeadow\\Documents\\OpenEvolve\\Frontend\\rese\\lean4\\.lake\\packages\\mathlib\\.lake\\build\\lib\\lean\\Mathlib\\Algebra\\Order\\Ring\\Unbundled\\Basic.ilean -c C:\\Users\\mmeadow\\Documents\\OpenEvolve\\Frontend\\rese\\lean4\\.lake\\packages\\mathlib\\.lake\\build\\ir\\Mathlib\\Algebra\\Order\\Ring\\Unbundled\\Basic.c --setup C:\\Users\\mmeadow\\Documents\\OpenEvolve\\Frontend\\rese\\lean4\\.lake\\packages\\mathlib\\.lake\\build\\ir\\Mathlib\\Algebra\\Order\\Ring\\Unbundled\\Basic.setup.json --json",
   "level": "trace"}],
 "inputs":
 [["Mathlib.Algebra.Order.Ring.Unbundled.Basic:deps",
   [["deps",
     [["mathlib/Mathlib:extraDep", [["@mathlib:extraDep", "00000000000006bb"]]],
      ["imports",
       [["Mathlib.Algebra.Group.Units.Basic transitive imports (public)",
         "1180f739a1c253e4"],
        ["Mathlib.Algebra.Group.Units.Basic:importArts", "e603a623b0649ab1"],
        ["Mathlib.Algebra.GroupWithZero.NeZero transitive imports (public)",
         "0bf95801df6317e6"],
        ["Mathlib.Algebra.GroupWithZero.NeZero:importArts", "5899f11434093515"],
        ["Mathlib.Algebra.Order.Group.Unbundled.Basic transitive imports (public)",
         "3313a498e48c62e9"],
        ["Mathlib.Algebra.Order.Group.Unbundled.Basic:importArts",
         "94d573240b34bdb7"],
        ["Mathlib.Algebra.Order.GroupWithZero.Unbundled.Basic transitive imports (public)",
         "16ec00cbbbbd342b"],
        ["Mathlib.Algebra.Order.GroupWithZero.Unbundled.Basic:importArts",
         "a92860c8bf783238"],
        ["Mathlib.Algebra.Order.Monoid.Unbundled.ExistsOfLE transitive imports (public)",
         "a73018eda48babf7"],
        ["Mathlib.Algebra.Order.Monoid.Unbundled.ExistsOfLE:importArts",
         "a6a4a52cb8e0e000"],
        ["Mathlib.Algebra.Order.Monoid.NatCast transitive imports (public)",
         "5503a7f949004936"],
        ["Mathlib.Algebra.Order.Monoid.NatCast:importArts", "0e1a1a1e6c659f5c"],
        ["Mathlib.Algebra.Order.Monoid.Unbundled.MinMax transitive imports (public)",
         "9a13c367e15f0a03"],
        ["Mathlib.Algebra.Order.Monoid.Unbundled.MinMax:importArts",
         "1357e335c49482a3"],
        ["Mathlib.Algebra.Ring.Defs transitive imports (public)",
         "bb99c354055bfd3f"],
        ["Mathlib.Algebra.Ring.Defs:importArts", "9e18b2bfcfc7ef1a"],
        ["Mathlib.Tactic.Tauto transitive imports (public)",
         "6211dcfe7fe377e9"],
        ["Mathlib.Tactic.Tauto:importArts", "49e28e7ac76f3002"]]]]],
    ["libs",
     [["import dynlibs", "00000000000006bb"],
      ["package external libraries", "00000000000006bb"],
      ["module dynlibs", "00000000000006bb"],
      ["module plugins", "00000000000006bb"]]]]],
  ["Lean 4.27.0, commit 2fcce7258eeb6e324366bc25f9058293b04b7547",
   "6f43b597efea5d4c"],
  ["C:\\Users\\mmeadow\\Documents\\OpenEvolve\\Frontend\\rese\\lean4\\.lake\\packages\\mathlib\\Mathlib\\Algebra\\Order\\Ring\\Unbundled\\Basic.lean",
   "ba9a9b743df88ef5"],
  ["options",
   [["-DmaxSynthPendingDepth=3", "c78e353d34de85d4"],
    ["-Dweak.linter.mathlibStandardSet=true", "8a155799906f2b42"],
    ["-Dweak.linter.checkInitImports=true", "cc899f26dd73bf81"],
    ["-Dweak.linter.style.header=true", "07ce48bb05b917ff"],
    ["-Dweak.linter.pythonStyle=true", "35186b2b2b67e319"],
    ["-Dweak.linter.style.longFile=1500", "d79864b112568ff5"],
    ["-Dpp.unicode.fun=true", "9b94070140457fab"],
    ["-Dweak.linter.allScriptsDocumented=true", "217af3ce76c25a94"],
    ["-DautoImplicit=false", "4a85acb881fd49d0"]]],
  ["Module.leanArgs: #[]", "00000000000006bb"]],
 "depHash": "ba842f099131889e"}