{"synthetic": false,
 "schemaVersion": "2025-09-10",
 "outputs":
 {"r": "1dd96bd7606000d3.ir",
  "o":
  ["ff681f964ce3ec97.olean",
   "08e58284c2b41a7d.olean.server",
   "9eaf579a4c2ed31e.olean.private"],
  "i": "350e3bc35a8e0f78.ilean",
  "c": "7b41efe83eb1bf96.c"},
 "log":
 [{"message":
   ".> LEAN_PATH=C:\\Users\\mmeadow\\Documents\\OpenEvolve\\Frontend\\rese\\lean4\\.lake\\packages\\Cli\\.lake\\build\\lib\\lean;C:\\Users\\mmeadow\\Documents\\OpenEvolve\\Frontend\\rese\\lean4\\.lake\\packages\\batteries\\.lake\\build\\lib\\lean;C:\\Users\\mmeadow\\Documents\\OpenEvolve\\Frontend\\rese\\lean4\\.lake\\packages\\Qq\\.lake\\build\\lib\\lean;C:\\Users\\mmeadow\\Documents\\OpenEvolve\\Frontend\\rese\\lean4\\.lake\\packages\\aesop\\.lake\\build\\lib\\lean;C:\\Users\\mmeadow\\Documents\\OpenEvolve\\Frontend\\rese\\lean4\\.lake\\packages\\proofwidgets\\.lake\\build\\lib\\lean;C:\\Users\\mmeadow\\Documents\\OpenEvolve\\Frontend\\rese\\lean4\\.lake\\packages\\importGraph\\.lake\\build\\lib\\lean;C:\\Users\\mmeadow\\Documents\\OpenEvolve\\Frontend\\rese\\lean4\\.lake\\packages\\LeanSearchClient\\.lake\\build\\lib\\lean;C:\\Users\\mmeadow\\Documents\\OpenEvolve\\Frontend\\rese\\lean4\\.lake\\packages\\plausible\\.lake\\build\\lib\\lean;C:\\Users\\mmeadow\\Documents\\OpenEvolve\\Frontend\\rese\\lean4\\.lake\\packages\\mathlib\\.lake\\build\\lib\\lean;C:\\Users\\mmeadow\\Documents\\OpenEvolve\\Frontend\\rese\\lean4\\.lake\\build\\lib\\lean c:\\Users\\mmeadow\\.elan\\toolchains\\leanprover--lean4---v4.27.0-rc1\\bin\\lean.exe C:\\Users\\mmeadow\\Documents\\OpenEvolve\\Frontend\\rese\\lean4\\.lake\\packages\\mathlib\\Mathlib\\Data\\Int\\GCD.lean -o C:\\Users\\mmeadow\\Documents\\OpenEvolve\\Frontend\\rese\\lean4\\.lake\\packages\\mathlib\\.lake\\build\\lib\\lean\\Mathlib\\Data\\Int\\GCD.olean -i C:\\Users\\mmeadow\\Documents\\OpenEvolve\\Frontend\\rese\\lean4\\.lake\\packages\\mathlib\\.lake\\build\\lib\\lean\\Mathlib\\Data\\Int\\GCD.ilean -c C:\\Users\\mmeadow\\Documents\\OpenEvolve\\Frontend\\rese\\lean4\\.lake\\packages\\mathlib\\.lake\\build\\ir\\Mathlib\\Data\\Int\\GCD.c --setup C:\\Users\\mmeadow\\Documents\\OpenEvolve\\Frontend\\rese\\lean4\\.lake\\packages\\mathlib\\.lake\\build\\ir\\Mathlib\\Data\\Int\\GCD.setup.json --json",
   "level": "trace"}],
 "inputs":
 [["Mathlib.Data.Int.GCD:deps",
   [["deps",
     [["mathlib/Mathlib:extraDep", [["@mathlib:extraDep", "00000000000006bb"]]],
      ["imports",
       [["Mathlib.Algebra.GroupWithZero.Semiconj transitive imports (public)",
         "400caba6c54163a8"],
        ["Mathlib.Algebra.GroupWithZero.Semiconj:importArts",
         "3eb267a5a0476d55"],
        ["Mathlib.Algebra.Group.Commute.Units transitive imports (public)",
         "1d773549d87e905e"],
        ["Mathlib.Algebra.Group.Commute.Units:importArts", "2b0a58e7b8ae23e8"],
        ["Mathlib.Data.Set.Operations transitive imports (public)",
         "2872dce8bc795143"],
        ["Mathlib.Data.Set.Operations:importArts", "d6583b5bd9dbae66"],
        ["Mathlib.Order.Basic transitive imports (public)", "7538431e93c1cb51"],
        ["Mathlib.Order.Basic:importArts", "38552d5e442341e3"],
        ["Mathlib.Order.Bounds.Defs transitive imports (public)",
         "aa0eceff385012b0"],
        ["Mathlib.Order.Bounds.Defs:importArts", "386a780005b29db3"],
        ["Mathlib.Algebra.Group.Int.Defs transitive imports (public)",
         "e8332cf9372ed4e9"],
        ["Mathlib.Algebra.Group.Int.Defs:importArts", "f83371e15a9e79d3"],
        ["Mathlib.Data.Int.Basic transitive imports (public)",
         "da3e83057fa92aa5"],
        ["Mathlib.Data.Int.Basic:importArts", "dffcb6f79566d08d"],
        ["Mathlib.Algebra.Divisibility.Basic transitive imports (public)",
         "642f4222d44328b7"],
        ["Mathlib.Algebra.Divisibility.Basic:importArts", "e562f7d42ccad5e8"],
        ["Mathlib.Algebra.Group.Nat.Defs transitive imports (public)",
         "e8332cf9372ed4e9"],
        ["Mathlib.Algebra.Group.Nat.Defs:importArts", "64a508d3c069f426"]]]]],
    ["libs",
     [["import dynlibs", "00000000000006bb"],
      ["package external libraries", "00000000000006bb"],
      ["module dynlibs", "00000000000006bb"],
      ["module plugins", "00000000000006bb"]]]]],
  ["Lean 4.27.0, commit 2fcce7258eeb6e324366bc25f9058293b04b7547",
   "6f43b597efea5d4c"],
  ["C:\\Users\\mmeadow\\Documents\\OpenEvolve\\Frontend\\rese\\lean4\\.lake\\packages\\mathlib\\Mathlib\\Data\\Int\\GCD.lean",
   "f0b840317da2f764"],
  ["options",
   [["-DmaxSynthPendingDepth=3", "c78e353d34de85d4"],
    ["-Dweak.linter.mathlibStandardSet=true", "8a155799906f2b42"],
    ["-Dweak.linter.checkInitImports=true", "cc899f26dd73bf81"],
    ["-Dweak.linter.style.header=true", "07ce48bb05b917ff"],
    ["-Dweak.linter.pythonStyle=true", "35186b2b2b67e319"],
    ["-Dweak.linter.style.longFile=1500", "d79864b112568ff5"],
    ["-Dpp.unicode.fun=true", "9b94070140457fab"],
    ["-Dweak.linter.allScriptsDocumented=true", "217af3ce76c25a94"],
    ["-DautoImplicit=false", "4a85acb881fd49d0"]]],
  ["Module.leanArgs: #[]", "00000000000006bb"]],
 "depHash": "5360826ffaf33254"}