{"synthetic": false,
 "schemaVersion": "2025-09-10",
 "outputs":
 {"r": "9893d91dd5aaf787.ir",
  "o":
  ["d9f87e74407ea620.olean",
   "aaec4f41237dc9a6.olean.server",
   "e9a0451a34ea1423.olean.private"],
  "i": "a70468b9e4c1a335.ilean",
  "c": "0f0a6863178750eb.c"},
 "log":
 [{"message":
   ".> LEAN_PATH=C:\\Users\\mmeadow\\Documents\\OpenEvolve\\Frontend\\rese\\lean4\\.lake\\packages\\Cli\\.lake\\build\\lib\\lean;C:\\Users\\mmeadow\\Documents\\OpenEvolve\\Frontend\\rese\\lean4\\.lake\\packages\\batteries\\.lake\\build\\lib\\lean;C:\\Users\\mmeadow\\Documents\\OpenEvolve\\Frontend\\rese\\lean4\\.lake\\packages\\Qq\\.lake\\build\\lib\\lean;C:\\Users\\mmeadow\\Documents\\OpenEvolve\\Frontend\\rese\\lean4\\.lake\\packages\\aesop\\.lake\\build\\lib\\lean;C:\\Users\\mmeadow\\Documents\\OpenEvolve\\Frontend\\rese\\lean4\\.lake\\packages\\proofwidgets\\.lake\\build\\lib\\lean;C:\\Users\\mmeadow\\Documents\\OpenEvolve\\Frontend\\rese\\lean4\\.lake\\packages\\importGraph\\.lake\\build\\lib\\lean;C:\\Users\\mmeadow\\Documents\\OpenEvolve\\Frontend\\rese\\lean4\\.lake\\packages\\LeanSearchClient\\.lake\\build\\lib\\lean;C:\\Users\\mmeadow\\Documents\\OpenEvolve\\Frontend\\rese\\lean4\\.lake\\packages\\plausible\\.lake\\build\\lib\\lean;C:\\Users\\mmeadow\\Documents\\OpenEvolve\\Frontend\\rese\\lean4\\.lake\\packages\\mathlib\\.lake\\build\\lib\\lean;C:\\Users\\mmeadow\\Documents\\OpenEvolve\\Frontend\\rese\\lean4\\.lake\\build\\lib\\lean c:\\Users\\mmeadow\\.elan\\toolchains\\leanprover--lean4---v4.27.0-rc1\\bin\\lean.exe C:\\Users\\mmeadow\\Documents\\OpenEvolve\\Frontend\\rese\\lean4\\.lake\\packages\\mathlib\\Mathlib\\Topology\\Algebra\\Module\\FiniteDimension.lean -o C:\\Users\\mmeadow\\Documents\\OpenEvolve\\Frontend\\rese\\lean4\\.lake\\packages\\mathlib\\.lake\\build\\lib\\lean\\Mathlib\\Topology\\Algebra\\Module\\FiniteDimension.olean -i C:\\Users\\mmeadow\\Documents\\OpenEvolve\\Frontend\\rese\\lean4\\.lake\\packages\\mathlib\\.lake\\build\\lib\\lean\\Mathlib\\Topology\\Algebra\\Module\\FiniteDimension.ilean -c C:\\Users\\mmeadow\\Documents\\OpenEvolve\\Frontend\\rese\\lean4\\.lake\\packages\\mathlib\\.lake\\build\\ir\\Mathlib\\Topology\\Algebra\\Module\\FiniteDimension.c --setup C:\\Users\\mmeadow\\Documents\\OpenEvolve\\Frontend\\rese\\lean4\\.lake\\packages\\mathlib\\.lake\\build\\ir\\Mathlib\\Topology\\Algebra\\Module\\FiniteDimension.setup.json --json",
   "level": "trace"}],
 "inputs":
 [["Mathlib.Topology.Algebra.Module.FiniteDimension:deps",
   [["deps",
     [["mathlib/Mathlib:extraDep", [["@mathlib:extraDep", "00000000000006bb"]]],
      ["imports",
       [["Mathlib.Analysis.LocallyConvex.BalancedCoreHull transitive imports (public)",
         "21c29d99b40d1866"],
        ["Mathlib.Analysis.LocallyConvex.BalancedCoreHull:importArts",
         "9552d58eb7f88051"],
        ["Mathlib.Analysis.Normed.Module.Basic transitive imports (public)",
         "753e25107c58f993"],
        ["Mathlib.Analysis.Normed.Module.Basic:importArts", "863978893da690d5"],
        ["Mathlib.LinearAlgebra.FiniteDimensional.Lemmas transitive imports (public)",
         "7b90ffc8035572ec"],
        ["Mathlib.LinearAlgebra.FiniteDimensional.Lemmas:importArts",
         "ea5e3ed6649885eb"],
        ["Mathlib.RingTheory.LocalRing.Basic transitive imports (public)",
         "a78c6cd14cd81396"],
        ["Mathlib.RingTheory.LocalRing.Basic:importArts", "ce33e095d3fae6df"],
        ["Mathlib.Topology.Algebra.Module.Determinant transitive imports (public)",
         "5edeb26e6a5ca7e6"],
        ["Mathlib.Topology.Algebra.Module.Determinant:importArts",
         "1facb91bc5217939"],
        ["Mathlib.Topology.Algebra.Module.ModuleTopology transitive imports (public)",
         "d7a1e7280f760135"],
        ["Mathlib.Topology.Algebra.Module.ModuleTopology:importArts",
         "d32817314c2b4506"],
        ["Mathlib.Topology.Algebra.Module.Simple transitive imports (public)",
         "952fb72bd42cee18"],
        ["Mathlib.Topology.Algebra.Module.Simple:importArts",
         "874b01978e7c32cc"],
        ["Mathlib.Topology.Algebra.SeparationQuotient.FiniteDimensional transitive imports (public)",
         "954c7ef788afbba4"],
        ["Mathlib.Topology.Algebra.SeparationQuotient.FiniteDimensional:importArts",
         "715547ffb1ea0758"]]]]],
    ["libs",
     [["import dynlibs", "00000000000006bb"],
      ["package external libraries", "00000000000006bb"],
      ["module dynlibs", "00000000000006bb"],
      ["module plugins", "00000000000006bb"]]]]],
  ["Lean 4.27.0, commit 2fcce7258eeb6e324366bc25f9058293b04b7547",
   "6f43b597efea5d4c"],
  ["C:\\Users\\mmeadow\\Documents\\OpenEvolve\\Frontend\\rese\\lean4\\.lake\\packages\\mathlib\\Mathlib\\Topology\\Algebra\\Module\\FiniteDimension.lean",
   "185f67688854a326"],
  ["options",
   [["-DmaxSynthPendingDepth=3", "c78e353d34de85d4"],
    ["-Dweak.linter.mathlibStandardSet=true", "8a155799906f2b42"],
    ["-Dweak.linter.checkInitImports=true", "cc899f26dd73bf81"],
    ["-Dweak.linter.style.header=true", "07ce48bb05b917ff"],
    ["-Dweak.linter.pythonStyle=true", "35186b2b2b67e319"],
    ["-Dweak.linter.style.longFile=1500", "d79864b112568ff5"],
    ["-Dpp.unicode.fun=true", "9b94070140457fab"],
    ["-Dweak.linter.allScriptsDocumented=true", "217af3ce76c25a94"],
    ["-DautoImplicit=false", "4a85acb881fd49d0"]]],
  ["Module.leanArgs: #[]", "00000000000006bb"]],
 "depHash": "ddf4926894aee278"}