================================================================================
OpenEvolve-BubbleLab Security Auto-Fix Tool
================================================================================
Target directory: C:\Users\mmeadow\Documents\OpenEvolve\Frontend
Mode: LIVE
================================================================================

Scanning for Python files...
Found 11983 Python files to analyze

Analyzing files for security issues...

Analysis Summary:
  Files with issues: 451
  Bare except clauses: 495
  Try/except/pass patterns: 3
  Pickle usage: 541
  Hardcoded /tmp paths: 195
  Certificate verification issues: 40

Files with issues (top 20):

  add_class_function_docstrings.py:
    - hardcoded_tmp: 1

  advanced_cache.py:
    - pickle_usage: 4

  advanced_features.py:
    - bare_except: 1

  advanced_system_unit_tests.py:
    - bare_except: 2

  advanced_unit_tests_comprehensive.py:
    - pickle_usage: 1

  advanced_visualization.py:
    - bare_except: 1

  adversarial_performance.py:
    - bare_except: 4

  adversarial_realtime.py:
    - bare_except: 1

  analyze_bubbles.py:
    - bare_except: 1

  auto_fix_security.py:
    - pickle_usage: 6
    - hardcoded_tmp: 2
    - certificate_issues: 1

  base_configuration.py:
    - bare_except: 1

  blue_team_coordinator.py:
    - pickle_usage: 3

  blue_team_utilities.py:
    - bare_except: 1

  bubblelab-auto-setup-v1-backup.py:
    - bare_except: 2

  bubblelab-auto-setup-v2.py:
    - bare_except: 5

  bubblelab-auto-setup-v3.py:
    - bare_except: 3

  bubblelab-auto-setup.py:
    - bare_except: 2

  bubblelab-automation.py:
    - bare_except: 2

  bubblelabs_ui_component.py:
    - bare_except: 3

  compare_parameter_managers.py:
    - bare_except: 1

[OK] Full analysis saved to security_analysis_20260120_231708.json
