{"synthetic": false,
 "schemaVersion": "2025-09-10",
 "outputs":
 {"r": "c0b9cce318a54bf9.ir",
  "o":
  ["416c078c20b431d1.olean",
   "7fbd479014a0fe79.olean.server",
   "4a0dced4c16b180b.olean.private"],
  "i": "bd7ddd5cdf9a7e0c.ilean",
  "c": "fba734254d931484.c"},
 "log":
 [{"message":
   ".> LEAN_PATH=C:\\Users\\mmeadow\\Documents\\OpenEvolve\\Frontend\\rese\\lean4\\.lake\\packages\\Cli\\.lake\\build\\lib\\lean;C:\\Users\\mmeadow\\Documents\\OpenEvolve\\Frontend\\rese\\lean4\\.lake\\packages\\batteries\\.lake\\build\\lib\\lean;C:\\Users\\mmeadow\\Documents\\OpenEvolve\\Frontend\\rese\\lean4\\.lake\\packages\\Qq\\.lake\\build\\lib\\lean;C:\\Users\\mmeadow\\Documents\\OpenEvolve\\Frontend\\rese\\lean4\\.lake\\packages\\aesop\\.lake\\build\\lib\\lean;C:\\Users\\mmeadow\\Documents\\OpenEvolve\\Frontend\\rese\\lean4\\.lake\\packages\\proofwidgets\\.lake\\build\\lib\\lean;C:\\Users\\mmeadow\\Documents\\OpenEvolve\\Frontend\\rese\\lean4\\.lake\\packages\\importGraph\\.lake\\build\\lib\\lean;C:\\Users\\mmeadow\\Documents\\OpenEvolve\\Frontend\\rese\\lean4\\.lake\\packages\\LeanSearchClient\\.lake\\build\\lib\\lean;C:\\Users\\mmeadow\\Documents\\OpenEvolve\\Frontend\\rese\\lean4\\.lake\\packages\\plausible\\.lake\\build\\lib\\lean;C:\\Users\\mmeadow\\Documents\\OpenEvolve\\Frontend\\rese\\lean4\\.lake\\packages\\mathlib\\.lake\\build\\lib\\lean;C:\\Users\\mmeadow\\Documents\\OpenEvolve\\Frontend\\rese\\lean4\\.lake\\build\\lib\\lean c:\\Users\\mmeadow\\.elan\\toolchains\\leanprover--lean4---v4.27.0-rc1\\bin\\lean.exe C:\\Users\\mmeadow\\Documents\\OpenEvolve\\Frontend\\rese\\lean4\\.lake\\packages\\mathlib\\Mathlib\\RingTheory\\Polynomial\\Quotient.lean -o C:\\Users\\mmeadow\\Documents\\OpenEvolve\\Frontend\\rese\\lean4\\.lake\\packages\\mathlib\\.lake\\build\\lib\\lean\\Mathlib\\RingTheory\\Polynomial\\Quotient.olean -i C:\\Users\\mmeadow\\Documents\\OpenEvolve\\Frontend\\rese\\lean4\\.lake\\packages\\mathlib\\.lake\\build\\lib\\lean\\Mathlib\\RingTheory\\Polynomial\\Quotient.ilean -c C:\\Users\\mmeadow\\Documents\\OpenEvolve\\Frontend\\rese\\lean4\\.lake\\packages\\mathlib\\.lake\\build\\ir\\Mathlib\\RingTheory\\Polynomial\\Quotient.c --setup C:\\Users\\mmeadow\\Documents\\OpenEvolve\\Frontend\\rese\\lean4\\.lake\\packages\\mathlib\\.lake\\build\\ir\\Mathlib\\RingTheory\\Polynomial\\Quotient.setup.json --json",
   "level": "trace"}],
 "inputs":
 [["Mathlib.RingTheory.Polynomial.Quotient:deps",
   [["deps",
     [["mathlib/Mathlib:extraDep", [["@mathlib:extraDep", "00000000000006bb"]]],
      ["imports",
       [["Mathlib.Algebra.Field.Equiv transitive imports (public)",
         "569dbcd7eec95138"],
        ["Mathlib.Algebra.Field.Equiv:importArts", "293766626b62af39"],
        ["Mathlib.Algebra.Polynomial.Div transitive imports (public)",
         "a47a16568fd31fd0"],
        ["Mathlib.Algebra.Polynomial.Div:importArts", "9f8c3cd7ff065562"],
        ["Mathlib.Algebra.Polynomial.Eval.SMul transitive imports (public)",
         "23876c7c4ea7ec24"],
        ["Mathlib.Algebra.Polynomial.Eval.SMul:importArts", "b955ce0cca8ed486"],
        ["Mathlib.GroupTheory.GroupAction.Ring transitive imports (public)",
         "f1b65f5973f7c958"],
        ["Mathlib.GroupTheory.GroupAction.Ring:importArts", "dee6e0c0d4c4dea6"],
        ["Mathlib.RingTheory.Ideal.Quotient.Operations transitive imports (public)",
         "5548bf40a6875620"],
        ["Mathlib.RingTheory.Ideal.Quotient.Operations:importArts",
         "5e4269931f4f564f"],
        ["Mathlib.RingTheory.Polynomial.Basic transitive imports (public)",
         "cf19d084624eaace"],
        ["Mathlib.RingTheory.Polynomial.Basic:importArts", "24ef25aa3ada893a"],
        ["Mathlib.RingTheory.Polynomial.Ideal transitive imports (public)",
         "b762c1d7291fba44"],
        ["Mathlib.RingTheory.Polynomial.Ideal:importArts", "cf07ffa16451b9fd"],
        ["Mathlib.RingTheory.PrincipalIdealDomain transitive imports (public)",
         "f64d3a28afe5e094"],
        ["Mathlib.RingTheory.PrincipalIdealDomain:importArts",
         "692938d5419d1b68"]]]]],
    ["libs",
     [["import dynlibs", "00000000000006bb"],
      ["package external libraries", "00000000000006bb"],
      ["module dynlibs", "00000000000006bb"],
      ["module plugins", "00000000000006bb"]]]]],
  ["Lean 4.27.0, commit 2fcce7258eeb6e324366bc25f9058293b04b7547",
   "6f43b597efea5d4c"],
  ["C:\\Users\\mmeadow\\Documents\\OpenEvolve\\Frontend\\rese\\lean4\\.lake\\packages\\mathlib\\Mathlib\\RingTheory\\Polynomial\\Quotient.lean",
   "ff345902a93a897e"],
  ["options",
   [["-DmaxSynthPendingDepth=3", "c78e353d34de85d4"],
    ["-Dweak.linter.mathlibStandardSet=true", "8a155799906f2b42"],
    ["-Dweak.linter.checkInitImports=true", "cc899f26dd73bf81"],
    ["-Dweak.linter.style.header=true", "07ce48bb05b917ff"],
    ["-Dweak.linter.pythonStyle=true", "35186b2b2b67e319"],
    ["-Dweak.linter.style.longFile=1500", "d79864b112568ff5"],
    ["-Dpp.unicode.fun=true", "9b94070140457fab"],
    ["-Dweak.linter.allScriptsDocumented=true", "217af3ce76c25a94"],
    ["-DautoImplicit=false", "4a85acb881fd49d0"]]],
  ["Module.leanArgs: #[]", "00000000000006bb"]],
 "depHash": "92308f7ec05ba6be"}