{"synthetic": false,
 "schemaVersion": "2025-09-10",
 "outputs":
 {"r": "5f18e1569d5a227b.ir",
  "o":
  ["cbf367c662beb495.olean",
   "f373f6ea5aaefacc.olean.server",
   "8d66f6232062188d.olean.private"],
  "i": "979c3c4ff918e215.ilean",
  "c": "dc066f6a1b2cd8d2.c"},
 "log":
 [{"message":
   ".> LEAN_PATH=C:\\Users\\mmeadow\\Documents\\OpenEvolve\\Frontend\\rese\\lean4\\.lake\\packages\\Cli\\.lake\\build\\lib\\lean;C:\\Users\\mmeadow\\Documents\\OpenEvolve\\Frontend\\rese\\lean4\\.lake\\packages\\batteries\\.lake\\build\\lib\\lean;C:\\Users\\mmeadow\\Documents\\OpenEvolve\\Frontend\\rese\\lean4\\.lake\\packages\\Qq\\.lake\\build\\lib\\lean;C:\\Users\\mmeadow\\Documents\\OpenEvolve\\Frontend\\rese\\lean4\\.lake\\packages\\aesop\\.lake\\build\\lib\\lean;C:\\Users\\mmeadow\\Documents\\OpenEvolve\\Frontend\\rese\\lean4\\.lake\\packages\\proofwidgets\\.lake\\build\\lib\\lean;C:\\Users\\mmeadow\\Documents\\OpenEvolve\\Frontend\\rese\\lean4\\.lake\\packages\\importGraph\\.lake\\build\\lib\\lean;C:\\Users\\mmeadow\\Documents\\OpenEvolve\\Frontend\\rese\\lean4\\.lake\\packages\\LeanSearchClient\\.lake\\build\\lib\\lean;C:\\Users\\mmeadow\\Documents\\OpenEvolve\\Frontend\\rese\\lean4\\.lake\\packages\\plausible\\.lake\\build\\lib\\lean;C:\\Users\\mmeadow\\Documents\\OpenEvolve\\Frontend\\rese\\lean4\\.lake\\packages\\mathlib\\.lake\\build\\lib\\lean;C:\\Users\\mmeadow\\Documents\\OpenEvolve\\Frontend\\rese\\lean4\\.lake\\build\\lib\\lean c:\\Users\\mmeadow\\.elan\\toolchains\\leanprover--lean4---v4.27.0-rc1\\bin\\lean.exe C:\\Users\\mmeadow\\Documents\\OpenEvolve\\Frontend\\rese\\lean4\\.lake\\packages\\mathlib\\Mathlib\\Analysis\\InnerProductSpace\\Projection\\FiniteDimensional.lean -o C:\\Users\\mmeadow\\Documents\\OpenEvolve\\Frontend\\rese\\lean4\\.lake\\packages\\mathlib\\.lake\\build\\lib\\lean\\Mathlib\\Analysis\\InnerProductSpace\\Projection\\FiniteDimensional.olean -i C:\\Users\\mmeadow\\Documents\\OpenEvolve\\Frontend\\rese\\lean4\\.lake\\packages\\mathlib\\.lake\\build\\lib\\lean\\Mathlib\\Analysis\\InnerProductSpace\\Projection\\FiniteDimensional.ilean -c C:\\Users\\mmeadow\\Documents\\OpenEvolve\\Frontend\\rese\\lean4\\.lake\\packages\\mathlib\\.lake\\build\\ir\\Mathlib\\Analysis\\InnerProductSpace\\Projection\\FiniteDimensional.c --setup C:\\Users\\mmeadow\\Documents\\OpenEvolve\\Frontend\\rese\\lean4\\.lake\\packages\\mathlib\\.lake\\build\\ir\\Mathlib\\Analysis\\InnerProductSpace\\Projection\\FiniteDimensional.setup.json --json",
   "level": "trace"}],
 "inputs":
 [["Mathlib.Analysis.InnerProductSpace.Projection.FiniteDimensional:deps",
   [["deps",
     [["mathlib/Mathlib:extraDep", [["@mathlib:extraDep", "00000000000006bb"]]],
      ["imports",
       [["Mathlib.Analysis.InnerProductSpace.Projection.Basic transitive imports (public)",
         "e8865a9bfd7a2217"],
        ["Mathlib.Analysis.InnerProductSpace.Projection.Basic:importArts",
         "8ac2a75f9c4b542a"],
        ["Mathlib.Analysis.InnerProductSpace.Projection.Reflection transitive imports (public)",
         "0eb726d359566a06"],
        ["Mathlib.Analysis.InnerProductSpace.Projection.Reflection:importArts",
         "f6e179369c0cb7fe"],
        ["Mathlib.Analysis.InnerProductSpace.Projection.Submodule transitive imports (public)",
         "0eb726d359566a06"],
        ["Mathlib.Analysis.InnerProductSpace.Projection.Submodule:importArts",
         "b84bebf5c15af47b"],
        ["Mathlib.Algebra.DirectSum.Decomposition transitive imports (public)",
         "277e85b745d7189f"],
        ["Mathlib.Algebra.DirectSum.Decomposition:importArts",
         "68202223b94adb78"],
        ["Mathlib.Analysis.Normed.Module.RCLike.Basic transitive imports (public)",
         "36c0d99dc5d88475"],
        ["Mathlib.Analysis.Normed.Module.RCLike.Basic:importArts",
         "ec7bbb0bc086c8a4"]]]]],
    ["libs",
     [["import dynlibs", "00000000000006bb"],
      ["package external libraries", "00000000000006bb"],
      ["module dynlibs", "00000000000006bb"],
      ["module plugins", "00000000000006bb"]]]]],
  ["Lean 4.27.0, commit 2fcce7258eeb6e324366bc25f9058293b04b7547",
   "6f43b597efea5d4c"],
  ["C:\\Users\\mmeadow\\Documents\\OpenEvolve\\Frontend\\rese\\lean4\\.lake\\packages\\mathlib\\Mathlib\\Analysis\\InnerProductSpace\\Projection\\FiniteDimensional.lean",
   "d48d056e5723f031"],
  ["options",
   [["-DmaxSynthPendingDepth=3", "c78e353d34de85d4"],
    ["-Dweak.linter.mathlibStandardSet=true", "8a155799906f2b42"],
    ["-Dweak.linter.checkInitImports=true", "cc899f26dd73bf81"],
    ["-Dweak.linter.style.header=true", "07ce48bb05b917ff"],
    ["-Dweak.linter.pythonStyle=true", "35186b2b2b67e319"],
    ["-Dweak.linter.style.longFile=1500", "d79864b112568ff5"],
    ["-Dpp.unicode.fun=true", "9b94070140457fab"],
    ["-Dweak.linter.allScriptsDocumented=true", "217af3ce76c25a94"],
    ["-DautoImplicit=false", "4a85acb881fd49d0"]]],
  ["Module.leanArgs: #[]", "00000000000006bb"]],
 "depHash": "9c1d2e7daf79bad6"}