{"synthetic": false,
 "schemaVersion": "2025-09-10",
 "outputs":
 {"r": "97c3da0ddefc12b9.ir",
  "o":
  ["7aae31f8f6c80454.olean",
   "e78bae6725240935.olean.server",
   "d74af35fa3b031a4.olean.private"],
  "i": "a161a45fe9b29f53.ilean",
  "c": "1215e60308e971c5.c"},
 "log":
 [{"message":
   ".> LEAN_PATH=C:\\Users\\mmeadow\\Documents\\OpenEvolve\\Frontend\\rese\\lean4\\.lake\\packages\\Cli\\.lake\\build\\lib\\lean;C:\\Users\\mmeadow\\Documents\\OpenEvolve\\Frontend\\rese\\lean4\\.lake\\packages\\batteries\\.lake\\build\\lib\\lean;C:\\Users\\mmeadow\\Documents\\OpenEvolve\\Frontend\\rese\\lean4\\.lake\\packages\\Qq\\.lake\\build\\lib\\lean;C:\\Users\\mmeadow\\Documents\\OpenEvolve\\Frontend\\rese\\lean4\\.lake\\packages\\aesop\\.lake\\build\\lib\\lean;C:\\Users\\mmeadow\\Documents\\OpenEvolve\\Frontend\\rese\\lean4\\.lake\\packages\\proofwidgets\\.lake\\build\\lib\\lean;C:\\Users\\mmeadow\\Documents\\OpenEvolve\\Frontend\\rese\\lean4\\.lake\\packages\\importGraph\\.lake\\build\\lib\\lean;C:\\Users\\mmeadow\\Documents\\OpenEvolve\\Frontend\\rese\\lean4\\.lake\\packages\\LeanSearchClient\\.lake\\build\\lib\\lean;C:\\Users\\mmeadow\\Documents\\OpenEvolve\\Frontend\\rese\\lean4\\.lake\\packages\\plausible\\.lake\\build\\lib\\lean;C:\\Users\\mmeadow\\Documents\\OpenEvolve\\Frontend\\rese\\lean4\\.lake\\packages\\mathlib\\.lake\\build\\lib\\lean;C:\\Users\\mmeadow\\Documents\\OpenEvolve\\Frontend\\rese\\lean4\\.lake\\build\\lib\\lean c:\\Users\\mmeadow\\.elan\\toolchains\\leanprover--lean4---v4.27.0-rc1\\bin\\lean.exe C:\\Users\\mmeadow\\Documents\\OpenEvolve\\Frontend\\rese\\lean4\\.lake\\packages\\mathlib\\Mathlib\\Data\\Matrix\\Basic.lean -o C:\\Users\\mmeadow\\Documents\\OpenEvolve\\Frontend\\rese\\lean4\\.lake\\packages\\mathlib\\.lake\\build\\lib\\lean\\Mathlib\\Data\\Matrix\\Basic.olean -i C:\\Users\\mmeadow\\Documents\\OpenEvolve\\Frontend\\rese\\lean4\\.lake\\packages\\mathlib\\.lake\\build\\lib\\lean\\Mathlib\\Data\\Matrix\\Basic.ilean -c C:\\Users\\mmeadow\\Documents\\OpenEvolve\\Frontend\\rese\\lean4\\.lake\\packages\\mathlib\\.lake\\build\\ir\\Mathlib\\Data\\Matrix\\Basic.c --setup C:\\Users\\mmeadow\\Documents\\OpenEvolve\\Frontend\\rese\\lean4\\.lake\\packages\\mathlib\\.lake\\build\\ir\\Mathlib\\Data\\Matrix\\Basic.setup.json --json",
   "level": "trace"}],
 "inputs":
 [["Mathlib.Data.Matrix.Basic:deps",
   [["deps",
     [["mathlib/Mathlib:extraDep", [["@mathlib:extraDep", "00000000000006bb"]]],
      ["imports",
       [["Mathlib.Algebra.Algebra.Opposite transitive imports (public)",
         "387053bfde1c290d"],
        ["Mathlib.Algebra.Algebra.Opposite:importArts", "48446f1ef158daa6"],
        ["Mathlib.Algebra.Algebra.Pi transitive imports (public)",
         "ecb884e6cc2c125d"],
        ["Mathlib.Algebra.Algebra.Pi:importArts", "a116687d5a8aaaa9"],
        ["Mathlib.Algebra.BigOperators.RingEquiv transitive imports (public)",
         "8d211a5b358ddd98"],
        ["Mathlib.Algebra.BigOperators.RingEquiv:importArts",
         "b0be6d728a867f95"],
        ["Mathlib.Data.Finite.Prod transitive imports (public)",
         "9177ba04345625ec"],
        ["Mathlib.Data.Finite.Prod:importArts", "ff68145de2bd4891"],
        ["Mathlib.Data.Matrix.Mul transitive imports (public)",
         "fec0851652ac29b8"],
        ["Mathlib.Data.Matrix.Mul:importArts", "607f1625a4c5387c"],
        ["Mathlib.LinearAlgebra.Pi transitive imports (public)",
         "2b3c45d4e849268c"],
        ["Mathlib.LinearAlgebra.Pi:importArts", "2a4e4ff02ad86608"],
        ["Mathlib.GroupTheory.DedekindFinite transitive imports (public)",
         "bf99bbe38719c8db"],
        ["Mathlib.GroupTheory.DedekindFinite:importArts",
         "e7d333b3cd189d93"]]]]],
    ["libs",
     [["import dynlibs", "00000000000006bb"],
      ["package external libraries", "00000000000006bb"],
      ["module dynlibs", "00000000000006bb"],
      ["module plugins", "00000000000006bb"]]]]],
  ["Lean 4.27.0, commit 2fcce7258eeb6e324366bc25f9058293b04b7547",
   "6f43b597efea5d4c"],
  ["C:\\Users\\mmeadow\\Documents\\OpenEvolve\\Frontend\\rese\\lean4\\.lake\\packages\\mathlib\\Mathlib\\Data\\Matrix\\Basic.lean",
   "c00decf2e90ab89f"],
  ["options",
   [["-DmaxSynthPendingDepth=3", "c78e353d34de85d4"],
    ["-Dweak.linter.mathlibStandardSet=true", "8a155799906f2b42"],
    ["-Dweak.linter.checkInitImports=true", "cc899f26dd73bf81"],
    ["-Dweak.linter.style.header=true", "07ce48bb05b917ff"],
    ["-Dweak.linter.pythonStyle=true", "35186b2b2b67e319"],
    ["-Dweak.linter.style.longFile=1500", "d79864b112568ff5"],
    ["-Dpp.unicode.fun=true", "9b94070140457fab"],
    ["-Dweak.linter.allScriptsDocumented=true", "217af3ce76c25a94"],
    ["-DautoImplicit=false", "4a85acb881fd49d0"]]],
  ["Module.leanArgs: #[]", "00000000000006bb"]],
 "depHash": "c72c0059f470cc91"}