{"synthetic": false,
 "schemaVersion": "2025-09-10",
 "outputs":
 {"o": ["9793a0b9272ad11d.olean"],
  "i": "5f0a33a04694ab11.ilean",
  "c": "76b3320dd645862b.c"},
 "log":
 [{"message":
   ".> LEAN_PATH=C:\\Users\\mmeadow\\Documents\\OpenEvolve\\Frontend\\rese\\lean4\\.lake\\packages\\Cli\\.lake\\build\\lib\\lean;C:\\Users\\mmeadow\\Documents\\OpenEvolve\\Frontend\\rese\\lean4\\.lake\\packages\\batteries\\.lake\\build\\lib\\lean;C:\\Users\\mmeadow\\Documents\\OpenEvolve\\Frontend\\rese\\lean4\\.lake\\packages\\Qq\\.lake\\build\\lib\\lean;C:\\Users\\mmeadow\\Documents\\OpenEvolve\\Frontend\\rese\\lean4\\.lake\\packages\\aesop\\.lake\\build\\lib\\lean;C:\\Users\\mmeadow\\Documents\\OpenEvolve\\Frontend\\rese\\lean4\\.lake\\packages\\proofwidgets\\.lake\\build\\lib\\lean;C:\\Users\\mmeadow\\Documents\\OpenEvolve\\Frontend\\rese\\lean4\\.lake\\packages\\importGraph\\.lake\\build\\lib\\lean;C:\\Users\\mmeadow\\Documents\\OpenEvolve\\Frontend\\rese\\lean4\\.lake\\packages\\LeanSearchClient\\.lake\\build\\lib\\lean;C:\\Users\\mmeadow\\Documents\\OpenEvolve\\Frontend\\rese\\lean4\\.lake\\packages\\plausible\\.lake\\build\\lib\\lean;C:\\Users\\mmeadow\\Documents\\OpenEvolve\\Frontend\\rese\\lean4\\.lake\\packages\\mathlib\\.lake\\build\\lib\\lean;C:\\Users\\mmeadow\\Documents\\OpenEvolve\\Frontend\\rese\\lean4\\.lake\\build\\lib\\lean c:\\Users\\mmeadow\\.elan\\toolchains\\leanprover--lean4---v4.27.0-rc1\\bin\\lean.exe C:\\Users\\mmeadow\\Documents\\OpenEvolve\\Frontend\\rese\\lean4\\physics_infrastructure\\Physics\\Numerics\\VerifiedNumericals.lean -o C:\\Users\\mmeadow\\Documents\\OpenEvolve\\Frontend\\rese\\lean4\\.lake\\build\\lib\\lean\\Physics\\Numerics\\VerifiedNumericals.olean -i C:\\Users\\mmeadow\\Documents\\OpenEvolve\\Frontend\\rese\\lean4\\.lake\\build\\lib\\lean\\Physics\\Numerics\\VerifiedNumericals.ilean -c C:\\Users\\mmeadow\\Documents\\OpenEvolve\\Frontend\\rese\\lean4\\.lake\\build\\ir\\Physics\\Numerics\\VerifiedNumericals.c --setup C:\\Users\\mmeadow\\Documents\\OpenEvolve\\Frontend\\rese\\lean4\\.lake\\build\\ir\\Physics\\Numerics\\VerifiedNumericals.setup.json --json",
   "level": "trace"},
  {"message":
   "physics_infrastructure/Physics/Numerics/VerifiedNumericals.lean:69:7: declaration uses 'sorry'",
   "level": "warning"}],
 "inputs":
 [["Physics.Numerics.VerifiedNumericals:deps",
   [["deps",
     [["rese/Physics:extraDep", [["@rese:extraDep", "00000000000006bb"]]],
      ["imports",
       [["Mathlib.Analysis.Calculus.Deriv.Basic transitive imports (legacy)",
         "b6dd7c9b2158899a"],
        ["Mathlib.Analysis.Calculus.Deriv.Basic:importAllArts",
         "d978a0ae73371318"],
        ["Mathlib.MeasureTheory.Integral.IntervalIntegral.Basic transitive imports (legacy)",
         "05f69a806dca193e"],
        ["Mathlib.MeasureTheory.Integral.IntervalIntegral.Basic:importAllArts",
         "7620daf1a802b2dc"],
        ["Mathlib.Analysis.Normed.Group.Basic transitive imports (legacy)",
         "c84a80332df39792"],
        ["Mathlib.Analysis.Normed.Group.Basic:importAllArts",
         "7d00a9d876ad840a"],
        ["Mathlib.Order.Interval.Set.Basic transitive imports (legacy)",
         "c9abfe79bf99969b"],
        ["Mathlib.Order.Interval.Set.Basic:importAllArts",
         "acefdc7f534c1f5c"]]]]],
    ["libs",
     [["import dynlibs", "00000000000006bb"],
      ["package external libraries", "00000000000006bb"],
      ["module dynlibs", "00000000000006bb"],
      ["module plugins", "00000000000006bb"]]]]],
  ["Lean 4.27.0, commit 2fcce7258eeb6e324366bc25f9058293b04b7547",
   "6f43b597efea5d4c"],
  ["C:\\Users\\mmeadow\\Documents\\OpenEvolve\\Frontend\\rese\\lean4\\physics_infrastructure\\Physics\\Numerics\\VerifiedNumericals.lean",
   "8a0ad7b9402ace34"],
  ["options", "00000000000006bb"],
  ["Module.leanArgs: #[]", "00000000000006bb"]],
 "depHash": "960225a22eb75d15"}