
================================================================================
TDAD Session Started: 2026-01-23T20:41:22.702Z
================================================================================
[2026-01-23T20:41:22.800Z] [EXTENSION] 🚀 TDAD extension is now ACTIVATED! Version with comprehensive logging
[2026-01-23T20:41:22.800Z] [EXTENSION] 📁 Log file location: c:\Users\mmeadow\Documents\OpenEvolve\Frontend\.tdad\logs\tdad-2026-01-23.log
[2026-01-23T20:41:22.800Z] [EXTENSION] 📊 Workspace folders: c:\Users\mmeadow\Documents\OpenEvolve\Frontend
[2026-01-23T20:41:22.801Z] [EXTENSION] Creating WorkflowController...
[2026-01-23T20:41:22.817Z] [EXTENSION] MVP: Using simple JSON storage (.tdad/workflows/workflow.json)
[2026-01-23T20:41:22.817Z] [EXTENSION] TDAD Extension activated successfully
[2026-01-23T20:41:22.817Z] [EXTENSION] Registering commands...
[2026-01-23T20:41:22.858Z] [EXTENSION] Deserializing webview panel state
[2026-01-23T20:41:22.860Z] [CANVAS] Sprint 13: Agent Orchestrator initialized
[2026-01-23T20:41:22.862Z] [CANVAS] [AUTOPILOT DEBUG] Loading beta code from config: none
[2026-01-23T20:41:22.862Z] [CANVAS] [AUTOPILOT DEBUG] Sending autopilot settings with loadNodes: no
[2026-01-23T20:41:22.867Z] [EXTENSION] TDAD structure already initialized
[2026-01-23T20:41:22.868Z] [EXTENSION] Auto-opening TDAD Canvas...
[2026-01-23T20:41:22.928Z] [CANVAS] WEBVIEW
Data: Using stylesheets: index-CqP4kAre.css
[2026-01-23T20:41:22.929Z] [CANVAS] MVP: Canvas initialized with simple JSON storage
[2026-01-23T20:41:23.423Z] [CANVAS] [FitView] isLoading=true, nodes.length=0, folderId=null
[2026-01-23T20:41:24.036Z] [CANVAS] [FitView] isLoading=false, nodes.length=0, folderId=null
