{"synthetic": false,
 "schemaVersion": "2025-09-10",
 "outputs":
 {"r": "cb5be2a50e534cc9.ir",
  "o":
  ["dbfb0c97186c79c9.olean",
   "5c3496556d90057e.olean.server",
   "dd8ed84dbeda68f8.olean.private"],
  "i": "c07c9e1501054c0d.ilean",
  "c": "a4b27d6366e5452e.c"},
 "log":
 [{"message":
   ".> LEAN_PATH=/home/runner/work/reservoir/reservoir/testbed/repo/.lake/build/lib/lean /home/runner/.elan/toolchains/leanprover--lean4---v4.27.0-rc1/bin/lean /home/runner/work/reservoir/reservoir/testbed/repo/Batteries/Tactic/Lint/Misc.lean -o /home/runner/work/reservoir/reservoir/testbed/repo/.lake/build/lib/lean/Batteries/Tactic/Lint/Misc.olean -i /home/runner/work/reservoir/reservoir/testbed/repo/.lake/build/lib/lean/Batteries/Tactic/Lint/Misc.ilean -c /home/runner/work/reservoir/reservoir/testbed/repo/.lake/build/ir/Batteries/Tactic/Lint/Misc.c --setup /home/runner/work/reservoir/reservoir/testbed/repo/.lake/build/ir/Batteries/Tactic/Lint/Misc.setup.json --json",
   "level": "trace"}],
 "inputs":
 [["Batteries.Tactic.Lint.Misc:deps",
   [["deps",
     [["batteries/Batteries:extraDep",
       [["@batteries:extraDep", "00000000000006bb"]]],
      ["imports",
       [["Batteries.Tactic.Lint.Basic transitive imports (meta)",
         "00000000000006bb"],
        ["Batteries.Tactic.Lint.Basic:importArts (meta)",
         "5a17efc61d93b377"]]]]],
    ["libs",
     [["import dynlibs", "00000000000006bb"],
      ["package external libraries", "00000000000006bb"],
      ["module dynlibs", "00000000000006bb"],
      ["module plugins", "00000000000006bb"]]]]],
  ["Lean 4.27.0, commit 2fcce7258eeb6e324366bc25f9058293b04b7547",
   "6f43b597efea5d4c"],
  ["/home/runner/work/reservoir/reservoir/testbed/repo/Batteries/Tactic/Lint/Misc.lean",
   "61da479d40ce81e0"],
  ["options",
   [["-Dlinter.missingDocs=true", "90c3480090de3a08"],
    ["-Dweak.backward.privateInPublic.warn=false", "7bd7a538fb29f63d"]]],
  ["Module.leanArgs: #[]", "00000000000006bb"]],
 "depHash": "7e8b55fb2f80d15e"}