{"synthetic": false,
 "schemaVersion": "2025-09-10",
 "outputs":
 {"r": "1e43550131f13887.ir",
  "o":
  ["8961e2ca014721bc.olean",
   "0d9c29236b8f6374.olean.server",
   "264ec498a43b649f.olean.private"],
  "i": "c7c5dcd64a6ae9d6.ilean",
  "c": "ce5cb96df954d906.c"},
 "log":
 [{"message":
   ".> LEAN_PATH=/home/runner/work/reservoir/reservoir/testbed/repo/.lake/build/lib/lean /home/runner/.elan/toolchains/leanprover--lean4---v4.27.0-rc1/bin/lean /home/runner/work/reservoir/reservoir/testbed/repo/Batteries/Tactic/Lint/Simp.lean -o /home/runner/work/reservoir/reservoir/testbed/repo/.lake/build/lib/lean/Batteries/Tactic/Lint/Simp.olean -i /home/runner/work/reservoir/reservoir/testbed/repo/.lake/build/lib/lean/Batteries/Tactic/Lint/Simp.ilean -c /home/runner/work/reservoir/reservoir/testbed/repo/.lake/build/ir/Batteries/Tactic/Lint/Simp.c --setup /home/runner/work/reservoir/reservoir/testbed/repo/.lake/build/ir/Batteries/Tactic/Lint/Simp.setup.json --json",
   "level": "trace"}],
 "inputs":
 [["Batteries.Tactic.Lint.Simp:deps",
   [["deps",
     [["batteries/Batteries:extraDep",
       [["@batteries:extraDep", "00000000000006bb"]]],
      ["imports",
       [["Batteries.Tactic.Lint.Basic transitive imports (meta)",
         "00000000000006bb"],
        ["Batteries.Tactic.Lint.Basic:importArts (meta)", "5a17efc61d93b377"],
        ["Batteries.Tactic.OpenPrivate transitive imports (meta)",
         "00000000000006bb"],
        ["Batteries.Tactic.OpenPrivate:importArts (meta)", "e5333b59e7b61d5c"],
        ["Batteries.Util.LibraryNote transitive imports (meta)",
         "00000000000006bb"],
        ["Batteries.Util.LibraryNote:importArts (meta)",
         "3c8a62eb21c62096"]]]]],
    ["libs",
     [["import dynlibs", "00000000000006bb"],
      ["package external libraries", "00000000000006bb"],
      ["module dynlibs", "00000000000006bb"],
      ["module plugins", "00000000000006bb"]]]]],
  ["Lean 4.27.0, commit 2fcce7258eeb6e324366bc25f9058293b04b7547",
   "6f43b597efea5d4c"],
  ["/home/runner/work/reservoir/reservoir/testbed/repo/Batteries/Tactic/Lint/Simp.lean",
   "d6d7d0dbc310ca51"],
  ["options",
   [["-Dlinter.missingDocs=true", "90c3480090de3a08"],
    ["-Dweak.backward.privateInPublic.warn=false", "7bd7a538fb29f63d"]]],
  ["Module.leanArgs: #[]", "00000000000006bb"]],
 "depHash": "ad8d51fc6d944022"}