{"synthetic": false,
 "schemaVersion": "2025-09-10",
 "outputs":
 {"r": "2a2778c23921e6a1.ir",
  "o":
  ["db60b8358acbaa7f.olean",
   "b5dc4df14dd25568.olean.server",
   "607b4ff48f15d8f6.olean.private"],
  "i": "5f7640a1fc7087d3.ilean",
  "c": "ac3b55f6233d7b54.c"},
 "log":
 [{"message":
   ".> LEAN_PATH=C:\\Users\\mmeadow\\Documents\\OpenEvolve\\Frontend\\rese\\lean4\\.lake\\packages\\Cli\\.lake\\build\\lib\\lean;C:\\Users\\mmeadow\\Documents\\OpenEvolve\\Frontend\\rese\\lean4\\.lake\\packages\\batteries\\.lake\\build\\lib\\lean;C:\\Users\\mmeadow\\Documents\\OpenEvolve\\Frontend\\rese\\lean4\\.lake\\packages\\Qq\\.lake\\build\\lib\\lean;C:\\Users\\mmeadow\\Documents\\OpenEvolve\\Frontend\\rese\\lean4\\.lake\\packages\\aesop\\.lake\\build\\lib\\lean;C:\\Users\\mmeadow\\Documents\\OpenEvolve\\Frontend\\rese\\lean4\\.lake\\packages\\proofwidgets\\.lake\\build\\lib\\lean;C:\\Users\\mmeadow\\Documents\\OpenEvolve\\Frontend\\rese\\lean4\\.lake\\packages\\importGraph\\.lake\\build\\lib\\lean;C:\\Users\\mmeadow\\Documents\\OpenEvolve\\Frontend\\rese\\lean4\\.lake\\packages\\LeanSearchClient\\.lake\\build\\lib\\lean;C:\\Users\\mmeadow\\Documents\\OpenEvolve\\Frontend\\rese\\lean4\\.lake\\packages\\plausible\\.lake\\build\\lib\\lean;C:\\Users\\mmeadow\\Documents\\OpenEvolve\\Frontend\\rese\\lean4\\.lake\\packages\\mathlib\\.lake\\build\\lib\\lean;C:\\Users\\mmeadow\\Documents\\OpenEvolve\\Frontend\\rese\\lean4\\.lake\\build\\lib\\lean c:\\Users\\mmeadow\\.elan\\toolchains\\leanprover--lean4---v4.27.0-rc1\\bin\\lean.exe C:\\Users\\mmeadow\\Documents\\OpenEvolve\\Frontend\\rese\\lean4\\.lake\\packages\\mathlib\\Mathlib\\Algebra\\Lie\\TraceForm.lean -o C:\\Users\\mmeadow\\Documents\\OpenEvolve\\Frontend\\rese\\lean4\\.lake\\packages\\mathlib\\.lake\\build\\lib\\lean\\Mathlib\\Algebra\\Lie\\TraceForm.olean -i C:\\Users\\mmeadow\\Documents\\OpenEvolve\\Frontend\\rese\\lean4\\.lake\\packages\\mathlib\\.lake\\build\\lib\\lean\\Mathlib\\Algebra\\Lie\\TraceForm.ilean -c C:\\Users\\mmeadow\\Documents\\OpenEvolve\\Frontend\\rese\\lean4\\.lake\\packages\\mathlib\\.lake\\build\\ir\\Mathlib\\Algebra\\Lie\\TraceForm.c --setup C:\\Users\\mmeadow\\Documents\\OpenEvolve\\Frontend\\rese\\lean4\\.lake\\packages\\mathlib\\.lake\\build\\ir\\Mathlib\\Algebra\\Lie\\TraceForm.setup.json --json",
   "level": "trace"}],
 "inputs":
 [["Mathlib.Algebra.Lie.TraceForm:deps",
   [["deps",
     [["mathlib/Mathlib:extraDep", [["@mathlib:extraDep", "00000000000006bb"]]],
      ["imports",
       [["Mathlib.Algebra.DirectSum.LinearMap transitive imports (public)",
         "7d044dfc6e08a677"],
        ["Mathlib.Algebra.DirectSum.LinearMap:importArts", "03d11bcd4a039ceb"],
        ["Mathlib.Algebra.Lie.InvariantForm transitive imports (public)",
         "cd85aa3f155d3938"],
        ["Mathlib.Algebra.Lie.InvariantForm:importArts", "a0297acdc3109b15"],
        ["Mathlib.Algebra.Lie.Weights.Cartan transitive imports (public)",
         "9851f14e9e9a8c1f"],
        ["Mathlib.Algebra.Lie.Weights.Cartan:importArts", "1747285371cc728c"],
        ["Mathlib.Algebra.Lie.Weights.Linear transitive imports (public)",
         "e7f7e58eb0c241f8"],
        ["Mathlib.Algebra.Lie.Weights.Linear:importArts", "6a2dfed10961c9ad"],
        ["Mathlib.FieldTheory.IsAlgClosed.AlgebraicClosure transitive imports (public)",
         "9cc785edd420670e"],
        ["Mathlib.FieldTheory.IsAlgClosed.AlgebraicClosure:importArts",
         "5ae8ed86087fb213"],
        ["Mathlib.LinearAlgebra.PID transitive imports (public)",
         "80f9428f5c7affbf"],
        ["Mathlib.LinearAlgebra.PID:importArts", "a09c18d6c197d117"]]]]],
    ["libs",
     [["import dynlibs", "00000000000006bb"],
      ["package external libraries", "00000000000006bb"],
      ["module dynlibs", "00000000000006bb"],
      ["module plugins", "00000000000006bb"]]]]],
  ["Lean 4.27.0, commit 2fcce7258eeb6e324366bc25f9058293b04b7547",
   "6f43b597efea5d4c"],
  ["C:\\Users\\mmeadow\\Documents\\OpenEvolve\\Frontend\\rese\\lean4\\.lake\\packages\\mathlib\\Mathlib\\Algebra\\Lie\\TraceForm.lean",
   "c6c834f930a7c2e6"],
  ["options",
   [["-DmaxSynthPendingDepth=3", "c78e353d34de85d4"],
    ["-Dweak.linter.mathlibStandardSet=true", "8a155799906f2b42"],
    ["-Dweak.linter.checkInitImports=true", "cc899f26dd73bf81"],
    ["-Dweak.linter.style.header=true", "07ce48bb05b917ff"],
    ["-Dweak.linter.pythonStyle=true", "35186b2b2b67e319"],
    ["-Dweak.linter.style.longFile=1500", "d79864b112568ff5"],
    ["-Dpp.unicode.fun=true", "9b94070140457fab"],
    ["-Dweak.linter.allScriptsDocumented=true", "217af3ce76c25a94"],
    ["-DautoImplicit=false", "4a85acb881fd49d0"]]],
  ["Module.leanArgs: #[]", "00000000000006bb"]],
 "depHash": "963ba8afa7cae417"}