{"synthetic": false,
 "schemaVersion": "2025-09-10",
 "outputs":
 {"r": "b51d4d636d6993f2.ir",
  "o":
  ["001ee7d73a4fedef.olean",
   "335f651d580f9a29.olean.server",
   "cb63e598aafc8f44.olean.private"],
  "i": "60129f1a07762731.ilean",
  "c": "05a558aaff245f9c.c"},
 "log":
 [{"message":
   ".> LEAN_PATH=C:\\Users\\mmeadow\\Documents\\OpenEvolve\\Frontend\\rese\\lean4\\.lake\\packages\\Cli\\.lake\\build\\lib\\lean;C:\\Users\\mmeadow\\Documents\\OpenEvolve\\Frontend\\rese\\lean4\\.lake\\packages\\batteries\\.lake\\build\\lib\\lean;C:\\Users\\mmeadow\\Documents\\OpenEvolve\\Frontend\\rese\\lean4\\.lake\\packages\\Qq\\.lake\\build\\lib\\lean;C:\\Users\\mmeadow\\Documents\\OpenEvolve\\Frontend\\rese\\lean4\\.lake\\packages\\aesop\\.lake\\build\\lib\\lean;C:\\Users\\mmeadow\\Documents\\OpenEvolve\\Frontend\\rese\\lean4\\.lake\\packages\\proofwidgets\\.lake\\build\\lib\\lean;C:\\Users\\mmeadow\\Documents\\OpenEvolve\\Frontend\\rese\\lean4\\.lake\\packages\\importGraph\\.lake\\build\\lib\\lean;C:\\Users\\mmeadow\\Documents\\OpenEvolve\\Frontend\\rese\\lean4\\.lake\\packages\\LeanSearchClient\\.lake\\build\\lib\\lean;C:\\Users\\mmeadow\\Documents\\OpenEvolve\\Frontend\\rese\\lean4\\.lake\\packages\\plausible\\.lake\\build\\lib\\lean;C:\\Users\\mmeadow\\Documents\\OpenEvolve\\Frontend\\rese\\lean4\\.lake\\packages\\mathlib\\.lake\\build\\lib\\lean;C:\\Users\\mmeadow\\Documents\\OpenEvolve\\Frontend\\rese\\lean4\\.lake\\build\\lib\\lean c:\\Users\\mmeadow\\.elan\\toolchains\\leanprover--lean4---v4.27.0-rc1\\bin\\lean.exe C:\\Users\\mmeadow\\Documents\\OpenEvolve\\Frontend\\rese\\lean4\\.lake\\packages\\mathlib\\Mathlib\\Algebra\\Lie\\Weights\\Basic.lean -o C:\\Users\\mmeadow\\Documents\\OpenEvolve\\Frontend\\rese\\lean4\\.lake\\packages\\mathlib\\.lake\\build\\lib\\lean\\Mathlib\\Algebra\\Lie\\Weights\\Basic.olean -i C:\\Users\\mmeadow\\Documents\\OpenEvolve\\Frontend\\rese\\lean4\\.lake\\packages\\mathlib\\.lake\\build\\lib\\lean\\Mathlib\\Algebra\\Lie\\Weights\\Basic.ilean -c C:\\Users\\mmeadow\\Documents\\OpenEvolve\\Frontend\\rese\\lean4\\.lake\\packages\\mathlib\\.lake\\build\\ir\\Mathlib\\Algebra\\Lie\\Weights\\Basic.c --setup C:\\Users\\mmeadow\\Documents\\OpenEvolve\\Frontend\\rese\\lean4\\.lake\\packages\\mathlib\\.lake\\build\\ir\\Mathlib\\Algebra\\Lie\\Weights\\Basic.setup.json --json",
   "level": "trace"}],
 "inputs":
 [["Mathlib.Algebra.Lie.Weights.Basic:deps",
   [["deps",
     [["mathlib/Mathlib:extraDep", [["@mathlib:extraDep", "00000000000006bb"]]],
      ["imports",
       [["Mathlib.Algebra.Ring.Divisibility.Lemmas transitive imports (public)",
         "3c471da612ce91a7"],
        ["Mathlib.Algebra.Ring.Divisibility.Lemmas:importArts",
         "85a207710f7050ae"],
        ["Mathlib.Algebra.Lie.Nilpotent transitive imports (public)",
         "1e2a1d6eab9709c4"],
        ["Mathlib.Algebra.Lie.Nilpotent:importArts", "06881cc9526398ac"],
        ["Mathlib.Algebra.Lie.Engel transitive imports (public)",
         "24a23b12feb01e37"],
        ["Mathlib.Algebra.Lie.Engel:importArts", "750d963d57652864"],
        ["Mathlib.LinearAlgebra.Eigenspace.Pi transitive imports (public)",
         "bccf4a8c75e061b8"],
        ["Mathlib.LinearAlgebra.Eigenspace.Pi:importArts", "e68367345d6504ff"],
        ["Mathlib.RingTheory.Artinian.Module transitive imports (public)",
         "1bcaadde4b761c8c"],
        ["Mathlib.RingTheory.Artinian.Module:importArts", "f70b4c24b4c4c54c"],
        ["Mathlib.LinearAlgebra.Trace transitive imports (public)",
         "bf9f75587ed215a2"],
        ["Mathlib.LinearAlgebra.Trace:importArts", "091980a022676d6a"],
        ["Mathlib.LinearAlgebra.FreeModule.PID transitive imports (public)",
         "542f792813d32543"],
        ["Mathlib.LinearAlgebra.FreeModule.PID:importArts",
         "1d91d3019bd1b6d2"]]]]],
    ["libs",
     [["import dynlibs", "00000000000006bb"],
      ["package external libraries", "00000000000006bb"],
      ["module dynlibs", "00000000000006bb"],
      ["module plugins", "00000000000006bb"]]]]],
  ["Lean 4.27.0, commit 2fcce7258eeb6e324366bc25f9058293b04b7547",
   "6f43b597efea5d4c"],
  ["C:\\Users\\mmeadow\\Documents\\OpenEvolve\\Frontend\\rese\\lean4\\.lake\\packages\\mathlib\\Mathlib\\Algebra\\Lie\\Weights\\Basic.lean",
   "421dc91d74270247"],
  ["options",
   [["-DmaxSynthPendingDepth=3", "c78e353d34de85d4"],
    ["-Dweak.linter.mathlibStandardSet=true", "8a155799906f2b42"],
    ["-Dweak.linter.checkInitImports=true", "cc899f26dd73bf81"],
    ["-Dweak.linter.style.header=true", "07ce48bb05b917ff"],
    ["-Dweak.linter.pythonStyle=true", "35186b2b2b67e319"],
    ["-Dweak.linter.style.longFile=1500", "d79864b112568ff5"],
    ["-Dpp.unicode.fun=true", "9b94070140457fab"],
    ["-Dweak.linter.allScriptsDocumented=true", "217af3ce76c25a94"],
    ["-DautoImplicit=false", "4a85acb881fd49d0"]]],
  ["Module.leanArgs: #[]", "00000000000006bb"]],
 "depHash": "2664abf93690eb1f"}