{"synthetic": false,
 "schemaVersion": "2025-09-10",
 "outputs":
 {"r": "1c4d6e3dbcdb1181.ir",
  "o":
  ["b7378516189c36c3.olean",
   "c0b097f075abb6bd.olean.server",
   "b698709aaa67948a.olean.private"],
  "i": "7f4d4ade89abe9a8.ilean",
  "c": "a83a9774c751e70e.c"},
 "log":
 [{"message":
   ".> LEAN_PATH=C:\\Users\\mmeadow\\Documents\\OpenEvolve\\Frontend\\rese\\lean4\\.lake\\packages\\Cli\\.lake\\build\\lib\\lean;C:\\Users\\mmeadow\\Documents\\OpenEvolve\\Frontend\\rese\\lean4\\.lake\\packages\\batteries\\.lake\\build\\lib\\lean;C:\\Users\\mmeadow\\Documents\\OpenEvolve\\Frontend\\rese\\lean4\\.lake\\packages\\Qq\\.lake\\build\\lib\\lean;C:\\Users\\mmeadow\\Documents\\OpenEvolve\\Frontend\\rese\\lean4\\.lake\\packages\\aesop\\.lake\\build\\lib\\lean;C:\\Users\\mmeadow\\Documents\\OpenEvolve\\Frontend\\rese\\lean4\\.lake\\packages\\proofwidgets\\.lake\\build\\lib\\lean;C:\\Users\\mmeadow\\Documents\\OpenEvolve\\Frontend\\rese\\lean4\\.lake\\packages\\importGraph\\.lake\\build\\lib\\lean;C:\\Users\\mmeadow\\Documents\\OpenEvolve\\Frontend\\rese\\lean4\\.lake\\packages\\LeanSearchClient\\.lake\\build\\lib\\lean;C:\\Users\\mmeadow\\Documents\\OpenEvolve\\Frontend\\rese\\lean4\\.lake\\packages\\plausible\\.lake\\build\\lib\\lean;C:\\Users\\mmeadow\\Documents\\OpenEvolve\\Frontend\\rese\\lean4\\.lake\\packages\\mathlib\\.lake\\build\\lib\\lean;C:\\Users\\mmeadow\\Documents\\OpenEvolve\\Frontend\\rese\\lean4\\.lake\\build\\lib\\lean c:\\Users\\mmeadow\\.elan\\toolchains\\leanprover--lean4---v4.27.0-rc1\\bin\\lean.exe C:\\Users\\mmeadow\\Documents\\OpenEvolve\\Frontend\\rese\\lean4\\.lake\\packages\\mathlib\\Mathlib\\Algebra\\Ring\\Divisibility\\Lemmas.lean -o C:\\Users\\mmeadow\\Documents\\OpenEvolve\\Frontend\\rese\\lean4\\.lake\\packages\\mathlib\\.lake\\build\\lib\\lean\\Mathlib\\Algebra\\Ring\\Divisibility\\Lemmas.olean -i C:\\Users\\mmeadow\\Documents\\OpenEvolve\\Frontend\\rese\\lean4\\.lake\\packages\\mathlib\\.lake\\build\\lib\\lean\\Mathlib\\Algebra\\Ring\\Divisibility\\Lemmas.ilean -c C:\\Users\\mmeadow\\Documents\\OpenEvolve\\Frontend\\rese\\lean4\\.lake\\packages\\mathlib\\.lake\\build\\ir\\Mathlib\\Algebra\\Ring\\Divisibility\\Lemmas.c --setup C:\\Users\\mmeadow\\Documents\\OpenEvolve\\Frontend\\rese\\lean4\\.lake\\packages\\mathlib\\.lake\\build\\ir\\Mathlib\\Algebra\\Ring\\Divisibility\\Lemmas.setup.json --json",
   "level": "trace"}],
 "inputs":
 [["Mathlib.Algebra.Ring.Divisibility.Lemmas:deps",
   [["deps",
     [["mathlib/Mathlib:extraDep", [["@mathlib:extraDep", "00000000000006bb"]]],
      ["imports",
       [["Mathlib.Algebra.GroupWithZero.Divisibility transitive imports (public)",
         "643b13cdf614e119"],
        ["Mathlib.Algebra.GroupWithZero.Divisibility:importArts",
         "8a3549361f1d4791"],
        ["Mathlib.Algebra.Ring.Divisibility.Basic transitive imports (public)",
         "f1910c6c7a612cb7"],
        ["Mathlib.Algebra.Ring.Divisibility.Basic:importArts",
         "044d5e8c7ee3a6a5"],
        ["Mathlib.Data.Nat.Choose.Sum transitive imports (public)",
         "de6424b911ec41c3"],
        ["Mathlib.Data.Nat.Choose.Sum:importArts", "8e97eae57bf48c7d"],
        ["Mathlib.GroupTheory.GroupAction.Ring transitive imports (public)",
         "f1b65f5973f7c958"],
        ["Mathlib.GroupTheory.GroupAction.Ring:importArts", "dee6e0c0d4c4dea6"],
        ["Mathlib.Algebra.GCDMonoid.Basic transitive imports (public)",
         "848e6ff621a7345f"],
        ["Mathlib.Algebra.GCDMonoid.Basic:importArts", "1ac4d25c934eb436"]]]]],
    ["libs",
     [["import dynlibs", "00000000000006bb"],
      ["package external libraries", "00000000000006bb"],
      ["module dynlibs", "00000000000006bb"],
      ["module plugins", "00000000000006bb"]]]]],
  ["Lean 4.27.0, commit 2fcce7258eeb6e324366bc25f9058293b04b7547",
   "6f43b597efea5d4c"],
  ["C:\\Users\\mmeadow\\Documents\\OpenEvolve\\Frontend\\rese\\lean4\\.lake\\packages\\mathlib\\Mathlib\\Algebra\\Ring\\Divisibility\\Lemmas.lean",
   "a87efd8d85bd4ad7"],
  ["options",
   [["-DmaxSynthPendingDepth=3", "c78e353d34de85d4"],
    ["-Dweak.linter.mathlibStandardSet=true", "8a155799906f2b42"],
    ["-Dweak.linter.checkInitImports=true", "cc899f26dd73bf81"],
    ["-Dweak.linter.style.header=true", "07ce48bb05b917ff"],
    ["-Dweak.linter.pythonStyle=true", "35186b2b2b67e319"],
    ["-Dweak.linter.style.longFile=1500", "d79864b112568ff5"],
    ["-Dpp.unicode.fun=true", "9b94070140457fab"],
    ["-Dweak.linter.allScriptsDocumented=true", "217af3ce76c25a94"],
    ["-DautoImplicit=false", "4a85acb881fd49d0"]]],
  ["Module.leanArgs: #[]", "00000000000006bb"]],
 "depHash": "9f3f6515ce51eb3d"}