{"synthetic": false,
 "schemaVersion": "2025-09-10",
 "outputs":
 {"r": "a9e807d0d957ccd3.ir",
  "o":
  ["d7882057bd942dfd.olean",
   "db85324cd05191f6.olean.server",
   "0870a7fcaf71701b.olean.private"],
  "i": "d88b1bb45448fabf.ilean",
  "c": "e0d161a57d78fa07.c"},
 "log":
 [{"message":
   ".> LEAN_PATH=/home/runner/work/reservoir/reservoir/testbed/repo/.lake/build/lib/lean /home/runner/.elan/toolchains/leanprover--lean4---v4.27.0-rc1/bin/lean /home/runner/work/reservoir/reservoir/testbed/repo/Qq/Match.lean -o /home/runner/work/reservoir/reservoir/testbed/repo/.lake/build/lib/lean/Qq/Match.olean -i /home/runner/work/reservoir/reservoir/testbed/repo/.lake/build/lib/lean/Qq/Match.ilean -c /home/runner/work/reservoir/reservoir/testbed/repo/.lake/build/ir/Qq/Match.c --setup /home/runner/work/reservoir/reservoir/testbed/repo/.lake/build/ir/Qq/Match.setup.json --json",
   "level": "trace"}],
 "inputs":
 [["Qq.Match:deps",
   [["deps",
     [["Qq/Qq:extraDep", [["@Qq:extraDep", "00000000000006bb"]]],
      ["imports",
       [["Qq.Macro transitive imports (public)", "e3924ec318721077"],
        ["Qq.Macro:importArts", "5be20e5047826337"],
        ["Qq.MetaM transitive imports (public)", "34339ccfa9168e50"],
        ["Qq.MetaM:importArts", "388cd7c93e801ede"],
        ["Qq.ForLean.Do transitive imports (public)", "00000000000006bb"],
        ["Qq.ForLean.Do:importArts", "c00341f1c649cdea"],
        ["Qq.SortLocalDecls transitive imports (public)", "00000000000006bb"],
        ["Qq.SortLocalDecls:importArts", "15d0c4e804dee5be"],
        ["Qq.MatchImpl transitive imports (meta)", "c5bf3623f21b197c"],
        ["Qq.MatchImpl:importArts (meta)", "b015002ab1677b98"]]]]],
    ["libs",
     [["import dynlibs", "00000000000006bb"],
      ["package external libraries", "00000000000006bb"],
      ["module dynlibs", "00000000000006bb"],
      ["module plugins", "00000000000006bb"]]]]],
  ["Lean 4.27.0, commit 2fcce7258eeb6e324366bc25f9058293b04b7547",
   "6f43b597efea5d4c"],
  ["/home/runner/work/reservoir/reservoir/testbed/repo/Qq/Match.lean",
   "81d440d52f01fd1a"],
  ["options", "00000000000006bb"],
  ["Module.leanArgs: #[]", "00000000000006bb"]],
 "depHash": "f3243eb66dad52ae"}