{"synthetic": false,
 "schemaVersion": "2025-09-10",
 "outputs":
 {"r": "95815313324b134f.ir",
  "o":
  ["0ddf6973127ae878.olean",
   "6ee5b188ed4cb03d.olean.server",
   "525bf5879d80abc3.olean.private"],
  "i": "c6caebd001eec934.ilean",
  "c": "cd1e1d41b700cee9.c"},
 "log":
 [{"message":
   ".> LEAN_PATH=C:\\Users\\mmeadow\\Documents\\OpenEvolve\\Frontend\\rese\\lean4\\.lake\\packages\\Cli\\.lake\\build\\lib\\lean;C:\\Users\\mmeadow\\Documents\\OpenEvolve\\Frontend\\rese\\lean4\\.lake\\packages\\batteries\\.lake\\build\\lib\\lean;C:\\Users\\mmeadow\\Documents\\OpenEvolve\\Frontend\\rese\\lean4\\.lake\\packages\\Qq\\.lake\\build\\lib\\lean;C:\\Users\\mmeadow\\Documents\\OpenEvolve\\Frontend\\rese\\lean4\\.lake\\packages\\aesop\\.lake\\build\\lib\\lean;C:\\Users\\mmeadow\\Documents\\OpenEvolve\\Frontend\\rese\\lean4\\.lake\\packages\\proofwidgets\\.lake\\build\\lib\\lean;C:\\Users\\mmeadow\\Documents\\OpenEvolve\\Frontend\\rese\\lean4\\.lake\\packages\\importGraph\\.lake\\build\\lib\\lean;C:\\Users\\mmeadow\\Documents\\OpenEvolve\\Frontend\\rese\\lean4\\.lake\\packages\\LeanSearchClient\\.lake\\build\\lib\\lean;C:\\Users\\mmeadow\\Documents\\OpenEvolve\\Frontend\\rese\\lean4\\.lake\\packages\\plausible\\.lake\\build\\lib\\lean;C:\\Users\\mmeadow\\Documents\\OpenEvolve\\Frontend\\rese\\lean4\\.lake\\packages\\mathlib\\.lake\\build\\lib\\lean;C:\\Users\\mmeadow\\Documents\\OpenEvolve\\Frontend\\rese\\lean4\\.lake\\build\\lib\\lean c:\\Users\\mmeadow\\.elan\\toolchains\\leanprover--lean4---v4.27.0-rc1\\bin\\lean.exe C:\\Users\\mmeadow\\Documents\\OpenEvolve\\Frontend\\rese\\lean4\\.lake\\packages\\mathlib\\Mathlib\\Data\\Fintype\\Basic.lean -o C:\\Users\\mmeadow\\Documents\\OpenEvolve\\Frontend\\rese\\lean4\\.lake\\packages\\mathlib\\.lake\\build\\lib\\lean\\Mathlib\\Data\\Fintype\\Basic.olean -i C:\\Users\\mmeadow\\Documents\\OpenEvolve\\Frontend\\rese\\lean4\\.lake\\packages\\mathlib\\.lake\\build\\lib\\lean\\Mathlib\\Data\\Fintype\\Basic.ilean -c C:\\Users\\mmeadow\\Documents\\OpenEvolve\\Frontend\\rese\\lean4\\.lake\\packages\\mathlib\\.lake\\build\\ir\\Mathlib\\Data\\Fintype\\Basic.c --setup C:\\Users\\mmeadow\\Documents\\OpenEvolve\\Frontend\\rese\\lean4\\.lake\\packages\\mathlib\\.lake\\build\\ir\\Mathlib\\Data\\Fintype\\Basic.setup.json --json",
   "level": "trace"}],
 "inputs":
 [["Mathlib.Data.Fintype.Basic:deps",
   [["deps",
     [["mathlib/Mathlib:extraDep", [["@mathlib:extraDep", "00000000000006bb"]]],
      ["imports",
       [["Mathlib.Data.Finite.Defs transitive imports (public)",
         "6ba3d3abce0c7331"],
        ["Mathlib.Data.Finite.Defs:importArts", "2ea3b3085fdbe633"],
        ["Mathlib.Data.Finset.BooleanAlgebra transitive imports (public)",
         "0a00af9fe3106c84"],
        ["Mathlib.Data.Finset.BooleanAlgebra:importArts", "544b7e9019344030"],
        ["Mathlib.Data.Finset.Image transitive imports (public)",
         "d383528f3575fa4f"],
        ["Mathlib.Data.Finset.Image:importArts", "f50f2046a12b6bd4"],
        ["Mathlib.Data.Fintype.Defs transitive imports (public)",
         "05b96c99e8a314ee"],
        ["Mathlib.Data.Fintype.Defs:importArts", "94772647c457e34c"],
        ["Mathlib.Data.Fintype.OfMap transitive imports (public)",
         "b3bbb15db6fbae28"],
        ["Mathlib.Data.Fintype.OfMap:importArts", "b590471711405d64"],
        ["Mathlib.Data.Fintype.Sets transitive imports (public)",
         "f1ed38ad8ddb3d98"],
        ["Mathlib.Data.Fintype.Sets:importArts", "eb9ca9077b52d32e"],
        ["Mathlib.Data.List.FinRange transitive imports (public)",
         "3025aad665d24850"],
        ["Mathlib.Data.List.FinRange:importArts", "22668dec73cb0722"]]]]],
    ["libs",
     [["import dynlibs", "00000000000006bb"],
      ["package external libraries", "00000000000006bb"],
      ["module dynlibs", "00000000000006bb"],
      ["module plugins", "00000000000006bb"]]]]],
  ["Lean 4.27.0, commit 2fcce7258eeb6e324366bc25f9058293b04b7547",
   "6f43b597efea5d4c"],
  ["C:\\Users\\mmeadow\\Documents\\OpenEvolve\\Frontend\\rese\\lean4\\.lake\\packages\\mathlib\\Mathlib\\Data\\Fintype\\Basic.lean",
   "67fa8d77d4940cde"],
  ["options",
   [["-DmaxSynthPendingDepth=3", "c78e353d34de85d4"],
    ["-Dweak.linter.mathlibStandardSet=true", "8a155799906f2b42"],
    ["-Dweak.linter.checkInitImports=true", "cc899f26dd73bf81"],
    ["-Dweak.linter.style.header=true", "07ce48bb05b917ff"],
    ["-Dweak.linter.pythonStyle=true", "35186b2b2b67e319"],
    ["-Dweak.linter.style.longFile=1500", "d79864b112568ff5"],
    ["-Dpp.unicode.fun=true", "9b94070140457fab"],
    ["-Dweak.linter.allScriptsDocumented=true", "217af3ce76c25a94"],
    ["-DautoImplicit=false", "4a85acb881fd49d0"]]],
  ["Module.leanArgs: #[]", "00000000000006bb"]],
 "depHash": "b2b5f04aa1bcadcc"}