{"synthetic": false,
 "schemaVersion": "2025-09-10",
 "outputs":
 {"r": "cfd461d9c55f6b08.ir",
  "o":
  ["9450a1d631ff2a44.olean",
   "678451e67e008555.olean.server",
   "2f81a3d173de53a4.olean.private"],
  "i": "f5f1234e54a6ff4c.ilean",
  "c": "73eedfe826ced3d1.c"},
 "log":
 [{"message":
   ".> LEAN_PATH=C:\\Users\\mmeadow\\Documents\\OpenEvolve\\Frontend\\rese\\lean4\\.lake\\packages\\Cli\\.lake\\build\\lib\\lean;C:\\Users\\mmeadow\\Documents\\OpenEvolve\\Frontend\\rese\\lean4\\.lake\\packages\\batteries\\.lake\\build\\lib\\lean;C:\\Users\\mmeadow\\Documents\\OpenEvolve\\Frontend\\rese\\lean4\\.lake\\packages\\Qq\\.lake\\build\\lib\\lean;C:\\Users\\mmeadow\\Documents\\OpenEvolve\\Frontend\\rese\\lean4\\.lake\\packages\\aesop\\.lake\\build\\lib\\lean;C:\\Users\\mmeadow\\Documents\\OpenEvolve\\Frontend\\rese\\lean4\\.lake\\packages\\proofwidgets\\.lake\\build\\lib\\lean;C:\\Users\\mmeadow\\Documents\\OpenEvolve\\Frontend\\rese\\lean4\\.lake\\packages\\importGraph\\.lake\\build\\lib\\lean;C:\\Users\\mmeadow\\Documents\\OpenEvolve\\Frontend\\rese\\lean4\\.lake\\packages\\LeanSearchClient\\.lake\\build\\lib\\lean;C:\\Users\\mmeadow\\Documents\\OpenEvolve\\Frontend\\rese\\lean4\\.lake\\packages\\plausible\\.lake\\build\\lib\\lean;C:\\Users\\mmeadow\\Documents\\OpenEvolve\\Frontend\\rese\\lean4\\.lake\\packages\\mathlib\\.lake\\build\\lib\\lean;C:\\Users\\mmeadow\\Documents\\OpenEvolve\\Frontend\\rese\\lean4\\.lake\\build\\lib\\lean c:\\Users\\mmeadow\\.elan\\toolchains\\leanprover--lean4---v4.27.0-rc1\\bin\\lean.exe C:\\Users\\mmeadow\\Documents\\OpenEvolve\\Frontend\\rese\\lean4\\.lake\\packages\\mathlib\\Mathlib\\Data\\Fintype\\Units.lean -o C:\\Users\\mmeadow\\Documents\\OpenEvolve\\Frontend\\rese\\lean4\\.lake\\packages\\mathlib\\.lake\\build\\lib\\lean\\Mathlib\\Data\\Fintype\\Units.olean -i C:\\Users\\mmeadow\\Documents\\OpenEvolve\\Frontend\\rese\\lean4\\.lake\\packages\\mathlib\\.lake\\build\\lib\\lean\\Mathlib\\Data\\Fintype\\Units.ilean -c C:\\Users\\mmeadow\\Documents\\OpenEvolve\\Frontend\\rese\\lean4\\.lake\\packages\\mathlib\\.lake\\build\\ir\\Mathlib\\Data\\Fintype\\Units.c --setup C:\\Users\\mmeadow\\Documents\\OpenEvolve\\Frontend\\rese\\lean4\\.lake\\packages\\mathlib\\.lake\\build\\ir\\Mathlib\\Data\\Fintype\\Units.setup.json --json",
   "level": "trace"}],
 "inputs":
 [["Mathlib.Data.Fintype.Units:deps",
   [["deps",
     [["mathlib/Mathlib:extraDep", [["@mathlib:extraDep", "00000000000006bb"]]],
      ["imports",
       [["Mathlib.Algebra.Ring.Int.Units transitive imports (public)",
         "e553bc093094d7c3"],
        ["Mathlib.Algebra.Ring.Int.Units:importArts", "c03a38f92be08d70"],
        ["Mathlib.Data.Fintype.Prod transitive imports (public)",
         "eb8bc65bf02c2d94"],
        ["Mathlib.Data.Fintype.Prod:importArts", "643fa03181f52f9a"],
        ["Mathlib.Data.Fintype.Sum transitive imports (public)",
         "089f62be86b25547"],
        ["Mathlib.Data.Fintype.Sum:importArts", "bcd3972217a3c713"],
        ["Mathlib.SetTheory.Cardinal.Finite transitive imports (public)",
         "770b6f242ec9d525"],
        ["Mathlib.SetTheory.Cardinal.Finite:importArts", "874be56b8277d633"],
        ["Mathlib.Algebra.GroupWithZero.Units.Equiv transitive imports (public)",
         "54c35b8c9a92123d"],
        ["Mathlib.Algebra.GroupWithZero.Units.Equiv:importArts",
         "10a8f3b1ed903087"]]]]],
    ["libs",
     [["import dynlibs", "00000000000006bb"],
      ["package external libraries", "00000000000006bb"],
      ["module dynlibs", "00000000000006bb"],
      ["module plugins", "00000000000006bb"]]]]],
  ["Lean 4.27.0, commit 2fcce7258eeb6e324366bc25f9058293b04b7547",
   "6f43b597efea5d4c"],
  ["C:\\Users\\mmeadow\\Documents\\OpenEvolve\\Frontend\\rese\\lean4\\.lake\\packages\\mathlib\\Mathlib\\Data\\Fintype\\Units.lean",
   "9d79e990bfe20858"],
  ["options",
   [["-DmaxSynthPendingDepth=3", "c78e353d34de85d4"],
    ["-Dweak.linter.mathlibStandardSet=true", "8a155799906f2b42"],
    ["-Dweak.linter.checkInitImports=true", "cc899f26dd73bf81"],
    ["-Dweak.linter.style.header=true", "07ce48bb05b917ff"],
    ["-Dweak.linter.pythonStyle=true", "35186b2b2b67e319"],
    ["-Dweak.linter.style.longFile=1500", "d79864b112568ff5"],
    ["-Dpp.unicode.fun=true", "9b94070140457fab"],
    ["-Dweak.linter.allScriptsDocumented=true", "217af3ce76c25a94"],
    ["-DautoImplicit=false", "4a85acb881fd49d0"]]],
  ["Module.leanArgs: #[]", "00000000000006bb"]],
 "depHash": "b78c2f5ac80b172e"}