{"synthetic": false,
 "schemaVersion": "2025-09-10",
 "outputs":
 {"r": "00ff6b0ee3b3fa54.ir",
  "o":
  ["53878bd05a98fbce.olean",
   "598f569b91ffb9eb.olean.server",
   "1c35c4ea5e88815c.olean.private"],
  "i": "1c00bb800ee72743.ilean",
  "c": "e9fd739a20f94d1e.c"},
 "log":
 [{"message":
   ".> LEAN_PATH=C:\\Users\\mmeadow\\Documents\\OpenEvolve\\Frontend\\rese\\lean4\\.lake\\packages\\Cli\\.lake\\build\\lib\\lean;C:\\Users\\mmeadow\\Documents\\OpenEvolve\\Frontend\\rese\\lean4\\.lake\\packages\\batteries\\.lake\\build\\lib\\lean;C:\\Users\\mmeadow\\Documents\\OpenEvolve\\Frontend\\rese\\lean4\\.lake\\packages\\Qq\\.lake\\build\\lib\\lean;C:\\Users\\mmeadow\\Documents\\OpenEvolve\\Frontend\\rese\\lean4\\.lake\\packages\\aesop\\.lake\\build\\lib\\lean;C:\\Users\\mmeadow\\Documents\\OpenEvolve\\Frontend\\rese\\lean4\\.lake\\packages\\proofwidgets\\.lake\\build\\lib\\lean;C:\\Users\\mmeadow\\Documents\\OpenEvolve\\Frontend\\rese\\lean4\\.lake\\packages\\importGraph\\.lake\\build\\lib\\lean;C:\\Users\\mmeadow\\Documents\\OpenEvolve\\Frontend\\rese\\lean4\\.lake\\packages\\LeanSearchClient\\.lake\\build\\lib\\lean;C:\\Users\\mmeadow\\Documents\\OpenEvolve\\Frontend\\rese\\lean4\\.lake\\packages\\plausible\\.lake\\build\\lib\\lean;C:\\Users\\mmeadow\\Documents\\OpenEvolve\\Frontend\\rese\\lean4\\.lake\\packages\\mathlib\\.lake\\build\\lib\\lean;C:\\Users\\mmeadow\\Documents\\OpenEvolve\\Frontend\\rese\\lean4\\.lake\\build\\lib\\lean c:\\Users\\mmeadow\\.elan\\toolchains\\leanprover--lean4---v4.27.0-rc1\\bin\\lean.exe C:\\Users\\mmeadow\\Documents\\OpenEvolve\\Frontend\\rese\\lean4\\.lake\\packages\\mathlib\\Mathlib\\CategoryTheory\\Limits\\Shapes\\ConcreteCategory.lean -o C:\\Users\\mmeadow\\Documents\\OpenEvolve\\Frontend\\rese\\lean4\\.lake\\packages\\mathlib\\.lake\\build\\lib\\lean\\Mathlib\\CategoryTheory\\Limits\\Shapes\\ConcreteCategory.olean -i C:\\Users\\mmeadow\\Documents\\OpenEvolve\\Frontend\\rese\\lean4\\.lake\\packages\\mathlib\\.lake\\build\\lib\\lean\\Mathlib\\CategoryTheory\\Limits\\Shapes\\ConcreteCategory.ilean -c C:\\Users\\mmeadow\\Documents\\OpenEvolve\\Frontend\\rese\\lean4\\.lake\\packages\\mathlib\\.lake\\build\\ir\\Mathlib\\CategoryTheory\\Limits\\Shapes\\ConcreteCategory.c --setup C:\\Users\\mmeadow\\Documents\\OpenEvolve\\Frontend\\rese\\lean4\\.lake\\packages\\mathlib\\.lake\\build\\ir\\Mathlib\\CategoryTheory\\Limits\\Shapes\\ConcreteCategory.setup.json --json",
   "level": "trace"}],
 "inputs":
 [["Mathlib.CategoryTheory.Limits.Shapes.ConcreteCategory:deps",
   [["deps",
     [["mathlib/Mathlib:extraDep", [["@mathlib:extraDep", "00000000000006bb"]]],
      ["imports",
       [["Mathlib.CategoryTheory.ConcreteCategory.EpiMono transitive imports (public)",
         "d67433dfab5f9bb8"],
        ["Mathlib.CategoryTheory.ConcreteCategory.EpiMono:importArts",
         "d34dcc6ac4a3dd02"],
        ["Mathlib.CategoryTheory.Limits.ConcreteCategory.Basic transitive imports (public)",
         "345e93c7cdbd3a7d"],
        ["Mathlib.CategoryTheory.Limits.ConcreteCategory.Basic:importArts",
         "2a1f00ceb454cc4f"],
        ["Mathlib.CategoryTheory.Limits.Constructions.EpiMono transitive imports (public)",
         "ff13e48fcb545345"],
        ["Mathlib.CategoryTheory.Limits.Constructions.EpiMono:importArts",
         "3dec28908ce72d5f"],
        ["Mathlib.CategoryTheory.Limits.Preserves.Shapes.BinaryProducts transitive imports (public)",
         "f2a6e47c54387a40"],
        ["Mathlib.CategoryTheory.Limits.Preserves.Shapes.BinaryProducts:importArts",
         "fc5a2de2969173ff"],
        ["Mathlib.CategoryTheory.Limits.Preserves.Shapes.Products transitive imports (public)",
         "ed0fc4d136a197d0"],
        ["Mathlib.CategoryTheory.Limits.Preserves.Shapes.Products:importArts",
         "c3446f4f8fb8e87d"],
        ["Mathlib.CategoryTheory.Limits.Shapes.Kernels transitive imports (public)",
         "6cff3759b2eaa9d4"],
        ["Mathlib.CategoryTheory.Limits.Shapes.Kernels:importArts",
         "ced252555716e51a"],
        ["Mathlib.CategoryTheory.Limits.Shapes.Multiequalizer transitive imports (public)",
         "e1fa19c0fd8bfcc2"],
        ["Mathlib.CategoryTheory.Limits.Shapes.Multiequalizer:importArts",
         "499b0167b24cd119"],
        ["Mathlib.CategoryTheory.Limits.Types.Coproducts transitive imports (public)",
         "02f2e642fed03a45"],
        ["Mathlib.CategoryTheory.Limits.Types.Coproducts:importArts",
         "7753a929124651c3"],
        ["Mathlib.CategoryTheory.Limits.Types.Products transitive imports (public)",
         "898d8422109db68e"],
        ["Mathlib.CategoryTheory.Limits.Types.Products:importArts",
         "9fdaa405f4c6df93"],
        ["Mathlib.CategoryTheory.Limits.Types.Pullbacks transitive imports (public)",
         "fed94ce0ad8027d7"],
        ["Mathlib.CategoryTheory.Limits.Types.Pullbacks:importArts",
         "0f4ade04278d0168"]]]]],
    ["libs",
     [["import dynlibs", "00000000000006bb"],
      ["package external libraries", "00000000000006bb"],
      ["module dynlibs", "00000000000006bb"],
      ["module plugins", "00000000000006bb"]]]]],
  ["Lean 4.27.0, commit 2fcce7258eeb6e324366bc25f9058293b04b7547",
   "6f43b597efea5d4c"],
  ["C:\\Users\\mmeadow\\Documents\\OpenEvolve\\Frontend\\rese\\lean4\\.lake\\packages\\mathlib\\Mathlib\\CategoryTheory\\Limits\\Shapes\\ConcreteCategory.lean",
   "15c04fad0ddc392d"],
  ["options",
   [["-DmaxSynthPendingDepth=3", "c78e353d34de85d4"],
    ["-Dweak.linter.mathlibStandardSet=true", "8a155799906f2b42"],
    ["-Dweak.linter.checkInitImports=true", "cc899f26dd73bf81"],
    ["-Dweak.linter.style.header=true", "07ce48bb05b917ff"],
    ["-Dweak.linter.pythonStyle=true", "35186b2b2b67e319"],
    ["-Dweak.linter.style.longFile=1500", "d79864b112568ff5"],
    ["-Dpp.unicode.fun=true", "9b94070140457fab"],
    ["-Dweak.linter.allScriptsDocumented=true", "217af3ce76c25a94"],
    ["-DautoImplicit=false", "4a85acb881fd49d0"]]],
  ["Module.leanArgs: #[]", "00000000000006bb"]],
 "depHash": "e659dcb8f76d3a18"}