{"synthetic": false,
 "schemaVersion": "2025-09-10",
 "outputs":
 {"r": "58b20368a3f89f06.ir",
  "o":
  ["a00cef0ebe98b214.olean",
   "2f740e97dd92ccbf.olean.server",
   "032cf5d54f74ff13.olean.private"],
  "i": "352e2b9ead1f8cae.ilean",
  "c": "4ffeff0e80332f81.c"},
 "log":
 [{"message":
   ".> LEAN_PATH=C:\\Users\\mmeadow\\Documents\\OpenEvolve\\Frontend\\rese\\lean4\\.lake\\packages\\Cli\\.lake\\build\\lib\\lean;C:\\Users\\mmeadow\\Documents\\OpenEvolve\\Frontend\\rese\\lean4\\.lake\\packages\\batteries\\.lake\\build\\lib\\lean;C:\\Users\\mmeadow\\Documents\\OpenEvolve\\Frontend\\rese\\lean4\\.lake\\packages\\Qq\\.lake\\build\\lib\\lean;C:\\Users\\mmeadow\\Documents\\OpenEvolve\\Frontend\\rese\\lean4\\.lake\\packages\\aesop\\.lake\\build\\lib\\lean;C:\\Users\\mmeadow\\Documents\\OpenEvolve\\Frontend\\rese\\lean4\\.lake\\packages\\proofwidgets\\.lake\\build\\lib\\lean;C:\\Users\\mmeadow\\Documents\\OpenEvolve\\Frontend\\rese\\lean4\\.lake\\packages\\importGraph\\.lake\\build\\lib\\lean;C:\\Users\\mmeadow\\Documents\\OpenEvolve\\Frontend\\rese\\lean4\\.lake\\packages\\LeanSearchClient\\.lake\\build\\lib\\lean;C:\\Users\\mmeadow\\Documents\\OpenEvolve\\Frontend\\rese\\lean4\\.lake\\packages\\plausible\\.lake\\build\\lib\\lean;C:\\Users\\mmeadow\\Documents\\OpenEvolve\\Frontend\\rese\\lean4\\.lake\\packages\\mathlib\\.lake\\build\\lib\\lean;C:\\Users\\mmeadow\\Documents\\OpenEvolve\\Frontend\\rese\\lean4\\.lake\\build\\lib\\lean c:\\Users\\mmeadow\\.elan\\toolchains\\leanprover--lean4---v4.27.0-rc1\\bin\\lean.exe C:\\Users\\mmeadow\\Documents\\OpenEvolve\\Frontend\\rese\\lean4\\.lake\\packages\\mathlib\\Mathlib\\RingTheory\\Nilpotent\\Exp.lean -o C:\\Users\\mmeadow\\Documents\\OpenEvolve\\Frontend\\rese\\lean4\\.lake\\packages\\mathlib\\.lake\\build\\lib\\lean\\Mathlib\\RingTheory\\Nilpotent\\Exp.olean -i C:\\Users\\mmeadow\\Documents\\OpenEvolve\\Frontend\\rese\\lean4\\.lake\\packages\\mathlib\\.lake\\build\\lib\\lean\\Mathlib\\RingTheory\\Nilpotent\\Exp.ilean -c C:\\Users\\mmeadow\\Documents\\OpenEvolve\\Frontend\\rese\\lean4\\.lake\\packages\\mathlib\\.lake\\build\\ir\\Mathlib\\RingTheory\\Nilpotent\\Exp.c --setup C:\\Users\\mmeadow\\Documents\\OpenEvolve\\Frontend\\rese\\lean4\\.lake\\packages\\mathlib\\.lake\\build\\ir\\Mathlib\\RingTheory\\Nilpotent\\Exp.setup.json --json",
   "level": "trace"}],
 "inputs":
 [["Mathlib.RingTheory.Nilpotent.Exp:deps",
   [["deps",
     [["mathlib/Mathlib:extraDep", [["@mathlib:extraDep", "00000000000006bb"]]],
      ["imports",
       [["Mathlib.Algebra.Algebra.Basic transitive imports (public)",
         "6bc531079356df5d"],
        ["Mathlib.Algebra.Algebra.Basic:importArts", "54d329f327dcb652"],
        ["Mathlib.Algebra.Algebra.Bilinear transitive imports (public)",
         "8020ba52292de9c1"],
        ["Mathlib.Algebra.Algebra.Bilinear:importArts", "fd460a670630d547"],
        ["Mathlib.Algebra.BigOperators.GroupWithZero.Action transitive imports (public)",
         "2e82ca1b32c3d7c5"],
        ["Mathlib.Algebra.BigOperators.GroupWithZero.Action:importArts",
         "bfac4487cb42dea3"],
        ["Mathlib.Algebra.Module.BigOperators transitive imports (public)",
         "b5365e229770c4c3"],
        ["Mathlib.Algebra.Module.BigOperators:importArts", "18fca2b655719a27"],
        ["Mathlib.Algebra.Module.Rat transitive imports (public)",
         "54dff284aa69665d"],
        ["Mathlib.Algebra.Module.Rat:importArts", "78ec022de0fef3a7"],
        ["Mathlib.Data.Nat.Cast.Field transitive imports (public)",
         "8ea8f0f83ec948e5"],
        ["Mathlib.Data.Nat.Cast.Field:importArts", "b7217fe5766485a4"],
        ["Mathlib.LinearAlgebra.TensorProduct.Tower transitive imports (public)",
         "88d230a2f67b720c"],
        ["Mathlib.LinearAlgebra.TensorProduct.Tower:importArts",
         "47c7bdf57a9ba998"],
        ["Mathlib.RingTheory.Nilpotent.Basic transitive imports (public)",
         "7976da3141da4b84"],
        ["Mathlib.RingTheory.Nilpotent.Basic:importArts", "131c5382d6afabdf"],
        ["Mathlib.RingTheory.TensorProduct.Maps transitive imports (public)",
         "e55dc4089ba5eb51"],
        ["Mathlib.RingTheory.TensorProduct.Maps:importArts",
         "f7c0c61bacc00290"],
        ["Mathlib.Tactic.FieldSimp transitive imports (public)",
         "29a66f21228acff8"],
        ["Mathlib.Tactic.FieldSimp:importArts", "10939aed219bbd56"]]]]],
    ["libs",
     [["import dynlibs", "00000000000006bb"],
      ["package external libraries", "00000000000006bb"],
      ["module dynlibs", "00000000000006bb"],
      ["module plugins", "00000000000006bb"]]]]],
  ["Lean 4.27.0, commit 2fcce7258eeb6e324366bc25f9058293b04b7547",
   "6f43b597efea5d4c"],
  ["C:\\Users\\mmeadow\\Documents\\OpenEvolve\\Frontend\\rese\\lean4\\.lake\\packages\\mathlib\\Mathlib\\RingTheory\\Nilpotent\\Exp.lean",
   "cb20cc309bf7715c"],
  ["options",
   [["-DmaxSynthPendingDepth=3", "c78e353d34de85d4"],
    ["-Dweak.linter.mathlibStandardSet=true", "8a155799906f2b42"],
    ["-Dweak.linter.checkInitImports=true", "cc899f26dd73bf81"],
    ["-Dweak.linter.style.header=true", "07ce48bb05b917ff"],
    ["-Dweak.linter.pythonStyle=true", "35186b2b2b67e319"],
    ["-Dweak.linter.style.longFile=1500", "d79864b112568ff5"],
    ["-Dpp.unicode.fun=true", "9b94070140457fab"],
    ["-Dweak.linter.allScriptsDocumented=true", "217af3ce76c25a94"],
    ["-DautoImplicit=false", "4a85acb881fd49d0"]]],
  ["Module.leanArgs: #[]", "00000000000006bb"]],
 "depHash": "8190d096106b2158"}