{"synthetic": false,
 "schemaVersion": "2025-09-10",
 "outputs":
 {"r": "ab19425bf826ad19.ir",
  "o":
  ["8dc4fcaa6b5c86c4.olean",
   "89054f29ce2f5b30.olean.server",
   "b46a5f459d40d218.olean.private"],
  "i": "e280d45d8d366c0d.ilean",
  "c": "ffd6623f18d53bad.c"},
 "log":
 [{"message":
   ".> LEAN_PATH=C:\\Users\\mmeadow\\Documents\\OpenEvolve\\Frontend\\rese\\lean4\\.lake\\packages\\Cli\\.lake\\build\\lib\\lean;C:\\Users\\mmeadow\\Documents\\OpenEvolve\\Frontend\\rese\\lean4\\.lake\\packages\\batteries\\.lake\\build\\lib\\lean;C:\\Users\\mmeadow\\Documents\\OpenEvolve\\Frontend\\rese\\lean4\\.lake\\packages\\Qq\\.lake\\build\\lib\\lean;C:\\Users\\mmeadow\\Documents\\OpenEvolve\\Frontend\\rese\\lean4\\.lake\\packages\\aesop\\.lake\\build\\lib\\lean;C:\\Users\\mmeadow\\Documents\\OpenEvolve\\Frontend\\rese\\lean4\\.lake\\packages\\proofwidgets\\.lake\\build\\lib\\lean;C:\\Users\\mmeadow\\Documents\\OpenEvolve\\Frontend\\rese\\lean4\\.lake\\packages\\importGraph\\.lake\\build\\lib\\lean;C:\\Users\\mmeadow\\Documents\\OpenEvolve\\Frontend\\rese\\lean4\\.lake\\packages\\LeanSearchClient\\.lake\\build\\lib\\lean;C:\\Users\\mmeadow\\Documents\\OpenEvolve\\Frontend\\rese\\lean4\\.lake\\packages\\plausible\\.lake\\build\\lib\\lean;C:\\Users\\mmeadow\\Documents\\OpenEvolve\\Frontend\\rese\\lean4\\.lake\\packages\\mathlib\\.lake\\build\\lib\\lean;C:\\Users\\mmeadow\\Documents\\OpenEvolve\\Frontend\\rese\\lean4\\.lake\\build\\lib\\lean c:\\Users\\mmeadow\\.elan\\toolchains\\leanprover--lean4---v4.27.0-rc1\\bin\\lean.exe C:\\Users\\mmeadow\\Documents\\OpenEvolve\\Frontend\\rese\\lean4\\.lake\\packages\\mathlib\\Mathlib\\Algebra\\Group\\UniqueProds\\Basic.lean -o C:\\Users\\mmeadow\\Documents\\OpenEvolve\\Frontend\\rese\\lean4\\.lake\\packages\\mathlib\\.lake\\build\\lib\\lean\\Mathlib\\Algebra\\Group\\UniqueProds\\Basic.olean -i C:\\Users\\mmeadow\\Documents\\OpenEvolve\\Frontend\\rese\\lean4\\.lake\\packages\\mathlib\\.lake\\build\\lib\\lean\\Mathlib\\Algebra\\Group\\UniqueProds\\Basic.ilean -c C:\\Users\\mmeadow\\Documents\\OpenEvolve\\Frontend\\rese\\lean4\\.lake\\packages\\mathlib\\.lake\\build\\ir\\Mathlib\\Algebra\\Group\\UniqueProds\\Basic.c --setup C:\\Users\\mmeadow\\Documents\\OpenEvolve\\Frontend\\rese\\lean4\\.lake\\packages\\mathlib\\.lake\\build\\ir\\Mathlib\\Algebra\\Group\\UniqueProds\\Basic.setup.json --json",
   "level": "trace"}],
 "inputs":
 [["Mathlib.Algebra.Group.UniqueProds.Basic:deps",
   [["deps",
     [["mathlib/Mathlib:extraDep", [["@mathlib:extraDep", "00000000000006bb"]]],
      ["imports",
       [["Mathlib.Algebra.Group.Equiv.Opposite transitive imports (public)",
         "716bfcd1929ce1ce"],
        ["Mathlib.Algebra.Group.Equiv.Opposite:importArts", "b58245138aae3ec3"],
        ["Mathlib.Algebra.Group.Finsupp transitive imports (public)",
         "244aec93749ca312"],
        ["Mathlib.Algebra.Group.Finsupp:importArts", "669aa30ded93ed2e"],
        ["Mathlib.Algebra.Group.Pi.Lemmas transitive imports (public)",
         "a01c59d93939cced"],
        ["Mathlib.Algebra.Group.Pi.Lemmas:importArts", "479bb864af1552c0"],
        ["Mathlib.Algebra.Group.Pointwise.Finset.Basic transitive imports (public)",
         "29fe7a96e674eed2"],
        ["Mathlib.Algebra.Group.Pointwise.Finset.Basic:importArts",
         "f37efb7adb7d01e7"],
        ["Mathlib.Algebra.Group.TypeTags.Basic transitive imports (public)",
         "30f1b9ffc5466482"],
        ["Mathlib.Algebra.Group.TypeTags.Basic:importArts", "b479398b25542608"],
        ["Mathlib.Algebra.Group.ULift transitive imports (public)",
         "886264e4050b39cb"],
        ["Mathlib.Algebra.Group.ULift:importArts", "cf143bc85c303af0"],
        ["Mathlib.Data.DFinsupp.Defs transitive imports (public)",
         "ad223c6eb147c0b5"],
        ["Mathlib.Data.DFinsupp.Defs:importArts", "73501267b2e13b99"]]]]],
    ["libs",
     [["import dynlibs", "00000000000006bb"],
      ["package external libraries", "00000000000006bb"],
      ["module dynlibs", "00000000000006bb"],
      ["module plugins", "00000000000006bb"]]]]],
  ["Lean 4.27.0, commit 2fcce7258eeb6e324366bc25f9058293b04b7547",
   "6f43b597efea5d4c"],
  ["C:\\Users\\mmeadow\\Documents\\OpenEvolve\\Frontend\\rese\\lean4\\.lake\\packages\\mathlib\\Mathlib\\Algebra\\Group\\UniqueProds\\Basic.lean",
   "2cb9a0e6e4b98d54"],
  ["options",
   [["-DmaxSynthPendingDepth=3", "c78e353d34de85d4"],
    ["-Dweak.linter.mathlibStandardSet=true", "8a155799906f2b42"],
    ["-Dweak.linter.checkInitImports=true", "cc899f26dd73bf81"],
    ["-Dweak.linter.style.header=true", "07ce48bb05b917ff"],
    ["-Dweak.linter.pythonStyle=true", "35186b2b2b67e319"],
    ["-Dweak.linter.style.longFile=1500", "d79864b112568ff5"],
    ["-Dpp.unicode.fun=true", "9b94070140457fab"],
    ["-Dweak.linter.allScriptsDocumented=true", "217af3ce76c25a94"],
    ["-DautoImplicit=false", "4a85acb881fd49d0"]]],
  ["Module.leanArgs: #[]", "00000000000006bb"]],
 "depHash": "6d834dc754fabd58"}