{"synthetic": false,
 "schemaVersion": "2025-09-10",
 "outputs":
 {"r": "5046f8f882e9b3c0.ir",
  "o":
  ["093d0c4eeea117d4.olean",
   "7379abdbd70e2db8.olean.server",
   "e4bac2ae83de38fa.olean.private"],
  "i": "e9db3a9b31a4897e.ilean",
  "c": "ab169bc3d1ac6fda.c"},
 "log":
 [{"message":
   ".> LEAN_PATH=C:\\Users\\mmeadow\\Documents\\OpenEvolve\\Frontend\\rese\\lean4\\.lake\\packages\\Cli\\.lake\\build\\lib\\lean;C:\\Users\\mmeadow\\Documents\\OpenEvolve\\Frontend\\rese\\lean4\\.lake\\packages\\batteries\\.lake\\build\\lib\\lean;C:\\Users\\mmeadow\\Documents\\OpenEvolve\\Frontend\\rese\\lean4\\.lake\\packages\\Qq\\.lake\\build\\lib\\lean;C:\\Users\\mmeadow\\Documents\\OpenEvolve\\Frontend\\rese\\lean4\\.lake\\packages\\aesop\\.lake\\build\\lib\\lean;C:\\Users\\mmeadow\\Documents\\OpenEvolve\\Frontend\\rese\\lean4\\.lake\\packages\\proofwidgets\\.lake\\build\\lib\\lean;C:\\Users\\mmeadow\\Documents\\OpenEvolve\\Frontend\\rese\\lean4\\.lake\\packages\\importGraph\\.lake\\build\\lib\\lean;C:\\Users\\mmeadow\\Documents\\OpenEvolve\\Frontend\\rese\\lean4\\.lake\\packages\\LeanSearchClient\\.lake\\build\\lib\\lean;C:\\Users\\mmeadow\\Documents\\OpenEvolve\\Frontend\\rese\\lean4\\.lake\\packages\\plausible\\.lake\\build\\lib\\lean;C:\\Users\\mmeadow\\Documents\\OpenEvolve\\Frontend\\rese\\lean4\\.lake\\packages\\mathlib\\.lake\\build\\lib\\lean;C:\\Users\\mmeadow\\Documents\\OpenEvolve\\Frontend\\rese\\lean4\\.lake\\build\\lib\\lean c:\\Users\\mmeadow\\.elan\\toolchains\\leanprover--lean4---v4.27.0-rc1\\bin\\lean.exe C:\\Users\\mmeadow\\Documents\\OpenEvolve\\Frontend\\rese\\lean4\\.lake\\packages\\mathlib\\Mathlib\\Algebra\\Order\\Star\\Basic.lean -o C:\\Users\\mmeadow\\Documents\\OpenEvolve\\Frontend\\rese\\lean4\\.lake\\packages\\mathlib\\.lake\\build\\lib\\lean\\Mathlib\\Algebra\\Order\\Star\\Basic.olean -i C:\\Users\\mmeadow\\Documents\\OpenEvolve\\Frontend\\rese\\lean4\\.lake\\packages\\mathlib\\.lake\\build\\lib\\lean\\Mathlib\\Algebra\\Order\\Star\\Basic.ilean -c C:\\Users\\mmeadow\\Documents\\OpenEvolve\\Frontend\\rese\\lean4\\.lake\\packages\\mathlib\\.lake\\build\\ir\\Mathlib\\Algebra\\Order\\Star\\Basic.c --setup C:\\Users\\mmeadow\\Documents\\OpenEvolve\\Frontend\\rese\\lean4\\.lake\\packages\\mathlib\\.lake\\build\\ir\\Mathlib\\Algebra\\Order\\Star\\Basic.setup.json --json",
   "level": "trace"}],
 "inputs":
 [["Mathlib.Algebra.Order.Star.Basic:deps",
   [["deps",
     [["mathlib/Mathlib:extraDep", [["@mathlib:extraDep", "00000000000006bb"]]],
      ["imports",
       [["Mathlib.Algebra.Group.Submonoid.Operations transitive imports (public)",
         "dace3c450a3d6175"],
        ["Mathlib.Algebra.Group.Submonoid.Operations:importArts",
         "dff5b9246549252e"],
        ["Mathlib.Algebra.GroupWithZero.Regular transitive imports (public)",
         "1581762d18cbfecb"],
        ["Mathlib.Algebra.GroupWithZero.Regular:importArts",
         "e6a899c4f4d10939"],
        ["Mathlib.Algebra.Order.Module.Defs transitive imports (public)",
         "b77d6b932f85200a"],
        ["Mathlib.Algebra.Order.Module.Defs:importArts", "26815a689ed04f60"],
        ["Mathlib.Algebra.Order.Group.Nat transitive imports (public)",
         "f7c4d4472e3f6762"],
        ["Mathlib.Algebra.Order.Group.Nat:importArts", "2a267ba56887395d"],
        ["Mathlib.Algebra.Order.Group.Opposite transitive imports (public)",
         "da589dec16a9d86d"],
        ["Mathlib.Algebra.Order.Group.Opposite:importArts", "ebb986c611f501fb"],
        ["Mathlib.Algebra.Star.SelfAdjoint transitive imports (public)",
         "5ab7aec8711fd8c5"],
        ["Mathlib.Algebra.Star.SelfAdjoint:importArts", "1149239f554b5b44"],
        ["Mathlib.Algebra.Star.StarRingHom transitive imports (public)",
         "068a95fe962accc3"],
        ["Mathlib.Algebra.Star.StarRingHom:importArts", "8d71958b9427b8fe"],
        ["Mathlib.Tactic.ContinuousFunctionalCalculus transitive imports (public)",
         "3987221e3705d6ea"],
        ["Mathlib.Tactic.ContinuousFunctionalCalculus:importArts",
         "3b7f5870419d161b"],
        ["Mathlib.Algebra.Star.StarProjection transitive imports (public)",
         "b318a0e0de8371dd"],
        ["Mathlib.Algebra.Star.StarProjection:importArts",
         "6d0319c950e9cb7a"]]]]],
    ["libs",
     [["import dynlibs", "00000000000006bb"],
      ["package external libraries", "00000000000006bb"],
      ["module dynlibs", "00000000000006bb"],
      ["module plugins", "00000000000006bb"]]]]],
  ["Lean 4.27.0, commit 2fcce7258eeb6e324366bc25f9058293b04b7547",
   "6f43b597efea5d4c"],
  ["C:\\Users\\mmeadow\\Documents\\OpenEvolve\\Frontend\\rese\\lean4\\.lake\\packages\\mathlib\\Mathlib\\Algebra\\Order\\Star\\Basic.lean",
   "91c979ab04f393b4"],
  ["options",
   [["-DmaxSynthPendingDepth=3", "c78e353d34de85d4"],
    ["-Dweak.linter.mathlibStandardSet=true", "8a155799906f2b42"],
    ["-Dweak.linter.checkInitImports=true", "cc899f26dd73bf81"],
    ["-Dweak.linter.style.header=true", "07ce48bb05b917ff"],
    ["-Dweak.linter.pythonStyle=true", "35186b2b2b67e319"],
    ["-Dweak.linter.style.longFile=1500", "d79864b112568ff5"],
    ["-Dpp.unicode.fun=true", "9b94070140457fab"],
    ["-Dweak.linter.allScriptsDocumented=true", "217af3ce76c25a94"],
    ["-DautoImplicit=false", "4a85acb881fd49d0"]]],
  ["Module.leanArgs: #[]", "00000000000006bb"]],
 "depHash": "043ca97e47e4adc0"}