{"synthetic": false,
 "schemaVersion": "2025-09-10",
 "outputs":
 {"r": "8a2aa590dbd713f3.ir",
  "o":
  ["0faf8339a5595a6d.olean",
   "97a961952b2c0178.olean.server",
   "d8de6a7b3140eca5.olean.private"],
  "i": "52c1a9276d4c89ff.ilean",
  "c": "5a0c8916de523ef0.c"},
 "log":
 [{"message":
   ".> LEAN_PATH=C:\\Users\\mmeadow\\Documents\\OpenEvolve\\Frontend\\rese\\lean4\\.lake\\packages\\Cli\\.lake\\build\\lib\\lean;C:\\Users\\mmeadow\\Documents\\OpenEvolve\\Frontend\\rese\\lean4\\.lake\\packages\\batteries\\.lake\\build\\lib\\lean;C:\\Users\\mmeadow\\Documents\\OpenEvolve\\Frontend\\rese\\lean4\\.lake\\packages\\Qq\\.lake\\build\\lib\\lean;C:\\Users\\mmeadow\\Documents\\OpenEvolve\\Frontend\\rese\\lean4\\.lake\\packages\\aesop\\.lake\\build\\lib\\lean;C:\\Users\\mmeadow\\Documents\\OpenEvolve\\Frontend\\rese\\lean4\\.lake\\packages\\proofwidgets\\.lake\\build\\lib\\lean;C:\\Users\\mmeadow\\Documents\\OpenEvolve\\Frontend\\rese\\lean4\\.lake\\packages\\importGraph\\.lake\\build\\lib\\lean;C:\\Users\\mmeadow\\Documents\\OpenEvolve\\Frontend\\rese\\lean4\\.lake\\packages\\LeanSearchClient\\.lake\\build\\lib\\lean;C:\\Users\\mmeadow\\Documents\\OpenEvolve\\Frontend\\rese\\lean4\\.lake\\packages\\plausible\\.lake\\build\\lib\\lean;C:\\Users\\mmeadow\\Documents\\OpenEvolve\\Frontend\\rese\\lean4\\.lake\\packages\\mathlib\\.lake\\build\\lib\\lean;C:\\Users\\mmeadow\\Documents\\OpenEvolve\\Frontend\\rese\\lean4\\.lake\\build\\lib\\lean c:\\Users\\mmeadow\\.elan\\toolchains\\leanprover--lean4---v4.27.0-rc1\\bin\\lean.exe C:\\Users\\mmeadow\\Documents\\OpenEvolve\\Frontend\\rese\\lean4\\.lake\\packages\\mathlib\\Mathlib\\LinearAlgebra\\LinearIndependent\\Lemmas.lean -o C:\\Users\\mmeadow\\Documents\\OpenEvolve\\Frontend\\rese\\lean4\\.lake\\packages\\mathlib\\.lake\\build\\lib\\lean\\Mathlib\\LinearAlgebra\\LinearIndependent\\Lemmas.olean -i C:\\Users\\mmeadow\\Documents\\OpenEvolve\\Frontend\\rese\\lean4\\.lake\\packages\\mathlib\\.lake\\build\\lib\\lean\\Mathlib\\LinearAlgebra\\LinearIndependent\\Lemmas.ilean -c C:\\Users\\mmeadow\\Documents\\OpenEvolve\\Frontend\\rese\\lean4\\.lake\\packages\\mathlib\\.lake\\build\\ir\\Mathlib\\LinearAlgebra\\LinearIndependent\\Lemmas.c --setup C:\\Users\\mmeadow\\Documents\\OpenEvolve\\Frontend\\rese\\lean4\\.lake\\packages\\mathlib\\.lake\\build\\ir\\Mathlib\\LinearAlgebra\\LinearIndependent\\Lemmas.setup.json --json",
   "level": "trace"}],
 "inputs":
 [["Mathlib.LinearAlgebra.LinearIndependent.Lemmas:deps",
   [["deps",
     [["mathlib/Mathlib:extraDep", [["@mathlib:extraDep", "00000000000006bb"]]],
      ["imports",
       [["Mathlib.Data.Fin.Tuple.Reflection transitive imports (public)",
         "8739edc697a459f2"],
        ["Mathlib.Data.Fin.Tuple.Reflection:importArts", "ab73b3db2807bf8c"],
        ["Mathlib.LinearAlgebra.Finsupp.SumProd transitive imports (public)",
         "4a7b52ef536a00f3"],
        ["Mathlib.LinearAlgebra.Finsupp.SumProd:importArts",
         "9d6ad45ebf01379c"],
        ["Mathlib.LinearAlgebra.LinearIndependent.Basic transitive imports (public)",
         "cb42966c9253c25d"],
        ["Mathlib.LinearAlgebra.LinearIndependent.Basic:importArts",
         "a8d52456956cd5b8"],
        ["Mathlib.LinearAlgebra.Pi transitive imports (public)",
         "2b3c45d4e849268c"],
        ["Mathlib.LinearAlgebra.Pi:importArts", "2a4e4ff02ad86608"],
        ["Mathlib.Logic.Equiv.Fin.Rotate transitive imports (public)",
         "553cbe1454468988"],
        ["Mathlib.Logic.Equiv.Fin.Rotate:importArts", "185bd9ca6df4cc6a"],
        ["Mathlib.Tactic.FinCases transitive imports (public)",
         "43d584ce087691d5"],
        ["Mathlib.Tactic.FinCases:importArts", "b492af0a598e41bb"],
        ["Mathlib.Tactic.LinearCombination transitive imports (public)",
         "4ce8d0d52171494a"],
        ["Mathlib.Tactic.LinearCombination:importArts", "dcee120566ae118f"],
        ["Mathlib.Tactic.Module transitive imports (public)",
         "6c0315fe125cae77"],
        ["Mathlib.Tactic.Module:importArts", "f1f2898b45520a55"],
        ["Mathlib.Tactic.NoncommRing transitive imports (public)",
         "0c19bfeec76ae3e1"],
        ["Mathlib.Tactic.NoncommRing:importArts", "6a4c97c7d4b15395"]]]]],
    ["libs",
     [["import dynlibs", "00000000000006bb"],
      ["package external libraries", "00000000000006bb"],
      ["module dynlibs", "00000000000006bb"],
      ["module plugins", "00000000000006bb"]]]]],
  ["Lean 4.27.0, commit 2fcce7258eeb6e324366bc25f9058293b04b7547",
   "6f43b597efea5d4c"],
  ["C:\\Users\\mmeadow\\Documents\\OpenEvolve\\Frontend\\rese\\lean4\\.lake\\packages\\mathlib\\Mathlib\\LinearAlgebra\\LinearIndependent\\Lemmas.lean",
   "f52ecd5d4a28d4b4"],
  ["options",
   [["-DmaxSynthPendingDepth=3", "c78e353d34de85d4"],
    ["-Dweak.linter.mathlibStandardSet=true", "8a155799906f2b42"],
    ["-Dweak.linter.checkInitImports=true", "cc899f26dd73bf81"],
    ["-Dweak.linter.style.header=true", "07ce48bb05b917ff"],
    ["-Dweak.linter.pythonStyle=true", "35186b2b2b67e319"],
    ["-Dweak.linter.style.longFile=1500", "d79864b112568ff5"],
    ["-Dpp.unicode.fun=true", "9b94070140457fab"],
    ["-Dweak.linter.allScriptsDocumented=true", "217af3ce76c25a94"],
    ["-DautoImplicit=false", "4a85acb881fd49d0"]]],
  ["Module.leanArgs: #[]", "00000000000006bb"]],
 "depHash": "b3d370690fcbc9d1"}