{"synthetic": false,
 "schemaVersion": "2025-09-10",
 "outputs": null,
 "log":
 [{"message":
   "/home/runner/work/ProofWidgets4/ProofWidgets4/widget> npm clean-install",
   "level": "trace"},
  {"message":
   "stdout:\nadded 365 packages, and audited 366 packages in 8s\n\n68 packages are looking for funding\n  run `npm fund` for details\n\n2 vulnerabilities (1 low, 1 high)\n\nTo address all issues, run:\n  npm audit fix\n\nRun `npm audit` for details.",
   "level": "trace"},
  {"message":
   "stderr:\nnpm warn deprecated three-mesh-bvh@0.7.8: Deprecated due to three.js version incompatibility. Please use v0.8.0, instead.",
   "level": "trace"},
  {"message":
   "/home/runner/work/ProofWidgets4/ProofWidgets4/widget> npm run build",
   "level": "trace"},
  {"message":
   "stdout:\n> @leanprover-community/proofwidgets4@0.1.0 build\n> npx tsc && rollup --environment NODE_ENV:production --config",
   "level": "trace"},
  {"message":
   "stderr:\n\u001b[36m\n\u001b[1mdist/rubiks.js\u001b[22m → \u001b[1m../.lake/build/js\u001b[22m...\u001b[39m\n\u001b[32mcreated \u001b[1m../.lake/build/js\u001b[22m in \u001b[1m8.1s\u001b[22m\u001b[39m\n\u001b[36m\n\u001b[1mdist/recharts.js\u001b[22m → \u001b[1m../.lake/build/js\u001b[22m...\u001b[39m\n\u001b[1m\u001b[33m(!) Circular dependencies\u001b[39m\u001b[22m\nnode_modules/d3-interpolate/src/value.js -> node_modules/d3-interpolate/src/array.js -> node_modules/d3-interpolate/src/value.js\nnode_modules/d3-interpolate/src/value.js -> node_modules/d3-interpolate/src/object.js -> node_modules/d3-interpolate/src/value.js\nnode_modules/recharts/es6/util/ChartUtils.js -> node_modules/recharts/es6/util/getLegendProps.js -> node_modules/recharts/es6/util/ChartUtils.js\n\u001b[32mcreated \u001b[1m../.lake/build/js\u001b[22m in \u001b[1m5.4s\u001b[22m\u001b[39m\n\u001b[36m\n\u001b[1mdist/rbTree.js\u001b[22m → \u001b[1m../.lake/build/js\u001b[22m...\u001b[39m\n\u001b[1m\u001b[33m(!) Circular dependencies\u001b[39m\u001b[22m\nnode_modules/d3-selection/src/selection/index.js -> node_modules/d3-selection/src/selection/select.js -> node_modules/d3-selection/src/selection/index.js\nnode_modules/d3-selection/src/selection/index.js -> node_modules/d3-selection/src/selection/selectAll.js -> node_modules/d3-selection/src/selection/index.js\nnode_modules/d3-selection/src/selection/index.js -> node_modules/d3-selection/src/selection/filter.js -> node_modules/d3-selection/src/selection/index.js\n...and 12 more\n\u001b[32mcreated \u001b[1m../.lake/build/js\u001b[22m in \u001b[1m1.3s\u001b[22m\u001b[39m\n\u001b[36m\n\u001b[1mdist/presentSelection.js\u001b[22m → \u001b[1m../.lake/build/js\u001b[22m...\u001b[39m\n\u001b[32mcreated \u001b[1m../.lake/build/js\u001b[22m in \u001b[1m151ms\u001b[22m\u001b[39m\n\u001b[36m\n\u001b[1mdist/penroseDisplay.js\u001b[22m → \u001b[1m../.lake/build/js\u001b[22m...\u001b[39m\n\u001b[1m\u001b[33m(!) Circular dependencies\u001b[39m\u001b[22m\nnode_modules/true-myth/dist/es/maybe.js -> node_modules/true-myth/dist/es/result.js -> node_modules/true-myth/dist/es/maybe.js\nnode_modules/@penrose/core/dist/engine/EngineUtils.js -> node_modules/@penrose/core/dist/utils/Util.js -> node_modules/@penrose/core/dist/engine/EngineUtils.js\nnode_modules/@penrose/core/dist/engine/BBox.js -> node_modules/@penrose/core/dist/contrib/Queries.js -> node_modules/@penrose/core/dist/engine/BBox.js\n...and 14 more\n\u001b[32mcreated \u001b[1m../.lake/build/js\u001b[22m in \u001b[1m11.9s\u001b[22m\u001b[39m\n\u001b[36m\n\u001b[1mdist/penroseCanvas.js\u001b[22m → \u001b[1m../.lake/build/js\u001b[22m...\u001b[39m\n\u001b[1m\u001b[33m(!) Circular dependencies\u001b[39m\u001b[22m\nnode_modules/true-myth/dist/es/maybe.js -> node_modules/true-myth/dist/es/result.js -> node_modules/true-myth/dist/es/maybe.js\nnode_modules/@penrose/core/dist/engine/EngineUtils.js -> node_modules/@penrose/core/dist/utils/Util.js -> node_modules/@penrose/core/dist/engine/EngineUtils.js\nnode_modules/@penrose/core/dist/engine/BBox.js -> node_modules/@penrose/core/dist/contrib/Queries.js -> node_modules/@penrose/core/dist/engine/BBox.js\n...and 14 more\n\u001b[32mcreated \u001b[1m../.lake/build/js\u001b[22m in \u001b[1m11.7s\u001b[22m\u001b[39m\n\u001b[36m\n\u001b[1mdist/ofRpcMethod.js\u001b[22m → \u001b[1m../.lake/build/js\u001b[22m...\u001b[39m\n\u001b[32mcreated \u001b[1m../.lake/build/js\u001b[22m in \u001b[1m137ms\u001b[22m\u001b[39m\n\u001b[36m\n\u001b[1mdist/makeEditLink.js\u001b[22m → \u001b[1m../.lake/build/js\u001b[22m...\u001b[39m\n\u001b[32mcreated \u001b[1m../.lake/build/js\u001b[22m in \u001b[1m101ms\u001b[22m\u001b[39m\n\u001b[36m\n\u001b[1mdist/interactiveSvg.js\u001b[22m → \u001b[1m../.lake/build/js\u001b[22m...\u001b[39m\n\u001b[32mcreated \u001b[1m../.lake/build/js\u001b[22m in \u001b[1m144ms\u001b[22m\u001b[39m\n\u001b[36m\n\u001b[1mdist/interactiveExpr.js\u001b[22m → \u001b[1m../.lake/build/js\u001b[22m...\u001b[39m\n\u001b[32mcreated \u001b[1m../.lake/build/js\u001b[22m in \u001b[1m108ms\u001b[22m\u001b[39m\n\u001b[36m\n\u001b[1mdist/index.js\u001b[22m → \u001b[1m../.lake/build/js\u001b[22m...\u001b[39m\n\u001b[32mcreated \u001b[1m../.lake/build/js\u001b[22m in \u001b[1m117ms\u001b[22m\u001b[39m\n\u001b[36m\n\u001b[1mdist/htmlDisplayPanel.js\u001b[22m → \u001b[1m../.lake/build/js\u001b[22m...\u001b[39m\n\u001b[32mcreated \u001b[1m../.lake/build/js\u001b[22m in \u001b[1m118ms\u001b[22m\u001b[39m\n\u001b[36m\n\u001b[1mdist/htmlDisplay.js\u001b[22m → \u001b[1m../.lake/build/js\u001b[22m...\u001b[39m\n\u001b[32mcreated \u001b[1m../.lake/build/js\u001b[22m in \u001b[1m115ms\u001b[22m\u001b[39m\n\u001b[36m\n\u001b[1mdist/goalTypePanel.js\u001b[22m → \u001b[1m../.lake/build/js\u001b[22m...\u001b[39m\n\u001b[32mcreated \u001b[1m../.lake/build/js\u001b[22m in \u001b[1m147ms\u001b[22m\u001b[39m\n\u001b[36m\n\u001b[1mdist/filterDetails.js\u001b[22m → \u001b[1m../.lake/build/js\u001b[22m...\u001b[39m\n\u001b[32mcreated \u001b[1m../.lake/build/js\u001b[22m in \u001b[1m125ms\u001b[22m\u001b[39m\n\u001b[36m\n\u001b[1mdist/exprPresentation.js\u001b[22m → \u001b[1m../.lake/build/js\u001b[22m...\u001b[39m\n\u001b[32mcreated \u001b[1m../.lake/build/js\u001b[22m in \u001b[1m145ms\u001b[22m\u001b[39m\n\u001b[36m\n\u001b[1mdist/d3Graph.js\u001b[22m → \u001b[1m../.lake/build/js\u001b[22m...\u001b[39m\n\u001b[1m\u001b[33m(!) Circular dependencies\u001b[39m\u001b[22m\nnode_modules/d3-selection/src/selection/index.js -> node_modules/d3-selection/src/selection/select.js -> node_modules/d3-selection/src/selection/index.js\nnode_modules/d3-selection/src/selection/index.js -> node_modules/d3-selection/src/selection/selectAll.js -> node_modules/d3-selection/src/selection/index.js\nnode_modules/d3-selection/src/selection/index.js -> node_modules/d3-selection/src/selection/filter.js -> node_modules/d3-selection/src/selection/index.js\n...and 12 more\n\u001b[32mcreated \u001b[1m../.lake/build/js\u001b[22m in \u001b[1m2.2s\u001b[22m\u001b[39m\n\u001b[36m\n\u001b[1mdist/cancellable.js\u001b[22m → \u001b[1m../.lake/build/js\u001b[22m...\u001b[39m\n\u001b[32mcreated \u001b[1m../.lake/build/js\u001b[22m in \u001b[1m106ms\u001b[22m\u001b[39m\n\u001b[36m\n\u001b[1mdist/animatedHtml.js\u001b[22m → \u001b[1m../.lake/build/js\u001b[22m...\u001b[39m\n\u001b[32mcreated \u001b[1m../.lake/build/js\u001b[22m in \u001b[1m126ms\u001b[22m\u001b[39m",
   "level": "trace"}],
 "inputs":
 [["/home/runner/work/ProofWidgets4/ProofWidgets4/widget/src",
   "f716b20f8794ff65"],
  ["/home/runner/work/ProofWidgets4/ProofWidgets4/widget/rollup.config.js",
   "0e4ae57d3df5fc55"],
  ["/home/runner/work/ProofWidgets4/ProofWidgets4/widget/tsconfig.json",
   "1078f41213978103"],
  ["/home/runner/work/ProofWidgets4/ProofWidgets4/widget/package-lock.json",
   "0186e1ad4f7ac1f8"]],
 "depHash": "637b525281701395"}