{"synthetic": false,
 "schemaVersion": "2025-09-10",
 "outputs":
 {"r": "57eca8761777285d.ir",
  "o":
  ["d73e7cef02fe1240.olean",
   "8513593260db0399.olean.server",
   "72071acfca23d9e8.olean.private"],
  "i": "8aab19e7cbfe128a.ilean",
  "c": "69377f14999dfcd7.c"},
 "log":
 [{"message":
   ".> LEAN_PATH=/home/runner/work/reservoir/reservoir/testbed/repo/.lake/build/lib/lean /home/runner/.elan/toolchains/leanprover--lean4---v4.27.0-rc1/bin/lean /home/runner/work/reservoir/reservoir/testbed/repo/LeanSearchClient/Basic.lean -o /home/runner/work/reservoir/reservoir/testbed/repo/.lake/build/lib/lean/LeanSearchClient/Basic.olean -i /home/runner/work/reservoir/reservoir/testbed/repo/.lake/build/lib/lean/LeanSearchClient/Basic.ilean -c /home/runner/work/reservoir/reservoir/testbed/repo/.lake/build/ir/LeanSearchClient/Basic.c --setup /home/runner/work/reservoir/reservoir/testbed/repo/.lake/build/ir/LeanSearchClient/Basic.setup.json --json",
   "level": "trace"}],
 "inputs":
 [["LeanSearchClient.Basic:deps",
   [["deps",
     [["LeanSearchClient/LeanSearchClient:extraDep",
       [["@LeanSearchClient:extraDep", "00000000000006bb"]]],
      ["imports", "00000000000006bb"]]],
    ["libs",
     [["import dynlibs", "00000000000006bb"],
      ["package external libraries", "00000000000006bb"],
      ["module dynlibs", "00000000000006bb"],
      ["module plugins", "00000000000006bb"]]]]],
  ["Lean 4.27.0, commit 2fcce7258eeb6e324366bc25f9058293b04b7547",
   "6f43b597efea5d4c"],
  ["/home/runner/work/reservoir/reservoir/testbed/repo/LeanSearchClient/Basic.lean",
   "8ad8f3ba37422ffe"],
  ["options", "00000000000006bb"],
  ["Module.leanArgs: #[]", "00000000000006bb"]],
 "depHash": "3a0b84b26aff8b4e"}