{"synthetic": false,
 "schemaVersion": "2025-09-10",
 "outputs":
 {"o": ["07770f39cd941f6d.olean"],
  "i": "6701c602c7b9e86e.ilean",
  "c": "9270e96f265fa368.c"},
 "log":
 [{"message":
   ".> LEAN_PATH=C:\\Users\\mmeadow\\Documents\\OpenEvolve\\Frontend\\lean_workspace\\mathlib_project\\.lake\\packages\\Cli\\.lake\\build\\lib\\lean;C:\\Users\\mmeadow\\Documents\\OpenEvolve\\Frontend\\lean_workspace\\mathlib_project\\.lake\\packages\\batteries\\.lake\\build\\lib\\lean;C:\\Users\\mmeadow\\Documents\\OpenEvolve\\Frontend\\lean_workspace\\mathlib_project\\.lake\\packages\\Qq\\.lake\\build\\lib\\lean;C:\\Users\\mmeadow\\Documents\\OpenEvolve\\Frontend\\lean_workspace\\mathlib_project\\.lake\\packages\\aesop\\.lake\\build\\lib\\lean;C:\\Users\\mmeadow\\Documents\\OpenEvolve\\Frontend\\lean_workspace\\mathlib_project\\.lake\\packages\\proofwidgets\\.lake\\build\\lib\\lean;C:\\Users\\mmeadow\\Documents\\OpenEvolve\\Frontend\\lean_workspace\\mathlib_project\\.lake\\packages\\importGraph\\.lake\\build\\lib\\lean;C:\\Users\\mmeadow\\Documents\\OpenEvolve\\Frontend\\lean_workspace\\mathlib_project\\.lake\\packages\\LeanSearchClient\\.lake\\build\\lib\\lean;C:\\Users\\mmeadow\\Documents\\OpenEvolve\\Frontend\\lean_workspace\\mathlib_project\\.lake\\packages\\plausible\\.lake\\build\\lib\\lean;C:\\Users\\mmeadow\\Documents\\OpenEvolve\\Frontend\\lean_workspace\\mathlib_project\\.lake\\packages\\mathlib\\.lake\\build\\lib\\lean;C:\\Users\\mmeadow\\Documents\\OpenEvolve\\Frontend\\lean_workspace\\mathlib_project\\.lake\\build\\lib\\lean c:\\Users\\mmeadow\\.elan\\toolchains\\leanprover--lean4---v4.28.0-rc1\\bin\\lean.exe C:\\Users\\mmeadow\\Documents\\OpenEvolve\\Frontend\\lean_workspace\\mathlib_project\\MathlibProject.lean -o C:\\Users\\mmeadow\\Documents\\OpenEvolve\\Frontend\\lean_workspace\\mathlib_project\\.lake\\build\\lib\\lean\\MathlibProject.olean -i C:\\Users\\mmeadow\\Documents\\OpenEvolve\\Frontend\\lean_workspace\\mathlib_project\\.lake\\build\\lib\\lean\\MathlibProject.ilean -c C:\\Users\\mmeadow\\Documents\\OpenEvolve\\Frontend\\lean_workspace\\mathlib_project\\.lake\\build\\ir\\MathlibProject.c --setup C:\\Users\\mmeadow\\Documents\\OpenEvolve\\Frontend\\lean_workspace\\mathlib_project\\.lake\\build\\ir\\MathlibProject.setup.json --json",
   "level": "trace"}],
 "inputs":
 [["MathlibProject:deps",
   [["deps",
     [["mathlib_project/MathlibProject:extraDep",
       [["@mathlib_project:extraDep", "00000000000006bb"]]],
      ["imports",
       [["Mathlib transitive imports (legacy)", "4672b53aeb272fbd"],
        ["Mathlib:importAllArts", "734bc89e0397fc71"]]]]],
    ["libs",
     [["import dynlibs", "00000000000006bb"],
      ["package external libraries", "00000000000006bb"],
      ["module dynlibs", "00000000000006bb"],
      ["module plugins", "00000000000006bb"]]]]],
  ["Lean 4.28.0, commit 3b0f2862196c6a8af9eb0025ee650252694013dd",
   "612345b87aa96642"],
  ["C:\\Users\\mmeadow\\Documents\\OpenEvolve\\Frontend\\lean_workspace\\mathlib_project\\MathlibProject.lean",
   "7ed47afc1bf86071"],
  ["options", [["-Dpp.unicode.fun=true", "9b94070140457fab"]]],
  ["Module.leanArgs: #[]", "00000000000006bb"]],
 "depHash": "be2ebc061395bcc2"}