{"synthetic": false,
 "schemaVersion": "2025-09-10",
 "outputs":
 {"r": "032c7cb4082d2d20.ir",
  "o":
  ["808bad180b0408a5.olean",
   "5f68d9612f3c4df0.olean.server",
   "bf79b1c6533d9edf.olean.private"],
  "i": "f4a73cb11b098726.ilean",
  "c": "411e6a797dea1975.c"},
 "log":
 [{"message":
   ".> LEAN_PATH=/home/runner/work/ProofWidgets4/ProofWidgets4/.lake/build/lib/lean /home/runner/.elan/toolchains/leanprover--lean4---v4.27.0-rc1/bin/lean /home/runner/work/ProofWidgets4/ProofWidgets4/ProofWidgets/Demos/LazyComputation.lean -o /home/runner/work/ProofWidgets4/ProofWidgets4/.lake/build/lib/lean/ProofWidgets/Demos/LazyComputation.olean -i /home/runner/work/ProofWidgets4/ProofWidgets4/.lake/build/lib/lean/ProofWidgets/Demos/LazyComputation.ilean -c /home/runner/work/ProofWidgets4/ProofWidgets4/.lake/build/ir/ProofWidgets/Demos/LazyComputation.c --setup /home/runner/work/ProofWidgets4/ProofWidgets4/.lake/build/ir/ProofWidgets/Demos/LazyComputation.setup.json --json",
   "level": "trace"}],
 "inputs":
 [["ProofWidgets.Demos.LazyComputation:deps",
   [["deps",
     [["proofwidgets/ProofWidgets.Demos:extraDep",
       [["@proofwidgets:extraDep", "00000000000006bb"],
        ["<nil>", "637b525281701395"]]],
      ["imports",
       [["ProofWidgets.Component.Basic transitive imports (meta)",
         "908ae5d4dea295cf"],
        ["ProofWidgets.Component.Basic:importArts (meta)",
         "f952cc411befade2"]]]]],
    ["libs",
     [["import dynlibs", "00000000000006bb"],
      ["package external libraries", "00000000000006bb"],
      ["module dynlibs", "00000000000006bb"],
      ["module plugins", "00000000000006bb"]]]]],
  ["Lean 4.27.0, commit 2fcce7258eeb6e324366bc25f9058293b04b7547",
   "6f43b597efea5d4c"],
  ["/home/runner/work/ProofWidgets4/ProofWidgets4/ProofWidgets/Demos/LazyComputation.lean",
   "f3b8a610634c0359"],
  ["options", [["-Dexperimental.module=true", "a66e91e2aeb378d2"]]],
  ["Module.leanArgs: #[]", "00000000000006bb"]],
 "depHash": "8d51b3765a4d2121"}