{"synthetic": false,
 "schemaVersion": "2025-09-10",
 "outputs":
 {"r": "fa37cd2346a0f1ee.ir",
  "o":
  ["1390496b3c4c4a19.olean",
   "074d1f098f1e2310.olean.server",
   "f07b97829b110982.olean.private"],
  "i": "8ca578c214bf359f.ilean",
  "c": "b955d8745c4b0ccb.c"},
 "log":
 [{"message":
   ".> LEAN_PATH=/home/runner/work/ProofWidgets4/ProofWidgets4/.lake/build/lib/lean /home/runner/.elan/toolchains/leanprover--lean4---v4.27.0-rc1/bin/lean /home/runner/work/ProofWidgets4/ProofWidgets4/ProofWidgets/Demos/Macro.lean -o /home/runner/work/ProofWidgets4/ProofWidgets4/.lake/build/lib/lean/ProofWidgets/Demos/Macro.olean -i /home/runner/work/ProofWidgets4/ProofWidgets4/.lake/build/lib/lean/ProofWidgets/Demos/Macro.ilean -c /home/runner/work/ProofWidgets4/ProofWidgets4/.lake/build/ir/ProofWidgets/Demos/Macro.c --setup /home/runner/work/ProofWidgets4/ProofWidgets4/.lake/build/ir/ProofWidgets/Demos/Macro.setup.json --json",
   "level": "trace"}],
 "inputs":
 [["ProofWidgets.Demos.Macro:deps",
   [["deps",
     [["proofwidgets/ProofWidgets.Demos:extraDep",
       [["@proofwidgets:extraDep", "00000000000006bb"],
        ["<nil>", "637b525281701395"]]],
      ["imports",
       [["ProofWidgets.Component.HtmlDisplay transitive imports (meta)",
         "f32b065154d67cf1"],
        ["ProofWidgets.Component.HtmlDisplay:importArts (meta)",
         "af5b9d7d6baf25d8"]]]]],
    ["libs",
     [["import dynlibs", "00000000000006bb"],
      ["package external libraries", "00000000000006bb"],
      ["module dynlibs", "00000000000006bb"],
      ["module plugins", "00000000000006bb"]]]]],
  ["Lean 4.27.0, commit 2fcce7258eeb6e324366bc25f9058293b04b7547",
   "6f43b597efea5d4c"],
  ["/home/runner/work/ProofWidgets4/ProofWidgets4/ProofWidgets/Demos/Macro.lean",
   "5918e05dbf19b5b3"],
  ["options", [["-Dexperimental.module=true", "a66e91e2aeb378d2"]]],
  ["Module.leanArgs: #[]", "00000000000006bb"]],
 "depHash": "487588ca6ff09af9"}