{"synthetic": false,
 "schemaVersion": "2025-09-10",
 "outputs":
 {"r": "7e7e1b82e1ff68ed.ir",
  "o":
  ["49d7482fadaee439.olean",
   "4d83c605455b5aee.olean.server",
   "41f658590a745096.olean.private"],
  "i": "b4794dc6a3f674a1.ilean",
  "c": "de8e25a34078b352.c"},
 "log":
 [{"message":
   ".> LEAN_PATH=/home/runner/work/ProofWidgets4/ProofWidgets4/.lake/build/lib/lean /home/runner/.elan/toolchains/leanprover--lean4---v4.27.0-rc1/bin/lean /home/runner/work/ProofWidgets4/ProofWidgets4/ProofWidgets/Demos/RbTree.lean -o /home/runner/work/ProofWidgets4/ProofWidgets4/.lake/build/lib/lean/ProofWidgets/Demos/RbTree.olean -i /home/runner/work/ProofWidgets4/ProofWidgets4/.lake/build/lib/lean/ProofWidgets/Demos/RbTree.ilean -c /home/runner/work/ProofWidgets4/ProofWidgets4/.lake/build/ir/ProofWidgets/Demos/RbTree.c --setup /home/runner/work/ProofWidgets4/ProofWidgets4/.lake/build/ir/ProofWidgets/Demos/RbTree.setup.json --json",
   "level": "trace"}],
 "inputs":
 [["ProofWidgets.Demos.RbTree:deps",
   [["deps",
     [["proofwidgets/ProofWidgets.Demos:extraDep",
       [["@proofwidgets:extraDep", "00000000000006bb"],
        ["<nil>", "637b525281701395"]]],
      ["imports",
       [["ProofWidgets.Presentation.Expr transitive imports (meta)",
         "f32b065154d67cf1"],
        ["ProofWidgets.Presentation.Expr:importArts (meta)",
         "4c5ed1db087cc4ca"],
        ["ProofWidgets.Component.Panel.SelectionPanel transitive imports (meta)",
         "f10bc437f9e56bef"],
        ["ProofWidgets.Component.Panel.SelectionPanel:importArts (meta)",
         "8c2f02e096d2be48"]]]]],
    ["libs",
     [["import dynlibs", "00000000000006bb"],
      ["package external libraries", "00000000000006bb"],
      ["module dynlibs", "00000000000006bb"],
      ["module plugins", "00000000000006bb"]]]]],
  ["Lean 4.27.0, commit 2fcce7258eeb6e324366bc25f9058293b04b7547",
   "6f43b597efea5d4c"],
  ["/home/runner/work/ProofWidgets4/ProofWidgets4/ProofWidgets/Demos/RbTree.lean",
   "c2219cf42b63ed48"],
  ["options", [["-Dexperimental.module=true", "a66e91e2aeb378d2"]]],
  ["Module.leanArgs: #[]", "00000000000006bb"]],
 "depHash": "ddb54e180243aa7e"}