{"synthetic": false,
 "schemaVersion": "2025-09-10",
 "outputs":
 {"r": "f60a145b69b03af6.ir",
  "o":
  ["544510942326f2c9.olean",
   "f12736b074031a3e.olean.server",
   "fd9762d3dc494098.olean.private"],
  "i": "5bcd3cf6f5fabf83.ilean",
  "c": "1fc3a046a8cc25ee.c"},
 "log":
 [{"message":
   ".> LEAN_PATH=/home/runner/work/ProofWidgets4/ProofWidgets4/.lake/build/lib/lean /home/runner/.elan/toolchains/leanprover--lean4---v4.27.0-rc1/bin/lean /home/runner/work/ProofWidgets4/ProofWidgets4/ProofWidgets/Demos/Venn.lean -o /home/runner/work/ProofWidgets4/ProofWidgets4/.lake/build/lib/lean/ProofWidgets/Demos/Venn.olean -i /home/runner/work/ProofWidgets4/ProofWidgets4/.lake/build/lib/lean/ProofWidgets/Demos/Venn.ilean -c /home/runner/work/ProofWidgets4/ProofWidgets4/.lake/build/ir/ProofWidgets/Demos/Venn.c --setup /home/runner/work/ProofWidgets4/ProofWidgets4/.lake/build/ir/ProofWidgets/Demos/Venn.setup.json --json",
   "level": "trace"}],
 "inputs":
 [["ProofWidgets.Demos.Venn:deps",
   [["deps",
     [["proofwidgets/ProofWidgets.Demos:extraDep",
       [["@proofwidgets:extraDep", "00000000000006bb"],
        ["<nil>", "637b525281701395"]]],
      ["imports",
       [["ProofWidgets.Component.Panel.Basic transitive imports (meta)",
         "8ad4c1f55d1d8c34"],
        ["ProofWidgets.Component.Panel.Basic:importArts (meta)",
         "7bf248934b39c5f6"],
        ["ProofWidgets.Component.PenroseDiagram transitive imports (meta)",
         "0f76371fcd27d7a2"],
        ["ProofWidgets.Component.PenroseDiagram:importArts (meta)",
         "89aab8e40194ab63"],
        ["ProofWidgets.Component.HtmlDisplay transitive imports (meta)",
         "f32b065154d67cf1"],
        ["ProofWidgets.Component.HtmlDisplay:importArts (meta)",
         "af5b9d7d6baf25d8"],
        ["ProofWidgets.Component.OfRpcMethod transitive imports (meta)",
         "41903ef075537f75"],
        ["ProofWidgets.Component.OfRpcMethod:importArts (meta)",
         "0277f1f0a2c84a44"]]]]],
    ["libs",
     [["import dynlibs", "00000000000006bb"],
      ["package external libraries", "00000000000006bb"],
      ["module dynlibs", "00000000000006bb"],
      ["module plugins", "00000000000006bb"]]]]],
  ["Lean 4.27.0, commit 2fcce7258eeb6e324366bc25f9058293b04b7547",
   "6f43b597efea5d4c"],
  ["/home/runner/work/ProofWidgets4/ProofWidgets4/ProofWidgets/Demos/Venn.lean",
   "0065bb09c9624fde"],
  ["options", [["-Dexperimental.module=true", "a66e91e2aeb378d2"]]],
  ["Module.leanArgs: #[]", "00000000000006bb"]],
 "depHash": "bf5fcc51024eb771"}