{"synthetic": false,
 "schemaVersion": "2025-09-10",
 "outputs":
 {"r": "2c72f3ece03c2abe.ir",
  "o":
  ["270cf0871164cc96.olean",
   "d6c29500e9bbc725.olean.server",
   "1a7feeb82b7c5a41.olean.private"],
  "i": "774cd1bca46220ab.ilean",
  "c": "370f5e92b65d338e.c"},
 "log":
 [{"message":
   ".> LEAN_PATH=C:\\Users\\mmeadow\\Documents\\OpenEvolve\\Frontend\\rese\\lean4\\.lake\\packages\\Cli\\.lake\\build\\lib\\lean;C:\\Users\\mmeadow\\Documents\\OpenEvolve\\Frontend\\rese\\lean4\\.lake\\packages\\batteries\\.lake\\build\\lib\\lean;C:\\Users\\mmeadow\\Documents\\OpenEvolve\\Frontend\\rese\\lean4\\.lake\\packages\\Qq\\.lake\\build\\lib\\lean;C:\\Users\\mmeadow\\Documents\\OpenEvolve\\Frontend\\rese\\lean4\\.lake\\packages\\aesop\\.lake\\build\\lib\\lean;C:\\Users\\mmeadow\\Documents\\OpenEvolve\\Frontend\\rese\\lean4\\.lake\\packages\\proofwidgets\\.lake\\build\\lib\\lean;C:\\Users\\mmeadow\\Documents\\OpenEvolve\\Frontend\\rese\\lean4\\.lake\\packages\\importGraph\\.lake\\build\\lib\\lean;C:\\Users\\mmeadow\\Documents\\OpenEvolve\\Frontend\\rese\\lean4\\.lake\\packages\\LeanSearchClient\\.lake\\build\\lib\\lean;C:\\Users\\mmeadow\\Documents\\OpenEvolve\\Frontend\\rese\\lean4\\.lake\\packages\\plausible\\.lake\\build\\lib\\lean;C:\\Users\\mmeadow\\Documents\\OpenEvolve\\Frontend\\rese\\lean4\\.lake\\packages\\mathlib\\.lake\\build\\lib\\lean;C:\\Users\\mmeadow\\Documents\\OpenEvolve\\Frontend\\rese\\lean4\\.lake\\build\\lib\\lean c:\\Users\\mmeadow\\.elan\\toolchains\\leanprover--lean4---v4.27.0-rc1\\bin\\lean.exe C:\\Users\\mmeadow\\Documents\\OpenEvolve\\Frontend\\rese\\lean4\\.lake\\packages\\mathlib\\Mathlib\\FieldTheory\\Separable.lean -o C:\\Users\\mmeadow\\Documents\\OpenEvolve\\Frontend\\rese\\lean4\\.lake\\packages\\mathlib\\.lake\\build\\lib\\lean\\Mathlib\\FieldTheory\\Separable.olean -i C:\\Users\\mmeadow\\Documents\\OpenEvolve\\Frontend\\rese\\lean4\\.lake\\packages\\mathlib\\.lake\\build\\lib\\lean\\Mathlib\\FieldTheory\\Separable.ilean -c C:\\Users\\mmeadow\\Documents\\OpenEvolve\\Frontend\\rese\\lean4\\.lake\\packages\\mathlib\\.lake\\build\\ir\\Mathlib\\FieldTheory\\Separable.c --setup C:\\Users\\mmeadow\\Documents\\OpenEvolve\\Frontend\\rese\\lean4\\.lake\\packages\\mathlib\\.lake\\build\\ir\\Mathlib\\FieldTheory\\Separable.setup.json --json",
   "level": "trace"}],
 "inputs":
 [["Mathlib.FieldTheory.Separable:deps",
   [["deps",
     [["mathlib/Mathlib:extraDep", [["@mathlib:extraDep", "00000000000006bb"]]],
      ["imports",
       [["Mathlib.Algebra.Polynomial.Expand transitive imports (public)",
         "2b4905e4ed219d6f"],
        ["Mathlib.Algebra.Polynomial.Expand:importArts", "62fc6d05fd9e2125"],
        ["Mathlib.Algebra.Polynomial.Splits transitive imports (public)",
         "202e409651d7275a"],
        ["Mathlib.Algebra.Polynomial.Splits:importArts", "da737d3f2f6fbd5c"],
        ["Mathlib.Algebra.Squarefree.Basic transitive imports (public)",
         "6badbbcc9cdc8fcd"],
        ["Mathlib.Algebra.Squarefree.Basic:importArts", "d41491e8f5f10adb"],
        ["Mathlib.FieldTheory.IntermediateField.Basic transitive imports (public)",
         "112d1ac4e2e37376"],
        ["Mathlib.FieldTheory.IntermediateField.Basic:importArts",
         "706d984c2a18cb53"],
        ["Mathlib.FieldTheory.Minpoly.Field transitive imports (public)",
         "c5a0461087d0db5b"],
        ["Mathlib.FieldTheory.Minpoly.Field:importArts", "602d0d13c8c22609"],
        ["Mathlib.RingTheory.Polynomial.Content transitive imports (public)",
         "40156c9078cfdddc"],
        ["Mathlib.RingTheory.Polynomial.Content:importArts",
         "89870a09f5c62694"],
        ["Mathlib.RingTheory.PowerBasis transitive imports (public)",
         "25eae0f3516d8dc3"],
        ["Mathlib.RingTheory.PowerBasis:importArts", "d03a38a486325c72"],
        ["Mathlib.Data.ENat.Lattice transitive imports (public)",
         "6def082c734c43cd"],
        ["Mathlib.Data.ENat.Lattice:importArts", "927ab4a6a3142435"]]]]],
    ["libs",
     [["import dynlibs", "00000000000006bb"],
      ["package external libraries", "00000000000006bb"],
      ["module dynlibs", "00000000000006bb"],
      ["module plugins", "00000000000006bb"]]]]],
  ["Lean 4.27.0, commit 2fcce7258eeb6e324366bc25f9058293b04b7547",
   "6f43b597efea5d4c"],
  ["C:\\Users\\mmeadow\\Documents\\OpenEvolve\\Frontend\\rese\\lean4\\.lake\\packages\\mathlib\\Mathlib\\FieldTheory\\Separable.lean",
   "e57cdd68a52162d5"],
  ["options",
   [["-DmaxSynthPendingDepth=3", "c78e353d34de85d4"],
    ["-Dweak.linter.mathlibStandardSet=true", "8a155799906f2b42"],
    ["-Dweak.linter.checkInitImports=true", "cc899f26dd73bf81"],
    ["-Dweak.linter.style.header=true", "07ce48bb05b917ff"],
    ["-Dweak.linter.pythonStyle=true", "35186b2b2b67e319"],
    ["-Dweak.linter.style.longFile=1500", "d79864b112568ff5"],
    ["-Dpp.unicode.fun=true", "9b94070140457fab"],
    ["-Dweak.linter.allScriptsDocumented=true", "217af3ce76c25a94"],
    ["-DautoImplicit=false", "4a85acb881fd49d0"]]],
  ["Module.leanArgs: #[]", "00000000000006bb"]],
 "depHash": "1f8cf82ada74498e"}