{"synthetic": false,
 "schemaVersion": "2025-09-10",
 "outputs":
 {"r": "639dda2eefd59522.ir",
  "o":
  ["707f7255d0883758.olean",
   "4a5334d961032866.olean.server",
   "0e6e652df6eb0541.olean.private"],
  "i": "3a4bff04a922e113.ilean",
  "c": "41284d3d761cfca5.c"},
 "log":
 [{"message":
   ".> LEAN_PATH=C:\\Users\\mmeadow\\Documents\\OpenEvolve\\Frontend\\rese\\lean4\\.lake\\packages\\Cli\\.lake\\build\\lib\\lean;C:\\Users\\mmeadow\\Documents\\OpenEvolve\\Frontend\\rese\\lean4\\.lake\\packages\\batteries\\.lake\\build\\lib\\lean;C:\\Users\\mmeadow\\Documents\\OpenEvolve\\Frontend\\rese\\lean4\\.lake\\packages\\Qq\\.lake\\build\\lib\\lean;C:\\Users\\mmeadow\\Documents\\OpenEvolve\\Frontend\\rese\\lean4\\.lake\\packages\\aesop\\.lake\\build\\lib\\lean;C:\\Users\\mmeadow\\Documents\\OpenEvolve\\Frontend\\rese\\lean4\\.lake\\packages\\proofwidgets\\.lake\\build\\lib\\lean;C:\\Users\\mmeadow\\Documents\\OpenEvolve\\Frontend\\rese\\lean4\\.lake\\packages\\importGraph\\.lake\\build\\lib\\lean;C:\\Users\\mmeadow\\Documents\\OpenEvolve\\Frontend\\rese\\lean4\\.lake\\packages\\LeanSearchClient\\.lake\\build\\lib\\lean;C:\\Users\\mmeadow\\Documents\\OpenEvolve\\Frontend\\rese\\lean4\\.lake\\packages\\plausible\\.lake\\build\\lib\\lean;C:\\Users\\mmeadow\\Documents\\OpenEvolve\\Frontend\\rese\\lean4\\.lake\\packages\\mathlib\\.lake\\build\\lib\\lean;C:\\Users\\mmeadow\\Documents\\OpenEvolve\\Frontend\\rese\\lean4\\.lake\\build\\lib\\lean c:\\Users\\mmeadow\\.elan\\toolchains\\leanprover--lean4---v4.27.0-rc1\\bin\\lean.exe C:\\Users\\mmeadow\\Documents\\OpenEvolve\\Frontend\\rese\\lean4\\.lake\\packages\\mathlib\\Mathlib\\Data\\Nat\\SuccPred.lean -o C:\\Users\\mmeadow\\Documents\\OpenEvolve\\Frontend\\rese\\lean4\\.lake\\packages\\mathlib\\.lake\\build\\lib\\lean\\Mathlib\\Data\\Nat\\SuccPred.olean -i C:\\Users\\mmeadow\\Documents\\OpenEvolve\\Frontend\\rese\\lean4\\.lake\\packages\\mathlib\\.lake\\build\\lib\\lean\\Mathlib\\Data\\Nat\\SuccPred.ilean -c C:\\Users\\mmeadow\\Documents\\OpenEvolve\\Frontend\\rese\\lean4\\.lake\\packages\\mathlib\\.lake\\build\\ir\\Mathlib\\Data\\Nat\\SuccPred.c --setup C:\\Users\\mmeadow\\Documents\\OpenEvolve\\Frontend\\rese\\lean4\\.lake\\packages\\mathlib\\.lake\\build\\ir\\Mathlib\\Data\\Nat\\SuccPred.setup.json --json",
   "level": "trace"}],
 "inputs":
 [["Mathlib.Data.Nat.SuccPred:deps",
   [["deps",
     [["mathlib/Mathlib:extraDep", [["@mathlib:extraDep", "00000000000006bb"]]],
      ["imports",
       [["Mathlib.Algebra.Order.Group.Nat transitive imports (public)",
         "f7c4d4472e3f6762"],
        ["Mathlib.Algebra.Order.Group.Nat:importArts", "2a267ba56887395d"],
        ["Mathlib.Algebra.Ring.Nat transitive imports (public)",
         "074518e064e24a77"],
        ["Mathlib.Algebra.Ring.Nat:importArts", "c9b8ea6f1f5212b7"],
        ["Mathlib.Algebra.Order.Monoid.Unbundled.WithTop transitive imports (public)",
         "d11bebf51c45f576"],
        ["Mathlib.Algebra.Order.Monoid.Unbundled.WithTop:importArts",
         "0ad25ee33ba32885"],
        ["Mathlib.Algebra.Order.Sub.Unbundled.Basic transitive imports (public)",
         "e811e0be1ff96ccf"],
        ["Mathlib.Algebra.Order.Sub.Unbundled.Basic:importArts",
         "264121b65e996f64"],
        ["Mathlib.Algebra.Order.SuccPred transitive imports (public)",
         "147f41b77be7e51f"],
        ["Mathlib.Algebra.Order.SuccPred:importArts", "3c343d7b8acea024"],
        ["Mathlib.Data.Fin.Basic transitive imports (public)",
         "3699994447cf225d"],
        ["Mathlib.Data.Fin.Basic:importArts", "5c2cbaea68d0551e"],
        ["Mathlib.Order.Nat transitive imports (public)", "c56a45681bb2b01c"],
        ["Mathlib.Order.Nat:importArts", "f1c72f0fbf1deec9"],
        ["Mathlib.Order.SuccPred.Archimedean transitive imports (public)",
         "fb43a6e5839742c4"],
        ["Mathlib.Order.SuccPred.Archimedean:importArts", "474eb4f99bce0ec7"],
        ["Mathlib.Order.SuccPred.WithBot transitive imports (public)",
         "fb43a6e5839742c4"],
        ["Mathlib.Order.SuccPred.WithBot:importArts", "244f8ca8ea467fb9"]]]]],
    ["libs",
     [["import dynlibs", "00000000000006bb"],
      ["package external libraries", "00000000000006bb"],
      ["module dynlibs", "00000000000006bb"],
      ["module plugins", "00000000000006bb"]]]]],
  ["Lean 4.27.0, commit 2fcce7258eeb6e324366bc25f9058293b04b7547",
   "6f43b597efea5d4c"],
  ["C:\\Users\\mmeadow\\Documents\\OpenEvolve\\Frontend\\rese\\lean4\\.lake\\packages\\mathlib\\Mathlib\\Data\\Nat\\SuccPred.lean",
   "6f95c2bb79d6bbbd"],
  ["options",
   [["-DmaxSynthPendingDepth=3", "c78e353d34de85d4"],
    ["-Dweak.linter.mathlibStandardSet=true", "8a155799906f2b42"],
    ["-Dweak.linter.checkInitImports=true", "cc899f26dd73bf81"],
    ["-Dweak.linter.style.header=true", "07ce48bb05b917ff"],
    ["-Dweak.linter.pythonStyle=true", "35186b2b2b67e319"],
    ["-Dweak.linter.style.longFile=1500", "d79864b112568ff5"],
    ["-Dpp.unicode.fun=true", "9b94070140457fab"],
    ["-Dweak.linter.allScriptsDocumented=true", "217af3ce76c25a94"],
    ["-DautoImplicit=false", "4a85acb881fd49d0"]]],
  ["Module.leanArgs: #[]", "00000000000006bb"]],
 "depHash": "ea35c08208d3ea91"}