{"synthetic": false,
 "schemaVersion": "2025-09-10",
 "outputs":
 {"r": "2eb10ee675f3d5d6.ir",
  "o":
  ["15ea5d96a16002d8.olean",
   "3ed55e7236c92ad9.olean.server",
   "574f3f864e9e80ea.olean.private"],
  "i": "e72a98bdef60b56b.ilean",
  "c": "b2132ca5432b303f.c"},
 "log":
 [{"message":
   ".> LEAN_PATH=/home/runner/work/reservoir/reservoir/testbed/repo/.lake/build/lib/lean /home/runner/.elan/toolchains/leanprover--lean4---v4.27.0-rc1/bin/lean /home/runner/work/reservoir/reservoir/testbed/repo/Batteries/Linter/UnreachableTactic.lean -o /home/runner/work/reservoir/reservoir/testbed/repo/.lake/build/lib/lean/Batteries/Linter/UnreachableTactic.olean -i /home/runner/work/reservoir/reservoir/testbed/repo/.lake/build/lib/lean/Batteries/Linter/UnreachableTactic.ilean -c /home/runner/work/reservoir/reservoir/testbed/repo/.lake/build/ir/Batteries/Linter/UnreachableTactic.c --setup /home/runner/work/reservoir/reservoir/testbed/repo/.lake/build/ir/Batteries/Linter/UnreachableTactic.setup.json --json",
   "level": "trace"}],
 "inputs":
 [["Batteries.Linter.UnreachableTactic:deps",
   [["deps",
     [["batteries/Batteries:extraDep",
       [["@batteries:extraDep", "00000000000006bb"]]],
      ["imports",
       [["Batteries.Tactic.Unreachable transitive imports (meta)",
         "00000000000006bb"],
        ["Batteries.Tactic.Unreachable:importArts (meta)",
         "39fba2dd8674c730"]]]]],
    ["libs",
     [["import dynlibs", "00000000000006bb"],
      ["package external libraries", "00000000000006bb"],
      ["module dynlibs", "00000000000006bb"],
      ["module plugins", "00000000000006bb"]]]]],
  ["Lean 4.27.0, commit 2fcce7258eeb6e324366bc25f9058293b04b7547",
   "6f43b597efea5d4c"],
  ["/home/runner/work/reservoir/reservoir/testbed/repo/Batteries/Linter/UnreachableTactic.lean",
   "05cb39d3e5f293f4"],
  ["options",
   [["-Dlinter.missingDocs=true", "90c3480090de3a08"],
    ["-Dweak.backward.privateInPublic.warn=false", "7bd7a538fb29f63d"]]],
  ["Module.leanArgs: #[]", "00000000000006bb"]],
 "depHash": "0435d839bea6ca7f"}