{"synthetic": false,
 "schemaVersion": "2025-09-10",
 "outputs":
 {"r": "1a9cb33cb6d05f82.ir",
  "o":
  ["368239fe134b95a8.olean",
   "10e084620f55199b.olean.server",
   "e3b4f5f1ca452066.olean.private"],
  "i": "b6deb62c0f1cc6e6.ilean",
  "c": "867d43b14fb14a55.c"},
 "log":
 [{"message":
   ".> LEAN_PATH=/home/runner/work/reservoir/reservoir/testbed/repo/.lake/build/lib/lean /home/runner/.elan/toolchains/leanprover--lean4---v4.27.0-rc1/bin/lean /home/runner/work/reservoir/reservoir/testbed/repo/Batteries/Lean/Util/EnvSearch.lean -o /home/runner/work/reservoir/reservoir/testbed/repo/.lake/build/lib/lean/Batteries/Lean/Util/EnvSearch.olean -i /home/runner/work/reservoir/reservoir/testbed/repo/.lake/build/lib/lean/Batteries/Lean/Util/EnvSearch.ilean -c /home/runner/work/reservoir/reservoir/testbed/repo/.lake/build/ir/Batteries/Lean/Util/EnvSearch.c --setup /home/runner/work/reservoir/reservoir/testbed/repo/.lake/build/ir/Batteries/Lean/Util/EnvSearch.setup.json --json",
   "level": "trace"}],
 "inputs":
 [["Batteries.Lean.Util.EnvSearch:deps",
   [["deps",
     [["batteries/Batteries:extraDep",
       [["@batteries:extraDep", "00000000000006bb"]]],
      ["imports",
       [["Batteries.Tactic.Lint.Misc transitive imports (public)",
         "efd30478fe40da44"],
        ["Batteries.Tactic.Lint.Misc:importArts", "0fb4fbe7ba39739d"]]]]],
    ["libs",
     [["import dynlibs", "00000000000006bb"],
      ["package external libraries", "00000000000006bb"],
      ["module dynlibs", "00000000000006bb"],
      ["module plugins", "00000000000006bb"]]]]],
  ["Lean 4.27.0, commit 2fcce7258eeb6e324366bc25f9058293b04b7547",
   "6f43b597efea5d4c"],
  ["/home/runner/work/reservoir/reservoir/testbed/repo/Batteries/Lean/Util/EnvSearch.lean",
   "ea1c0393787614de"],
  ["options",
   [["-Dlinter.missingDocs=true", "90c3480090de3a08"],
    ["-Dweak.backward.privateInPublic.warn=false", "7bd7a538fb29f63d"]]],
  ["Module.leanArgs: #[]", "00000000000006bb"]],
 "depHash": "8783d3e8794e799c"}