{"synthetic": false,
 "schemaVersion": "2025-09-10",
 "outputs":
 {"r": "ec8811379e4ddc8d.ir",
  "o":
  ["7c0ebb8c05fc4501.olean",
   "8b6df27ad5bc8a3d.olean.server",
   "5d0f38d7a901b1e5.olean.private"],
  "i": "be0f20bcaf75d368.ilean",
  "c": "3a177d1dbf589146.c"},
 "log":
 [{"message":
   ".> LEAN_PATH=/home/runner/work/reservoir/reservoir/testbed/repo/.lake/build/lib/lean /home/runner/.elan/toolchains/leanprover--lean4---v4.27.0-rc1/bin/lean /home/runner/work/reservoir/reservoir/testbed/repo/Batteries/Tactic/Alias.lean -o /home/runner/work/reservoir/reservoir/testbed/repo/.lake/build/lib/lean/Batteries/Tactic/Alias.olean -i /home/runner/work/reservoir/reservoir/testbed/repo/.lake/build/lib/lean/Batteries/Tactic/Alias.ilean -c /home/runner/work/reservoir/reservoir/testbed/repo/.lake/build/ir/Batteries/Tactic/Alias.c --setup /home/runner/work/reservoir/reservoir/testbed/repo/.lake/build/ir/Batteries/Tactic/Alias.setup.json --json",
   "level": "trace"}],
 "inputs":
 [["Batteries.Tactic.Alias:deps",
   [["deps",
     [["batteries/Batteries:extraDep",
       [["@batteries:extraDep", "00000000000006bb"]]],
      ["imports",
       [["Batteries.CodeAction.Deprecated transitive imports (meta)",
         "00000000000006bb"],
        ["Batteries.CodeAction.Deprecated:importArts (meta)",
         "022614dd8d20776a"]]]]],
    ["libs",
     [["import dynlibs", "00000000000006bb"],
      ["package external libraries", "00000000000006bb"],
      ["module dynlibs", "00000000000006bb"],
      ["module plugins", "00000000000006bb"]]]]],
  ["Lean 4.27.0, commit 2fcce7258eeb6e324366bc25f9058293b04b7547",
   "6f43b597efea5d4c"],
  ["/home/runner/work/reservoir/reservoir/testbed/repo/Batteries/Tactic/Alias.lean",
   "471ca9a29a8d4c21"],
  ["options",
   [["-Dlinter.missingDocs=true", "90c3480090de3a08"],
    ["-Dweak.backward.privateInPublic.warn=false", "7bd7a538fb29f63d"]]],
  ["Module.leanArgs: #[]", "00000000000006bb"]],
 "depHash": "cf1d92ce80741e74"}