{"synthetic": false,
 "schemaVersion": "2025-09-10",
 "outputs":
 {"r": "7d7efeda7c4c695a.ir",
  "o":
  ["74d1c20e257e5548.olean",
   "b751811b48f93ec0.olean.server",
   "e3cb3457ea137b80.olean.private"],
  "i": "653e05adc3811018.ilean",
  "c": "ba47ba5e6b886f7c.c"},
 "log":
 [{"message":
   ".> LEAN_PATH=/home/runner/work/reservoir/reservoir/testbed/repo/.lake/build/lib/lean /home/runner/.elan/toolchains/leanprover--lean4---v4.27.0-rc1/bin/lean /home/runner/work/reservoir/reservoir/testbed/repo/Batteries/Tactic/Congr.lean -o /home/runner/work/reservoir/reservoir/testbed/repo/.lake/build/lib/lean/Batteries/Tactic/Congr.olean -i /home/runner/work/reservoir/reservoir/testbed/repo/.lake/build/lib/lean/Batteries/Tactic/Congr.ilean -c /home/runner/work/reservoir/reservoir/testbed/repo/.lake/build/ir/Batteries/Tactic/Congr.c --setup /home/runner/work/reservoir/reservoir/testbed/repo/.lake/build/ir/Batteries/Tactic/Congr.setup.json --json",
   "level": "trace"}],
 "inputs":
 [["Batteries.Tactic.Congr:deps",
   [["deps",
     [["batteries/Batteries:extraDep",
       [["@batteries:extraDep", "00000000000006bb"]]],
      ["imports", "00000000000006bb"]]],
    ["libs",
     [["import dynlibs", "00000000000006bb"],
      ["package external libraries", "00000000000006bb"],
      ["module dynlibs", "00000000000006bb"],
      ["module plugins", "00000000000006bb"]]]]],
  ["Lean 4.27.0, commit 2fcce7258eeb6e324366bc25f9058293b04b7547",
   "6f43b597efea5d4c"],
  ["/home/runner/work/reservoir/reservoir/testbed/repo/Batteries/Tactic/Congr.lean",
   "fc9d12b5c760def3"],
  ["options",
   [["-Dlinter.missingDocs=true", "90c3480090de3a08"],
    ["-Dweak.backward.privateInPublic.warn=false", "7bd7a538fb29f63d"]]],
  ["Module.leanArgs: #[]", "00000000000006bb"]],
 "depHash": "e1d24a6600bd80dc"}