{"synthetic": false,
 "schemaVersion": "2025-09-10",
 "outputs":
 {"r": "dced1c1396941704.ir",
  "o":
  ["029717dc3c9b2ff2.olean",
   "ed1bda04b6cbb50f.olean.server",
   "aa3441a7060f0363.olean.private"],
  "i": "122533e55d3361ec.ilean",
  "c": "29d3b2580364148b.c"},
 "log":
 [{"message":
   ".> LEAN_PATH=/home/runner/work/reservoir/reservoir/testbed/repo/.lake/build/lib/lean /home/runner/.elan/toolchains/leanprover--lean4---v4.27.0-rc1/bin/lean /home/runner/work/reservoir/reservoir/testbed/repo/Batteries/Tactic/HelpCmd.lean -o /home/runner/work/reservoir/reservoir/testbed/repo/.lake/build/lib/lean/Batteries/Tactic/HelpCmd.olean -i /home/runner/work/reservoir/reservoir/testbed/repo/.lake/build/lib/lean/Batteries/Tactic/HelpCmd.ilean -c /home/runner/work/reservoir/reservoir/testbed/repo/.lake/build/ir/Batteries/Tactic/HelpCmd.c --setup /home/runner/work/reservoir/reservoir/testbed/repo/.lake/build/ir/Batteries/Tactic/HelpCmd.setup.json --json",
   "level": "trace"}],
 "inputs":
 [["Batteries.Tactic.HelpCmd:deps",
   [["deps",
     [["batteries/Batteries:extraDep",
       [["@batteries:extraDep", "00000000000006bb"]]],
      ["imports",
       [["Batteries.Util.LibraryNote transitive imports (meta)",
         "00000000000006bb"],
        ["Batteries.Util.LibraryNote:importArts (meta)",
         "3c8a62eb21c62096"]]]]],
    ["libs",
     [["import dynlibs", "00000000000006bb"],
      ["package external libraries", "00000000000006bb"],
      ["module dynlibs", "00000000000006bb"],
      ["module plugins", "00000000000006bb"]]]]],
  ["Lean 4.27.0, commit 2fcce7258eeb6e324366bc25f9058293b04b7547",
   "6f43b597efea5d4c"],
  ["/home/runner/work/reservoir/reservoir/testbed/repo/Batteries/Tactic/HelpCmd.lean",
   "c4bea76e8d59df1e"],
  ["options",
   [["-Dlinter.missingDocs=true", "90c3480090de3a08"],
    ["-Dweak.backward.privateInPublic.warn=false", "7bd7a538fb29f63d"]]],
  ["Module.leanArgs: #[]", "00000000000006bb"]],
 "depHash": "ef88e9eb6609373b"}