{"synthetic": false,
 "schemaVersion": "2025-09-10",
 "outputs":
 {"r": "951c7f79e3e295ea.ir",
  "o":
  ["21bc30a4de7e4f1f.olean",
   "c42014af3f7171f8.olean.server",
   "cbc26b10d4d33b07.olean.private"],
  "i": "e4457e57e582c61f.ilean",
  "c": "baf1479122a2c6e1.c"},
 "log":
 [{"message":
   ".> LEAN_PATH=/home/runner/work/reservoir/reservoir/testbed/repo/.lake/build/lib/lean /home/runner/.elan/toolchains/leanprover--lean4---v4.27.0-rc1/bin/lean /home/runner/work/reservoir/reservoir/testbed/repo/Batteries/Tactic/Instances.lean -o /home/runner/work/reservoir/reservoir/testbed/repo/.lake/build/lib/lean/Batteries/Tactic/Instances.olean -i /home/runner/work/reservoir/reservoir/testbed/repo/.lake/build/lib/lean/Batteries/Tactic/Instances.ilean -c /home/runner/work/reservoir/reservoir/testbed/repo/.lake/build/ir/Batteries/Tactic/Instances.c --setup /home/runner/work/reservoir/reservoir/testbed/repo/.lake/build/ir/Batteries/Tactic/Instances.setup.json --json",
   "level": "trace"}],
 "inputs":
 [["Batteries.Tactic.Instances:deps",
   [["deps",
     [["batteries/Batteries:extraDep",
       [["@batteries:extraDep", "00000000000006bb"]]],
      ["imports", "00000000000006bb"]]],
    ["libs",
     [["import dynlibs", "00000000000006bb"],
      ["package external libraries", "00000000000006bb"],
      ["module dynlibs", "00000000000006bb"],
      ["module plugins", "00000000000006bb"]]]]],
  ["Lean 4.27.0, commit 2fcce7258eeb6e324366bc25f9058293b04b7547",
   "6f43b597efea5d4c"],
  ["/home/runner/work/reservoir/reservoir/testbed/repo/Batteries/Tactic/Instances.lean",
   "94fec957206d5245"],
  ["options",
   [["-Dlinter.missingDocs=true", "90c3480090de3a08"],
    ["-Dweak.backward.privateInPublic.warn=false", "7bd7a538fb29f63d"]]],
  ["Module.leanArgs: #[]", "00000000000006bb"]],
 "depHash": "54f5c941549c9e8e"}