{"synthetic": false,
 "schemaVersion": "2025-09-10",
 "outputs":
 {"r": "98994d79b32197d0.ir",
  "o":
  ["929208803131165a.olean",
   "c16aa3e8550f2bed.olean.server",
   "162c96de9c59df81.olean.private"],
  "i": "7c2769e1de166a94.ilean",
  "c": "72468d8a9277c5ef.c"},
 "log":
 [{"message":
   ".> LEAN_PATH=/home/runner/work/reservoir/reservoir/testbed/repo/.lake/build/lib/lean /home/runner/.elan/toolchains/leanprover--lean4---v4.27.0-rc1/bin/lean /home/runner/work/reservoir/reservoir/testbed/repo/Batteries/Tactic/Lint.lean -o /home/runner/work/reservoir/reservoir/testbed/repo/.lake/build/lib/lean/Batteries/Tactic/Lint.olean -i /home/runner/work/reservoir/reservoir/testbed/repo/.lake/build/lib/lean/Batteries/Tactic/Lint.ilean -c /home/runner/work/reservoir/reservoir/testbed/repo/.lake/build/ir/Batteries/Tactic/Lint.c --setup /home/runner/work/reservoir/reservoir/testbed/repo/.lake/build/ir/Batteries/Tactic/Lint.setup.json --json",
   "level": "trace"}],
 "inputs":
 [["Batteries.Tactic.Lint:deps",
   [["deps",
     [["batteries/Batteries:extraDep",
       [["@batteries:extraDep", "00000000000006bb"]]],
      ["imports",
       [["Batteries.Tactic.Lint.Misc transitive imports (meta)",
         "efd30478fe40da44"],
        ["Batteries.Tactic.Lint.Misc:importArts (meta)", "fe4affe9d063860a"],
        ["Batteries.Tactic.Lint.Simp transitive imports (meta)",
         "fabf7558a3d45a32"],
        ["Batteries.Tactic.Lint.Simp:importArts (meta)", "08d7021f8a4c76d9"],
        ["Batteries.Tactic.Lint.TypeClass transitive imports (meta)",
         "efd30478fe40da44"],
        ["Batteries.Tactic.Lint.TypeClass:importArts (meta)",
         "a7c8df553f1ec824"],
        ["Batteries.Tactic.Lint.Frontend transitive imports (meta)",
         "efd30478fe40da44"],
        ["Batteries.Tactic.Lint.Frontend:importArts (meta)",
         "0bd938c5405a9ff3"]]]]],
    ["libs",
     [["import dynlibs", "00000000000006bb"],
      ["package external libraries", "00000000000006bb"],
      ["module dynlibs", "00000000000006bb"],
      ["module plugins", "00000000000006bb"]]]]],
  ["Lean 4.27.0, commit 2fcce7258eeb6e324366bc25f9058293b04b7547",
   "6f43b597efea5d4c"],
  ["/home/runner/work/reservoir/reservoir/testbed/repo/Batteries/Tactic/Lint.lean",
   "27fb80d559db56c1"],
  ["options",
   [["-Dlinter.missingDocs=true", "90c3480090de3a08"],
    ["-Dweak.backward.privateInPublic.warn=false", "7bd7a538fb29f63d"]]],
  ["Module.leanArgs: #[]", "00000000000006bb"]],
 "depHash": "6b32611a856cc54b"}