{"synthetic": false,
 "schemaVersion": "2025-09-10",
 "outputs":
 {"r": "2fd439f498533bfe.ir",
  "o":
  ["263c93766e8d3bf1.olean",
   "e6d03c708b3bf3d1.olean.server",
   "453b89e19c7edefa.olean.private"],
  "i": "d81fe338c3fd494c.ilean",
  "c": "cdfb83d329792be5.c"},
 "log":
 [{"message":
   ".> LEAN_PATH=/home/runner/work/reservoir/reservoir/testbed/repo/.lake/build/lib/lean /home/runner/.elan/toolchains/leanprover--lean4---v4.27.0-rc1/bin/lean /home/runner/work/reservoir/reservoir/testbed/repo/Batteries/Tactic/PermuteGoals.lean -o /home/runner/work/reservoir/reservoir/testbed/repo/.lake/build/lib/lean/Batteries/Tactic/PermuteGoals.olean -i /home/runner/work/reservoir/reservoir/testbed/repo/.lake/build/lib/lean/Batteries/Tactic/PermuteGoals.ilean -c /home/runner/work/reservoir/reservoir/testbed/repo/.lake/build/ir/Batteries/Tactic/PermuteGoals.c --setup /home/runner/work/reservoir/reservoir/testbed/repo/.lake/build/ir/Batteries/Tactic/PermuteGoals.setup.json --json",
   "level": "trace"}],
 "inputs":
 [["Batteries.Tactic.PermuteGoals:deps",
   [["deps",
     [["batteries/Batteries:extraDep",
       [["@batteries:extraDep", "00000000000006bb"]]],
      ["imports", "00000000000006bb"]]],
    ["libs",
     [["import dynlibs", "00000000000006bb"],
      ["package external libraries", "00000000000006bb"],
      ["module dynlibs", "00000000000006bb"],
      ["module plugins", "00000000000006bb"]]]]],
  ["Lean 4.27.0, commit 2fcce7258eeb6e324366bc25f9058293b04b7547",
   "6f43b597efea5d4c"],
  ["/home/runner/work/reservoir/reservoir/testbed/repo/Batteries/Tactic/PermuteGoals.lean",
   "ed857aa846c0c321"],
  ["options",
   [["-Dlinter.missingDocs=true", "90c3480090de3a08"],
    ["-Dweak.backward.privateInPublic.warn=false", "7bd7a538fb29f63d"]]],
  ["Module.leanArgs: #[]", "00000000000006bb"]],
 "depHash": "8d3cfbed5b554f9c"}