{"synthetic": false,
 "schemaVersion": "2025-09-10",
 "outputs":
 {"r": "85f9cb983b90caeb.ir",
  "o":
  ["bf811a87fd6f0e49.olean",
   "c4ca14239afb172e.olean.server",
   "acd439114c953f12.olean.private"],
  "i": "4033ae92a95c552f.ilean",
  "c": "13117242110e5594.c"},
 "log":
 [{"message":
   ".> LEAN_PATH=/home/runner/work/reservoir/reservoir/testbed/repo/.lake/build/lib/lean /home/runner/.elan/toolchains/leanprover--lean4---v4.27.0-rc1/bin/lean /home/runner/work/reservoir/reservoir/testbed/repo/Batteries/Tactic/PrintPrefix.lean -o /home/runner/work/reservoir/reservoir/testbed/repo/.lake/build/lib/lean/Batteries/Tactic/PrintPrefix.olean -i /home/runner/work/reservoir/reservoir/testbed/repo/.lake/build/lib/lean/Batteries/Tactic/PrintPrefix.ilean -c /home/runner/work/reservoir/reservoir/testbed/repo/.lake/build/ir/Batteries/Tactic/PrintPrefix.c --setup /home/runner/work/reservoir/reservoir/testbed/repo/.lake/build/ir/Batteries/Tactic/PrintPrefix.setup.json --json",
   "level": "trace"}],
 "inputs":
 [["Batteries.Tactic.PrintPrefix:deps",
   [["deps",
     [["batteries/Batteries:extraDep",
       [["@batteries:extraDep", "00000000000006bb"]]],
      ["imports",
       [["Batteries.Lean.Util.EnvSearch transitive imports (meta)",
         "7e57ab7aa598694a"],
        ["Batteries.Lean.Util.EnvSearch:importArts (meta)",
         "169c401ceacc37ca"]]]]],
    ["libs",
     [["import dynlibs", "00000000000006bb"],
      ["package external libraries", "00000000000006bb"],
      ["module dynlibs", "00000000000006bb"],
      ["module plugins", "00000000000006bb"]]]]],
  ["Lean 4.27.0, commit 2fcce7258eeb6e324366bc25f9058293b04b7547",
   "6f43b597efea5d4c"],
  ["/home/runner/work/reservoir/reservoir/testbed/repo/Batteries/Tactic/PrintPrefix.lean",
   "ce5beac16fcbbbb9"],
  ["options",
   [["-Dlinter.missingDocs=true", "90c3480090de3a08"],
    ["-Dweak.backward.privateInPublic.warn=false", "7bd7a538fb29f63d"]]],
  ["Module.leanArgs: #[]", "00000000000006bb"]],
 "depHash": "590b80285e100949"}