{"synthetic": false,
 "schemaVersion": "2025-09-10",
 "outputs":
 {"r": "32692f25ef17f626.ir",
  "o":
  ["05ac93016398460c.olean",
   "e650df7ceb0326ab.olean.server",
   "019aae8549d8f433.olean.private"],
  "i": "79b6b96fcdc39a84.ilean",
  "c": "a1df9b9090e0e0b0.c"},
 "log":
 [{"message":
   ".> LEAN_PATH=C:\\Users\\mmeadow\\Documents\\OpenEvolve\\Frontend\\rese\\lean4\\.lake\\packages\\Cli\\.lake\\build\\lib\\lean;C:\\Users\\mmeadow\\Documents\\OpenEvolve\\Frontend\\rese\\lean4\\.lake\\packages\\batteries\\.lake\\build\\lib\\lean;C:\\Users\\mmeadow\\Documents\\OpenEvolve\\Frontend\\rese\\lean4\\.lake\\packages\\Qq\\.lake\\build\\lib\\lean;C:\\Users\\mmeadow\\Documents\\OpenEvolve\\Frontend\\rese\\lean4\\.lake\\packages\\aesop\\.lake\\build\\lib\\lean;C:\\Users\\mmeadow\\Documents\\OpenEvolve\\Frontend\\rese\\lean4\\.lake\\packages\\proofwidgets\\.lake\\build\\lib\\lean;C:\\Users\\mmeadow\\Documents\\OpenEvolve\\Frontend\\rese\\lean4\\.lake\\packages\\importGraph\\.lake\\build\\lib\\lean;C:\\Users\\mmeadow\\Documents\\OpenEvolve\\Frontend\\rese\\lean4\\.lake\\packages\\LeanSearchClient\\.lake\\build\\lib\\lean;C:\\Users\\mmeadow\\Documents\\OpenEvolve\\Frontend\\rese\\lean4\\.lake\\packages\\plausible\\.lake\\build\\lib\\lean;C:\\Users\\mmeadow\\Documents\\OpenEvolve\\Frontend\\rese\\lean4\\.lake\\packages\\mathlib\\.lake\\build\\lib\\lean;C:\\Users\\mmeadow\\Documents\\OpenEvolve\\Frontend\\rese\\lean4\\.lake\\build\\lib\\lean c:\\Users\\mmeadow\\.elan\\toolchains\\leanprover--lean4---v4.27.0-rc1\\bin\\lean.exe C:\\Users\\mmeadow\\Documents\\OpenEvolve\\Frontend\\rese\\lean4\\.lake\\packages\\mathlib\\Mathlib\\CategoryTheory\\Extensive.lean -o C:\\Users\\mmeadow\\Documents\\OpenEvolve\\Frontend\\rese\\lean4\\.lake\\packages\\mathlib\\.lake\\build\\lib\\lean\\Mathlib\\CategoryTheory\\Extensive.olean -i C:\\Users\\mmeadow\\Documents\\OpenEvolve\\Frontend\\rese\\lean4\\.lake\\packages\\mathlib\\.lake\\build\\lib\\lean\\Mathlib\\CategoryTheory\\Extensive.ilean -c C:\\Users\\mmeadow\\Documents\\OpenEvolve\\Frontend\\rese\\lean4\\.lake\\packages\\mathlib\\.lake\\build\\ir\\Mathlib\\CategoryTheory\\Extensive.c --setup C:\\Users\\mmeadow\\Documents\\OpenEvolve\\Frontend\\rese\\lean4\\.lake\\packages\\mathlib\\.lake\\build\\ir\\Mathlib\\CategoryTheory\\Extensive.setup.json --json",
   "level": "trace"}],
 "inputs":
 [["Mathlib.CategoryTheory.Extensive:deps",
   [["deps",
     [["mathlib/Mathlib:extraDep", [["@mathlib:extraDep", "00000000000006bb"]]],
      ["imports",
       [["Mathlib.CategoryTheory.Limits.Shapes.Pullback.CommSq transitive imports (public)",
         "d85c8c82f11ed8e2"],
        ["Mathlib.CategoryTheory.Limits.Shapes.Pullback.CommSq:importArts",
         "490cde73cf54ee61"],
        ["Mathlib.CategoryTheory.Limits.Shapes.StrictInitial transitive imports (public)",
         "038b573291dc2a1c"],
        ["Mathlib.CategoryTheory.Limits.Shapes.StrictInitial:importArts",
         "af5cf56d4605a322"],
        ["Mathlib.CategoryTheory.Limits.Types.Coproducts transitive imports (public)",
         "02f2e642fed03a45"],
        ["Mathlib.CategoryTheory.Limits.Types.Coproducts:importArts",
         "7753a929124651c3"],
        ["Mathlib.CategoryTheory.Limits.Types.Products transitive imports (public)",
         "898d8422109db68e"],
        ["Mathlib.CategoryTheory.Limits.Types.Products:importArts",
         "9fdaa405f4c6df93"],
        ["Mathlib.CategoryTheory.Limits.Types.Pullbacks transitive imports (public)",
         "fed94ce0ad8027d7"],
        ["Mathlib.CategoryTheory.Limits.Types.Pullbacks:importArts",
         "0f4ade04278d0168"],
        ["Mathlib.Topology.Category.TopCat.Limits.Pullbacks transitive imports (public)",
         "262c1c2461e59c67"],
        ["Mathlib.Topology.Category.TopCat.Limits.Pullbacks:importArts",
         "6f22f23b42b3aad0"],
        ["Mathlib.CategoryTheory.Limits.FunctorCategory.Basic transitive imports (public)",
         "d89bcc93ad0d3cf0"],
        ["Mathlib.CategoryTheory.Limits.FunctorCategory.Basic:importArts",
         "59401ca15b0a58a1"],
        ["Mathlib.CategoryTheory.Limits.Constructions.FiniteProductsOfBinaryProducts transitive imports (public)",
         "f9c95ffe740ac560"],
        ["Mathlib.CategoryTheory.Limits.Constructions.FiniteProductsOfBinaryProducts:importArts",
         "0e888050745f77a4"],
        ["Mathlib.CategoryTheory.Limits.VanKampen transitive imports (public)",
         "36edb3b063f471ee"],
        ["Mathlib.CategoryTheory.Limits.VanKampen:importArts",
         "4432d098ef2a7fb5"]]]]],
    ["libs",
     [["import dynlibs", "00000000000006bb"],
      ["package external libraries", "00000000000006bb"],
      ["module dynlibs", "00000000000006bb"],
      ["module plugins", "00000000000006bb"]]]]],
  ["Lean 4.27.0, commit 2fcce7258eeb6e324366bc25f9058293b04b7547",
   "6f43b597efea5d4c"],
  ["C:\\Users\\mmeadow\\Documents\\OpenEvolve\\Frontend\\rese\\lean4\\.lake\\packages\\mathlib\\Mathlib\\CategoryTheory\\Extensive.lean",
   "66ad31f742922e7c"],
  ["options",
   [["-DmaxSynthPendingDepth=3", "c78e353d34de85d4"],
    ["-Dweak.linter.mathlibStandardSet=true", "8a155799906f2b42"],
    ["-Dweak.linter.checkInitImports=true", "cc899f26dd73bf81"],
    ["-Dweak.linter.style.header=true", "07ce48bb05b917ff"],
    ["-Dweak.linter.pythonStyle=true", "35186b2b2b67e319"],
    ["-Dweak.linter.style.longFile=1500", "d79864b112568ff5"],
    ["-Dpp.unicode.fun=true", "9b94070140457fab"],
    ["-Dweak.linter.allScriptsDocumented=true", "217af3ce76c25a94"],
    ["-DautoImplicit=false", "4a85acb881fd49d0"]]],
  ["Module.leanArgs: #[]", "00000000000006bb"]],
 "depHash": "9511b40d07ba920a"}