{"synthetic": false,
 "schemaVersion": "2025-09-10",
 "outputs":
 {"r": "655f0948e3f5ecd8.ir",
  "o":
  ["fa556c35c53225db.olean",
   "af096b660766fbf6.olean.server",
   "6eb55ae6028b1bbc.olean.private"],
  "i": "7b486e8cfed6f948.ilean",
  "c": "71e2b335ec2ef980.c"},
 "log":
 [{"message":
   ".> LEAN_PATH=C:\\Users\\mmeadow\\Documents\\OpenEvolve\\Frontend\\rese\\lean4\\.lake\\packages\\Cli\\.lake\\build\\lib\\lean;C:\\Users\\mmeadow\\Documents\\OpenEvolve\\Frontend\\rese\\lean4\\.lake\\packages\\batteries\\.lake\\build\\lib\\lean;C:\\Users\\mmeadow\\Documents\\OpenEvolve\\Frontend\\rese\\lean4\\.lake\\packages\\Qq\\.lake\\build\\lib\\lean;C:\\Users\\mmeadow\\Documents\\OpenEvolve\\Frontend\\rese\\lean4\\.lake\\packages\\aesop\\.lake\\build\\lib\\lean;C:\\Users\\mmeadow\\Documents\\OpenEvolve\\Frontend\\rese\\lean4\\.lake\\packages\\proofwidgets\\.lake\\build\\lib\\lean;C:\\Users\\mmeadow\\Documents\\OpenEvolve\\Frontend\\rese\\lean4\\.lake\\packages\\importGraph\\.lake\\build\\lib\\lean;C:\\Users\\mmeadow\\Documents\\OpenEvolve\\Frontend\\rese\\lean4\\.lake\\packages\\LeanSearchClient\\.lake\\build\\lib\\lean;C:\\Users\\mmeadow\\Documents\\OpenEvolve\\Frontend\\rese\\lean4\\.lake\\packages\\plausible\\.lake\\build\\lib\\lean;C:\\Users\\mmeadow\\Documents\\OpenEvolve\\Frontend\\rese\\lean4\\.lake\\packages\\mathlib\\.lake\\build\\lib\\lean;C:\\Users\\mmeadow\\Documents\\OpenEvolve\\Frontend\\rese\\lean4\\.lake\\build\\lib\\lean c:\\Users\\mmeadow\\.elan\\toolchains\\leanprover--lean4---v4.27.0-rc1\\bin\\lean.exe C:\\Users\\mmeadow\\Documents\\OpenEvolve\\Frontend\\rese\\lean4\\.lake\\packages\\mathlib\\Mathlib\\Algebra\\Order\\BigOperators\\Group\\Finset.lean -o C:\\Users\\mmeadow\\Documents\\OpenEvolve\\Frontend\\rese\\lean4\\.lake\\packages\\mathlib\\.lake\\build\\lib\\lean\\Mathlib\\Algebra\\Order\\BigOperators\\Group\\Finset.olean -i C:\\Users\\mmeadow\\Documents\\OpenEvolve\\Frontend\\rese\\lean4\\.lake\\packages\\mathlib\\.lake\\build\\lib\\lean\\Mathlib\\Algebra\\Order\\BigOperators\\Group\\Finset.ilean -c C:\\Users\\mmeadow\\Documents\\OpenEvolve\\Frontend\\rese\\lean4\\.lake\\packages\\mathlib\\.lake\\build\\ir\\Mathlib\\Algebra\\Order\\BigOperators\\Group\\Finset.c --setup C:\\Users\\mmeadow\\Documents\\OpenEvolve\\Frontend\\rese\\lean4\\.lake\\packages\\mathlib\\.lake\\build\\ir\\Mathlib\\Algebra\\Order\\BigOperators\\Group\\Finset.setup.json --json",
   "level": "trace"}],
 "inputs":
 [["Mathlib.Algebra.Order.BigOperators.Group.Finset:deps",
   [["deps",
     [["mathlib/Mathlib:extraDep", [["@mathlib:extraDep", "00000000000006bb"]]],
      ["imports",
       [["Mathlib.Data.Fintype.Card transitive imports (public)",
         "914e6bb1caee986b"],
        ["Mathlib.Data.Fintype.Card:importArts", "546d79a5ff6431d7"],
        ["Mathlib.Algebra.Order.BigOperators.Group.Multiset transitive imports (public)",
         "7e05c48b66801afd"],
        ["Mathlib.Algebra.Order.BigOperators.Group.Multiset:importArts",
         "85d8acf5401f467d"],
        ["Mathlib.Algebra.Order.Group.Nat transitive imports (public)",
         "f7c4d4472e3f6762"],
        ["Mathlib.Algebra.Order.Group.Nat:importArts", "2a267ba56887395d"],
        ["Mathlib.Data.Multiset.OrderedMonoid transitive imports (public)",
         "0a33e30d5be4f0a0"],
        ["Mathlib.Data.Multiset.OrderedMonoid:importArts", "7ebed1342ddfa186"],
        ["Mathlib.Tactic.Bound.Attribute transitive imports (public)",
         "00acc781e9424ff9"],
        ["Mathlib.Tactic.Bound.Attribute:importArts", "dda5e34b61d8e5fc"],
        ["Mathlib.Algebra.BigOperators.Group.Finset.Sigma transitive imports (public)",
         "c0edb838c109252a"],
        ["Mathlib.Algebra.BigOperators.Group.Finset.Sigma:importArts",
         "95467031fd1c19ae"],
        ["Mathlib.Data.Multiset.Powerset transitive imports (public)",
         "f1e911b851da32e4"],
        ["Mathlib.Data.Multiset.Powerset:importArts", "0ca22cd021c68c51"],
        ["Mathlib.Algebra.Order.Monoid.Unbundled.Pow transitive imports (public)",
         "b1bdce263e078d83"],
        ["Mathlib.Algebra.Order.Monoid.Unbundled.Pow:importArts",
         "800b2a397fbbc6b6"]]]]],
    ["libs",
     [["import dynlibs", "00000000000006bb"],
      ["package external libraries", "00000000000006bb"],
      ["module dynlibs", "00000000000006bb"],
      ["module plugins", "00000000000006bb"]]]]],
  ["Lean 4.27.0, commit 2fcce7258eeb6e324366bc25f9058293b04b7547",
   "6f43b597efea5d4c"],
  ["C:\\Users\\mmeadow\\Documents\\OpenEvolve\\Frontend\\rese\\lean4\\.lake\\packages\\mathlib\\Mathlib\\Algebra\\Order\\BigOperators\\Group\\Finset.lean",
   "05dbea96fe8c74af"],
  ["options",
   [["-DmaxSynthPendingDepth=3", "c78e353d34de85d4"],
    ["-Dweak.linter.mathlibStandardSet=true", "8a155799906f2b42"],
    ["-Dweak.linter.checkInitImports=true", "cc899f26dd73bf81"],
    ["-Dweak.linter.style.header=true", "07ce48bb05b917ff"],
    ["-Dweak.linter.pythonStyle=true", "35186b2b2b67e319"],
    ["-Dweak.linter.style.longFile=1500", "d79864b112568ff5"],
    ["-Dpp.unicode.fun=true", "9b94070140457fab"],
    ["-Dweak.linter.allScriptsDocumented=true", "217af3ce76c25a94"],
    ["-DautoImplicit=false", "4a85acb881fd49d0"]]],
  ["Module.leanArgs: #[]", "00000000000006bb"]],
 "depHash": "88f3a1133196ede3"}