{"synthetic": false,
 "schemaVersion": "2025-09-10",
 "outputs":
 {"r": "8332c48db72e846e.ir",
  "o":
  ["f7bf10c8c1560985.olean",
   "16f969a262eacac5.olean.server",
   "04c47593d1a8c3c2.olean.private"],
  "i": "187288aac317a3e0.ilean",
  "c": "78d4158ecf530b28.c"},
 "log":
 [{"message":
   ".> LEAN_PATH=C:\\Users\\mmeadow\\Documents\\OpenEvolve\\Frontend\\rese\\lean4\\.lake\\packages\\Cli\\.lake\\build\\lib\\lean;C:\\Users\\mmeadow\\Documents\\OpenEvolve\\Frontend\\rese\\lean4\\.lake\\packages\\batteries\\.lake\\build\\lib\\lean;C:\\Users\\mmeadow\\Documents\\OpenEvolve\\Frontend\\rese\\lean4\\.lake\\packages\\Qq\\.lake\\build\\lib\\lean;C:\\Users\\mmeadow\\Documents\\OpenEvolve\\Frontend\\rese\\lean4\\.lake\\packages\\aesop\\.lake\\build\\lib\\lean;C:\\Users\\mmeadow\\Documents\\OpenEvolve\\Frontend\\rese\\lean4\\.lake\\packages\\proofwidgets\\.lake\\build\\lib\\lean;C:\\Users\\mmeadow\\Documents\\OpenEvolve\\Frontend\\rese\\lean4\\.lake\\packages\\importGraph\\.lake\\build\\lib\\lean;C:\\Users\\mmeadow\\Documents\\OpenEvolve\\Frontend\\rese\\lean4\\.lake\\packages\\LeanSearchClient\\.lake\\build\\lib\\lean;C:\\Users\\mmeadow\\Documents\\OpenEvolve\\Frontend\\rese\\lean4\\.lake\\packages\\plausible\\.lake\\build\\lib\\lean;C:\\Users\\mmeadow\\Documents\\OpenEvolve\\Frontend\\rese\\lean4\\.lake\\packages\\mathlib\\.lake\\build\\lib\\lean;C:\\Users\\mmeadow\\Documents\\OpenEvolve\\Frontend\\rese\\lean4\\.lake\\build\\lib\\lean c:\\Users\\mmeadow\\.elan\\toolchains\\leanprover--lean4---v4.27.0-rc1\\bin\\lean.exe C:\\Users\\mmeadow\\Documents\\OpenEvolve\\Frontend\\rese\\lean4\\.lake\\packages\\mathlib\\Mathlib\\RingTheory\\Flat\\FaithfullyFlat\\Algebra.lean -o C:\\Users\\mmeadow\\Documents\\OpenEvolve\\Frontend\\rese\\lean4\\.lake\\packages\\mathlib\\.lake\\build\\lib\\lean\\Mathlib\\RingTheory\\Flat\\FaithfullyFlat\\Algebra.olean -i C:\\Users\\mmeadow\\Documents\\OpenEvolve\\Frontend\\rese\\lean4\\.lake\\packages\\mathlib\\.lake\\build\\lib\\lean\\Mathlib\\RingTheory\\Flat\\FaithfullyFlat\\Algebra.ilean -c C:\\Users\\mmeadow\\Documents\\OpenEvolve\\Frontend\\rese\\lean4\\.lake\\packages\\mathlib\\.lake\\build\\ir\\Mathlib\\RingTheory\\Flat\\FaithfullyFlat\\Algebra.c --setup C:\\Users\\mmeadow\\Documents\\OpenEvolve\\Frontend\\rese\\lean4\\.lake\\packages\\mathlib\\.lake\\build\\ir\\Mathlib\\RingTheory\\Flat\\FaithfullyFlat\\Algebra.setup.json --json",
   "level": "trace"}],
 "inputs":
 [["Mathlib.RingTheory.Flat.FaithfullyFlat.Algebra:deps",
   [["deps",
     [["mathlib/Mathlib:extraDep", [["@mathlib:extraDep", "00000000000006bb"]]],
      ["imports",
       [["Mathlib.RingTheory.Flat.FaithfullyFlat.Basic transitive imports (public)",
         "53bac9a2201dd78f"],
        ["Mathlib.RingTheory.Flat.FaithfullyFlat.Basic:importArts",
         "cbb39395bfd396eb"],
        ["Mathlib.RingTheory.Ideal.Over transitive imports (public)",
         "b43f51b222d0115d"],
        ["Mathlib.RingTheory.Ideal.Over:importArts", "7f369634b9677e17"],
        ["Mathlib.RingTheory.LocalRing.RingHom.Basic transitive imports (public)",
         "8ac0ee6f1db26f60"],
        ["Mathlib.RingTheory.LocalRing.RingHom.Basic:importArts",
         "6303237f2086fb0d"],
        ["Mathlib.RingTheory.Spectrum.Prime.RingHom transitive imports (public)",
         "98fdc0874c1ca1cf"],
        ["Mathlib.RingTheory.Spectrum.Prime.RingHom:importArts",
         "a30d4ce593e4d8d3"],
        ["Mathlib.RingTheory.TensorProduct.Quotient transitive imports (public)",
         "644c41d647ec761d"],
        ["Mathlib.RingTheory.TensorProduct.Quotient:importArts",
         "87a4ae8f33ad9591"]]]]],
    ["libs",
     [["import dynlibs", "00000000000006bb"],
      ["package external libraries", "00000000000006bb"],
      ["module dynlibs", "00000000000006bb"],
      ["module plugins", "00000000000006bb"]]]]],
  ["Lean 4.27.0, commit 2fcce7258eeb6e324366bc25f9058293b04b7547",
   "6f43b597efea5d4c"],
  ["C:\\Users\\mmeadow\\Documents\\OpenEvolve\\Frontend\\rese\\lean4\\.lake\\packages\\mathlib\\Mathlib\\RingTheory\\Flat\\FaithfullyFlat\\Algebra.lean",
   "c5429820e3f759f4"],
  ["options",
   [["-DmaxSynthPendingDepth=3", "c78e353d34de85d4"],
    ["-Dweak.linter.mathlibStandardSet=true", "8a155799906f2b42"],
    ["-Dweak.linter.checkInitImports=true", "cc899f26dd73bf81"],
    ["-Dweak.linter.style.header=true", "07ce48bb05b917ff"],
    ["-Dweak.linter.pythonStyle=true", "35186b2b2b67e319"],
    ["-Dweak.linter.style.longFile=1500", "d79864b112568ff5"],
    ["-Dpp.unicode.fun=true", "9b94070140457fab"],
    ["-Dweak.linter.allScriptsDocumented=true", "217af3ce76c25a94"],
    ["-DautoImplicit=false", "4a85acb881fd49d0"]]],
  ["Module.leanArgs: #[]", "00000000000006bb"]],
 "depHash": "a476499c212314f1"}