{"synthetic": false,
 "schemaVersion": "2025-09-10",
 "outputs":
 {"r": "fba98debe003d2c9.ir",
  "o":
  ["ecbfc7a2a943a8a0.olean",
   "d93104c72f16074d.olean.server",
   "cc36e20e3964e79c.olean.private"],
  "i": "381a6fd7501d1774.ilean",
  "c": "adff8b17c4557dc3.c"},
 "log":
 [{"message":
   ".> LEAN_PATH=C:\\Users\\mmeadow\\Documents\\OpenEvolve\\Frontend\\rese\\lean4\\.lake\\packages\\Cli\\.lake\\build\\lib\\lean;C:\\Users\\mmeadow\\Documents\\OpenEvolve\\Frontend\\rese\\lean4\\.lake\\packages\\batteries\\.lake\\build\\lib\\lean;C:\\Users\\mmeadow\\Documents\\OpenEvolve\\Frontend\\rese\\lean4\\.lake\\packages\\Qq\\.lake\\build\\lib\\lean;C:\\Users\\mmeadow\\Documents\\OpenEvolve\\Frontend\\rese\\lean4\\.lake\\packages\\aesop\\.lake\\build\\lib\\lean;C:\\Users\\mmeadow\\Documents\\OpenEvolve\\Frontend\\rese\\lean4\\.lake\\packages\\proofwidgets\\.lake\\build\\lib\\lean;C:\\Users\\mmeadow\\Documents\\OpenEvolve\\Frontend\\rese\\lean4\\.lake\\packages\\importGraph\\.lake\\build\\lib\\lean;C:\\Users\\mmeadow\\Documents\\OpenEvolve\\Frontend\\rese\\lean4\\.lake\\packages\\LeanSearchClient\\.lake\\build\\lib\\lean;C:\\Users\\mmeadow\\Documents\\OpenEvolve\\Frontend\\rese\\lean4\\.lake\\packages\\plausible\\.lake\\build\\lib\\lean;C:\\Users\\mmeadow\\Documents\\OpenEvolve\\Frontend\\rese\\lean4\\.lake\\packages\\mathlib\\.lake\\build\\lib\\lean;C:\\Users\\mmeadow\\Documents\\OpenEvolve\\Frontend\\rese\\lean4\\.lake\\build\\lib\\lean c:\\Users\\mmeadow\\.elan\\toolchains\\leanprover--lean4---v4.27.0-rc1\\bin\\lean.exe C:\\Users\\mmeadow\\Documents\\OpenEvolve\\Frontend\\rese\\lean4\\.lake\\packages\\mathlib\\Mathlib\\Logic\\Basic.lean -o C:\\Users\\mmeadow\\Documents\\OpenEvolve\\Frontend\\rese\\lean4\\.lake\\packages\\mathlib\\.lake\\build\\lib\\lean\\Mathlib\\Logic\\Basic.olean -i C:\\Users\\mmeadow\\Documents\\OpenEvolve\\Frontend\\rese\\lean4\\.lake\\packages\\mathlib\\.lake\\build\\lib\\lean\\Mathlib\\Logic\\Basic.ilean -c C:\\Users\\mmeadow\\Documents\\OpenEvolve\\Frontend\\rese\\lean4\\.lake\\packages\\mathlib\\.lake\\build\\ir\\Mathlib\\Logic\\Basic.c --setup C:\\Users\\mmeadow\\Documents\\OpenEvolve\\Frontend\\rese\\lean4\\.lake\\packages\\mathlib\\.lake\\build\\ir\\Mathlib\\Logic\\Basic.setup.json --json",
   "level": "trace"}],
 "inputs":
 [["Mathlib.Logic.Basic:deps",
   [["deps",
     [["mathlib/Mathlib:extraDep", [["@mathlib:extraDep", "00000000000006bb"]]],
      ["imports",
       [["Mathlib.Tactic.Attr.Register transitive imports (public)",
         "16e001cb0a9d913c"],
        ["Mathlib.Tactic.Attr.Register:importArts", "22e5891b21dc6c2f"],
        ["Mathlib.Tactic.AdaptationNote transitive imports (public)",
         "16e001cb0a9d913c"],
        ["Mathlib.Tactic.AdaptationNote:importArts", "8dd0d4653252f13f"],
        ["Mathlib.Tactic.Basic transitive imports (public)",
         "97058a2790079661"],
        ["Mathlib.Tactic.Basic:importArts", "d2bbd400f651abe0"],
        ["Batteries.Logic transitive imports (public)", "783ba52dfc75291f"],
        ["Batteries.Logic:importArts", "4fc96ab314ed78f8"],
        ["Batteries.Tactic.Trans transitive imports (public)",
         "00000000000006bb"],
        ["Batteries.Tactic.Trans:importArts", "d179bced203b645e"],
        ["Batteries.Util.LibraryNote transitive imports (public)",
         "00000000000006bb"],
        ["Batteries.Util.LibraryNote:importArts", "eae64f908548e0c1"],
        ["Mathlib.Data.Nat.Notation transitive imports (public)",
         "16e001cb0a9d913c"],
        ["Mathlib.Data.Nat.Notation:importArts", "0369a681a7898d3c"],
        ["Mathlib.Data.Int.Notation transitive imports (public)",
         "16e001cb0a9d913c"],
        ["Mathlib.Data.Int.Notation:importArts", "770afac31817e6d6"]]]]],
    ["libs",
     [["import dynlibs", "00000000000006bb"],
      ["package external libraries", "00000000000006bb"],
      ["module dynlibs", "00000000000006bb"],
      ["module plugins", "00000000000006bb"]]]]],
  ["Lean 4.27.0, commit 2fcce7258eeb6e324366bc25f9058293b04b7547",
   "6f43b597efea5d4c"],
  ["C:\\Users\\mmeadow\\Documents\\OpenEvolve\\Frontend\\rese\\lean4\\.lake\\packages\\mathlib\\Mathlib\\Logic\\Basic.lean",
   "c110a2dffa764962"],
  ["options",
   [["-DmaxSynthPendingDepth=3", "c78e353d34de85d4"],
    ["-Dweak.linter.mathlibStandardSet=true", "8a155799906f2b42"],
    ["-Dweak.linter.checkInitImports=true", "cc899f26dd73bf81"],
    ["-Dweak.linter.style.header=true", "07ce48bb05b917ff"],
    ["-Dweak.linter.pythonStyle=true", "35186b2b2b67e319"],
    ["-Dweak.linter.style.longFile=1500", "d79864b112568ff5"],
    ["-Dpp.unicode.fun=true", "9b94070140457fab"],
    ["-Dweak.linter.allScriptsDocumented=true", "217af3ce76c25a94"],
    ["-DautoImplicit=false", "4a85acb881fd49d0"]]],
  ["Module.leanArgs: #[]", "00000000000006bb"]],
 "depHash": "f42a5d9818492b60"}