{"synthetic": false,
 "schemaVersion": "2025-09-10",
 "outputs":
 {"r": "b199697cc0034a23.ir",
  "o":
  ["95b5508b76b4966e.olean",
   "5552d2eebfcc5e0a.olean.server",
   "5e665c11bfb92ad4.olean.private"],
  "i": "8f56faddc6e04690.ilean",
  "c": "26c142a05c5b3a48.c"},
 "log":
 [{"message":
   ".> LEAN_PATH=/home/runner/work/reservoir/reservoir/testbed/repo/.lake/build/lib/lean /home/runner/.elan/toolchains/leanprover--lean4---v4.27.0-rc1/bin/lean /home/runner/work/reservoir/reservoir/testbed/repo/Batteries.lean -o /home/runner/work/reservoir/reservoir/testbed/repo/.lake/build/lib/lean/Batteries.olean -i /home/runner/work/reservoir/reservoir/testbed/repo/.lake/build/lib/lean/Batteries.ilean -c /home/runner/work/reservoir/reservoir/testbed/repo/.lake/build/ir/Batteries.c --setup /home/runner/work/reservoir/reservoir/testbed/repo/.lake/build/ir/Batteries.setup.json --json",
   "level": "trace"}],
 "inputs":
 [["Batteries:deps",
   [["deps",
     [["batteries/Batteries:extraDep",
       [["@batteries:extraDep", "00000000000006bb"]]],
      ["imports",
       [["Batteries.Classes.Cast transitive imports (public)",
         "44782b5b46e8489d"],
        ["Batteries.Classes.Cast:importArts", "b1a503980c5ffbe0"],
        ["Batteries.Classes.Deprecated transitive imports (public)",
         "79c42b6ae29e6e36"],
        ["Batteries.Classes.Deprecated:importArts", "9d154560db532eea"],
        ["Batteries.Classes.Order transitive imports (public)",
         "dcd6714391038c89"],
        ["Batteries.Classes.Order:importArts", "8b8eb8c88aa34397"],
        ["Batteries.Classes.RatCast transitive imports (public)",
         "00000000000006bb"],
        ["Batteries.Classes.RatCast:importArts", "9bee75c4973e7a72"],
        ["Batteries.Classes.SatisfiesM transitive imports (public)",
         "40a13740832f7ea2"],
        ["Batteries.Classes.SatisfiesM:importArts", "e93c9ae0193e031a"],
        ["Batteries.CodeAction transitive imports (public)",
         "ceeeef1cb7a662ce"],
        ["Batteries.CodeAction:importArts", "5afba9a403aa9e30"],
        ["Batteries.CodeAction.Attr transitive imports (public)",
         "00000000000006bb"],
        ["Batteries.CodeAction.Attr:importArts", "092037a0d4bb026b"],
        ["Batteries.CodeAction.Basic transitive imports (public)",
         "a73430cf0d1ee2af"],
        ["Batteries.CodeAction.Basic:importArts", "d0502c57dad5bc88"],
        ["Batteries.CodeAction.Deprecated transitive imports (public)",
         "00000000000006bb"],
        ["Batteries.CodeAction.Deprecated:importArts", "54bd4d92c781ac39"],
        ["Batteries.CodeAction.Match transitive imports (public)",
         "171fe1f68e1a2c02"],
        ["Batteries.CodeAction.Match:importArts", "223a4f74b1dec1f9"],
        ["Batteries.CodeAction.Misc transitive imports (public)",
         "8f9d86a94f7b3029"],
        ["Batteries.CodeAction.Misc:importArts", "f353b70accf9ce6d"],
        ["Batteries.Control.AlternativeMonad transitive imports (public)",
         "804c2fb2a5f8d183"],
        ["Batteries.Control.AlternativeMonad:importArts", "b6d00bf2882db6ab"],
        ["Batteries.Control.ForInStep transitive imports (public)",
         "bfdd49f8b0e240fa"],
        ["Batteries.Control.ForInStep:importArts", "01ff0401c21de736"],
        ["Batteries.Control.ForInStep.Basic transitive imports (public)",
         "00000000000006bb"],
        ["Batteries.Control.ForInStep.Basic:importArts", "d8f4b56417451387"],
        ["Batteries.Control.ForInStep.Lemmas transitive imports (public)",
         "73a9c466a8b11157"],
        ["Batteries.Control.ForInStep.Lemmas:importArts", "c83ef598bc6fd8f4"],
        ["Batteries.Control.LawfulMonadState transitive imports (public)",
         "00000000000006bb"],
        ["Batteries.Control.LawfulMonadState:importArts", "04af2cd01f0ad331"],
        ["Batteries.Control.Lemmas transitive imports (public)",
         "00000000000006bb"],
        ["Batteries.Control.Lemmas:importArts", "c29ef8e625f86769"],
        ["Batteries.Control.Monad transitive imports (public)",
         "783ba52dfc75291f"],
        ["Batteries.Control.Monad:importArts", "8f0011fc77bbe4a6"],
        ["Batteries.Control.Nondet.Basic transitive imports (public)",
         "041942b00f671423"],
        ["Batteries.Control.Nondet.Basic:importArts", "b03b15c17fb43f0a"],
        ["Batteries.Control.OptionT transitive imports (public)",
         "13d9e7b0cd686ed3"],
        ["Batteries.Control.OptionT:importArts", "521ecfc24bc2b223"],
        ["Batteries.Data.Array transitive imports (public)",
         "ce1dfd55f24e3739"],
        ["Batteries.Data.Array:importArts", "3c1e5499533ada45"],
        ["Batteries.Data.AssocList transitive imports (public)",
         "177063f0cb7a5bb1"],
        ["Batteries.Data.AssocList:importArts", "b5258d12013e57dc"],
        ["Batteries.Data.BinaryHeap transitive imports (public)",
         "00000000000006bb"],
        ["Batteries.Data.BinaryHeap:importArts", "4677a16ae981baf9"],
        ["Batteries.Data.BinomialHeap transitive imports (public)",
         "d50784cb1d96d828"],
        ["Batteries.Data.BinomialHeap:importArts", "715bf8ab67569b41"],
        ["Batteries.Data.BitVec transitive imports (public)",
         "ab91d74872e47b0d"],
        ["Batteries.Data.BitVec:importArts", "bf872279fb89e750"],
        ["Batteries.Data.ByteArray transitive imports (public)",
         "00000000000006bb"],
        ["Batteries.Data.ByteArray:importArts", "15b45c0dcdc8675d"],
        ["Batteries.Data.ByteSlice transitive imports (public)",
         "00000000000006bb"],
        ["Batteries.Data.ByteSlice:importArts", "34d4cabd6ca0de74"],
        ["Batteries.Data.Char transitive imports (public)", "a46765a8ac104064"],
        ["Batteries.Data.Char:importArts", "04e94a04ff7f31f3"],
        ["Batteries.Data.DList transitive imports (public)",
         "d09b674bdba8b1e7"],
        ["Batteries.Data.DList:importArts", "3a871077719e128c"],
        ["Batteries.Data.Fin transitive imports (public)", "518550ba1add0c5e"],
        ["Batteries.Data.Fin:importArts", "ab5b784b86ed91cb"],
        ["Batteries.Data.FloatArray transitive imports (public)",
         "00000000000006bb"],
        ["Batteries.Data.FloatArray:importArts", "b4372278e553a431"],
        ["Batteries.Data.HashMap transitive imports (public)",
         "3b378e746316dcb8"],
        ["Batteries.Data.HashMap:importArts", "6a378d359e807364"],
        ["Batteries.Data.Int transitive imports (public)", "ccb2bcc8a5a2c4eb"],
        ["Batteries.Data.Int:importArts", "a8689cc24d90fdd0"],
        ["Batteries.Data.List transitive imports (public)", "749e92d069239ce8"],
        ["Batteries.Data.List:importArts", "ac7b1b54f221e55d"],
        ["Batteries.Data.MLList transitive imports (public)",
         "dba56c09928d4b1c"],
        ["Batteries.Data.MLList:importArts", "395eab8bcbb6e131"],
        ["Batteries.Data.NameSet transitive imports (public)",
         "00000000000006bb"],
        ["Batteries.Data.NameSet:importArts", "05f64ae78e5788db"],
        ["Batteries.Data.Nat transitive imports (public)", "1ad1f985cc6afad9"],
        ["Batteries.Data.Nat:importArts", "436ec9dd2d1d47c1"],
        ["Batteries.Data.PairingHeap transitive imports (public)",
         "79c42b6ae29e6e36"],
        ["Batteries.Data.PairingHeap:importArts", "bc3fa2fcc4d545fc"],
        ["Batteries.Data.RBMap transitive imports (public)",
         "0b664265c7469c14"],
        ["Batteries.Data.RBMap:importArts", "24285b014b6a3011"],
        ["Batteries.Data.Random transitive imports (public)",
         "b04b4b53b3a54db7"],
        ["Batteries.Data.Random:importArts", "d24ad8bb39e5ef76"],
        ["Batteries.Data.Range transitive imports (public)",
         "da0e8da3c0b1fd90"],
        ["Batteries.Data.Range:importArts", "2693d1c486091031"],
        ["Batteries.Data.Rat transitive imports (public)", "5d126143d9f38417"],
        ["Batteries.Data.Rat:importArts", "79c256126341cf0f"],
        ["Batteries.Data.Stream transitive imports (public)",
         "00000000000006bb"],
        ["Batteries.Data.Stream:importArts", "9f794c8786276b50"],
        ["Batteries.Data.String transitive imports (public)",
         "0f35df846423794c"],
        ["Batteries.Data.String:importArts", "43e97dd27df3a82c"],
        ["Batteries.Data.UInt transitive imports (public)", "79c42b6ae29e6e36"],
        ["Batteries.Data.UInt:importArts", "347944d0f1bd0aae"],
        ["Batteries.Data.UnionFind transitive imports (public)",
         "0bb1e4fa7e3936d0"],
        ["Batteries.Data.UnionFind:importArts", "d98892cd2886182e"],
        ["Batteries.Data.Vector transitive imports (public)",
         "a18e55cc808cad7e"],
        ["Batteries.Data.Vector:importArts", "c23e0dffef791591"],
        ["Batteries.Lean.AttributeExtra transitive imports (public)",
         "459c947902867228"],
        ["Batteries.Lean.AttributeExtra:importArts", "996cd95ef0749f3b"],
        ["Batteries.Lean.EStateM transitive imports (public)",
         "00000000000006bb"],
        ["Batteries.Lean.EStateM:importArts", "5e9fe4b5a849e70b"],
        ["Batteries.Lean.Except transitive imports (public)",
         "00000000000006bb"],
        ["Batteries.Lean.Except:importArts", "c4ff315fa67a65a6"],
        ["Batteries.Lean.Expr transitive imports (public)", "00000000000006bb"],
        ["Batteries.Lean.Expr:importArts", "faf43cc0e16f0e31"],
        ["Batteries.Lean.Float transitive imports (public)",
         "00000000000006bb"],
        ["Batteries.Lean.Float:importArts", "415abd0a8a031bab"],
        ["Batteries.Lean.HashMap transitive imports (public)",
         "00000000000006bb"],
        ["Batteries.Lean.HashMap:importArts", "4629c9fca7b85f95"],
        ["Batteries.Lean.HashSet transitive imports (public)",
         "00000000000006bb"],
        ["Batteries.Lean.HashSet:importArts", "32c6a239de4bc869"],
        ["Batteries.Lean.IO.Process transitive imports (public)",
         "00000000000006bb"],
        ["Batteries.Lean.IO.Process:importArts", "b6c97b657d22ab0f"],
        ["Batteries.Lean.Json transitive imports (public)", "cac7d4113c354d03"],
        ["Batteries.Lean.Json:importArts", "144cbf27a05798b2"],
        ["Batteries.Lean.LawfulMonad transitive imports (public)",
         "00000000000006bb"],
        ["Batteries.Lean.LawfulMonad:importArts", "ec17569733d51456"],
        ["Batteries.Lean.LawfulMonadLift transitive imports (public)",
         "00000000000006bb"],
        ["Batteries.Lean.LawfulMonadLift:importArts", "6501705e4897b5ea"],
        ["Batteries.Lean.Meta.Basic transitive imports (public)",
         "effbdbfd0071c742"],
        ["Batteries.Lean.Meta.Basic:importArts", "6735cb079d5f1c64"],
        ["Batteries.Lean.Meta.DiscrTree transitive imports (public)",
         "444cfabae76b1bb6"],
        ["Batteries.Lean.Meta.DiscrTree:importArts", "5234fbb159b96f1a"],
        ["Batteries.Lean.Meta.Expr transitive imports (public)",
         "00000000000006bb"],
        ["Batteries.Lean.Meta.Expr:importArts", "7787632cba4f8feb"],
        ["Batteries.Lean.Meta.Inaccessible transitive imports (public)",
         "00000000000006bb"],
        ["Batteries.Lean.Meta.Inaccessible:importArts", "3d9e89d2af9ffc88"],
        ["Batteries.Lean.Meta.InstantiateMVars transitive imports (public)",
         "c3f1d5077e31ada5"],
        ["Batteries.Lean.Meta.InstantiateMVars:importArts", "553f4b9505b3e9c3"],
        ["Batteries.Lean.Meta.SavedState transitive imports (public)",
         "a7136dd0aa812954"],
        ["Batteries.Lean.Meta.SavedState:importArts", "b5e198c0eb237c44"],
        ["Batteries.Lean.Meta.Simp transitive imports (public)",
         "a883b060af468d77"],
        ["Batteries.Lean.Meta.Simp:importArts", "91227e32a3d93dbf"],
        ["Batteries.Lean.Meta.UnusedNames transitive imports (public)",
         "00000000000006bb"],
        ["Batteries.Lean.Meta.UnusedNames:importArts", "998a30a0711b2711"],
        ["Batteries.Lean.MonadBacktrack transitive imports (public)",
         "00000000000006bb"],
        ["Batteries.Lean.MonadBacktrack:importArts", "614d4e080e7c75ba"],
        ["Batteries.Lean.NameMapAttribute transitive imports (public)",
         "00000000000006bb"],
        ["Batteries.Lean.NameMapAttribute:importArts", "629aed0673566e1f"],
        ["Batteries.Lean.PersistentHashMap transitive imports (public)",
         "00000000000006bb"],
        ["Batteries.Lean.PersistentHashMap:importArts", "f1ee854078b2848b"],
        ["Batteries.Lean.PersistentHashSet transitive imports (public)",
         "00000000000006bb"],
        ["Batteries.Lean.PersistentHashSet:importArts", "396fd4f821f1cfe8"],
        ["Batteries.Lean.Position transitive imports (public)",
         "00000000000006bb"],
        ["Batteries.Lean.Position:importArts", "bf951a8d984d0dc6"],
        ["Batteries.Lean.SatisfiesM transitive imports (public)",
         "c55fe205618ea97b"],
        ["Batteries.Lean.SatisfiesM:importArts", "b67738be93bdd531"],
        ["Batteries.Lean.Syntax transitive imports (public)",
         "00000000000006bb"],
        ["Batteries.Lean.Syntax:importArts", "31af4d89fc458496"],
        ["Batteries.Lean.System.IO transitive imports (public)",
         "00000000000006bb"],
        ["Batteries.Lean.System.IO:importArts", "6702284629af2bbf"],
        ["Batteries.Lean.TagAttribute transitive imports (public)",
         "00000000000006bb"],
        ["Batteries.Lean.TagAttribute:importArts", "2ef36d86d59ad0a6"],
        ["Batteries.Lean.Util.EnvSearch transitive imports (public)",
         "434268de3a8f20c7"],
        ["Batteries.Lean.Util.EnvSearch:importArts", "ea365b78a503b95c"],
        ["Batteries.Linter transitive imports (public)", "a56aba0494c9d5b7"],
        ["Batteries.Linter:importArts", "9e20f3e1eeefbe6f"],
        ["Batteries.Linter.UnnecessarySeqFocus transitive imports (public)",
         "432682b5faadea33"],
        ["Batteries.Linter.UnnecessarySeqFocus:importArts", "06443d5b0f1e88dd"],
        ["Batteries.Linter.UnreachableTactic transitive imports (public)",
         "044d46b081bb522b"],
        ["Batteries.Linter.UnreachableTactic:importArts", "ce5a819366eb53e9"],
        ["Batteries.Logic transitive imports (public)", "783ba52dfc75291f"],
        ["Batteries.Logic:importArts", "4fc96ab314ed78f8"],
        ["Batteries.Tactic.Alias transitive imports (public)",
         "6a2635522f6a4237"],
        ["Batteries.Tactic.Alias:importArts", "1e48a9adf495c87b"],
        ["Batteries.Tactic.Basic transitive imports (public)",
         "e7fa471cfa66d56d"],
        ["Batteries.Tactic.Basic:importArts", "5bb98aad2551d745"],
        ["Batteries.Tactic.Case transitive imports (public)",
         "00000000000006bb"],
        ["Batteries.Tactic.Case:importArts", "f3ce49c93ac49883"],
        ["Batteries.Tactic.Congr transitive imports (public)",
         "00000000000006bb"],
        ["Batteries.Tactic.Congr:importArts", "74cc8743fdd5552a"],
        ["Batteries.Tactic.Exact transitive imports (public)",
         "57106f9e2a0a92c4"],
        ["Batteries.Tactic.Exact:importArts", "ff39b6afef38d7c5"],
        ["Batteries.Tactic.GeneralizeProofs transitive imports (public)",
         "995b1951abc9fc99"],
        ["Batteries.Tactic.GeneralizeProofs:importArts", "68b87e8eee113428"],
        ["Batteries.Tactic.HelpCmd transitive imports (public)",
         "a984154123350b6d"],
        ["Batteries.Tactic.HelpCmd:importArts", "612512d7d895ed9c"],
        ["Batteries.Tactic.Init transitive imports (public)",
         "00000000000006bb"],
        ["Batteries.Tactic.Init:importArts", "e7605f94899ba5d4"],
        ["Batteries.Tactic.Instances transitive imports (public)",
         "00000000000006bb"],
        ["Batteries.Tactic.Instances:importArts", "10e4595d1ecd6be2"],
        ["Batteries.Tactic.Lemma transitive imports (public)",
         "00000000000006bb"],
        ["Batteries.Tactic.Lemma:importArts", "04aaf2d6d5226578"],
        ["Batteries.Tactic.Lint transitive imports (public)",
         "ac76bad00706fa41"],
        ["Batteries.Tactic.Lint:importArts", "44b1f960cad5a5f9"],
        ["Batteries.Tactic.Lint.Basic transitive imports (public)",
         "00000000000006bb"],
        ["Batteries.Tactic.Lint.Basic:importArts", "af84e392479225b9"],
        ["Batteries.Tactic.Lint.Frontend transitive imports (public)",
         "efd30478fe40da44"],
        ["Batteries.Tactic.Lint.Frontend:importArts", "dffae7ed397dda1f"],
        ["Batteries.Tactic.Lint.Misc transitive imports (public)",
         "efd30478fe40da44"],
        ["Batteries.Tactic.Lint.Misc:importArts", "0fb4fbe7ba39739d"],
        ["Batteries.Tactic.Lint.Simp transitive imports (public)",
         "fabf7558a3d45a32"],
        ["Batteries.Tactic.Lint.Simp:importArts", "320011d43eaf0762"],
        ["Batteries.Tactic.Lint.TypeClass transitive imports (public)",
         "efd30478fe40da44"],
        ["Batteries.Tactic.Lint.TypeClass:importArts", "55c1583941f9c9ed"],
        ["Batteries.Tactic.NoMatch transitive imports (public)",
         "00000000000006bb"],
        ["Batteries.Tactic.NoMatch:importArts", "95229b60064ac564"],
        ["Batteries.Tactic.OpenPrivate transitive imports (public)",
         "00000000000006bb"],
        ["Batteries.Tactic.OpenPrivate:importArts", "d55d65bed5ca265b"],
        ["Batteries.Tactic.PermuteGoals transitive imports (public)",
         "00000000000006bb"],
        ["Batteries.Tactic.PermuteGoals:importArts", "edfb6c2075fc575a"],
        ["Batteries.Tactic.PrintDependents transitive imports (public)",
         "00000000000006bb"],
        ["Batteries.Tactic.PrintDependents:importArts", "83b4ff33ff1058e8"],
        ["Batteries.Tactic.PrintOpaques transitive imports (public)",
         "00000000000006bb"],
        ["Batteries.Tactic.PrintOpaques:importArts", "3abb04c4d30f9a80"],
        ["Batteries.Tactic.PrintPrefix transitive imports (public)",
         "e0ab555c53796131"],
        ["Batteries.Tactic.PrintPrefix:importArts", "fc71d0e30c2df6a5"],
        ["Batteries.Tactic.SeqFocus transitive imports (public)",
         "00000000000006bb"],
        ["Batteries.Tactic.SeqFocus:importArts", "1928dd41f9d711b8"],
        ["Batteries.Tactic.ShowUnused transitive imports (public)",
         "00000000000006bb"],
        ["Batteries.Tactic.ShowUnused:importArts", "a210343b8b0c6343"],
        ["Batteries.Tactic.SqueezeScope transitive imports (public)",
         "00000000000006bb"],
        ["Batteries.Tactic.SqueezeScope:importArts", "512567770df5f8f0"],
        ["Batteries.Tactic.Trans transitive imports (public)",
         "00000000000006bb"],
        ["Batteries.Tactic.Trans:importArts", "d179bced203b645e"],
        ["Batteries.Tactic.Unreachable transitive imports (public)",
         "00000000000006bb"],
        ["Batteries.Tactic.Unreachable:importArts", "a182511f017aeb4f"],
        ["Batteries.Util.Cache transitive imports (public)",
         "00000000000006bb"],
        ["Batteries.Util.Cache:importArts", "849139e2247e1d0b"],
        ["Batteries.Util.ExtendedBinder transitive imports (public)",
         "00000000000006bb"],
        ["Batteries.Util.ExtendedBinder:importArts", "b8bb327886721ec7"],
        ["Batteries.Util.LibraryNote transitive imports (public)",
         "00000000000006bb"],
        ["Batteries.Util.LibraryNote:importArts", "eae64f908548e0c1"],
        ["Batteries.Util.Panic transitive imports (public)",
         "00000000000006bb"],
        ["Batteries.Util.Panic:importArts", "c9040abbc50a8d27"],
        ["Batteries.Util.Pickle transitive imports (public)",
         "00000000000006bb"],
        ["Batteries.Util.Pickle:importArts", "1be48bcc3a7c8fd8"],
        ["Batteries.Util.ProofWanted transitive imports (public)",
         "00000000000006bb"],
        ["Batteries.Util.ProofWanted:importArts", "f8f1e1cb8556192d"]]]]],
    ["libs",
     [["import dynlibs", "00000000000006bb"],
      ["package external libraries", "00000000000006bb"],
      ["module dynlibs", "00000000000006bb"],
      ["module plugins", "00000000000006bb"]]]]],
  ["Lean 4.27.0, commit 2fcce7258eeb6e324366bc25f9058293b04b7547",
   "6f43b597efea5d4c"],
  ["/home/runner/work/reservoir/reservoir/testbed/repo/Batteries.lean",
   "18fd094081a1757c"],
  ["options",
   [["-Dlinter.missingDocs=true", "90c3480090de3a08"],
    ["-Dweak.backward.privateInPublic.warn=false", "7bd7a538fb29f63d"]]],
  ["Module.leanArgs: #[]", "00000000000006bb"]],
 "depHash": "5ae0752e1a255cf7"}