{"synthetic": false,
 "schemaVersion": "2025-09-10",
 "outputs":
 {"o": ["c18d68827c4eb8ca.olean"],
  "i": "f0714ab0540fe2cf.ilean",
  "c": "f197fed467414e9e.c"},
 "log":
 [{"message":
   ".> LEAN_PATH=/home/runner/work/reservoir/reservoir/testbed/repo/.lake/build/lib/lean /home/runner/.elan/toolchains/leanprover--lean4---v4.27.0-rc1/bin/lean /home/runner/work/reservoir/reservoir/testbed/repo/scripts/runLinter.lean -o /home/runner/work/reservoir/reservoir/testbed/repo/.lake/build/lib/lean/runLinter.olean -i /home/runner/work/reservoir/reservoir/testbed/repo/.lake/build/lib/lean/runLinter.ilean -c /home/runner/work/reservoir/reservoir/testbed/repo/.lake/build/ir/runLinter.c --setup /home/runner/work/reservoir/reservoir/testbed/repo/.lake/build/ir/runLinter.setup.json --json",
   "level": "trace"}],
 "inputs":
 [["runLinter:deps",
   [["deps",
     [["batteries/runLinter:extraDep",
       [["@batteries:extraDep", "00000000000006bb"]]],
      ["imports",
       [["Batteries.Tactic.Lint transitive imports (legacy)",
         "fa283dd8e70b19b9"],
        ["Batteries.Tactic.Lint:importAllArts", "64b5182eee37019b"],
        ["Batteries.Data.Array.Basic transitive imports (legacy)",
         "00000000000006bb"],
        ["Batteries.Data.Array.Basic:importAllArts", "9f79dc254295f80e"]]]]],
    ["libs",
     [["import dynlibs", "00000000000006bb"],
      ["package external libraries", "00000000000006bb"],
      ["module dynlibs", "00000000000006bb"],
      ["module plugins", "00000000000006bb"]]]]],
  ["Lean 4.27.0, commit 2fcce7258eeb6e324366bc25f9058293b04b7547",
   "6f43b597efea5d4c"],
  ["/home/runner/work/reservoir/reservoir/testbed/repo/scripts/runLinter.lean",
   "b564260ebfd08494"],
  ["options",
   [["-Dlinter.missingDocs=true", "90c3480090de3a08"],
    ["-Dweak.backward.privateInPublic.warn=false", "7bd7a538fb29f63d"]]],
  ["Module.leanArgs: #[]", "00000000000006bb"]],
 "depHash": "31141d3635057abe"}