{"synthetic": false,
 "schemaVersion": "2025-09-10",
 "outputs":
 {"r": "cac4d44b32c40d42.ir",
  "o":
  ["4bca2640674c6853.olean",
   "90c14eb850ec0c55.olean.server",
   "62453b77300a057b.olean.private"],
  "i": "67ce74def4ff411a.ilean",
  "c": "e06dc9047dc633c3.c"},
 "log":
 [{"message":
   ".> LEAN_PATH=C:\\Users\\mmeadow\\Documents\\OpenEvolve\\Frontend\\rese\\lean4\\.lake\\packages\\Cli\\.lake\\build\\lib\\lean;C:\\Users\\mmeadow\\Documents\\OpenEvolve\\Frontend\\rese\\lean4\\.lake\\packages\\batteries\\.lake\\build\\lib\\lean;C:\\Users\\mmeadow\\Documents\\OpenEvolve\\Frontend\\rese\\lean4\\.lake\\packages\\Qq\\.lake\\build\\lib\\lean;C:\\Users\\mmeadow\\Documents\\OpenEvolve\\Frontend\\rese\\lean4\\.lake\\packages\\aesop\\.lake\\build\\lib\\lean;C:\\Users\\mmeadow\\Documents\\OpenEvolve\\Frontend\\rese\\lean4\\.lake\\packages\\proofwidgets\\.lake\\build\\lib\\lean;C:\\Users\\mmeadow\\Documents\\OpenEvolve\\Frontend\\rese\\lean4\\.lake\\packages\\importGraph\\.lake\\build\\lib\\lean;C:\\Users\\mmeadow\\Documents\\OpenEvolve\\Frontend\\rese\\lean4\\.lake\\packages\\LeanSearchClient\\.lake\\build\\lib\\lean;C:\\Users\\mmeadow\\Documents\\OpenEvolve\\Frontend\\rese\\lean4\\.lake\\packages\\plausible\\.lake\\build\\lib\\lean;C:\\Users\\mmeadow\\Documents\\OpenEvolve\\Frontend\\rese\\lean4\\.lake\\packages\\mathlib\\.lake\\build\\lib\\lean;C:\\Users\\mmeadow\\Documents\\OpenEvolve\\Frontend\\rese\\lean4\\.lake\\build\\lib\\lean c:\\Users\\mmeadow\\.elan\\toolchains\\leanprover--lean4---v4.27.0-rc1\\bin\\lean.exe C:\\Users\\mmeadow\\Documents\\OpenEvolve\\Frontend\\rese\\lean4\\.lake\\packages\\mathlib\\Mathlib\\FieldTheory\\IntermediateField\\Adjoin\\Basic.lean -o C:\\Users\\mmeadow\\Documents\\OpenEvolve\\Frontend\\rese\\lean4\\.lake\\packages\\mathlib\\.lake\\build\\lib\\lean\\Mathlib\\FieldTheory\\IntermediateField\\Adjoin\\Basic.olean -i C:\\Users\\mmeadow\\Documents\\OpenEvolve\\Frontend\\rese\\lean4\\.lake\\packages\\mathlib\\.lake\\build\\lib\\lean\\Mathlib\\FieldTheory\\IntermediateField\\Adjoin\\Basic.ilean -c C:\\Users\\mmeadow\\Documents\\OpenEvolve\\Frontend\\rese\\lean4\\.lake\\packages\\mathlib\\.lake\\build\\ir\\Mathlib\\FieldTheory\\IntermediateField\\Adjoin\\Basic.c --setup C:\\Users\\mmeadow\\Documents\\OpenEvolve\\Frontend\\rese\\lean4\\.lake\\packages\\mathlib\\.lake\\build\\ir\\Mathlib\\FieldTheory\\IntermediateField\\Adjoin\\Basic.setup.json --json",
   "level": "trace"}],
 "inputs":
 [["Mathlib.FieldTheory.IntermediateField.Adjoin.Basic:deps",
   [["deps",
     [["mathlib/Mathlib:extraDep", [["@mathlib:extraDep", "00000000000006bb"]]],
      ["imports",
       [["Mathlib.Algebra.Algebra.Subalgebra.Directed transitive imports (public)",
         "a6b407ff0d2d8286"],
        ["Mathlib.Algebra.Algebra.Subalgebra.Directed:importArts",
         "e990dc013a1b2c85"],
        ["Mathlib.Algebra.Algebra.Subalgebra.IsSimpleOrder transitive imports (public)",
         "483ab043e9397eb1"],
        ["Mathlib.Algebra.Algebra.Subalgebra.IsSimpleOrder:importArts",
         "a99f2f68a98c398d"],
        ["Mathlib.FieldTheory.Separable transitive imports (public)",
         "32fb500f5ccba845"],
        ["Mathlib.FieldTheory.Separable:importArts", "f2384b61ec3b6ebc"],
        ["Mathlib.FieldTheory.SplittingField.IsSplittingField transitive imports (public)",
         "a0065b7931c0307d"],
        ["Mathlib.FieldTheory.SplittingField.IsSplittingField:importArts",
         "6f15242038d62b50"],
        ["Mathlib.LinearAlgebra.Dual.Lemmas transitive imports (public)",
         "edd1a2400ba213e6"],
        ["Mathlib.LinearAlgebra.Dual.Lemmas:importArts", "d8dde6a9c09be921"],
        ["Mathlib.RingTheory.Adjoin.Dimension transitive imports (public)",
         "bbe346da0c29b57e"],
        ["Mathlib.RingTheory.Adjoin.Dimension:importArts", "2a2290d0daedd224"],
        ["Mathlib.RingTheory.TensorProduct.Finite transitive imports (public)",
         "800575f23e51f4a6"],
        ["Mathlib.RingTheory.TensorProduct.Finite:importArts",
         "fa811e718e5e86f1"]]]]],
    ["libs",
     [["import dynlibs", "00000000000006bb"],
      ["package external libraries", "00000000000006bb"],
      ["module dynlibs", "00000000000006bb"],
      ["module plugins", "00000000000006bb"]]]]],
  ["Lean 4.27.0, commit 2fcce7258eeb6e324366bc25f9058293b04b7547",
   "6f43b597efea5d4c"],
  ["C:\\Users\\mmeadow\\Documents\\OpenEvolve\\Frontend\\rese\\lean4\\.lake\\packages\\mathlib\\Mathlib\\FieldTheory\\IntermediateField\\Adjoin\\Basic.lean",
   "fc404ac76f32f8ae"],
  ["options",
   [["-DmaxSynthPendingDepth=3", "c78e353d34de85d4"],
    ["-Dweak.linter.mathlibStandardSet=true", "8a155799906f2b42"],
    ["-Dweak.linter.checkInitImports=true", "cc899f26dd73bf81"],
    ["-Dweak.linter.style.header=true", "07ce48bb05b917ff"],
    ["-Dweak.linter.pythonStyle=true", "35186b2b2b67e319"],
    ["-Dweak.linter.style.longFile=1500", "d79864b112568ff5"],
    ["-Dpp.unicode.fun=true", "9b94070140457fab"],
    ["-Dweak.linter.allScriptsDocumented=true", "217af3ce76c25a94"],
    ["-DautoImplicit=false", "4a85acb881fd49d0"]]],
  ["Module.leanArgs: #[]", "00000000000006bb"]],
 "depHash": "86941de0cfe04a82"}