{"synthetic": false,
 "schemaVersion": "2025-09-10",
 "outputs":
 {"r": "806028311fd07acf.ir",
  "o":
  ["64fdcd2506a54b20.olean",
   "6325ee34ff40b7ac.olean.server",
   "d8c7c6b6748d242f.olean.private"],
  "i": "764d19d95e78629e.ilean",
  "c": "d4ef2e5d82663758.c"},
 "log":
 [{"message":
   ".> LEAN_PATH=C:\\Users\\mmeadow\\Documents\\OpenEvolve\\Frontend\\rese\\lean4\\.lake\\packages\\Cli\\.lake\\build\\lib\\lean;C:\\Users\\mmeadow\\Documents\\OpenEvolve\\Frontend\\rese\\lean4\\.lake\\packages\\batteries\\.lake\\build\\lib\\lean;C:\\Users\\mmeadow\\Documents\\OpenEvolve\\Frontend\\rese\\lean4\\.lake\\packages\\Qq\\.lake\\build\\lib\\lean;C:\\Users\\mmeadow\\Documents\\OpenEvolve\\Frontend\\rese\\lean4\\.lake\\packages\\aesop\\.lake\\build\\lib\\lean;C:\\Users\\mmeadow\\Documents\\OpenEvolve\\Frontend\\rese\\lean4\\.lake\\packages\\proofwidgets\\.lake\\build\\lib\\lean;C:\\Users\\mmeadow\\Documents\\OpenEvolve\\Frontend\\rese\\lean4\\.lake\\packages\\importGraph\\.lake\\build\\lib\\lean;C:\\Users\\mmeadow\\Documents\\OpenEvolve\\Frontend\\rese\\lean4\\.lake\\packages\\LeanSearchClient\\.lake\\build\\lib\\lean;C:\\Users\\mmeadow\\Documents\\OpenEvolve\\Frontend\\rese\\lean4\\.lake\\packages\\plausible\\.lake\\build\\lib\\lean;C:\\Users\\mmeadow\\Documents\\OpenEvolve\\Frontend\\rese\\lean4\\.lake\\packages\\mathlib\\.lake\\build\\lib\\lean;C:\\Users\\mmeadow\\Documents\\OpenEvolve\\Frontend\\rese\\lean4\\.lake\\build\\lib\\lean c:\\Users\\mmeadow\\.elan\\toolchains\\leanprover--lean4---v4.27.0-rc1\\bin\\lean.exe C:\\Users\\mmeadow\\Documents\\OpenEvolve\\Frontend\\rese\\lean4\\.lake\\packages\\mathlib\\Mathlib\\CategoryTheory\\Abelian\\Basic.lean -o C:\\Users\\mmeadow\\Documents\\OpenEvolve\\Frontend\\rese\\lean4\\.lake\\packages\\mathlib\\.lake\\build\\lib\\lean\\Mathlib\\CategoryTheory\\Abelian\\Basic.olean -i C:\\Users\\mmeadow\\Documents\\OpenEvolve\\Frontend\\rese\\lean4\\.lake\\packages\\mathlib\\.lake\\build\\lib\\lean\\Mathlib\\CategoryTheory\\Abelian\\Basic.ilean -c C:\\Users\\mmeadow\\Documents\\OpenEvolve\\Frontend\\rese\\lean4\\.lake\\packages\\mathlib\\.lake\\build\\ir\\Mathlib\\CategoryTheory\\Abelian\\Basic.c --setup C:\\Users\\mmeadow\\Documents\\OpenEvolve\\Frontend\\rese\\lean4\\.lake\\packages\\mathlib\\.lake\\build\\ir\\Mathlib\\CategoryTheory\\Abelian\\Basic.setup.json --json",
   "level": "trace"}],
 "inputs":
 [["Mathlib.CategoryTheory.Abelian.Basic:deps",
   [["deps",
     [["mathlib/Mathlib:extraDep", [["@mathlib:extraDep", "00000000000006bb"]]],
      ["imports",
       [["Mathlib.CategoryTheory.Limits.Constructions.Pullbacks transitive imports (public)",
         "c5652014b6647b61"],
        ["Mathlib.CategoryTheory.Limits.Constructions.Pullbacks:importArts",
         "6d4a154aaf559aa2"],
        ["Mathlib.CategoryTheory.Preadditive.Biproducts transitive imports (public)",
         "3fb45206b3e21f2f"],
        ["Mathlib.CategoryTheory.Preadditive.Biproducts:importArts",
         "4a7631e57532fa44"],
        ["Mathlib.CategoryTheory.Limits.Preserves.Shapes.Kernels transitive imports (public)",
         "46f391c62dff2c0c"],
        ["Mathlib.CategoryTheory.Limits.Preserves.Shapes.Kernels:importArts",
         "aba657efdcf15e95"],
        ["Mathlib.CategoryTheory.Limits.Shapes.Images transitive imports (public)",
         "dee5fe169302f86f"],
        ["Mathlib.CategoryTheory.Limits.Shapes.Images:importArts",
         "fd4aa94067444dc1"],
        ["Mathlib.CategoryTheory.Limits.Constructions.LimitsOfProductsAndEqualizers transitive imports (public)",
         "7aac8e651b82c6c5"],
        ["Mathlib.CategoryTheory.Limits.Constructions.LimitsOfProductsAndEqualizers:importArts",
         "86b4afe7d2f1e5ed"],
        ["Mathlib.CategoryTheory.Abelian.NonPreadditive transitive imports (public)",
         "5352d85973808076"],
        ["Mathlib.CategoryTheory.Abelian.NonPreadditive:importArts",
         "ae7e1e9e55c9a038"]]]]],
    ["libs",
     [["import dynlibs", "00000000000006bb"],
      ["package external libraries", "00000000000006bb"],
      ["module dynlibs", "00000000000006bb"],
      ["module plugins", "00000000000006bb"]]]]],
  ["Lean 4.27.0, commit 2fcce7258eeb6e324366bc25f9058293b04b7547",
   "6f43b597efea5d4c"],
  ["C:\\Users\\mmeadow\\Documents\\OpenEvolve\\Frontend\\rese\\lean4\\.lake\\packages\\mathlib\\Mathlib\\CategoryTheory\\Abelian\\Basic.lean",
   "e7a9932995d4a51d"],
  ["options",
   [["-DmaxSynthPendingDepth=3", "c78e353d34de85d4"],
    ["-Dweak.linter.mathlibStandardSet=true", "8a155799906f2b42"],
    ["-Dweak.linter.checkInitImports=true", "cc899f26dd73bf81"],
    ["-Dweak.linter.style.header=true", "07ce48bb05b917ff"],
    ["-Dweak.linter.pythonStyle=true", "35186b2b2b67e319"],
    ["-Dweak.linter.style.longFile=1500", "d79864b112568ff5"],
    ["-Dpp.unicode.fun=true", "9b94070140457fab"],
    ["-Dweak.linter.allScriptsDocumented=true", "217af3ce76c25a94"],
    ["-DautoImplicit=false", "4a85acb881fd49d0"]]],
  ["Module.leanArgs: #[]", "00000000000006bb"]],
 "depHash": "c788a133c8a40e5c"}