{"synthetic": false,
 "schemaVersion": "2025-09-10",
 "outputs":
 {"r": "874120bbe95dbe88.ir",
  "o":
  ["2aba4ac0c07a4b55.olean",
   "f79657907d56520b.olean.server",
   "69f9514d6fd9d6a0.olean.private"],
  "i": "8e5e87a3e43b1224.ilean",
  "c": "b7b99e83aaff12de.c"},
 "log":
 [{"message":
   ".> LEAN_PATH=C:\\Users\\mmeadow\\Documents\\OpenEvolve\\Frontend\\rese\\lean4\\.lake\\packages\\Cli\\.lake\\build\\lib\\lean;C:\\Users\\mmeadow\\Documents\\OpenEvolve\\Frontend\\rese\\lean4\\.lake\\packages\\batteries\\.lake\\build\\lib\\lean;C:\\Users\\mmeadow\\Documents\\OpenEvolve\\Frontend\\rese\\lean4\\.lake\\packages\\Qq\\.lake\\build\\lib\\lean;C:\\Users\\mmeadow\\Documents\\OpenEvolve\\Frontend\\rese\\lean4\\.lake\\packages\\aesop\\.lake\\build\\lib\\lean;C:\\Users\\mmeadow\\Documents\\OpenEvolve\\Frontend\\rese\\lean4\\.lake\\packages\\proofwidgets\\.lake\\build\\lib\\lean;C:\\Users\\mmeadow\\Documents\\OpenEvolve\\Frontend\\rese\\lean4\\.lake\\packages\\importGraph\\.lake\\build\\lib\\lean;C:\\Users\\mmeadow\\Documents\\OpenEvolve\\Frontend\\rese\\lean4\\.lake\\packages\\LeanSearchClient\\.lake\\build\\lib\\lean;C:\\Users\\mmeadow\\Documents\\OpenEvolve\\Frontend\\rese\\lean4\\.lake\\packages\\plausible\\.lake\\build\\lib\\lean;C:\\Users\\mmeadow\\Documents\\OpenEvolve\\Frontend\\rese\\lean4\\.lake\\packages\\mathlib\\.lake\\build\\lib\\lean;C:\\Users\\mmeadow\\Documents\\OpenEvolve\\Frontend\\rese\\lean4\\.lake\\build\\lib\\lean c:\\Users\\mmeadow\\.elan\\toolchains\\leanprover--lean4---v4.27.0-rc1\\bin\\lean.exe C:\\Users\\mmeadow\\Documents\\OpenEvolve\\Frontend\\rese\\lean4\\.lake\\packages\\mathlib\\Mathlib\\Algebra\\Category\\Grp\\Colimits.lean -o C:\\Users\\mmeadow\\Documents\\OpenEvolve\\Frontend\\rese\\lean4\\.lake\\packages\\mathlib\\.lake\\build\\lib\\lean\\Mathlib\\Algebra\\Category\\Grp\\Colimits.olean -i C:\\Users\\mmeadow\\Documents\\OpenEvolve\\Frontend\\rese\\lean4\\.lake\\packages\\mathlib\\.lake\\build\\lib\\lean\\Mathlib\\Algebra\\Category\\Grp\\Colimits.ilean -c C:\\Users\\mmeadow\\Documents\\OpenEvolve\\Frontend\\rese\\lean4\\.lake\\packages\\mathlib\\.lake\\build\\ir\\Mathlib\\Algebra\\Category\\Grp\\Colimits.c --setup C:\\Users\\mmeadow\\Documents\\OpenEvolve\\Frontend\\rese\\lean4\\.lake\\packages\\mathlib\\.lake\\build\\ir\\Mathlib\\Algebra\\Category\\Grp\\Colimits.setup.json --json",
   "level": "trace"}],
 "inputs":
 [["Mathlib.Algebra.Category.Grp.Colimits:deps",
   [["deps",
     [["mathlib/Mathlib:extraDep", [["@mathlib:extraDep", "00000000000006bb"]]],
      ["imports",
       [["Mathlib.Algebra.Category.Grp.Preadditive transitive imports (public)",
         "3d9a1050d184435b"],
        ["Mathlib.Algebra.Category.Grp.Preadditive:importArts",
         "83f2e9635973a1e4"],
        ["Mathlib.Algebra.Group.Shrink transitive imports (public)",
         "a241ab5fd0955392"],
        ["Mathlib.Algebra.Group.Shrink:importArts", "89535b3fb1272754"],
        ["Mathlib.CategoryTheory.ConcreteCategory.Elementwise transitive imports (public)",
         "2307c217eadc3183"],
        ["Mathlib.CategoryTheory.ConcreteCategory.Elementwise:importArts",
         "f6193755f20660f4"],
        ["Mathlib.Data.DFinsupp.BigOperators transitive imports (public)",
         "65562167779268bf"],
        ["Mathlib.Data.DFinsupp.BigOperators:importArts", "b1e608852b1fa7c2"],
        ["Mathlib.Data.DFinsupp.Small transitive imports (public)",
         "99e9ac3f702f2e36"],
        ["Mathlib.Data.DFinsupp.Small:importArts", "58534ebd7f80ecd9"],
        ["Mathlib.GroupTheory.QuotientGroup.Defs transitive imports (public)",
         "8608a62da8628f70"],
        ["Mathlib.GroupTheory.QuotientGroup.Defs:importArts",
         "a77681b63e45efa5"]]]]],
    ["libs",
     [["import dynlibs", "00000000000006bb"],
      ["package external libraries", "00000000000006bb"],
      ["module dynlibs", "00000000000006bb"],
      ["module plugins", "00000000000006bb"]]]]],
  ["Lean 4.27.0, commit 2fcce7258eeb6e324366bc25f9058293b04b7547",
   "6f43b597efea5d4c"],
  ["C:\\Users\\mmeadow\\Documents\\OpenEvolve\\Frontend\\rese\\lean4\\.lake\\packages\\mathlib\\Mathlib\\Algebra\\Category\\Grp\\Colimits.lean",
   "d14c4c36f2c38e1f"],
  ["options",
   [["-DmaxSynthPendingDepth=3", "c78e353d34de85d4"],
    ["-Dweak.linter.mathlibStandardSet=true", "8a155799906f2b42"],
    ["-Dweak.linter.checkInitImports=true", "cc899f26dd73bf81"],
    ["-Dweak.linter.style.header=true", "07ce48bb05b917ff"],
    ["-Dweak.linter.pythonStyle=true", "35186b2b2b67e319"],
    ["-Dweak.linter.style.longFile=1500", "d79864b112568ff5"],
    ["-Dpp.unicode.fun=true", "9b94070140457fab"],
    ["-Dweak.linter.allScriptsDocumented=true", "217af3ce76c25a94"],
    ["-DautoImplicit=false", "4a85acb881fd49d0"]]],
  ["Module.leanArgs: #[]", "00000000000006bb"]],
 "depHash": "112e2e2d6a43f287"}