{"synthetic": false,
 "schemaVersion": "2025-09-10",
 "outputs":
 {"r": "f84cc894dbbee7f0.ir",
  "o":
  ["92e78309caa26a8c.olean",
   "d27f2aafeace9b8c.olean.server",
   "bb63536071cb7aaf.olean.private"],
  "i": "0d2d8983a7880418.ilean",
  "c": "38c5fc514800d15d.c"},
 "log":
 [{"message":
   ".> LEAN_PATH=C:\\Users\\mmeadow\\Documents\\OpenEvolve\\Frontend\\rese\\lean4\\.lake\\packages\\Cli\\.lake\\build\\lib\\lean;C:\\Users\\mmeadow\\Documents\\OpenEvolve\\Frontend\\rese\\lean4\\.lake\\packages\\batteries\\.lake\\build\\lib\\lean;C:\\Users\\mmeadow\\Documents\\OpenEvolve\\Frontend\\rese\\lean4\\.lake\\packages\\Qq\\.lake\\build\\lib\\lean;C:\\Users\\mmeadow\\Documents\\OpenEvolve\\Frontend\\rese\\lean4\\.lake\\packages\\aesop\\.lake\\build\\lib\\lean;C:\\Users\\mmeadow\\Documents\\OpenEvolve\\Frontend\\rese\\lean4\\.lake\\packages\\proofwidgets\\.lake\\build\\lib\\lean;C:\\Users\\mmeadow\\Documents\\OpenEvolve\\Frontend\\rese\\lean4\\.lake\\packages\\importGraph\\.lake\\build\\lib\\lean;C:\\Users\\mmeadow\\Documents\\OpenEvolve\\Frontend\\rese\\lean4\\.lake\\packages\\LeanSearchClient\\.lake\\build\\lib\\lean;C:\\Users\\mmeadow\\Documents\\OpenEvolve\\Frontend\\rese\\lean4\\.lake\\packages\\plausible\\.lake\\build\\lib\\lean;C:\\Users\\mmeadow\\Documents\\OpenEvolve\\Frontend\\rese\\lean4\\.lake\\packages\\mathlib\\.lake\\build\\lib\\lean;C:\\Users\\mmeadow\\Documents\\OpenEvolve\\Frontend\\rese\\lean4\\.lake\\build\\lib\\lean c:\\Users\\mmeadow\\.elan\\toolchains\\leanprover--lean4---v4.27.0-rc1\\bin\\lean.exe C:\\Users\\mmeadow\\Documents\\OpenEvolve\\Frontend\\rese\\lean4\\.lake\\packages\\mathlib\\Mathlib\\Algebra\\Category\\Grp\\IsFinite.lean -o C:\\Users\\mmeadow\\Documents\\OpenEvolve\\Frontend\\rese\\lean4\\.lake\\packages\\mathlib\\.lake\\build\\lib\\lean\\Mathlib\\Algebra\\Category\\Grp\\IsFinite.olean -i C:\\Users\\mmeadow\\Documents\\OpenEvolve\\Frontend\\rese\\lean4\\.lake\\packages\\mathlib\\.lake\\build\\lib\\lean\\Mathlib\\Algebra\\Category\\Grp\\IsFinite.ilean -c C:\\Users\\mmeadow\\Documents\\OpenEvolve\\Frontend\\rese\\lean4\\.lake\\packages\\mathlib\\.lake\\build\\ir\\Mathlib\\Algebra\\Category\\Grp\\IsFinite.c --setup C:\\Users\\mmeadow\\Documents\\OpenEvolve\\Frontend\\rese\\lean4\\.lake\\packages\\mathlib\\.lake\\build\\ir\\Mathlib\\Algebra\\Category\\Grp\\IsFinite.setup.json --json",
   "level": "trace"}],
 "inputs":
 [["Mathlib.Algebra.Category.Grp.IsFinite:deps",
   [["deps",
     [["mathlib/Mathlib:extraDep", [["@mathlib:extraDep", "00000000000006bb"]]],
      ["imports",
       [["Mathlib.Algebra.Category.Grp.Abelian transitive imports (public)",
         "62591a35f789955d"],
        ["Mathlib.Algebra.Category.Grp.Abelian:importArts", "2f9d9911d010bf88"],
        ["Mathlib.Algebra.Category.Grp.EpiMono transitive imports (public)",
         "a369de3c51fe8eb7"],
        ["Mathlib.Algebra.Category.Grp.EpiMono:importArts", "7a218007c45c6a73"],
        ["Mathlib.Algebra.Category.Grp.Zero transitive imports (public)",
         "206b629643560a33"],
        ["Mathlib.Algebra.Category.Grp.Zero:importArts", "bb7c4b806a48f7d7"],
        ["Mathlib.Algebra.Homology.ShortComplex.Ab transitive imports (public)",
         "b5a7376634938083"],
        ["Mathlib.Algebra.Homology.ShortComplex.Ab:importArts",
         "8d7ee637eeb562b6"],
        ["Mathlib.CategoryTheory.Abelian.SerreClass.Basic transitive imports (public)",
         "fdf6a679f5d833f0"],
        ["Mathlib.CategoryTheory.Abelian.SerreClass.Basic:importArts",
         "d97be2c646d6ecdf"],
        ["Mathlib.Data.Finite.Prod transitive imports (public)",
         "9177ba04345625ec"],
        ["Mathlib.Data.Finite.Prod:importArts", "ff68145de2bd4891"]]]]],
    ["libs",
     [["import dynlibs", "00000000000006bb"],
      ["package external libraries", "00000000000006bb"],
      ["module dynlibs", "00000000000006bb"],
      ["module plugins", "00000000000006bb"]]]]],
  ["Lean 4.27.0, commit 2fcce7258eeb6e324366bc25f9058293b04b7547",
   "6f43b597efea5d4c"],
  ["C:\\Users\\mmeadow\\Documents\\OpenEvolve\\Frontend\\rese\\lean4\\.lake\\packages\\mathlib\\Mathlib\\Algebra\\Category\\Grp\\IsFinite.lean",
   "77c406409cb11a23"],
  ["options",
   [["-DmaxSynthPendingDepth=3", "c78e353d34de85d4"],
    ["-Dweak.linter.mathlibStandardSet=true", "8a155799906f2b42"],
    ["-Dweak.linter.checkInitImports=true", "cc899f26dd73bf81"],
    ["-Dweak.linter.style.header=true", "07ce48bb05b917ff"],
    ["-Dweak.linter.pythonStyle=true", "35186b2b2b67e319"],
    ["-Dweak.linter.style.longFile=1500", "d79864b112568ff5"],
    ["-Dpp.unicode.fun=true", "9b94070140457fab"],
    ["-Dweak.linter.allScriptsDocumented=true", "217af3ce76c25a94"],
    ["-DautoImplicit=false", "4a85acb881fd49d0"]]],
  ["Module.leanArgs: #[]", "00000000000006bb"]],
 "depHash": "1164dda1508c4596"}