{"synthetic": false,
 "schemaVersion": "2025-09-10",
 "outputs":
 {"r": "5146222b4ca9390c.ir",
  "o":
  ["d0109eeaf8e0c08f.olean",
   "0f5a9f98d3b60fbc.olean.server",
   "72ef9208a19438b5.olean.private"],
  "i": "49399c7dc002f183.ilean",
  "c": "0a84928728b54a4f.c"},
 "log":
 [{"message":
   ".> LEAN_PATH=C:\\Users\\mmeadow\\Documents\\OpenEvolve\\Frontend\\rese\\lean4\\.lake\\packages\\Cli\\.lake\\build\\lib\\lean;C:\\Users\\mmeadow\\Documents\\OpenEvolve\\Frontend\\rese\\lean4\\.lake\\packages\\batteries\\.lake\\build\\lib\\lean;C:\\Users\\mmeadow\\Documents\\OpenEvolve\\Frontend\\rese\\lean4\\.lake\\packages\\Qq\\.lake\\build\\lib\\lean;C:\\Users\\mmeadow\\Documents\\OpenEvolve\\Frontend\\rese\\lean4\\.lake\\packages\\aesop\\.lake\\build\\lib\\lean;C:\\Users\\mmeadow\\Documents\\OpenEvolve\\Frontend\\rese\\lean4\\.lake\\packages\\proofwidgets\\.lake\\build\\lib\\lean;C:\\Users\\mmeadow\\Documents\\OpenEvolve\\Frontend\\rese\\lean4\\.lake\\packages\\importGraph\\.lake\\build\\lib\\lean;C:\\Users\\mmeadow\\Documents\\OpenEvolve\\Frontend\\rese\\lean4\\.lake\\packages\\LeanSearchClient\\.lake\\build\\lib\\lean;C:\\Users\\mmeadow\\Documents\\OpenEvolve\\Frontend\\rese\\lean4\\.lake\\packages\\plausible\\.lake\\build\\lib\\lean;C:\\Users\\mmeadow\\Documents\\OpenEvolve\\Frontend\\rese\\lean4\\.lake\\packages\\mathlib\\.lake\\build\\lib\\lean;C:\\Users\\mmeadow\\Documents\\OpenEvolve\\Frontend\\rese\\lean4\\.lake\\build\\lib\\lean c:\\Users\\mmeadow\\.elan\\toolchains\\leanprover--lean4---v4.27.0-rc1\\bin\\lean.exe C:\\Users\\mmeadow\\Documents\\OpenEvolve\\Frontend\\rese\\lean4\\.lake\\packages\\mathlib\\Mathlib\\Analysis\\Normed\\Ring\\Lemmas.lean -o C:\\Users\\mmeadow\\Documents\\OpenEvolve\\Frontend\\rese\\lean4\\.lake\\packages\\mathlib\\.lake\\build\\lib\\lean\\Mathlib\\Analysis\\Normed\\Ring\\Lemmas.olean -i C:\\Users\\mmeadow\\Documents\\OpenEvolve\\Frontend\\rese\\lean4\\.lake\\packages\\mathlib\\.lake\\build\\lib\\lean\\Mathlib\\Analysis\\Normed\\Ring\\Lemmas.ilean -c C:\\Users\\mmeadow\\Documents\\OpenEvolve\\Frontend\\rese\\lean4\\.lake\\packages\\mathlib\\.lake\\build\\ir\\Mathlib\\Analysis\\Normed\\Ring\\Lemmas.c --setup C:\\Users\\mmeadow\\Documents\\OpenEvolve\\Frontend\\rese\\lean4\\.lake\\packages\\mathlib\\.lake\\build\\ir\\Mathlib\\Analysis\\Normed\\Ring\\Lemmas.setup.json --json",
   "level": "trace"}],
 "inputs":
 [["Mathlib.Analysis.Normed.Ring.Lemmas:deps",
   [["deps",
     [["mathlib/Mathlib:extraDep", [["@mathlib:extraDep", "00000000000006bb"]]],
      ["imports",
       [["Mathlib.Algebra.Order.GroupWithZero.Finset transitive imports (public)",
         "1f8edc9a9aa3526e"],
        ["Mathlib.Algebra.Order.GroupWithZero.Finset:importArts",
         "dd9f88cf708a50d3"],
        ["Mathlib.Analysis.Normed.Group.Bounded transitive imports (public)",
         "b4338532512cc55e"],
        ["Mathlib.Analysis.Normed.Group.Bounded:importArts",
         "84a6b3521ac3fe1d"],
        ["Mathlib.Analysis.Normed.Group.Int transitive imports (public)",
         "72b501db57c72397"],
        ["Mathlib.Analysis.Normed.Group.Int:importArts", "d1ff5ceea8903674"],
        ["Mathlib.Analysis.Normed.Group.Uniform transitive imports (public)",
         "9856cbf72966c26e"],
        ["Mathlib.Analysis.Normed.Group.Uniform:importArts",
         "b5f05da140b40e72"],
        ["Mathlib.Analysis.Normed.Ring.Basic transitive imports (public)",
         "99b486e9454a2593"],
        ["Mathlib.Analysis.Normed.Ring.Basic:importArts", "5e3e0de8fb88eead"],
        ["Mathlib.Topology.MetricSpace.Dilation transitive imports (public)",
         "26715d164642d8dc"],
        ["Mathlib.Topology.MetricSpace.Dilation:importArts",
         "9587313841a684c5"]]]]],
    ["libs",
     [["import dynlibs", "00000000000006bb"],
      ["package external libraries", "00000000000006bb"],
      ["module dynlibs", "00000000000006bb"],
      ["module plugins", "00000000000006bb"]]]]],
  ["Lean 4.27.0, commit 2fcce7258eeb6e324366bc25f9058293b04b7547",
   "6f43b597efea5d4c"],
  ["C:\\Users\\mmeadow\\Documents\\OpenEvolve\\Frontend\\rese\\lean4\\.lake\\packages\\mathlib\\Mathlib\\Analysis\\Normed\\Ring\\Lemmas.lean",
   "5940e3112fa74b56"],
  ["options",
   [["-DmaxSynthPendingDepth=3", "c78e353d34de85d4"],
    ["-Dweak.linter.mathlibStandardSet=true", "8a155799906f2b42"],
    ["-Dweak.linter.checkInitImports=true", "cc899f26dd73bf81"],
    ["-Dweak.linter.style.header=true", "07ce48bb05b917ff"],
    ["-Dweak.linter.pythonStyle=true", "35186b2b2b67e319"],
    ["-Dweak.linter.style.longFile=1500", "d79864b112568ff5"],
    ["-Dpp.unicode.fun=true", "9b94070140457fab"],
    ["-Dweak.linter.allScriptsDocumented=true", "217af3ce76c25a94"],
    ["-DautoImplicit=false", "4a85acb881fd49d0"]]],
  ["Module.leanArgs: #[]", "00000000000006bb"]],
 "depHash": "b64765159d7cff5e"}