{"synthetic": false,
 "schemaVersion": "2025-09-10",
 "outputs":
 {"r": "7da9b80500106f78.ir",
  "o":
  ["d286dee2a97b5bb4.olean",
   "07dca161dd727b1c.olean.server",
   "6f77330161d87cf9.olean.private"],
  "i": "1596ef5e0e9a5b31.ilean",
  "c": "58ced80016201842.c"},
 "log":
 [{"message":
   ".> LEAN_PATH=C:\\Users\\mmeadow\\Documents\\OpenEvolve\\Frontend\\rese\\lean4\\.lake\\packages\\Cli\\.lake\\build\\lib\\lean;C:\\Users\\mmeadow\\Documents\\OpenEvolve\\Frontend\\rese\\lean4\\.lake\\packages\\batteries\\.lake\\build\\lib\\lean;C:\\Users\\mmeadow\\Documents\\OpenEvolve\\Frontend\\rese\\lean4\\.lake\\packages\\Qq\\.lake\\build\\lib\\lean;C:\\Users\\mmeadow\\Documents\\OpenEvolve\\Frontend\\rese\\lean4\\.lake\\packages\\aesop\\.lake\\build\\lib\\lean;C:\\Users\\mmeadow\\Documents\\OpenEvolve\\Frontend\\rese\\lean4\\.lake\\packages\\proofwidgets\\.lake\\build\\lib\\lean;C:\\Users\\mmeadow\\Documents\\OpenEvolve\\Frontend\\rese\\lean4\\.lake\\packages\\importGraph\\.lake\\build\\lib\\lean;C:\\Users\\mmeadow\\Documents\\OpenEvolve\\Frontend\\rese\\lean4\\.lake\\packages\\LeanSearchClient\\.lake\\build\\lib\\lean;C:\\Users\\mmeadow\\Documents\\OpenEvolve\\Frontend\\rese\\lean4\\.lake\\packages\\plausible\\.lake\\build\\lib\\lean;C:\\Users\\mmeadow\\Documents\\OpenEvolve\\Frontend\\rese\\lean4\\.lake\\packages\\mathlib\\.lake\\build\\lib\\lean;C:\\Users\\mmeadow\\Documents\\OpenEvolve\\Frontend\\rese\\lean4\\.lake\\build\\lib\\lean c:\\Users\\mmeadow\\.elan\\toolchains\\leanprover--lean4---v4.27.0-rc1\\bin\\lean.exe C:\\Users\\mmeadow\\Documents\\OpenEvolve\\Frontend\\rese\\lean4\\.lake\\packages\\mathlib\\Mathlib\\Topology\\MetricSpace\\ProperSpace\\Real.lean -o C:\\Users\\mmeadow\\Documents\\OpenEvolve\\Frontend\\rese\\lean4\\.lake\\packages\\mathlib\\.lake\\build\\lib\\lean\\Mathlib\\Topology\\MetricSpace\\ProperSpace\\Real.olean -i C:\\Users\\mmeadow\\Documents\\OpenEvolve\\Frontend\\rese\\lean4\\.lake\\packages\\mathlib\\.lake\\build\\lib\\lean\\Mathlib\\Topology\\MetricSpace\\ProperSpace\\Real.ilean -c C:\\Users\\mmeadow\\Documents\\OpenEvolve\\Frontend\\rese\\lean4\\.lake\\packages\\mathlib\\.lake\\build\\ir\\Mathlib\\Topology\\MetricSpace\\ProperSpace\\Real.c --setup C:\\Users\\mmeadow\\Documents\\OpenEvolve\\Frontend\\rese\\lean4\\.lake\\packages\\mathlib\\.lake\\build\\ir\\Mathlib\\Topology\\MetricSpace\\ProperSpace\\Real.setup.json --json",
   "level": "trace"}],
 "inputs":
 [["Mathlib.Topology.MetricSpace.ProperSpace.Real:deps",
   [["deps",
     [["mathlib/Mathlib:extraDep", [["@mathlib:extraDep", "00000000000006bb"]]],
      ["imports",
       [["Mathlib.Data.Rat.Encodable transitive imports (public)",
         "e10e06846d829518"],
        ["Mathlib.Data.Rat.Encodable:importArts", "3fb36ab88c1619ce"],
        ["Mathlib.Topology.MetricSpace.Isometry transitive imports (public)",
         "319a84ff01876590"],
        ["Mathlib.Topology.MetricSpace.Isometry:importArts",
         "ebb07c22a5cf36c4"],
        ["Mathlib.Topology.MetricSpace.ProperSpace transitive imports (public)",
         "cc7864b3ba9a5ffc"],
        ["Mathlib.Topology.MetricSpace.ProperSpace:importArts",
         "7220f4603a3fa120"],
        ["Mathlib.Topology.Order.Compact transitive imports (public)",
         "f90aefdd1ec341a7"],
        ["Mathlib.Topology.Order.Compact:importArts", "30da54b7ba3cd793"],
        ["Mathlib.Topology.Order.MonotoneContinuity transitive imports (public)",
         "f8774b3e90d65431"],
        ["Mathlib.Topology.Order.MonotoneContinuity:importArts",
         "a59787cb1bbfa216"],
        ["Mathlib.Topology.Order.Real transitive imports (public)",
         "b5ca5e6d7a85818b"],
        ["Mathlib.Topology.Order.Real:importArts", "b3d7db7b8d366b71"],
        ["Mathlib.Topology.UniformSpace.Real transitive imports (public)",
         "6806a3a43549e0ad"],
        ["Mathlib.Topology.UniformSpace.Real:importArts",
         "111a2466d92f2204"]]]]],
    ["libs",
     [["import dynlibs", "00000000000006bb"],
      ["package external libraries", "00000000000006bb"],
      ["module dynlibs", "00000000000006bb"],
      ["module plugins", "00000000000006bb"]]]]],
  ["Lean 4.27.0, commit 2fcce7258eeb6e324366bc25f9058293b04b7547",
   "6f43b597efea5d4c"],
  ["C:\\Users\\mmeadow\\Documents\\OpenEvolve\\Frontend\\rese\\lean4\\.lake\\packages\\mathlib\\Mathlib\\Topology\\MetricSpace\\ProperSpace\\Real.lean",
   "51038d69281a36a7"],
  ["options",
   [["-DmaxSynthPendingDepth=3", "c78e353d34de85d4"],
    ["-Dweak.linter.mathlibStandardSet=true", "8a155799906f2b42"],
    ["-Dweak.linter.checkInitImports=true", "cc899f26dd73bf81"],
    ["-Dweak.linter.style.header=true", "07ce48bb05b917ff"],
    ["-Dweak.linter.pythonStyle=true", "35186b2b2b67e319"],
    ["-Dweak.linter.style.longFile=1500", "d79864b112568ff5"],
    ["-Dpp.unicode.fun=true", "9b94070140457fab"],
    ["-Dweak.linter.allScriptsDocumented=true", "217af3ce76c25a94"],
    ["-DautoImplicit=false", "4a85acb881fd49d0"]]],
  ["Module.leanArgs: #[]", "00000000000006bb"]],
 "depHash": "f20434e2fa07bf99"}