{"synthetic": false,
 "schemaVersion": "2025-09-10",
 "outputs":
 {"r": "46afc2c781f0b35c.ir",
  "o":
  ["3690f26767519ba4.olean",
   "d1793d416e87c682.olean.server",
   "d42eb9a2e7b06e43.olean.private"],
  "i": "d875c3328c72988f.ilean",
  "c": "996dfada911968bc.c"},
 "log":
 [{"message":
   ".> LEAN_PATH=C:\\Users\\mmeadow\\Documents\\OpenEvolve\\Frontend\\rese\\lean4\\.lake\\packages\\Cli\\.lake\\build\\lib\\lean;C:\\Users\\mmeadow\\Documents\\OpenEvolve\\Frontend\\rese\\lean4\\.lake\\packages\\batteries\\.lake\\build\\lib\\lean;C:\\Users\\mmeadow\\Documents\\OpenEvolve\\Frontend\\rese\\lean4\\.lake\\packages\\Qq\\.lake\\build\\lib\\lean;C:\\Users\\mmeadow\\Documents\\OpenEvolve\\Frontend\\rese\\lean4\\.lake\\packages\\aesop\\.lake\\build\\lib\\lean;C:\\Users\\mmeadow\\Documents\\OpenEvolve\\Frontend\\rese\\lean4\\.lake\\packages\\proofwidgets\\.lake\\build\\lib\\lean;C:\\Users\\mmeadow\\Documents\\OpenEvolve\\Frontend\\rese\\lean4\\.lake\\packages\\importGraph\\.lake\\build\\lib\\lean;C:\\Users\\mmeadow\\Documents\\OpenEvolve\\Frontend\\rese\\lean4\\.lake\\packages\\LeanSearchClient\\.lake\\build\\lib\\lean;C:\\Users\\mmeadow\\Documents\\OpenEvolve\\Frontend\\rese\\lean4\\.lake\\packages\\plausible\\.lake\\build\\lib\\lean;C:\\Users\\mmeadow\\Documents\\OpenEvolve\\Frontend\\rese\\lean4\\.lake\\packages\\mathlib\\.lake\\build\\lib\\lean;C:\\Users\\mmeadow\\Documents\\OpenEvolve\\Frontend\\rese\\lean4\\.lake\\build\\lib\\lean c:\\Users\\mmeadow\\.elan\\toolchains\\leanprover--lean4---v4.27.0-rc1\\bin\\lean.exe C:\\Users\\mmeadow\\Documents\\OpenEvolve\\Frontend\\rese\\lean4\\.lake\\packages\\mathlib\\Mathlib\\GroupTheory\\Perm\\Cycle\\Type.lean -o C:\\Users\\mmeadow\\Documents\\OpenEvolve\\Frontend\\rese\\lean4\\.lake\\packages\\mathlib\\.lake\\build\\lib\\lean\\Mathlib\\GroupTheory\\Perm\\Cycle\\Type.olean -i C:\\Users\\mmeadow\\Documents\\OpenEvolve\\Frontend\\rese\\lean4\\.lake\\packages\\mathlib\\.lake\\build\\lib\\lean\\Mathlib\\GroupTheory\\Perm\\Cycle\\Type.ilean -c C:\\Users\\mmeadow\\Documents\\OpenEvolve\\Frontend\\rese\\lean4\\.lake\\packages\\mathlib\\.lake\\build\\ir\\Mathlib\\GroupTheory\\Perm\\Cycle\\Type.c --setup C:\\Users\\mmeadow\\Documents\\OpenEvolve\\Frontend\\rese\\lean4\\.lake\\packages\\mathlib\\.lake\\build\\ir\\Mathlib\\GroupTheory\\Perm\\Cycle\\Type.setup.json --json",
   "level": "trace"}],
 "inputs":
 [["Mathlib.GroupTheory.Perm.Cycle.Type:deps",
   [["deps",
     [["mathlib/Mathlib:extraDep", [["@mathlib:extraDep", "00000000000006bb"]]],
      ["imports",
       [["Mathlib.Algebra.GCDMonoid.Multiset transitive imports (public)",
         "615cba4fa1f32bf9"],
        ["Mathlib.Algebra.GCDMonoid.Multiset:importArts", "f4f3d31cd1784f1c"],
        ["Mathlib.Algebra.GCDMonoid.Nat transitive imports (public)",
         "befdc2d8dfc6b0ae"],
        ["Mathlib.Algebra.GCDMonoid.Nat:importArts", "5d94b083026ea2e1"],
        ["Mathlib.Algebra.Group.TypeTags.Finite transitive imports (public)",
         "993964008854bb57"],
        ["Mathlib.Algebra.Group.TypeTags.Finite:importArts",
         "8f3fa4a249db387d"],
        ["Mathlib.Combinatorics.Enumerative.Partition.Basic transitive imports (public)",
         "9b95e40d4b309258"],
        ["Mathlib.Combinatorics.Enumerative.Partition.Basic:importArts",
         "388e3e24cb0e175d"],
        ["Mathlib.Data.List.Rotate transitive imports (public)",
         "642c6270b598051b"],
        ["Mathlib.Data.List.Rotate:importArts", "1e20df45bdb9c31a"],
        ["Mathlib.GroupTheory.Perm.Closure transitive imports (public)",
         "e3a1cd3da1ec36f6"],
        ["Mathlib.GroupTheory.Perm.Closure:importArts", "45205643a20d9443"],
        ["Mathlib.GroupTheory.Perm.Cycle.Factors transitive imports (public)",
         "d0bb74d81b71b237"],
        ["Mathlib.GroupTheory.Perm.Cycle.Factors:importArts",
         "bd10b81dfd8ea94e"],
        ["Mathlib.Tactic.NormNum.GCD transitive imports (public)",
         "539c1c6a85c0de8a"],
        ["Mathlib.Tactic.NormNum.GCD:importArts", "76e85036cecb0534"]]]]],
    ["libs",
     [["import dynlibs", "00000000000006bb"],
      ["package external libraries", "00000000000006bb"],
      ["module dynlibs", "00000000000006bb"],
      ["module plugins", "00000000000006bb"]]]]],
  ["Lean 4.27.0, commit 2fcce7258eeb6e324366bc25f9058293b04b7547",
   "6f43b597efea5d4c"],
  ["C:\\Users\\mmeadow\\Documents\\OpenEvolve\\Frontend\\rese\\lean4\\.lake\\packages\\mathlib\\Mathlib\\GroupTheory\\Perm\\Cycle\\Type.lean",
   "39b9e31de1a9ce96"],
  ["options",
   [["-DmaxSynthPendingDepth=3", "c78e353d34de85d4"],
    ["-Dweak.linter.mathlibStandardSet=true", "8a155799906f2b42"],
    ["-Dweak.linter.checkInitImports=true", "cc899f26dd73bf81"],
    ["-Dweak.linter.style.header=true", "07ce48bb05b917ff"],
    ["-Dweak.linter.pythonStyle=true", "35186b2b2b67e319"],
    ["-Dweak.linter.style.longFile=1500", "d79864b112568ff5"],
    ["-Dpp.unicode.fun=true", "9b94070140457fab"],
    ["-Dweak.linter.allScriptsDocumented=true", "217af3ce76c25a94"],
    ["-DautoImplicit=false", "4a85acb881fd49d0"]]],
  ["Module.leanArgs: #[]", "00000000000006bb"]],
 "depHash": "acf32386a0b05bbb"}