{"synthetic": false,
 "schemaVersion": "2025-09-10",
 "outputs":
 {"r": "6ec59449df93250d.ir",
  "o":
  ["3832d01552182fae.olean",
   "f3617232ab23d976.olean.server",
   "cd29407c2cd35454.olean.private"],
  "i": "8e13f91cf9e68ca3.ilean",
  "c": "d03ca5cec6615983.c"},
 "log":
 [{"message":
   ".> LEAN_PATH=/home/runner/work/ProofWidgets4/ProofWidgets4/.lake/build/lib/lean /home/runner/.elan/toolchains/leanprover--lean4---v4.27.0-rc1/bin/lean /home/runner/work/ProofWidgets4/ProofWidgets4/ProofWidgets/Component/HtmlDisplay.lean -o /home/runner/work/ProofWidgets4/ProofWidgets4/.lake/build/lib/lean/ProofWidgets/Component/HtmlDisplay.olean -i /home/runner/work/ProofWidgets4/ProofWidgets4/.lake/build/lib/lean/ProofWidgets/Component/HtmlDisplay.ilean -c /home/runner/work/ProofWidgets4/ProofWidgets4/.lake/build/ir/ProofWidgets/Component/HtmlDisplay.c --setup /home/runner/work/ProofWidgets4/ProofWidgets4/.lake/build/ir/ProofWidgets/Component/HtmlDisplay.setup.json --json",
   "level": "trace"}],
 "inputs":
 [["ProofWidgets.Component.HtmlDisplay:deps",
   [["deps",
     [["proofwidgets/ProofWidgets:extraDep",
       [["@proofwidgets:extraDep", "00000000000006bb"],
        ["<nil>", "637b525281701395"]]],
      ["imports",
       [["ProofWidgets.Data.Html transitive imports (meta)",
         "8cab3443a9c00afd"],
        ["ProofWidgets.Data.Html:importArts (meta)", "f1c4ddb7ea83e337"]]]]],
    ["libs",
     [["import dynlibs", "00000000000006bb"],
      ["package external libraries", "00000000000006bb"],
      ["module dynlibs", "00000000000006bb"],
      ["module plugins", "00000000000006bb"]]]]],
  ["Lean 4.27.0, commit 2fcce7258eeb6e324366bc25f9058293b04b7547",
   "6f43b597efea5d4c"],
  ["/home/runner/work/ProofWidgets4/ProofWidgets4/ProofWidgets/Component/HtmlDisplay.lean",
   "8b3c6ed5a899d04b"],
  ["options", [["-Dexperimental.module=true", "a66e91e2aeb378d2"]]],
  ["Module.leanArgs: #[]", "00000000000006bb"]],
 "depHash": "276cebe75330b212"}