{"synthetic": false,
 "schemaVersion": "2025-09-10",
 "outputs":
 {"r": "2a6bc3ec0de39f24.ir",
  "o":
  ["a10a2738fd29f416.olean",
   "55f31c98fe8006c8.olean.server",
   "e395ce55656ce606.olean.private"],
  "i": "e9d16bce4970f6fc.ilean",
  "c": "c0807782870576c8.c"},
 "log":
 [{"message":
   ".> LEAN_PATH=/home/runner/work/ProofWidgets4/ProofWidgets4/.lake/build/lib/lean /home/runner/.elan/toolchains/leanprover--lean4---v4.27.0-rc1/bin/lean /home/runner/work/ProofWidgets4/ProofWidgets4/ProofWidgets/Component/Recharts.lean -o /home/runner/work/ProofWidgets4/ProofWidgets4/.lake/build/lib/lean/ProofWidgets/Component/Recharts.olean -i /home/runner/work/ProofWidgets4/ProofWidgets4/.lake/build/lib/lean/ProofWidgets/Component/Recharts.ilean -c /home/runner/work/ProofWidgets4/ProofWidgets4/.lake/build/ir/ProofWidgets/Component/Recharts.c --setup /home/runner/work/ProofWidgets4/ProofWidgets4/.lake/build/ir/ProofWidgets/Component/Recharts.setup.json --json",
   "level": "trace"}],
 "inputs":
 [["ProofWidgets.Component.Recharts:deps",
   [["deps",
     [["proofwidgets/ProofWidgets:extraDep",
       [["@proofwidgets:extraDep", "00000000000006bb"],
        ["<nil>", "637b525281701395"]]],
      ["imports",
       [["ProofWidgets.Component.Basic transitive imports (meta)",
         "908ae5d4dea295cf"],
        ["ProofWidgets.Component.Basic:importArts (meta)",
         "f952cc411befade2"]]]]],
    ["libs",
     [["import dynlibs", "00000000000006bb"],
      ["package external libraries", "00000000000006bb"],
      ["module dynlibs", "00000000000006bb"],
      ["module plugins", "00000000000006bb"]]]]],
  ["Lean 4.27.0, commit 2fcce7258eeb6e324366bc25f9058293b04b7547",
   "6f43b597efea5d4c"],
  ["/home/runner/work/ProofWidgets4/ProofWidgets4/ProofWidgets/Component/Recharts.lean",
   "af47c61423a4ebe0"],
  ["options", [["-Dexperimental.module=true", "a66e91e2aeb378d2"]]],
  ["Module.leanArgs: #[]", "00000000000006bb"]],
 "depHash": "b3fe950b12821354"}