{"synthetic": false,
 "schemaVersion": "2025-09-10",
 "outputs":
 {"r": "3caaefbdde2e51d8.ir",
  "o":
  ["04b4906bc942843f.olean",
   "16e0172cad2a923a.olean.server",
   "7a9cad0255b1841b.olean.private"],
  "i": "45190b9a9104adf3.ilean",
  "c": "59598fca7295b4c7.c"},
 "log":
 [{"message":
   ".> LEAN_PATH=C:\\Users\\mmeadow\\Documents\\OpenEvolve\\Frontend\\rese\\lean4\\.lake\\packages\\Cli\\.lake\\build\\lib\\lean;C:\\Users\\mmeadow\\Documents\\OpenEvolve\\Frontend\\rese\\lean4\\.lake\\packages\\batteries\\.lake\\build\\lib\\lean;C:\\Users\\mmeadow\\Documents\\OpenEvolve\\Frontend\\rese\\lean4\\.lake\\packages\\Qq\\.lake\\build\\lib\\lean;C:\\Users\\mmeadow\\Documents\\OpenEvolve\\Frontend\\rese\\lean4\\.lake\\packages\\aesop\\.lake\\build\\lib\\lean;C:\\Users\\mmeadow\\Documents\\OpenEvolve\\Frontend\\rese\\lean4\\.lake\\packages\\proofwidgets\\.lake\\build\\lib\\lean;C:\\Users\\mmeadow\\Documents\\OpenEvolve\\Frontend\\rese\\lean4\\.lake\\packages\\importGraph\\.lake\\build\\lib\\lean;C:\\Users\\mmeadow\\Documents\\OpenEvolve\\Frontend\\rese\\lean4\\.lake\\packages\\LeanSearchClient\\.lake\\build\\lib\\lean;C:\\Users\\mmeadow\\Documents\\OpenEvolve\\Frontend\\rese\\lean4\\.lake\\packages\\plausible\\.lake\\build\\lib\\lean;C:\\Users\\mmeadow\\Documents\\OpenEvolve\\Frontend\\rese\\lean4\\.lake\\packages\\mathlib\\.lake\\build\\lib\\lean;C:\\Users\\mmeadow\\Documents\\OpenEvolve\\Frontend\\rese\\lean4\\.lake\\build\\lib\\lean c:\\Users\\mmeadow\\.elan\\toolchains\\leanprover--lean4---v4.27.0-rc1\\bin\\lean.exe C:\\Users\\mmeadow\\Documents\\OpenEvolve\\Frontend\\rese\\lean4\\.lake\\packages\\mathlib\\Mathlib\\Algebra\\Order\\GroupWithZero\\Canonical.lean -o C:\\Users\\mmeadow\\Documents\\OpenEvolve\\Frontend\\rese\\lean4\\.lake\\packages\\mathlib\\.lake\\build\\lib\\lean\\Mathlib\\Algebra\\Order\\GroupWithZero\\Canonical.olean -i C:\\Users\\mmeadow\\Documents\\OpenEvolve\\Frontend\\rese\\lean4\\.lake\\packages\\mathlib\\.lake\\build\\lib\\lean\\Mathlib\\Algebra\\Order\\GroupWithZero\\Canonical.ilean -c C:\\Users\\mmeadow\\Documents\\OpenEvolve\\Frontend\\rese\\lean4\\.lake\\packages\\mathlib\\.lake\\build\\ir\\Mathlib\\Algebra\\Order\\GroupWithZero\\Canonical.c --setup C:\\Users\\mmeadow\\Documents\\OpenEvolve\\Frontend\\rese\\lean4\\.lake\\packages\\mathlib\\.lake\\build\\ir\\Mathlib\\Algebra\\Order\\GroupWithZero\\Canonical.setup.json --json",
   "level": "trace"}],
 "inputs":
 [["Mathlib.Algebra.Order.GroupWithZero.Canonical:deps",
   [["deps",
     [["mathlib/Mathlib:extraDep", [["@mathlib:extraDep", "00000000000006bb"]]],
      ["imports",
       [["Mathlib.Algebra.GroupWithZero.InjSurj transitive imports (public)",
         "f8b51e96044fbbce"],
        ["Mathlib.Algebra.GroupWithZero.InjSurj:importArts",
         "3e9918ecbc197cfc"],
        ["Mathlib.Algebra.GroupWithZero.WithZero transitive imports (public)",
         "465998482568589c"],
        ["Mathlib.Algebra.GroupWithZero.WithZero:importArts",
         "4a823dd200a766bd"],
        ["Mathlib.Algebra.Order.AddGroupWithTop transitive imports (public)",
         "097b27a8b74a3335"],
        ["Mathlib.Algebra.Order.AddGroupWithTop:importArts",
         "a8405700e42b30df"],
        ["Mathlib.Algebra.Order.Group.Defs transitive imports (public)",
         "155e3111516048df"],
        ["Mathlib.Algebra.Order.Group.Defs:importArts", "2997349e4dac2ab0"],
        ["Mathlib.Algebra.Order.Group.Int transitive imports (public)",
         "40a2d35b8e76b07e"],
        ["Mathlib.Algebra.Order.Group.Int:importArts", "6da15fb87721ec72"],
        ["Mathlib.Algebra.Order.Group.Units transitive imports (public)",
         "70918049ea9cdf56"],
        ["Mathlib.Algebra.Order.Group.Units:importArts", "cf3edbecefc73433"],
        ["Mathlib.Algebra.Order.GroupWithZero.Unbundled.Basic transitive imports (public)",
         "16ec00cbbbbd342b"],
        ["Mathlib.Algebra.Order.GroupWithZero.Unbundled.Basic:importArts",
         "a92860c8bf783238"],
        ["Mathlib.Algebra.Order.Monoid.Basic transitive imports (public)",
         "6023d0b975832a14"],
        ["Mathlib.Algebra.Order.Monoid.Basic:importArts", "ef4d1313fd483337"],
        ["Mathlib.Algebra.Order.Monoid.OrderDual transitive imports (public)",
         "9cdfbcb90a7eb06b"],
        ["Mathlib.Algebra.Order.Monoid.OrderDual:importArts",
         "85fb3492ff2c3105"],
        ["Mathlib.Algebra.Order.Monoid.TypeTags transitive imports (public)",
         "3b259f0e3292153f"],
        ["Mathlib.Algebra.Order.Monoid.TypeTags:importArts",
         "ecbca6caf84e8512"],
        ["Mathlib.Algebra.Group.WithOne.Map transitive imports (public)",
         "369a707590f72d77"],
        ["Mathlib.Algebra.Group.WithOne.Map:importArts", "6b3534def5d28763"],
        ["Mathlib.Tactic.Tauto transitive imports (public)",
         "6211dcfe7fe377e9"],
        ["Mathlib.Tactic.Tauto:importArts", "49e28e7ac76f3002"]]]]],
    ["libs",
     [["import dynlibs", "00000000000006bb"],
      ["package external libraries", "00000000000006bb"],
      ["module dynlibs", "00000000000006bb"],
      ["module plugins", "00000000000006bb"]]]]],
  ["Lean 4.27.0, commit 2fcce7258eeb6e324366bc25f9058293b04b7547",
   "6f43b597efea5d4c"],
  ["C:\\Users\\mmeadow\\Documents\\OpenEvolve\\Frontend\\rese\\lean4\\.lake\\packages\\mathlib\\Mathlib\\Algebra\\Order\\GroupWithZero\\Canonical.lean",
   "eabe385a0318e1fc"],
  ["options",
   [["-DmaxSynthPendingDepth=3", "c78e353d34de85d4"],
    ["-Dweak.linter.mathlibStandardSet=true", "8a155799906f2b42"],
    ["-Dweak.linter.checkInitImports=true", "cc899f26dd73bf81"],
    ["-Dweak.linter.style.header=true", "07ce48bb05b917ff"],
    ["-Dweak.linter.pythonStyle=true", "35186b2b2b67e319"],
    ["-Dweak.linter.style.longFile=1500", "d79864b112568ff5"],
    ["-Dpp.unicode.fun=true", "9b94070140457fab"],
    ["-Dweak.linter.allScriptsDocumented=true", "217af3ce76c25a94"],
    ["-DautoImplicit=false", "4a85acb881fd49d0"]]],
  ["Module.leanArgs: #[]", "00000000000006bb"]],
 "depHash": "ba80ed1182ee4ae7"}