{"synthetic": false,
 "schemaVersion": "2025-09-10",
 "outputs":
 {"r": "938b1a4cb9ce832d.ir",
  "o":
  ["8646a6eb5fc6cc4b.olean",
   "688d1a6465cbda3a.olean.server",
   "47126a4c44f865a1.olean.private"],
  "i": "40e2229b0640ee4b.ilean",
  "c": "571ef847a40c7dd7.c"},
 "log":
 [{"message":
   ".> LEAN_PATH=C:\\Users\\mmeadow\\Documents\\OpenEvolve\\Frontend\\rese\\lean4\\.lake\\packages\\Cli\\.lake\\build\\lib\\lean;C:\\Users\\mmeadow\\Documents\\OpenEvolve\\Frontend\\rese\\lean4\\.lake\\packages\\batteries\\.lake\\build\\lib\\lean;C:\\Users\\mmeadow\\Documents\\OpenEvolve\\Frontend\\rese\\lean4\\.lake\\packages\\Qq\\.lake\\build\\lib\\lean;C:\\Users\\mmeadow\\Documents\\OpenEvolve\\Frontend\\rese\\lean4\\.lake\\packages\\aesop\\.lake\\build\\lib\\lean;C:\\Users\\mmeadow\\Documents\\OpenEvolve\\Frontend\\rese\\lean4\\.lake\\packages\\proofwidgets\\.lake\\build\\lib\\lean;C:\\Users\\mmeadow\\Documents\\OpenEvolve\\Frontend\\rese\\lean4\\.lake\\packages\\importGraph\\.lake\\build\\lib\\lean;C:\\Users\\mmeadow\\Documents\\OpenEvolve\\Frontend\\rese\\lean4\\.lake\\packages\\LeanSearchClient\\.lake\\build\\lib\\lean;C:\\Users\\mmeadow\\Documents\\OpenEvolve\\Frontend\\rese\\lean4\\.lake\\packages\\plausible\\.lake\\build\\lib\\lean;C:\\Users\\mmeadow\\Documents\\OpenEvolve\\Frontend\\rese\\lean4\\.lake\\packages\\mathlib\\.lake\\build\\lib\\lean;C:\\Users\\mmeadow\\Documents\\OpenEvolve\\Frontend\\rese\\lean4\\.lake\\build\\lib\\lean c:\\Users\\mmeadow\\.elan\\toolchains\\leanprover--lean4---v4.27.0-rc1\\bin\\lean.exe C:\\Users\\mmeadow\\Documents\\OpenEvolve\\Frontend\\rese\\lean4\\.lake\\packages\\mathlib\\Mathlib\\Algebra\\Order\\GroupWithZero\\Lex.lean -o C:\\Users\\mmeadow\\Documents\\OpenEvolve\\Frontend\\rese\\lean4\\.lake\\packages\\mathlib\\.lake\\build\\lib\\lean\\Mathlib\\Algebra\\Order\\GroupWithZero\\Lex.olean -i C:\\Users\\mmeadow\\Documents\\OpenEvolve\\Frontend\\rese\\lean4\\.lake\\packages\\mathlib\\.lake\\build\\lib\\lean\\Mathlib\\Algebra\\Order\\GroupWithZero\\Lex.ilean -c C:\\Users\\mmeadow\\Documents\\OpenEvolve\\Frontend\\rese\\lean4\\.lake\\packages\\mathlib\\.lake\\build\\ir\\Mathlib\\Algebra\\Order\\GroupWithZero\\Lex.c --setup C:\\Users\\mmeadow\\Documents\\OpenEvolve\\Frontend\\rese\\lean4\\.lake\\packages\\mathlib\\.lake\\build\\ir\\Mathlib\\Algebra\\Order\\GroupWithZero\\Lex.setup.json --json",
   "level": "trace"}],
 "inputs":
 [["Mathlib.Algebra.Order.GroupWithZero.Lex:deps",
   [["deps",
     [["mathlib/Mathlib:extraDep", [["@mathlib:extraDep", "00000000000006bb"]]],
      ["imports",
       [["Mathlib.Algebra.GroupWithZero.ProdHom transitive imports (public)",
         "d47ce72b1a16b0a0"],
        ["Mathlib.Algebra.GroupWithZero.ProdHom:importArts",
         "0d2870eb37ea3d2f"],
        ["Mathlib.Algebra.Order.Group.Equiv transitive imports (public)",
         "49145dacfe1822c3"],
        ["Mathlib.Algebra.Order.Group.Equiv:importArts", "8db3b76672a27530"],
        ["Mathlib.Algebra.Order.Monoid.Lex transitive imports (public)",
         "9baa1977b80a6a0c"],
        ["Mathlib.Algebra.Order.Monoid.Lex:importArts", "a2fa77d9a72619e2"],
        ["Mathlib.Algebra.Order.Hom.MonoidWithZero transitive imports (public)",
         "e39ef1d1c8646b46"],
        ["Mathlib.Algebra.Order.Hom.MonoidWithZero:importArts",
         "b74d92899e2b70c3"],
        ["Mathlib.Data.Prod.Lex transitive imports (public)",
         "11387d3304707564"],
        ["Mathlib.Data.Prod.Lex:importArts", "ff03a97773a8201b"]]]]],
    ["libs",
     [["import dynlibs", "00000000000006bb"],
      ["package external libraries", "00000000000006bb"],
      ["module dynlibs", "00000000000006bb"],
      ["module plugins", "00000000000006bb"]]]]],
  ["Lean 4.27.0, commit 2fcce7258eeb6e324366bc25f9058293b04b7547",
   "6f43b597efea5d4c"],
  ["C:\\Users\\mmeadow\\Documents\\OpenEvolve\\Frontend\\rese\\lean4\\.lake\\packages\\mathlib\\Mathlib\\Algebra\\Order\\GroupWithZero\\Lex.lean",
   "690fe9effb160b14"],
  ["options",
   [["-DmaxSynthPendingDepth=3", "c78e353d34de85d4"],
    ["-Dweak.linter.mathlibStandardSet=true", "8a155799906f2b42"],
    ["-Dweak.linter.checkInitImports=true", "cc899f26dd73bf81"],
    ["-Dweak.linter.style.header=true", "07ce48bb05b917ff"],
    ["-Dweak.linter.pythonStyle=true", "35186b2b2b67e319"],
    ["-Dweak.linter.style.longFile=1500", "d79864b112568ff5"],
    ["-Dpp.unicode.fun=true", "9b94070140457fab"],
    ["-Dweak.linter.allScriptsDocumented=true", "217af3ce76c25a94"],
    ["-DautoImplicit=false", "4a85acb881fd49d0"]]],
  ["Module.leanArgs: #[]", "00000000000006bb"]],
 "depHash": "883af4450a842a04"}