
================================================================================
TDAD Session Started: 2026-01-25T00:56:42.610Z
================================================================================
[2026-01-25T00:56:42.855Z] [EXTENSION] 🚀 TDAD extension is now ACTIVATED! Version with comprehensive logging
[2026-01-25T00:56:42.855Z] [EXTENSION] 📁 Log file location: c:\Users\mmeadow\Documents\OpenEvolve\Frontend\docs\integrations\ragbits\.tdad\logs\tdad-2026-01-25.log
[2026-01-25T00:56:42.856Z] [EXTENSION] 📊 Workspace folders: c:\Users\mmeadow\Documents\OpenEvolve\Frontend\docs\integrations\ragbits
[2026-01-25T00:56:42.863Z] [EXTENSION] Creating WorkflowController...
[2026-01-25T00:56:42.864Z] [EXTENSION] MVP: Using simple JSON storage (.tdad/workflows/workflow.json)
[2026-01-25T00:56:42.864Z] [EXTENSION] TDAD Extension activated successfully
[2026-01-25T00:56:42.865Z] [EXTENSION] Registering commands...
[2026-01-25T00:56:42.933Z] [EXTENSION] TDAD structure already initialized
[2026-01-25T00:56:42.934Z] [EXTENSION] Auto-opening TDAD Canvas...
[2026-01-25T00:56:42.936Z] [CANVAS] Created directory: c:\Users\mmeadow\Documents\OpenEvolve\Frontend\docs\integrations\ragbits\.tdad\workflows
[2026-01-25T00:56:42.937Z] [CANVAS] Sprint 13: Agent Orchestrator initialized
[2026-01-25T00:56:42.938Z] [CANVAS] [AUTOPILOT DEBUG] Loading beta code from config: none
[2026-01-25T00:56:42.938Z] [CANVAS] [AUTOPILOT DEBUG] Sending autopilot settings with loadNodes: no
[2026-01-25T00:56:43.423Z] [CANVAS] WEBVIEW
Data: Using stylesheets: index-CqP4kAre.css
[2026-01-25T00:56:43.424Z] [CANVAS] MVP: Canvas initialized with simple JSON storage
[2026-01-25T00:56:43.554Z] [CANVAS] [FitView] isLoading=true, nodes.length=0, folderId=null
[2026-01-25T00:56:43.684Z] [CANVAS] [FitView] isLoading=false, nodes.length=0, folderId=null
