{"synthetic": false,
 "schemaVersion": "2025-09-10",
 "outputs":
 {"r": "15d15c80955a8bcb.ir",
  "o":
  ["8c5d8e2fa37990ba.olean",
   "625acedee59c8d67.olean.server",
   "b4cb1186cd1112e0.olean.private"],
  "i": "5893d978780aac41.ilean",
  "c": "ef1059d0a2363203.c"},
 "log":
 [{"message":
   ".> LEAN_PATH=C:\\Users\\mmeadow\\Documents\\OpenEvolve\\Frontend\\rese\\lean4\\.lake\\packages\\Cli\\.lake\\build\\lib\\lean;C:\\Users\\mmeadow\\Documents\\OpenEvolve\\Frontend\\rese\\lean4\\.lake\\packages\\batteries\\.lake\\build\\lib\\lean;C:\\Users\\mmeadow\\Documents\\OpenEvolve\\Frontend\\rese\\lean4\\.lake\\packages\\Qq\\.lake\\build\\lib\\lean;C:\\Users\\mmeadow\\Documents\\OpenEvolve\\Frontend\\rese\\lean4\\.lake\\packages\\aesop\\.lake\\build\\lib\\lean;C:\\Users\\mmeadow\\Documents\\OpenEvolve\\Frontend\\rese\\lean4\\.lake\\packages\\proofwidgets\\.lake\\build\\lib\\lean;C:\\Users\\mmeadow\\Documents\\OpenEvolve\\Frontend\\rese\\lean4\\.lake\\packages\\importGraph\\.lake\\build\\lib\\lean;C:\\Users\\mmeadow\\Documents\\OpenEvolve\\Frontend\\rese\\lean4\\.lake\\packages\\LeanSearchClient\\.lake\\build\\lib\\lean;C:\\Users\\mmeadow\\Documents\\OpenEvolve\\Frontend\\rese\\lean4\\.lake\\packages\\plausible\\.lake\\build\\lib\\lean;C:\\Users\\mmeadow\\Documents\\OpenEvolve\\Frontend\\rese\\lean4\\.lake\\packages\\mathlib\\.lake\\build\\lib\\lean;C:\\Users\\mmeadow\\Documents\\OpenEvolve\\Frontend\\rese\\lean4\\.lake\\build\\lib\\lean c:\\Users\\mmeadow\\.elan\\toolchains\\leanprover--lean4---v4.27.0-rc1\\bin\\lean.exe C:\\Users\\mmeadow\\Documents\\OpenEvolve\\Frontend\\rese\\lean4\\.lake\\packages\\mathlib\\Mathlib\\MeasureTheory\\MeasurableSpace\\Constructions.lean -o C:\\Users\\mmeadow\\Documents\\OpenEvolve\\Frontend\\rese\\lean4\\.lake\\packages\\mathlib\\.lake\\build\\lib\\lean\\Mathlib\\MeasureTheory\\MeasurableSpace\\Constructions.olean -i C:\\Users\\mmeadow\\Documents\\OpenEvolve\\Frontend\\rese\\lean4\\.lake\\packages\\mathlib\\.lake\\build\\lib\\lean\\Mathlib\\MeasureTheory\\MeasurableSpace\\Constructions.ilean -c C:\\Users\\mmeadow\\Documents\\OpenEvolve\\Frontend\\rese\\lean4\\.lake\\packages\\mathlib\\.lake\\build\\ir\\Mathlib\\MeasureTheory\\MeasurableSpace\\Constructions.c --setup C:\\Users\\mmeadow\\Documents\\OpenEvolve\\Frontend\\rese\\lean4\\.lake\\packages\\mathlib\\.lake\\build\\ir\\Mathlib\\MeasureTheory\\MeasurableSpace\\Constructions.setup.json --json",
   "level": "trace"}],
 "inputs":
 [["Mathlib.MeasureTheory.MeasurableSpace.Constructions:deps",
   [["deps",
     [["mathlib/Mathlib:extraDep", [["@mathlib:extraDep", "00000000000006bb"]]],
      ["imports",
       [["Mathlib.Data.Finset.Update transitive imports (public)",
         "b7de56decbf24766"],
        ["Mathlib.Data.Finset.Update:importArts", "0d1ffda56f75815c"],
        ["Mathlib.Data.Prod.TProd transitive imports (public)",
         "b397fa3e4ed06926"],
        ["Mathlib.Data.Prod.TProd:importArts", "fa66581d6cde373f"],
        ["Mathlib.Data.Set.UnionLift transitive imports (public)",
         "3aa1a66ef98cb6ea"],
        ["Mathlib.Data.Set.UnionLift:importArts", "5db4dac1bce1e663"],
        ["Mathlib.GroupTheory.Coset.Defs transitive imports (public)",
         "76ca7d7311b6b5d2"],
        ["Mathlib.GroupTheory.Coset.Defs:importArts", "7842502127f9f077"],
        ["Mathlib.MeasureTheory.MeasurableSpace.Basic transitive imports (public)",
         "3af32442939918c4"],
        ["Mathlib.MeasureTheory.MeasurableSpace.Basic:importArts",
         "805e67fc38047556"],
        ["Mathlib.MeasureTheory.MeasurableSpace.Instances transitive imports (public)",
         "50340afb1d95e69a"],
        ["Mathlib.MeasureTheory.MeasurableSpace.Instances:importArts",
         "b8e77567b5911cc6"],
        ["Mathlib.Order.Disjointed transitive imports (public)",
         "6d495575cffecd90"],
        ["Mathlib.Order.Disjointed:importArts", "7883e087517987f2"]]]]],
    ["libs",
     [["import dynlibs", "00000000000006bb"],
      ["package external libraries", "00000000000006bb"],
      ["module dynlibs", "00000000000006bb"],
      ["module plugins", "00000000000006bb"]]]]],
  ["Lean 4.27.0, commit 2fcce7258eeb6e324366bc25f9058293b04b7547",
   "6f43b597efea5d4c"],
  ["C:\\Users\\mmeadow\\Documents\\OpenEvolve\\Frontend\\rese\\lean4\\.lake\\packages\\mathlib\\Mathlib\\MeasureTheory\\MeasurableSpace\\Constructions.lean",
   "6aaa34a621de1efb"],
  ["options",
   [["-DmaxSynthPendingDepth=3", "c78e353d34de85d4"],
    ["-Dweak.linter.mathlibStandardSet=true", "8a155799906f2b42"],
    ["-Dweak.linter.checkInitImports=true", "cc899f26dd73bf81"],
    ["-Dweak.linter.style.header=true", "07ce48bb05b917ff"],
    ["-Dweak.linter.pythonStyle=true", "35186b2b2b67e319"],
    ["-Dweak.linter.style.longFile=1500", "d79864b112568ff5"],
    ["-Dpp.unicode.fun=true", "9b94070140457fab"],
    ["-Dweak.linter.allScriptsDocumented=true", "217af3ce76c25a94"],
    ["-DautoImplicit=false", "4a85acb881fd49d0"]]],
  ["Module.leanArgs: #[]", "00000000000006bb"]],
 "depHash": "abc38a9ff083ea2f"}